Copyright 1986-2022 Xilinx, Inc. All Rights Reserved. Copyright 2022-2026 Advanced Micro Devices, Inc. All Rights Reserved.
------------------------------------------------------------------------------------------------------------------------------------------------
| Tool Version : Vivado v.2026.1 (lin64) Build 6511674 Tue Jun 16 11:01:26 MDT 2026
| Date         : Wed Sep 16 16:52:28 2026
| Host         : Dev-Ubuntu running 64-bit Ubuntu 24.04.4 LTS
| Command      : report_timing_summary -file /opt/rvx/platform/bbht_grover_upgrade/imp_arty-100t_2026-09-16/imp_result/route_timing_summary.rpt
| Design       : BBHT_GROVER_UPGRADE_FPGA
| Device       : 7a100t-csg324
| Speed File   : -1  PRODUCTION 1.23 2018-06-13
| Design State : Routed
------------------------------------------------------------------------------------------------------------------------------------------------

Timing Summary Report

------------------------------------------------------------------------------------------------
| Timer Settings
| --------------
------------------------------------------------------------------------------------------------

  Enable Multi Corner Analysis               :  Yes
  Enable Pessimism Removal                   :  Yes
  Pessimism Removal Resolution               :  Nearest Common Node
  Enable Input Delay Default Clock           :  No
  Enable Preset / Clear Arcs                 :  No
  Disable Flight Delays                      :  No
  Ignore I/O Paths                           :  No
  Timing Early Launch at Borrowing Latches   :  No
  Borrow Time for Max Delay Exceptions       :  Yes
  Merge Timing Exceptions                    :  Yes
  Inter-SLR Compensation                     :  Conservative

  Corner  Analyze    Analyze    
  Name    Max Paths  Min Paths  
  ------  ---------  ---------  
  Slow    Yes        Yes        
  Fast    Yes        Yes        


------------------------------------------------------------------------------------------------
| Report Methodology
| ------------------
------------------------------------------------------------------------------------------------

No report available as report_methodology has not been run prior. Run report_methodology on the current design for the summary of methodology violations.



check_timing report

Table of Contents
-----------------
1. checking no_clock (0)
2. checking constant_clock (0)
3. checking pulse_width_clock (0)
4. checking unconstrained_internal_endpoints (0)
5. checking no_input_delay (3)
6. checking no_output_delay (1)
7. checking multiple_clock (0)
8. checking generated_clocks (0)
9. checking loops (0)
10. checking partial_input_delay (0)
11. checking partial_output_delay (0)
12. checking latch_loops (0)

1. checking no_clock (0)
------------------------
 There are 0 register/latch pins with no clock.


2. checking constant_clock (0)
------------------------------
 There are 0 register/latch pins with constant_clock.


3. checking pulse_width_clock (0)
---------------------------------
 There are 0 register/latch pins which need pulse_width check


4. checking unconstrained_internal_endpoints (0)
------------------------------------------------
 There are 0 pins that are not constrained for maximum delay.

 There are 0 pins that are not constrained for maximum delay due to constant clock.


5. checking no_input_delay (3)
------------------------------
 There are 3 input ports with no input delay specified. (HIGH)

 There are 0 input ports with no input delay but user has a false path constraint.


6. checking no_output_delay (1)
-------------------------------
 There is 1 port with no output delay specified. (HIGH)

 There are 0 ports with no output delay but user has a false path constraint

 There are 0 ports with no output delay but with a timing clock defined on it or propagating through it


7. checking multiple_clock (0)
------------------------------
 There are 0 register/latch pins with multiple clocks.


8. checking generated_clocks (0)
--------------------------------
 There are 0 generated clocks that are not connected to a clock source.


9. checking loops (0)
---------------------
 There are 0 combinational loops in the design.


10. checking partial_input_delay (0)
------------------------------------
 There are 0 input ports with partial input delay specified.


11. checking partial_output_delay (0)
-------------------------------------
 There are 0 ports with partial output delay specified.


12. checking latch_loops (0)
----------------------------
 There are 0 combinational latch loops in the design through latch input



------------------------------------------------------------------------------------------------
| Design Timing Summary
| ---------------------
------------------------------------------------------------------------------------------------

    WNS(ns)      TNS(ns)  TNS Failing Endpoints  TNS Total Endpoints      WHS(ns)      THS(ns)  THS Failing Endpoints  THS Total Endpoints     WPWS(ns)     TPWS(ns)  TPWS Failing Endpoints  TPWS Total Endpoints  
    -------      -------  ---------------------  -------------------      -------      -------  ---------------------  -------------------     --------     --------  ----------------------  --------------------  
      0.196        0.000                      0               115404        0.017        0.000                      0               115404        3.000        0.000                       0                 45884  


All user specified timing constraints are met.


------------------------------------------------------------------------------------------------
| Clock Summary
| -------------
------------------------------------------------------------------------------------------------

Clock                                                Waveform(ns)       Period(ns)      Frequency(MHz)
-----                                                ------------       ----------      --------------
i_platform/i_pll0/i_xilinx_clock_pll_0/inst/clk_in1  {0.000 5.000}      10.000          100.000         
  clk_50000000_xilinx_clock_pll_0                    {0.000 10.000}     20.000          50.000          
  clkfbout_xilinx_clock_pll_0                        {0.000 5.000}      10.000          100.000         
pjtag_rclk                                           {0.000 50.000}     100.000         10.000          
sys_clk_pin                                          {0.000 5.000}      10.000          100.000         


------------------------------------------------------------------------------------------------
| Intra Clock Table
| -----------------
------------------------------------------------------------------------------------------------

Clock                                                    WNS(ns)      TNS(ns)  TNS Failing Endpoints  TNS Total Endpoints      WHS(ns)      THS(ns)  THS Failing Endpoints  THS Total Endpoints     WPWS(ns)     TPWS(ns)  TPWS Failing Endpoints  TPWS Total Endpoints  
-----                                                    -------      -------  ---------------------  -------------------      -------      -------  ---------------------  -------------------     --------     --------  ----------------------  --------------------  
i_platform/i_pll0/i_xilinx_clock_pll_0/inst/clk_in1                                                                                                                                                    3.000        0.000                       0                     1  
  clk_50000000_xilinx_clock_pll_0                          5.383        0.000                      0                30300        0.017        0.000                      0                30300        8.750        0.000                       0                 15367  
  clkfbout_xilinx_clock_pll_0                                                                                                                                                                          7.845        0.000                       0                     3  
pjtag_rclk                                                12.404        0.000                      0                  351        0.121        0.000                      0                  351       49.500        0.000                       0                   254  
sys_clk_pin                                                0.196        0.000                      0                74623        0.030        0.000                      0                74623        3.750        0.000                       0                 30259  


------------------------------------------------------------------------------------------------
| Inter Clock Table
| -----------------
------------------------------------------------------------------------------------------------

From Clock    To Clock          WNS(ns)      TNS(ns)  TNS Failing Endpoints  TNS Total Endpoints      WHS(ns)      THS(ns)  THS Failing Endpoints  THS Total Endpoints  
----------    --------          -------      -------  ---------------------  -------------------      -------      -------  ---------------------  -------------------  


------------------------------------------------------------------------------------------------
| Other Path Groups Table
| -----------------------
------------------------------------------------------------------------------------------------

Path Group                       From Clock                       To Clock                             WNS(ns)      TNS(ns)  TNS Failing Endpoints  TNS Total Endpoints      WHS(ns)      THS(ns)  THS Failing Endpoints  THS Total Endpoints  
----------                       ----------                       --------                             -------      -------  ---------------------  -------------------      -------      -------  ---------------------  -------------------  
**async_default**                clk_50000000_xilinx_clock_pll_0  clk_50000000_xilinx_clock_pll_0        5.208        0.000                      0                10130        0.639        0.000                      0                10130  


------------------------------------------------------------------------------------------------
| Timing Details
| --------------
------------------------------------------------------------------------------------------------


---------------------------------------------------------------------------------------------------
From Clock:  i_platform/i_pll0/i_xilinx_clock_pll_0/inst/clk_in1
  To Clock:  i_platform/i_pll0/i_xilinx_clock_pll_0/inst/clk_in1

Setup :           NA  Failing Endpoints,  Worst Slack           NA  ,  Total Violation           NA
Hold  :           NA  Failing Endpoints,  Worst Slack           NA  ,  Total Violation           NA
PW    :            0  Failing Endpoints,  Worst Slack        3.000ns,  Total Violation        0.000ns
---------------------------------------------------------------------------------------------------


Pulse Width Checks
--------------------------------------------------------------------------------------
Clock Name:         i_platform/i_pll0/i_xilinx_clock_pll_0/inst/clk_in1
Waveform(ns):       { 0.000 5.000 }
Period(ns):         10.000
Sources:            { i_platform/i_pll0/i_xilinx_clock_pll_0/inst/clk_in1 }

Check Type        Corner  Lib Pin            Reference Pin  Required(ns)  Actual(ns)  Slack(ns)  Location         Pin
Min Period        n/a     MMCME2_ADV/CLKIN1  n/a            1.249         10.000      8.751      MMCME2_ADV_X0Y0  i_platform/i_pll0/i_xilinx_clock_pll_0/inst/mmcm_adv_inst/CLKIN1
Max Period        n/a     MMCME2_ADV/CLKIN1  n/a            100.000       10.000      90.000     MMCME2_ADV_X0Y0  i_platform/i_pll0/i_xilinx_clock_pll_0/inst/mmcm_adv_inst/CLKIN1
Low Pulse Width   Slow    MMCME2_ADV/CLKIN1  n/a            2.000         5.000       3.000      MMCME2_ADV_X0Y0  i_platform/i_pll0/i_xilinx_clock_pll_0/inst/mmcm_adv_inst/CLKIN1
High Pulse Width  Slow    MMCME2_ADV/CLKIN1  n/a            2.000         5.000       3.000      MMCME2_ADV_X0Y0  i_platform/i_pll0/i_xilinx_clock_pll_0/inst/mmcm_adv_inst/CLKIN1



---------------------------------------------------------------------------------------------------
From Clock:  clk_50000000_xilinx_clock_pll_0
  To Clock:  clk_50000000_xilinx_clock_pll_0

Setup :            0  Failing Endpoints,  Worst Slack        5.383ns,  Total Violation        0.000ns
Hold  :            0  Failing Endpoints,  Worst Slack        0.017ns,  Total Violation        0.000ns
PW    :            0  Failing Endpoints,  Worst Slack        8.750ns,  Total Violation        0.000ns
---------------------------------------------------------------------------------------------------


Max Delay Paths
--------------------------------------------------------------------------------------
Slack (MET) :             5.383ns  (required time - arrival time)
  Source:                 i_platform/i_rtl/i_main_core/i_orca/core/D__0/two_cycle.from_decode_instruction_signal_reg[24]/C
                            (rising edge-triggered cell FDCE clocked by clk_50000000_xilinx_clock_pll_0  {rise@0.000ns fall@10.000ns period=20.000ns})
  Destination:            i_platform/i_rtl/i_main_core/i_orca/core/X/syscall/memory_region_registers_gen[0].umr_gen.writeable_umr_gen.mumr_last_reg[0][19]/CE
                            (rising edge-triggered cell FDCE clocked by clk_50000000_xilinx_clock_pll_0  {rise@0.000ns fall@10.000ns period=20.000ns})
  Path Group:             clk_50000000_xilinx_clock_pll_0
  Path Type:              Setup (Max at Slow Process Corner)
  Requirement:            20.000ns  (clk_50000000_xilinx_clock_pll_0 rise@20.000ns - clk_50000000_xilinx_clock_pll_0 rise@0.000ns)
  Data Path Delay:        14.086ns  (logic 4.579ns (32.508%)  route 9.507ns (67.492%))
  Logic Levels:           15  (CARRY4=8 LUT3=3 LUT4=1 LUT5=1 LUT6=2)
  Clock Path Skew:        -0.036ns (DCD - SCD + CPR)
    Destination Clock Delay (DCD):    1.686ns = ( 21.686 - 20.000 ) 
    Source Clock Delay      (SCD):    1.808ns
    Clock Pessimism Removal (CPR):    0.086ns
  Clock Uncertainty:      0.084ns  ((TSJ^2 + DJ^2)^1/2) / 2 + PE
    Total System Jitter     (TSJ):    0.071ns
    Discrete Jitter          (DJ):    0.152ns
    Phase Error              (PE):    0.000ns

    Location             Delay type                Incr(ns)  Path(ns)    Netlist Resource(s)
  -------------------------------------------------------------------    -------------------
                         (clock clk_50000000_xilinx_clock_pll_0 rise edge)
                                                      0.000     0.000 r  <hidden>
    BUFGCTRL_X0Y16       BUFG                         0.000     0.000 r  external_clk_0_IBUF_BUFG_inst/O
                         net (fo=30323, routed)       1.809     1.809    i_platform/i_pll0/i_xilinx_clock_pll_0/inst/clk_in1
    MMCME2_ADV_X0Y0      MMCME2_ADV (Prop_mmcme2_adv_CLKIN1_CLKOUT0)
                                                     -3.922    -2.112 r  i_platform/i_pll0/i_xilinx_clock_pll_0/inst/mmcm_adv_inst/CLKOUT0
                         net (fo=1, routed)           2.018    -0.094    i_platform/i_pll0/i_xilinx_clock_pll_0/inst/clk_50000000_xilinx_clock_pll_0
    BUFGCTRL_X0Y0        BUFG (Prop_bufg_I_O)         0.096     0.002 r  i_platform/i_pll0/i_xilinx_clock_pll_0/inst/clkout1_buf/O
                         net (fo=15367, routed)       1.806     1.808    i_platform/i_rtl/i_main_core/i_orca/core/D__0/clk_50000000
    SLICE_X32Y185        FDCE                                         r  i_platform/i_rtl/i_main_core/i_orca/core/D__0/two_cycle.from_decode_instruction_signal_reg[24]/C
  -------------------------------------------------------------------    -------------------
    SLICE_X32Y185        FDCE (Prop_fdce_C_Q)         0.456     2.264 r  i_platform/i_rtl/i_main_core/i_orca/core/D__0/two_cycle.from_decode_instruction_signal_reg[24]/Q
                         net (fo=18, routed)          2.178     4.443    i_platform/i_rtl/i_main_core/i_orca/core/D__0/decode_to_execute_instruction[23]
    SLICE_X25Y175        LUT3 (Prop_lut3_I2_O)        0.152     4.595 r  i_platform/i_rtl/i_main_core/i_orca/core/D__0/address_unaligned_carry__0_i_1/O
                         net (fo=1, routed)           0.664     5.259    i_platform/i_rtl/i_main_core/i_orca/core/X/ls_unit/p_0_in_3[4]
    SLICE_X24Y176        CARRY4 (Prop_carry4_DI[0]_CO[3])
                                                      0.734     5.993 r  i_platform/i_rtl/i_main_core/i_orca/core/X/ls_unit/address_unaligned_carry__0/CO[3]
                         net (fo=1, routed)           0.000     5.993    i_platform/i_rtl/i_main_core/i_orca/core/X/ls_unit/address_unaligned_carry__0_n_0
    SLICE_X24Y177        CARRY4 (Prop_carry4_CI_CO[3])
                                                      0.114     6.107 r  i_platform/i_rtl/i_main_core/i_orca/core/X/ls_unit/address_unaligned_carry__1/CO[3]
                         net (fo=1, routed)           0.000     6.107    i_platform/i_rtl/i_main_core/i_orca/core/X/ls_unit/address_unaligned_carry__1_n_0
    SLICE_X24Y178        CARRY4 (Prop_carry4_CI_CO[3])
                                                      0.114     6.221 r  i_platform/i_rtl/i_main_core/i_orca/core/X/ls_unit/address_unaligned_carry__2/CO[3]
                         net (fo=1, routed)           0.000     6.221    i_platform/i_rtl/i_main_core/i_orca/core/X/ls_unit/address_unaligned_carry__2_n_0
    SLICE_X24Y179        CARRY4 (Prop_carry4_CI_CO[3])
                                                      0.114     6.335 r  i_platform/i_rtl/i_main_core/i_orca/core/X/ls_unit/address_unaligned_carry__3/CO[3]
                         net (fo=1, routed)           0.000     6.335    i_platform/i_rtl/i_main_core/i_orca/core/X/ls_unit/address_unaligned_carry__3_n_0
    SLICE_X24Y180        CARRY4 (Prop_carry4_CI_CO[3])
                                                      0.114     6.449 r  i_platform/i_rtl/i_main_core/i_orca/core/X/ls_unit/address_unaligned_carry__4/CO[3]
                         net (fo=1, routed)           0.000     6.449    i_platform/i_rtl/i_main_core/i_orca/core/X/ls_unit/address_unaligned_carry__4_n_0
    SLICE_X24Y181        CARRY4 (Prop_carry4_CI_CO[3])
                                                      0.114     6.563 r  i_platform/i_rtl/i_main_core/i_orca/core/X/ls_unit/address_unaligned_carry__5/CO[3]
                         net (fo=1, routed)           0.000     6.563    i_platform/i_rtl/i_main_core/i_orca/core/X/ls_unit/address_unaligned_carry__5_n_0
    SLICE_X24Y182        CARRY4 (Prop_carry4_CI_O[1])
                                                      0.348     6.911 r  i_platform/i_rtl/i_main_core/i_orca/core/X/ls_unit/address_unaligned_carry__6/O[1]
                         net (fo=2, routed)           0.823     7.734    i_platform/i_rtl/i_main_core/i_orca/the_memory_interface/dcache_mux/internal_oimm_register/D[27]
    SLICE_X23Y182        LUT3 (Prop_lut3_I1_O)        0.331     8.065 r  i_platform/i_rtl/i_main_core/i_orca/the_memory_interface/dcache_mux/internal_oimm_register/rvx_signal_6[2][42]_i_1__1/O
                         net (fo=11, routed)          0.820     8.885    i_platform/i_rtl/i_main_core/i_orca/the_memory_interface/dcache_mux/internal_oimm_register/light_request_register_gen.slave_oimm_address_held_reg[29]_0
    SLICE_X18Y180        LUT6 (Prop_lut6_I5_O)        0.326     9.211 r  i_platform/i_rtl/i_main_core/i_orca/the_memory_interface/dcache_mux/internal_oimm_register/i__carry__2_i_2/O
                         net (fo=1, routed)           0.626     9.837    i_platform/i_rtl/i_main_core/i_orca/the_memory_interface/dcache_mux/internal_oimm_register_n_97
    SLICE_X19Y180        CARRY4 (Prop_carry4_DI[1]_CO[2])
                                                      0.520    10.357 f  i_platform/i_rtl/i_main_core/i_orca/the_memory_interface/dcache_mux/data_in1_inferred__0/i__carry__2/CO[2]
                         net (fo=5, routed)           1.089    11.447    i_platform/i_rtl/i_main_core/i_orca/the_memory_interface/dcache_mux/internal_oimm_register/CO[0]
    SLICE_X26Y175        LUT5 (Prop_lut5_I3_O)        0.339    11.786 r  i_platform/i_rtl/i_main_core/i_orca/the_memory_interface/dcache_mux/internal_oimm_register/to_dcache_control_valid_i_3/O
                         net (fo=3, routed)           0.895    12.681    i_platform/i_rtl/i_main_core/i_orca/the_memory_interface/dcache_gen.data_cache/the_cache/to_dcache_control_valid_reg
    SLICE_X26Y174        LUT4 (Prop_lut4_I2_O)        0.354    13.035 r  i_platform/i_rtl/i_main_core/i_orca/the_memory_interface/dcache_gen.data_cache/the_cache/to_dcache_control_valid_i_2/O
                         net (fo=3, routed)           0.502    13.537    i_platform/i_rtl/i_main_core/i_orca/core/X/syscall/from_dcache_control_ready
    SLICE_X30Y174        LUT6 (Prop_lut6_I4_O)        0.332    13.869 r  i_platform/i_rtl/i_main_core/i_orca/core/X/syscall/memory_region_registers_gen[0].umr_gen.writeable_umr_gen.mumr_base[0][31]_i_3/O
                         net (fo=2, routed)           0.450    14.319    i_platform/i_rtl/i_main_core/i_orca/core/X/syscall/mumr_base[0]1__3
    SLICE_X30Y175        LUT3 (Prop_lut3_I2_O)        0.117    14.436 r  i_platform/i_rtl/i_main_core/i_orca/core/X/syscall/memory_region_registers_gen[0].umr_gen.writeable_umr_gen.mumr_last[0][31]_i_1/O
                         net (fo=32, routed)          1.458    15.894    i_platform/i_rtl/i_main_core/i_orca/core/X/syscall/mumr_last[0]_362[0]
    SLICE_X21Y189        FDCE                                         r  i_platform/i_rtl/i_main_core/i_orca/core/X/syscall/memory_region_registers_gen[0].umr_gen.writeable_umr_gen.mumr_last_reg[0][19]/CE
  -------------------------------------------------------------------    -------------------

                         (clock clk_50000000_xilinx_clock_pll_0 rise edge)
                                                     20.000    20.000 r  <hidden>
    BUFGCTRL_X0Y16       BUFG                         0.000    20.000 r  external_clk_0_IBUF_BUFG_inst/O
                         net (fo=30323, routed)       1.683    21.683    i_platform/i_pll0/i_xilinx_clock_pll_0/inst/clk_in1
    MMCME2_ADV_X0Y0      MMCME2_ADV (Prop_mmcme2_adv_CLKIN1_CLKOUT0)
                                                     -3.694    17.989 r  i_platform/i_pll0/i_xilinx_clock_pll_0/inst/mmcm_adv_inst/CLKOUT0
                         net (fo=1, routed)           1.923    19.912    i_platform/i_pll0/i_xilinx_clock_pll_0/inst/clk_50000000_xilinx_clock_pll_0
    BUFGCTRL_X0Y0        BUFG (Prop_bufg_I_O)         0.091    20.003 r  i_platform/i_pll0/i_xilinx_clock_pll_0/inst/clkout1_buf/O
                         net (fo=15367, routed)       1.683    21.686    i_platform/i_rtl/i_main_core/i_orca/core/X/syscall/clk_50000000
    SLICE_X21Y189        FDCE                                         r  i_platform/i_rtl/i_main_core/i_orca/core/X/syscall/memory_region_registers_gen[0].umr_gen.writeable_umr_gen.mumr_last_reg[0][19]/C
                         clock pessimism              0.086    21.772    <hidden>
                         clock uncertainty           -0.084    21.689    <hidden>
    SLICE_X21Y189        FDCE (Setup_fdce_C_CE)      -0.412    21.277    i_platform/i_rtl/i_main_core/i_orca/core/X/syscall/memory_region_registers_gen[0].umr_gen.writeable_umr_gen.mumr_last_reg[0][19]
  -------------------------------------------------------------------
                         required time                         21.277    <hidden>
                         arrival time                         -15.894    <hidden>
  -------------------------------------------------------------------
                         slack                                  5.383    <hidden>





Min Delay Paths
--------------------------------------------------------------------------------------
Slack (MET) :             0.017ns  (arrival time - required time)
  Source:                 i_platform/i_rtl/platform_controller/i_rvx_instance_5/i_rvx_instance_2/i_rvx_instance_0/rvx_port_11_reg[11]/C
                            (rising edge-triggered cell FDCE clocked by clk_50000000_xilinx_clock_pll_0  {rise@0.000ns fall@10.000ns period=20.000ns})
  Destination:            i_platform/i_rtl/platform_controller/i_rvx_instance_5/i_rvx_instance_6/rvx_signal_079_reg[10]/D
                            (rising edge-triggered cell FDCE clocked by clk_50000000_xilinx_clock_pll_0  {rise@0.000ns fall@10.000ns period=20.000ns})
  Path Group:             clk_50000000_xilinx_clock_pll_0
  Path Type:              Hold (Min at Fast Process Corner)
  Requirement:            0.000ns  (clk_50000000_xilinx_clock_pll_0 rise@0.000ns - clk_50000000_xilinx_clock_pll_0 rise@0.000ns)
  Data Path Delay:        0.345ns  (logic 0.164ns (47.589%)  route 0.181ns (52.411%))
  Logic Levels:           0  
  Clock Path Skew:        0.262ns (DCD - SCD - CPR)
    Destination Clock Delay (DCD):    0.916ns
    Source Clock Delay      (SCD):    0.645ns
    Clock Pessimism Removal (CPR):    0.009ns

    Location             Delay type                Incr(ns)  Path(ns)    Netlist Resource(s)
  -------------------------------------------------------------------    -------------------
                         (clock clk_50000000_xilinx_clock_pll_0 rise edge)
                                                      0.000     0.000 r  <hidden>
    BUFGCTRL_X0Y16       BUFG                         0.000     0.000 r  external_clk_0_IBUF_BUFG_inst/O
                         net (fo=30323, routed)       0.624     0.624    i_platform/i_pll0/i_xilinx_clock_pll_0/inst/clk_in1
    MMCME2_ADV_X0Y0      MMCME2_ADV (Prop_mmcme2_adv_CLKIN1_CLKOUT0)
                                                     -1.296    -0.672 r  i_platform/i_pll0/i_xilinx_clock_pll_0/inst/mmcm_adv_inst/CLKOUT0
                         net (fo=1, routed)           0.648    -0.024    i_platform/i_pll0/i_xilinx_clock_pll_0/inst/clk_50000000_xilinx_clock_pll_0
    BUFGCTRL_X0Y0        BUFG (Prop_bufg_I_O)         0.026     0.002 r  i_platform/i_pll0/i_xilinx_clock_pll_0/inst/clkout1_buf/O
                         net (fo=15367, routed)       0.643     0.645    i_platform/i_rtl/platform_controller/i_rvx_instance_5/i_rvx_instance_2/i_rvx_instance_0/clk_50000000
    SLICE_X50Y193        FDCE                                         r  i_platform/i_rtl/platform_controller/i_rvx_instance_5/i_rvx_instance_2/i_rvx_instance_0/rvx_port_11_reg[11]/C
  -------------------------------------------------------------------    -------------------
    SLICE_X50Y193        FDCE (Prop_fdce_C_Q)         0.164     0.809 r  i_platform/i_rtl/platform_controller/i_rvx_instance_5/i_rvx_instance_2/i_rvx_instance_0/rvx_port_11_reg[11]/Q
                         net (fo=1, routed)           0.181     0.990    i_platform/i_rtl/platform_controller/i_rvx_instance_5/i_rvx_instance_6/D[10]
    SLICE_X55Y188        FDCE                                         r  i_platform/i_rtl/platform_controller/i_rvx_instance_5/i_rvx_instance_6/rvx_signal_079_reg[10]/D
  -------------------------------------------------------------------    -------------------

                         (clock clk_50000000_xilinx_clock_pll_0 rise edge)
                                                      0.000     0.000 r  <hidden>
    BUFGCTRL_X0Y16       BUFG                         0.000     0.000 r  external_clk_0_IBUF_BUFG_inst/O
                         net (fo=30323, routed)       0.898     0.898    i_platform/i_pll0/i_xilinx_clock_pll_0/inst/clk_in1
    MMCME2_ADV_X0Y0      MMCME2_ADV (Prop_mmcme2_adv_CLKIN1_CLKOUT0)
                                                     -1.625    -0.727 r  i_platform/i_pll0/i_xilinx_clock_pll_0/inst/mmcm_adv_inst/CLKOUT0
                         net (fo=1, routed)           0.700    -0.027    i_platform/i_pll0/i_xilinx_clock_pll_0/inst/clk_50000000_xilinx_clock_pll_0
    BUFGCTRL_X0Y0        BUFG (Prop_bufg_I_O)         0.029     0.002 r  i_platform/i_pll0/i_xilinx_clock_pll_0/inst/clkout1_buf/O
                         net (fo=15367, routed)       0.914     0.916    i_platform/i_rtl/platform_controller/i_rvx_instance_5/i_rvx_instance_6/clk_50000000
    SLICE_X55Y188        FDCE                                         r  i_platform/i_rtl/platform_controller/i_rvx_instance_5/i_rvx_instance_6/rvx_signal_079_reg[10]/C
                         clock pessimism             -0.009     0.907    <hidden>
    SLICE_X55Y188        FDCE (Hold_fdce_C_D)         0.066     0.973    i_platform/i_rtl/platform_controller/i_rvx_instance_5/i_rvx_instance_6/rvx_signal_079_reg[10]
  -------------------------------------------------------------------
                         required time                         -0.973    <hidden>
                         arrival time                           0.990    <hidden>
  -------------------------------------------------------------------
                         slack                                  0.017    <hidden>





Pulse Width Checks
--------------------------------------------------------------------------------------
Clock Name:         clk_50000000_xilinx_clock_pll_0
Waveform(ns):       { 0.000 10.000 }
Period(ns):         20.000
Sources:            { i_platform/i_pll0/i_xilinx_clock_pll_0/inst/mmcm_adv_inst/CLKOUT0 }

Check Type        Corner  Lib Pin             Reference Pin  Required(ns)  Actual(ns)  Slack(ns)  Location         Pin
Min Period        n/a     DSP48E1/CLK         n/a            3.884         20.000      16.116     DSP48_X1Y73      i_platform/i_rtl/i_main_core/i_orca/core/X/alu/mul_gen.default_mul_gen.mul_dest_reg/CLK
Max Period        n/a     MMCME2_ADV/CLKOUT0  n/a            213.360       20.000      193.360    MMCME2_ADV_X0Y0  i_platform/i_pll0/i_xilinx_clock_pll_0/inst/mmcm_adv_inst/CLKOUT0
Low Pulse Width   Slow    RAMD64E/CLK         n/a            1.250         10.000      8.750      SLICE_X6Y182     i_platform/i_rtl/external_peri_group/i_gen_valid_uart[0].i_rvx_instance_05/i_rvx_instance_0/i_rvx_instance_1/i_rvx_instance_0/i_rvx_instance_0/rvx_signal_0_reg_0_63_0_2/RAMA/CLK
High Pulse Width  Slow    RAMD64E/CLK         n/a            1.250         10.000      8.750      SLICE_X6Y182     i_platform/i_rtl/external_peri_group/i_gen_valid_uart[0].i_rvx_instance_05/i_rvx_instance_0/i_rvx_instance_1/i_rvx_instance_0/i_rvx_instance_0/rvx_signal_0_reg_0_63_0_2/RAMA/CLK



---------------------------------------------------------------------------------------------------
From Clock:  clkfbout_xilinx_clock_pll_0
  To Clock:  clkfbout_xilinx_clock_pll_0

Setup :           NA  Failing Endpoints,  Worst Slack           NA  ,  Total Violation           NA
Hold  :           NA  Failing Endpoints,  Worst Slack           NA  ,  Total Violation           NA
PW    :            0  Failing Endpoints,  Worst Slack        7.845ns,  Total Violation        0.000ns
---------------------------------------------------------------------------------------------------


Pulse Width Checks
--------------------------------------------------------------------------------------
Clock Name:         clkfbout_xilinx_clock_pll_0
Waveform(ns):       { 0.000 5.000 }
Period(ns):         10.000
Sources:            { i_platform/i_pll0/i_xilinx_clock_pll_0/inst/mmcm_adv_inst/CLKFBOUT }

Check Type  Corner  Lib Pin             Reference Pin  Required(ns)  Actual(ns)  Slack(ns)  Location         Pin
Min Period  n/a     BUFG/I              n/a            2.155         10.000      7.845      BUFGCTRL_X0Y1    i_platform/i_pll0/i_xilinx_clock_pll_0/inst/clkf_buf/I
Max Period  n/a     MMCME2_ADV/CLKFBIN  n/a            100.000       10.000      90.000     MMCME2_ADV_X0Y0  i_platform/i_pll0/i_xilinx_clock_pll_0/inst/mmcm_adv_inst/CLKFBIN



---------------------------------------------------------------------------------------------------
From Clock:  pjtag_rclk
  To Clock:  pjtag_rclk

Setup :            0  Failing Endpoints,  Worst Slack       12.404ns,  Total Violation        0.000ns
Hold  :            0  Failing Endpoints,  Worst Slack        0.121ns,  Total Violation        0.000ns
PW    :            0  Failing Endpoints,  Worst Slack       49.500ns,  Total Violation        0.000ns
---------------------------------------------------------------------------------------------------


Max Delay Paths
--------------------------------------------------------------------------------------
Slack (MET) :             12.404ns  (required time - arrival time)
  Source:                 i_platform/i_rtl/platform_controller/i_rvx_instance_4/i_rvx_instance_0/rvx_port_09_reg/C
                            (falling edge-triggered cell FDCE clocked by pjtag_rclk  {rise@0.000ns fall@50.000ns period=100.000ns})
  Destination:            pjtag_rtdo
                            (output port clocked by pjtag_rclk  {rise@0.000ns fall@50.000ns period=100.000ns})
  Path Group:             pjtag_rclk
  Path Type:              Max at Slow Process Corner
  Requirement:            50.000ns  (pjtag_rclk rise@100.000ns - pjtag_rclk fall@50.000ns)
  Data Path Delay:        7.127ns  (logic 4.014ns (56.327%)  route 3.112ns (43.673%))
  Logic Levels:           1  (OBUF=1)
  Output Delay:           25.000ns
  Clock Path Skew:        -5.434ns (DCD - SCD + CPR)
    Destination Clock Delay (DCD):    0.000ns = ( 100.000 - 100.000 ) 
    Source Clock Delay      (SCD):    5.434ns = ( 55.434 - 50.000 ) 
    Clock Pessimism Removal (CPR):    0.000ns
  Clock Uncertainty:      0.035ns  ((TSJ^2 + TIJ^2)^1/2 + DJ) / 2 + PE
    Total System Jitter     (TSJ):    0.071ns
    Total Input Jitter      (TIJ):    0.000ns
    Discrete Jitter          (DJ):    0.000ns
    Phase Error              (PE):    0.000ns

    Location             Delay type                Incr(ns)  Path(ns)    Netlist Resource(s)
  -------------------------------------------------------------------    -------------------
                         (clock pjtag_rclk fall edge)
                                                     50.000    50.000 f  <hidden>
    F4                                                0.000    50.000 f  pjtag_rtck
                         net (fo=0)                   0.000    50.000    pjtag_rtck
    F4                   IBUF (Prop_ibuf_I_O)         1.472    51.472 f  pjtag_rtck_IBUF_inst/O
                         net (fo=1, routed)           2.025    53.496    pjtag_rtck_IBUF
    BUFGCTRL_X0Y17       BUFG (Prop_bufg_I_O)         0.096    53.592 f  pjtag_rtck_IBUF_BUFG_inst/O
                         net (fo=253, routed)         1.841    55.434    i_platform/i_rtl/platform_controller/i_rvx_instance_4/i_rvx_instance_0/pjtag_rtck
    SLICE_X79Y166        FDCE                                         r  i_platform/i_rtl/platform_controller/i_rvx_instance_4/i_rvx_instance_0/rvx_port_09_reg/C  (IS_INVERTED)
  -------------------------------------------------------------------    -------------------
    SLICE_X79Y166        FDCE (Prop_fdce_C_Q)         0.459    55.893 r  i_platform/i_rtl/platform_controller/i_rvx_instance_4/i_rvx_instance_0/rvx_port_09_reg/Q
                         net (fo=1, routed)           3.112    59.005    pjtag_rtdo_OBUF
    D4                   OBUF (Prop_obuf_I_O)         3.555    62.560 r  pjtag_rtdo_OBUF_inst/O
                         net (fo=0)                   0.000    62.560    pjtag_rtdo
    D4                                                                r  pjtag_rtdo
  -------------------------------------------------------------------    -------------------

                         (clock pjtag_rclk rise edge)
                                                    100.000   100.000 r  <hidden>
                         clock pessimism              0.000   100.000    <hidden>
                         clock uncertainty           -0.035    99.965    <hidden>
                         output delay               -25.000    74.965    <hidden>
  -------------------------------------------------------------------
                         required time                         74.965    <hidden>
                         arrival time                         -62.560    <hidden>
  -------------------------------------------------------------------
                         slack                                 12.404    <hidden>





Min Delay Paths
--------------------------------------------------------------------------------------
Slack (MET) :             0.121ns  (arrival time - required time)
  Source:                 i_platform/i_rtl/platform_controller/i_rvx_instance_4/i_rvx_instance_3/i_rvx_instance_1/rvx_signal_0_reg[5]/C
                            (rising edge-triggered cell FDCE clocked by pjtag_rclk  {rise@0.000ns fall@50.000ns period=100.000ns})
  Destination:            i_platform/i_rtl/platform_controller/i_rvx_instance_4/i_rvx_instance_3/i_rvx_instance_1/synch_value_reg[5]/D
                            (rising edge-triggered cell FDCE clocked by pjtag_rclk  {rise@0.000ns fall@50.000ns period=100.000ns})
  Path Group:             pjtag_rclk
  Path Type:              Hold (Min at Fast Process Corner)
  Requirement:            0.000ns  (pjtag_rclk rise@0.000ns - pjtag_rclk rise@0.000ns)
  Data Path Delay:        0.197ns  (logic 0.141ns (71.611%)  route 0.056ns (28.389%))
  Logic Levels:           0  
  Clock Path Skew:        0.000ns (DCD - SCD - CPR)
    Destination Clock Delay (DCD):    2.085ns
    Source Clock Delay      (SCD):    1.566ns
    Clock Pessimism Removal (CPR):    0.519ns

    Location             Delay type                Incr(ns)  Path(ns)    Netlist Resource(s)
  -------------------------------------------------------------------    -------------------
                         (clock pjtag_rclk rise edge)
                                                      0.000     0.000 r  <hidden>
    F4                                                0.000     0.000 r  pjtag_rtck
                         net (fo=0)                   0.000     0.000    pjtag_rtck
    F4                   IBUF (Prop_ibuf_I_O)         0.240     0.240 r  pjtag_rtck_IBUF_inst/O
                         net (fo=1, routed)           0.644     0.884    pjtag_rtck_IBUF
    BUFGCTRL_X0Y17       BUFG (Prop_bufg_I_O)         0.026     0.910 r  pjtag_rtck_IBUF_BUFG_inst/O
                         net (fo=253, routed)         0.656     1.566    i_platform/i_rtl/platform_controller/i_rvx_instance_4/i_rvx_instance_3/i_rvx_instance_1/pjtag_rtck
    SLICE_X73Y169        FDCE                                         r  i_platform/i_rtl/platform_controller/i_rvx_instance_4/i_rvx_instance_3/i_rvx_instance_1/rvx_signal_0_reg[5]/C
  -------------------------------------------------------------------    -------------------
    SLICE_X73Y169        FDCE (Prop_fdce_C_Q)         0.141     1.707 r  i_platform/i_rtl/platform_controller/i_rvx_instance_4/i_rvx_instance_3/i_rvx_instance_1/rvx_signal_0_reg[5]/Q
                         net (fo=1, routed)           0.056     1.763    i_platform/i_rtl/platform_controller/i_rvx_instance_4/i_rvx_instance_3/i_rvx_instance_1/rvx_signal_0[5]
    SLICE_X73Y169        FDCE                                         r  i_platform/i_rtl/platform_controller/i_rvx_instance_4/i_rvx_instance_3/i_rvx_instance_1/synch_value_reg[5]/D
  -------------------------------------------------------------------    -------------------

                         (clock pjtag_rclk rise edge)
                                                      0.000     0.000 r  <hidden>
    F4                                                0.000     0.000 r  pjtag_rtck
                         net (fo=0)                   0.000     0.000    pjtag_rtck
    F4                   IBUF (Prop_ibuf_I_O)         0.427     0.427 r  pjtag_rtck_IBUF_inst/O
                         net (fo=1, routed)           0.699     1.126    pjtag_rtck_IBUF
    BUFGCTRL_X0Y17       BUFG (Prop_bufg_I_O)         0.029     1.155 r  pjtag_rtck_IBUF_BUFG_inst/O
                         net (fo=253, routed)         0.930     2.085    i_platform/i_rtl/platform_controller/i_rvx_instance_4/i_rvx_instance_3/i_rvx_instance_1/pjtag_rtck
    SLICE_X73Y169        FDCE                                         r  i_platform/i_rtl/platform_controller/i_rvx_instance_4/i_rvx_instance_3/i_rvx_instance_1/synch_value_reg[5]/C
                         clock pessimism             -0.519     1.566    <hidden>
    SLICE_X73Y169        FDCE (Hold_fdce_C_D)         0.076     1.642    i_platform/i_rtl/platform_controller/i_rvx_instance_4/i_rvx_instance_3/i_rvx_instance_1/synch_value_reg[5]
  -------------------------------------------------------------------
                         required time                         -1.642    <hidden>
                         arrival time                           1.763    <hidden>
  -------------------------------------------------------------------
                         slack                                  0.121    <hidden>





Pulse Width Checks
--------------------------------------------------------------------------------------
Clock Name:         pjtag_rclk
Waveform(ns):       { 0.000 50.000 }
Period(ns):         100.000
Sources:            { pjtag_rtck }

Check Type        Corner  Lib Pin  Reference Pin  Required(ns)  Actual(ns)  Slack(ns)  Location        Pin
Min Period        n/a     BUFG/I   n/a            2.155         100.000     97.845     BUFGCTRL_X0Y17  pjtag_rtck_IBUF_BUFG_inst/I
Low Pulse Width   Slow    FDCE/C   n/a            0.500         50.000      49.500     SLICE_X80Y168   i_platform/i_rtl/platform_controller/i_rvx_instance_4/i_rvx_instance_0/FSM_onehot_rvx_signal_14_reg[0]/C
High Pulse Width  Slow    FDCE/C   n/a            0.500         50.000      49.500     SLICE_X80Y168   i_platform/i_rtl/platform_controller/i_rvx_instance_4/i_rvx_instance_0/FSM_onehot_rvx_signal_14_reg[0]/C



---------------------------------------------------------------------------------------------------
From Clock:  sys_clk_pin
  To Clock:  sys_clk_pin

Setup :            0  Failing Endpoints,  Worst Slack        0.196ns,  Total Violation        0.000ns
Hold  :            0  Failing Endpoints,  Worst Slack        0.030ns,  Total Violation        0.000ns
PW    :            0  Failing Endpoints,  Worst Slack        3.750ns,  Total Violation        0.000ns
---------------------------------------------------------------------------------------------------


Max Delay Paths
--------------------------------------------------------------------------------------
Slack (MET) :             0.196ns  (required time - arrival time)
  Source:                 i_platform/i_bbht/u_core/u_main_ip/run_predicate_mode_reg[0]/C
                            (rising edge-triggered cell FDRE clocked by sys_clk_pin  {rise@0.000ns fall@5.000ns period=10.000ns})
  Destination:            i_platform/i_bbht/u_core/u_main_ip/g_intra_e4.u_iter_dp/pred0_pipe_reg[21]/D
                            (rising edge-triggered cell FDRE clocked by sys_clk_pin  {rise@0.000ns fall@5.000ns period=10.000ns})
  Path Group:             sys_clk_pin
  Path Type:              Setup (Max at Slow Process Corner)
  Requirement:            10.000ns  (sys_clk_pin rise@10.000ns - sys_clk_pin rise@0.000ns)
  Data Path Delay:        9.922ns  (logic 0.642ns (6.470%)  route 9.280ns (93.530%))
  Logic Levels:           1  (LUT6=1)
  Clock Path Skew:        0.150ns (DCD - SCD + CPR)
    Destination Clock Delay (DCD):    5.189ns = ( 15.189 - 10.000 ) 
    Source Clock Delay      (SCD):    5.219ns
    Clock Pessimism Removal (CPR):    0.180ns
  Clock Uncertainty:      0.061ns  ((TSJ^2 + TIJ^2)^1/2 + DJ) / 2 + PE
    Total System Jitter     (TSJ):    0.071ns
    Total Input Jitter      (TIJ):    0.100ns
    Discrete Jitter          (DJ):    0.000ns
    Phase Error              (PE):    0.000ns

    Location             Delay type                Incr(ns)  Path(ns)    Netlist Resource(s)
  -------------------------------------------------------------------    -------------------
                         (clock sys_clk_pin rise edge)
                                                      0.000     0.000 r  <hidden>
    E3                                                0.000     0.000 r  external_clk_0
                         net (fo=0)                   0.000     0.000    external_clk_0
    E3                   IBUF (Prop_ibuf_I_O)         1.482     1.482 r  external_clk_0_IBUF_inst/O
                         net (fo=1, routed)           2.025     3.506    external_clk_0_IBUF
    BUFGCTRL_X0Y16       BUFG (Prop_bufg_I_O)         0.096     3.602 r  external_clk_0_IBUF_BUFG_inst/O
                         net (fo=30323, routed)       1.617     5.219    i_platform/i_bbht/u_core/u_main_ip/external_clk_0
    SLICE_X70Y103        FDRE                                         r  i_platform/i_bbht/u_core/u_main_ip/run_predicate_mode_reg[0]/C
  -------------------------------------------------------------------    -------------------
    SLICE_X70Y103        FDRE (Prop_fdre_C_Q)         0.518     5.737 r  i_platform/i_bbht/u_core/u_main_ip/run_predicate_mode_reg[0]/Q
                         net (fo=130, routed)         9.280    15.017    i_platform/i_bbht/u_core/u_main_ip/g_intra_e4.u_iter_dp/g_e4_lane[21].u_p0/Q[0]
    SLICE_X7Y11          LUT6 (Prop_lut6_I4_O)        0.124    15.141 r  i_platform/i_bbht/u_core/u_main_ip/g_intra_e4.u_iter_dp/g_e4_lane[21].u_p0/pred0_pipe[21]_i_1/O
                         net (fo=1, routed)           0.000    15.141    i_platform/i_bbht/u_core/u_main_ip/g_intra_e4.u_iter_dp/pred0_raw__0[21]
    SLICE_X7Y11          FDRE                                         r  i_platform/i_bbht/u_core/u_main_ip/g_intra_e4.u_iter_dp/pred0_pipe_reg[21]/D
  -------------------------------------------------------------------    -------------------

                         (clock sys_clk_pin rise edge)
                                                     10.000    10.000 r  <hidden>
    E3                                                0.000    10.000 r  external_clk_0
                         net (fo=0)                   0.000    10.000    external_clk_0
    E3                   IBUF (Prop_ibuf_I_O)         1.411    11.411 r  external_clk_0_IBUF_inst/O
                         net (fo=1, routed)           1.920    13.331    external_clk_0_IBUF
    BUFGCTRL_X0Y16       BUFG (Prop_bufg_I_O)         0.091    13.422 r  external_clk_0_IBUF_BUFG_inst/O
                         net (fo=30323, routed)       1.767    15.189    i_platform/i_bbht/u_core/u_main_ip/g_intra_e4.u_iter_dp/external_clk_0
    SLICE_X7Y11          FDRE                                         r  i_platform/i_bbht/u_core/u_main_ip/g_intra_e4.u_iter_dp/pred0_pipe_reg[21]/C
                         clock pessimism              0.180    15.369    <hidden>
                         clock uncertainty           -0.061    15.308    <hidden>
    SLICE_X7Y11          FDRE (Setup_fdre_C_D)        0.029    15.337    i_platform/i_bbht/u_core/u_main_ip/g_intra_e4.u_iter_dp/pred0_pipe_reg[21]
  -------------------------------------------------------------------
                         required time                         15.337    <hidden>
                         arrival time                         -15.141    <hidden>
  -------------------------------------------------------------------
                         slack                                  0.196    <hidden>





Min Delay Paths
--------------------------------------------------------------------------------------
Slack (MET) :             0.030ns  (arrival time - required time)
  Source:                 i_platform/i_bbht/u_core/u_main_ip/g_intra_e4.u_iter_dp/amp0_pipe_reg[336]/C
                            (rising edge-triggered cell FDRE clocked by sys_clk_pin  {rise@0.000ns fall@5.000ns period=10.000ns})
  Destination:            i_platform/i_bbht/u_core/u_main_ip/g_intra_e4.u_iter_dp/oracle0_t1_reg[336]/D
                            (rising edge-triggered cell FDRE clocked by sys_clk_pin  {rise@0.000ns fall@5.000ns period=10.000ns})
  Path Group:             sys_clk_pin
  Path Type:              Hold (Min at Fast Process Corner)
  Requirement:            0.000ns  (sys_clk_pin rise@0.000ns - sys_clk_pin rise@0.000ns)
  Data Path Delay:        0.401ns  (logic 0.252ns (62.800%)  route 0.149ns (37.200%))
  Logic Levels:           2  (CARRY4=1 LUT2=1)
  Clock Path Skew:        0.266ns (DCD - SCD - CPR)
    Destination Clock Delay (DCD):    2.000ns
    Source Clock Delay      (SCD):    1.483ns
    Clock Pessimism Removal (CPR):    0.250ns

    Location             Delay type                Incr(ns)  Path(ns)    Netlist Resource(s)
  -------------------------------------------------------------------    -------------------
                         (clock sys_clk_pin rise edge)
                                                      0.000     0.000 r  <hidden>
    E3                                                0.000     0.000 r  external_clk_0
                         net (fo=0)                   0.000     0.000    external_clk_0
    E3                   IBUF (Prop_ibuf_I_O)         0.250     0.250 r  external_clk_0_IBUF_inst/O
                         net (fo=1, routed)           0.644     0.894    external_clk_0_IBUF
    BUFGCTRL_X0Y16       BUFG (Prop_bufg_I_O)         0.026     0.920 r  external_clk_0_IBUF_BUFG_inst/O
                         net (fo=30323, routed)       0.564     1.483    i_platform/i_bbht/u_core/u_main_ip/g_intra_e4.u_iter_dp/external_clk_0
    SLICE_X52Y56         FDRE                                         r  i_platform/i_bbht/u_core/u_main_ip/g_intra_e4.u_iter_dp/amp0_pipe_reg[336]/C
  -------------------------------------------------------------------    -------------------
    SLICE_X52Y56         FDRE (Prop_fdre_C_Q)         0.141     1.624 r  i_platform/i_bbht/u_core/u_main_ip/g_intra_e4.u_iter_dp/amp0_pipe_reg[336]/Q
                         net (fo=1, routed)           0.149     1.774    i_platform/i_bbht/u_core/u_main_ip/g_intra_e4.u_iter_dp/g_e4_lane[14].u_o0/Q[13]
    SLICE_X51Y56         LUT2 (Prop_lut2_I1_O)        0.045     1.819 r  i_platform/i_bbht/u_core/u_main_ip/g_intra_e4.u_iter_dp/g_e4_lane[14].u_o0/oracle0_t1[337]_i_3/O
                         net (fo=1, routed)           0.000     1.819    i_platform/i_bbht/u_core/u_main_ip/g_intra_e4.u_iter_dp/g_e4_lane[14].u_o0_n_12
    SLICE_X51Y56         CARRY4 (Prop_carry4_S[2]_O[2])
                                                      0.066     1.885 r  i_platform/i_bbht/u_core/u_main_ip/g_intra_e4.u_iter_dp/oracle0_t1_reg[337]_i_1/O[2]
                         net (fo=1, routed)           0.000     1.885    i_platform/i_bbht/u_core/u_main_ip/g_intra_e4.u_iter_dp/oracle0_t1_reg[337]_i_1_n_5
    SLICE_X51Y56         FDRE                                         r  i_platform/i_bbht/u_core/u_main_ip/g_intra_e4.u_iter_dp/oracle0_t1_reg[336]/D
  -------------------------------------------------------------------    -------------------

                         (clock sys_clk_pin rise edge)
                                                      0.000     0.000 r  <hidden>
    E3                                                0.000     0.000 r  external_clk_0
                         net (fo=0)                   0.000     0.000    external_clk_0
    E3                   IBUF (Prop_ibuf_I_O)         0.438     0.438 r  external_clk_0_IBUF_inst/O
                         net (fo=1, routed)           0.699     1.136    external_clk_0_IBUF
    BUFGCTRL_X0Y16       BUFG (Prop_bufg_I_O)         0.029     1.165 r  external_clk_0_IBUF_BUFG_inst/O
                         net (fo=30323, routed)       0.835     2.000    i_platform/i_bbht/u_core/u_main_ip/g_intra_e4.u_iter_dp/external_clk_0
    SLICE_X51Y56         FDRE                                         r  i_platform/i_bbht/u_core/u_main_ip/g_intra_e4.u_iter_dp/oracle0_t1_reg[336]/C
                         clock pessimism             -0.250     1.749    <hidden>
    SLICE_X51Y56         FDRE (Hold_fdre_C_D)         0.105     1.854    i_platform/i_bbht/u_core/u_main_ip/g_intra_e4.u_iter_dp/oracle0_t1_reg[336]
  -------------------------------------------------------------------
                         required time                         -1.854    <hidden>
                         arrival time                           1.885    <hidden>
  -------------------------------------------------------------------
                         slack                                  0.030    <hidden>





Pulse Width Checks
--------------------------------------------------------------------------------------
Clock Name:         sys_clk_pin
Waveform(ns):       { 0.000 5.000 }
Period(ns):         10.000
Sources:            { external_clk_0 }

Check Type        Corner  Lib Pin      Reference Pin  Required(ns)  Actual(ns)  Slack(ns)  Location       Pin
Min Period        n/a     DSP48E1/CLK  n/a            3.884         10.000      6.116      DSP48_X0Y9     i_platform/i_bbht/u_core/u_main_ip/u_measure_verify/u_born/g_m1_square1.u_square32_b/sq10__0/CLK
Low Pulse Width   Slow    RAMD32/CLK   n/a            1.250         5.000       3.750      SLICE_X76Y108  i_platform/i_bbht/u_core/u_main_ip/g_ckpt_plan_exec.g_auto_policy_k34.u_plan_fifo/mem_reg_0_3_0_5/RAMA/CLK
High Pulse Width  Slow    RAMD32/CLK   n/a            1.250         5.000       3.750      SLICE_X76Y108  i_platform/i_bbht/u_core/u_main_ip/g_ckpt_plan_exec.g_auto_policy_k34.u_plan_fifo/mem_reg_0_3_0_5/RAMA/CLK



---------------------------------------------------------------------------------------------------
Path Group:  **async_default**
From Clock:  clk_50000000_xilinx_clock_pll_0
  To Clock:  clk_50000000_xilinx_clock_pll_0

Setup :            0  Failing Endpoints,  Worst Slack        5.208ns,  Total Violation        0.000ns
Hold  :            0  Failing Endpoints,  Worst Slack        0.639ns,  Total Violation        0.000ns
---------------------------------------------------------------------------------------------------


Max Delay Paths
--------------------------------------------------------------------------------------
Slack (MET) :             5.208ns  (required time - arrival time)
  Source:                 i_platform/i_rtl/platform_controller/i_rvx_instance_3/rvx_signal_05_reg[1]/C
                            (rising edge-triggered cell FDPE clocked by clk_50000000_xilinx_clock_pll_0  {rise@0.000ns fall@10.000ns period=20.000ns})
  Destination:            i_platform/i_rtl/i_snim_common_peri_group_no_name/i_munoc_instance_0/i_munoc_instance_2/i_munoc_instance_0/i_gen_buffer[0].i_munoc_instance_0/rvx_signal_6_reg[3][18]/CLR
                            (recovery check against rising-edge clock clk_50000000_xilinx_clock_pll_0  {rise@0.000ns fall@10.000ns period=20.000ns})
  Path Group:             **async_default**
  Path Type:              Recovery (Max at Slow Process Corner)
  Requirement:            20.000ns  (clk_50000000_xilinx_clock_pll_0 rise@20.000ns - clk_50000000_xilinx_clock_pll_0 rise@0.000ns)
  Data Path Delay:        14.192ns  (logic 0.670ns (4.721%)  route 13.522ns (95.279%))
  Logic Levels:           1  (LUT2=1)
  Clock Path Skew:        0.005ns (DCD - SCD + CPR)
    Destination Clock Delay (DCD):    1.771ns = ( 21.771 - 20.000 ) 
    Source Clock Delay      (SCD):    1.781ns
    Clock Pessimism Removal (CPR):    0.015ns
  Clock Uncertainty:      0.084ns  ((TSJ^2 + DJ^2)^1/2) / 2 + PE
    Total System Jitter     (TSJ):    0.071ns
    Discrete Jitter          (DJ):    0.152ns
    Phase Error              (PE):    0.000ns

    Location             Delay type                Incr(ns)  Path(ns)    Netlist Resource(s)
  -------------------------------------------------------------------    -------------------
                         (clock clk_50000000_xilinx_clock_pll_0 rise edge)
                                                      0.000     0.000 r  <hidden>
    BUFGCTRL_X0Y16       BUFG                         0.000     0.000 r  external_clk_0_IBUF_BUFG_inst/O
                         net (fo=30323, routed)       1.809     1.809    i_platform/i_pll0/i_xilinx_clock_pll_0/inst/clk_in1
    MMCME2_ADV_X0Y0      MMCME2_ADV (Prop_mmcme2_adv_CLKIN1_CLKOUT0)
                                                     -3.922    -2.112 r  i_platform/i_pll0/i_xilinx_clock_pll_0/inst/mmcm_adv_inst/CLKOUT0
                         net (fo=1, routed)           2.018    -0.094    i_platform/i_pll0/i_xilinx_clock_pll_0/inst/clk_50000000_xilinx_clock_pll_0
    BUFGCTRL_X0Y0        BUFG (Prop_bufg_I_O)         0.096     0.002 r  i_platform/i_pll0/i_xilinx_clock_pll_0/inst/clkout1_buf/O
                         net (fo=15367, routed)       1.779     1.781    i_platform/i_rtl/platform_controller/i_rvx_instance_3/clk_50000000
    SLICE_X60Y175        FDPE                                         r  i_platform/i_rtl/platform_controller/i_rvx_instance_3/rvx_signal_05_reg[1]/C
  -------------------------------------------------------------------    -------------------
    SLICE_X60Y175        FDPE (Prop_fdpe_C_Q)         0.518     2.299 r  i_platform/i_rtl/platform_controller/i_rvx_instance_3/rvx_signal_05_reg[1]/Q
                         net (fo=4, routed)           0.689     2.989    i_platform/i_rtl/platform_controller/i_rvx_instance_3/p_0_in[1]
    SLICE_X61Y175        LUT2 (Prop_lut2_I1_O)        0.152     3.141 f  i_platform/i_rtl/platform_controller/i_rvx_instance_3/munoc_signal_01[0]_i_2__4/O
                         net (fo=4766, routed)       12.833    15.974    i_platform/i_rtl/i_snim_common_peri_group_no_name/i_munoc_instance_0/i_munoc_instance_2/i_munoc_instance_0/i_gen_buffer[0].i_munoc_instance_0/value_reg[0]_0
    SLICE_X2Y150         FDCE                                         f  i_platform/i_rtl/i_snim_common_peri_group_no_name/i_munoc_instance_0/i_munoc_instance_2/i_munoc_instance_0/i_gen_buffer[0].i_munoc_instance_0/rvx_signal_6_reg[3][18]/CLR
  -------------------------------------------------------------------    -------------------

                         (clock clk_50000000_xilinx_clock_pll_0 rise edge)
                                                     20.000    20.000 r  <hidden>
    BUFGCTRL_X0Y16       BUFG                         0.000    20.000 r  external_clk_0_IBUF_BUFG_inst/O
                         net (fo=30323, routed)       1.683    21.683    i_platform/i_pll0/i_xilinx_clock_pll_0/inst/clk_in1
    MMCME2_ADV_X0Y0      MMCME2_ADV (Prop_mmcme2_adv_CLKIN1_CLKOUT0)
                                                     -3.694    17.989 r  i_platform/i_pll0/i_xilinx_clock_pll_0/inst/mmcm_adv_inst/CLKOUT0
                         net (fo=1, routed)           1.923    19.912    i_platform/i_pll0/i_xilinx_clock_pll_0/inst/clk_50000000_xilinx_clock_pll_0
    BUFGCTRL_X0Y0        BUFG (Prop_bufg_I_O)         0.091    20.003 r  i_platform/i_pll0/i_xilinx_clock_pll_0/inst/clkout1_buf/O
                         net (fo=15367, routed)       1.768    21.771    i_platform/i_rtl/i_snim_common_peri_group_no_name/i_munoc_instance_0/i_munoc_instance_2/i_munoc_instance_0/i_gen_buffer[0].i_munoc_instance_0/clk_50000000
    SLICE_X2Y150         FDCE                                         r  i_platform/i_rtl/i_snim_common_peri_group_no_name/i_munoc_instance_0/i_munoc_instance_2/i_munoc_instance_0/i_gen_buffer[0].i_munoc_instance_0/rvx_signal_6_reg[3][18]/C
                         clock pessimism              0.015    21.786    <hidden>
                         clock uncertainty           -0.084    21.702    <hidden>
    SLICE_X2Y150         FDCE (Recov_fdce_C_CLR)     -0.521    21.181    i_platform/i_rtl/i_snim_common_peri_group_no_name/i_munoc_instance_0/i_munoc_instance_2/i_munoc_instance_0/i_gen_buffer[0].i_munoc_instance_0/rvx_signal_6_reg[3][18]
  -------------------------------------------------------------------
                         required time                         21.181    <hidden>
                         arrival time                         -15.974    <hidden>
  -------------------------------------------------------------------
                         slack                                  5.208    <hidden>





Min Delay Paths
--------------------------------------------------------------------------------------
Slack (MET) :             0.639ns  (arrival time - required time)
  Source:                 i_platform/i_rtl/platform_controller/i_rvx_instance_3/rvx_signal_25_reg[1]/C
                            (rising edge-triggered cell FDCE clocked by clk_50000000_xilinx_clock_pll_0  {rise@0.000ns fall@10.000ns period=20.000ns})
  Destination:            i_platform/i_rtl/i_snim_i_system_sram_no_name/i_munoc_instance_0/i_munoc_instance_2/i_munoc_instance_2/i_gen_buffer[0].i_munoc_instance_0/rvx_signal_6_reg[0][30]/CLR
                            (removal check against rising-edge clock clk_50000000_xilinx_clock_pll_0  {rise@0.000ns fall@10.000ns period=20.000ns})
  Path Group:             **async_default**
  Path Type:              Removal (Min at Fast Process Corner)
  Requirement:            0.000ns  (clk_50000000_xilinx_clock_pll_0 rise@0.000ns - clk_50000000_xilinx_clock_pll_0 rise@0.000ns)
  Data Path Delay:        0.747ns  (logic 0.210ns (28.112%)  route 0.537ns (71.888%))
  Logic Levels:           1  (LUT2=1)
  Clock Path Skew:        0.262ns (DCD - SCD - CPR)
    Destination Clock Delay (DCD):    0.905ns
    Source Clock Delay      (SCD):    0.634ns
    Clock Pessimism Removal (CPR):    0.009ns

    Location             Delay type                Incr(ns)  Path(ns)    Netlist Resource(s)
  -------------------------------------------------------------------    -------------------
                         (clock clk_50000000_xilinx_clock_pll_0 rise edge)
                                                      0.000     0.000 r  <hidden>
    BUFGCTRL_X0Y16       BUFG                         0.000     0.000 r  external_clk_0_IBUF_BUFG_inst/O
                         net (fo=30323, routed)       0.624     0.624    i_platform/i_pll0/i_xilinx_clock_pll_0/inst/clk_in1
    MMCME2_ADV_X0Y0      MMCME2_ADV (Prop_mmcme2_adv_CLKIN1_CLKOUT0)
                                                     -1.296    -0.672 r  i_platform/i_pll0/i_xilinx_clock_pll_0/inst/mmcm_adv_inst/CLKOUT0
                         net (fo=1, routed)           0.648    -0.024    i_platform/i_pll0/i_xilinx_clock_pll_0/inst/clk_50000000_xilinx_clock_pll_0
    BUFGCTRL_X0Y0        BUFG (Prop_bufg_I_O)         0.026     0.002 r  i_platform/i_pll0/i_xilinx_clock_pll_0/inst/clkout1_buf/O
                         net (fo=15367, routed)       0.632     0.634    i_platform/i_rtl/platform_controller/i_rvx_instance_3/clk_50000000
    SLICE_X58Y176        FDCE                                         r  i_platform/i_rtl/platform_controller/i_rvx_instance_3/rvx_signal_25_reg[1]/C
  -------------------------------------------------------------------    -------------------
    SLICE_X58Y176        FDCE (Prop_fdce_C_Q)         0.164     0.798 r  i_platform/i_rtl/platform_controller/i_rvx_instance_3/rvx_signal_25_reg[1]/Q
                         net (fo=3, routed)           0.191     0.989    i_platform/i_rtl/platform_controller/i_rvx_instance_3/rvx_signal_25[1]
    SLICE_X61Y175        LUT2 (Prop_lut2_I0_O)        0.046     1.035 f  i_platform/i_rtl/platform_controller/i_rvx_instance_3/munoc_signal_01[0]_i_2__4/O
                         net (fo=4766, routed)        0.346     1.381    i_platform/i_rtl/i_snim_i_system_sram_no_name/i_munoc_instance_0/i_munoc_instance_2/i_munoc_instance_2/i_gen_buffer[0].i_munoc_instance_0/value_reg[3]
    SLICE_X48Y175        FDCE                                         f  i_platform/i_rtl/i_snim_i_system_sram_no_name/i_munoc_instance_0/i_munoc_instance_2/i_munoc_instance_2/i_gen_buffer[0].i_munoc_instance_0/rvx_signal_6_reg[0][30]/CLR
  -------------------------------------------------------------------    -------------------

                         (clock clk_50000000_xilinx_clock_pll_0 rise edge)
                                                      0.000     0.000 r  <hidden>
    BUFGCTRL_X0Y16       BUFG                         0.000     0.000 r  external_clk_0_IBUF_BUFG_inst/O
                         net (fo=30323, routed)       0.898     0.898    i_platform/i_pll0/i_xilinx_clock_pll_0/inst/clk_in1
    MMCME2_ADV_X0Y0      MMCME2_ADV (Prop_mmcme2_adv_CLKIN1_CLKOUT0)
                                                     -1.625    -0.727 r  i_platform/i_pll0/i_xilinx_clock_pll_0/inst/mmcm_adv_inst/CLKOUT0
                         net (fo=1, routed)           0.700    -0.027    i_platform/i_pll0/i_xilinx_clock_pll_0/inst/clk_50000000_xilinx_clock_pll_0
    BUFGCTRL_X0Y0        BUFG (Prop_bufg_I_O)         0.029     0.002 r  i_platform/i_pll0/i_xilinx_clock_pll_0/inst/clkout1_buf/O
                         net (fo=15367, routed)       0.903     0.905    i_platform/i_rtl/i_snim_i_system_sram_no_name/i_munoc_instance_0/i_munoc_instance_2/i_munoc_instance_2/i_gen_buffer[0].i_munoc_instance_0/clk_50000000
    SLICE_X48Y175        FDCE                                         r  i_platform/i_rtl/i_snim_i_system_sram_no_name/i_munoc_instance_0/i_munoc_instance_2/i_munoc_instance_2/i_gen_buffer[0].i_munoc_instance_0/rvx_signal_6_reg[0][30]/C
                         clock pessimism             -0.009     0.896    <hidden>
    SLICE_X48Y175        FDCE (Remov_fdce_C_CLR)     -0.154     0.742    i_platform/i_rtl/i_snim_i_system_sram_no_name/i_munoc_instance_0/i_munoc_instance_2/i_munoc_instance_2/i_gen_buffer[0].i_munoc_instance_0/rvx_signal_6_reg[0][30]
  -------------------------------------------------------------------
                         required time                         -0.742    <hidden>
                         arrival time                           1.381    <hidden>
  -------------------------------------------------------------------
                         slack                                  0.639    <hidden>





