Copyright 1986-2022 Xilinx, Inc. All Rights Reserved. Copyright 2022-2024 Advanced Micro Devices, Inc. All Rights Reserved.
---------------------------------------------------------------------------------------------------------------------------------------------------------------------------
| Tool Version : Vivado v.2024.2 (lin64) Build 5239630 Fri Nov 08 22:34:34 MST 2024
| Date         : Mon Sep  7 17:20:04 2026
| Host         : JoongKyu running 64-bit Ubuntu 24.04.1 LTS
| Command      : report_timing_summary -file /home/kyu/rvx_summer26/platform/bbht_grover_upgrade/imp_arty-100t_k3h3_e4_m2_rvx_20260907/imp_result/route_timing_summary.rpt
| Design       : BBHT_GROVER_UPGRADE_FPGA
| Device       : 7a100t-csg324
| Speed File   : -1  PRODUCTION 1.23 2018-06-13
| Design State : Routed
---------------------------------------------------------------------------------------------------------------------------------------------------------------------------

Timing Summary Report

------------------------------------------------------------------------------------------------
| Timer Settings
| --------------
------------------------------------------------------------------------------------------------

  Enable Multi Corner Analysis               :  Yes
  Enable Pessimism Removal                   :  Yes
  Pessimism Removal Resolution               :  Nearest Common Node
  Enable Input Delay Default Clock           :  No
  Enable Preset / Clear Arcs                 :  No
  Disable Flight Delays                      :  No
  Ignore I/O Paths                           :  No
  Timing Early Launch at Borrowing Latches   :  No
  Borrow Time for Max Delay Exceptions       :  Yes
  Merge Timing Exceptions                    :  Yes
  Inter-SLR Compensation                     :  Conservative

  Corner  Analyze    Analyze    
  Name    Max Paths  Min Paths  
  ------  ---------  ---------  
  Slow    Yes        Yes        
  Fast    Yes        Yes        


------------------------------------------------------------------------------------------------
| Report Methodology
| ------------------
------------------------------------------------------------------------------------------------

No report available as report_methodology has not been run prior. Run report_methodology on the current design for the summary of methodology violations.



check_timing report

Table of Contents
-----------------
1. checking no_clock (0)
2. checking constant_clock (0)
3. checking pulse_width_clock (0)
4. checking unconstrained_internal_endpoints (0)
5. checking no_input_delay (3)
6. checking no_output_delay (1)
7. checking multiple_clock (0)
8. checking generated_clocks (0)
9. checking loops (0)
10. checking partial_input_delay (0)
11. checking partial_output_delay (0)
12. checking latch_loops (0)

1. checking no_clock (0)
------------------------
 There are 0 register/latch pins with no clock.


2. checking constant_clock (0)
------------------------------
 There are 0 register/latch pins with constant_clock.


3. checking pulse_width_clock (0)
---------------------------------
 There are 0 register/latch pins which need pulse_width check


4. checking unconstrained_internal_endpoints (0)
------------------------------------------------
 There are 0 pins that are not constrained for maximum delay.

 There are 0 pins that are not constrained for maximum delay due to constant clock.


5. checking no_input_delay (3)
------------------------------
 There are 3 input ports with no input delay specified. (HIGH)

 There are 0 input ports with no input delay but user has a false path constraint.


6. checking no_output_delay (1)
-------------------------------
 There is 1 port with no output delay specified. (HIGH)

 There are 0 ports with no output delay but user has a false path constraint

 There are 0 ports with no output delay but with a timing clock defined on it or propagating through it


7. checking multiple_clock (0)
------------------------------
 There are 0 register/latch pins with multiple clocks.


8. checking generated_clocks (0)
--------------------------------
 There are 0 generated clocks that are not connected to a clock source.


9. checking loops (0)
---------------------
 There are 0 combinational loops in the design.


10. checking partial_input_delay (0)
------------------------------------
 There are 0 input ports with partial input delay specified.


11. checking partial_output_delay (0)
-------------------------------------
 There are 0 ports with partial output delay specified.


12. checking latch_loops (0)
----------------------------
 There are 0 combinational latch loops in the design through latch input



------------------------------------------------------------------------------------------------
| Design Timing Summary
| ---------------------
------------------------------------------------------------------------------------------------

    WNS(ns)      TNS(ns)  TNS Failing Endpoints  TNS Total Endpoints      WHS(ns)      THS(ns)  THS Failing Endpoints  THS Total Endpoints     WPWS(ns)     TPWS(ns)  TPWS Failing Endpoints  TPWS Total Endpoints  
    -------      -------  ---------------------  -------------------      -------      -------  ---------------------  -------------------     --------     --------  ----------------------  --------------------  
      0.126        0.000                      0               115427        0.016        0.000                      0               115427        3.000        0.000                       0                 45897  


All user specified timing constraints are met.


------------------------------------------------------------------------------------------------
| Clock Summary
| -------------
------------------------------------------------------------------------------------------------

Clock                                                Waveform(ns)         Period(ns)      Frequency(MHz)
-----                                                ------------         ----------      --------------
i_platform/i_pll0/i_xilinx_clock_pll_0/inst/clk_in1  {0.000 5.000}        10.000          100.000         
  clk_50000000_xilinx_clock_pll_0                    {0.000 10.000}       20.000          50.000          
  clkfbout_xilinx_clock_pll_0                        {0.000 5.000}        10.000          100.000         
pjtag_rclk                                           {0.000 50.000}       100.000         10.000          
sys_clk_pin                                          {0.000 5.000}        10.000          100.000         


------------------------------------------------------------------------------------------------
| Intra Clock Table
| -----------------
------------------------------------------------------------------------------------------------

Clock                                                    WNS(ns)      TNS(ns)  TNS Failing Endpoints  TNS Total Endpoints      WHS(ns)      THS(ns)  THS Failing Endpoints  THS Total Endpoints     WPWS(ns)     TPWS(ns)  TPWS Failing Endpoints  TPWS Total Endpoints  
-----                                                    -------      -------  ---------------------  -------------------      -------      -------  ---------------------  -------------------     --------     --------  ----------------------  --------------------  
i_platform/i_pll0/i_xilinx_clock_pll_0/inst/clk_in1                                                                                                                                                    3.000        0.000                       0                     1  
  clk_50000000_xilinx_clock_pll_0                          5.924        0.000                      0                30301        0.034        0.000                      0                30301        8.750        0.000                       0                 15367  
  clkfbout_xilinx_clock_pll_0                                                                                                                                                                          7.845        0.000                       0                     3  
pjtag_rclk                                                10.408        0.000                      0                  351        0.122        0.000                      0                  351       49.500        0.000                       0                   254  
sys_clk_pin                                                0.126        0.000                      0                74645        0.016        0.000                      0                74645        3.750        0.000                       0                 30272  


------------------------------------------------------------------------------------------------
| Inter Clock Table
| -----------------
------------------------------------------------------------------------------------------------

From Clock    To Clock          WNS(ns)      TNS(ns)  TNS Failing Endpoints  TNS Total Endpoints      WHS(ns)      THS(ns)  THS Failing Endpoints  THS Total Endpoints  
----------    --------          -------      -------  ---------------------  -------------------      -------      -------  ---------------------  -------------------  


------------------------------------------------------------------------------------------------
| Other Path Groups Table
| -----------------------
------------------------------------------------------------------------------------------------

Path Group                       From Clock                       To Clock                             WNS(ns)      TNS(ns)  TNS Failing Endpoints  TNS Total Endpoints      WHS(ns)      THS(ns)  THS Failing Endpoints  THS Total Endpoints  
----------                       ----------                       --------                             -------      -------  ---------------------  -------------------      -------      -------  ---------------------  -------------------  
**async_default**                clk_50000000_xilinx_clock_pll_0  clk_50000000_xilinx_clock_pll_0        8.169        0.000                      0                10130        0.583        0.000                      0                10130  


------------------------------------------------------------------------------------------------
| Timing Details
| --------------
------------------------------------------------------------------------------------------------


---------------------------------------------------------------------------------------------------
From Clock:  i_platform/i_pll0/i_xilinx_clock_pll_0/inst/clk_in1
  To Clock:  i_platform/i_pll0/i_xilinx_clock_pll_0/inst/clk_in1

Setup :           NA  Failing Endpoints,  Worst Slack           NA  ,  Total Violation           NA
Hold  :           NA  Failing Endpoints,  Worst Slack           NA  ,  Total Violation           NA
PW    :            0  Failing Endpoints,  Worst Slack        3.000ns,  Total Violation        0.000ns
---------------------------------------------------------------------------------------------------


Pulse Width Checks
--------------------------------------------------------------------------------------
Clock Name:         i_platform/i_pll0/i_xilinx_clock_pll_0/inst/clk_in1
Waveform(ns):       { 0.000 5.000 }
Period(ns):         10.000
Sources:            { i_platform/i_pll0/i_xilinx_clock_pll_0/inst/clk_in1 }

Check Type        Corner  Lib Pin            Reference Pin  Required(ns)  Actual(ns)  Slack(ns)  Location         Pin
Min Period        n/a     MMCME2_ADV/CLKIN1  n/a            1.249         10.000      8.751      MMCME2_ADV_X0Y0  i_platform/i_pll0/i_xilinx_clock_pll_0/inst/mmcm_adv_inst/CLKIN1
Max Period        n/a     MMCME2_ADV/CLKIN1  n/a            100.000       10.000      90.000     MMCME2_ADV_X0Y0  i_platform/i_pll0/i_xilinx_clock_pll_0/inst/mmcm_adv_inst/CLKIN1
Low Pulse Width   Slow    MMCME2_ADV/CLKIN1  n/a            2.000         5.000       3.000      MMCME2_ADV_X0Y0  i_platform/i_pll0/i_xilinx_clock_pll_0/inst/mmcm_adv_inst/CLKIN1
High Pulse Width  Slow    MMCME2_ADV/CLKIN1  n/a            2.000         5.000       3.000      MMCME2_ADV_X0Y0  i_platform/i_pll0/i_xilinx_clock_pll_0/inst/mmcm_adv_inst/CLKIN1



---------------------------------------------------------------------------------------------------
From Clock:  clk_50000000_xilinx_clock_pll_0
  To Clock:  clk_50000000_xilinx_clock_pll_0

Setup :            0  Failing Endpoints,  Worst Slack        5.924ns,  Total Violation        0.000ns
Hold  :            0  Failing Endpoints,  Worst Slack        0.034ns,  Total Violation        0.000ns
PW    :            0  Failing Endpoints,  Worst Slack        8.750ns,  Total Violation        0.000ns
---------------------------------------------------------------------------------------------------


Max Delay Paths
--------------------------------------------------------------------------------------
Slack (MET) :             5.924ns  (required time - arrival time)
  Source:                 i_platform/i_rtl/i_main_core/i_orca/core/D__0/two_cycle.from_decode_instruction_signal_reg[5]/C
                            (rising edge-triggered cell FDCE clocked by clk_50000000_xilinx_clock_pll_0  {rise@0.000ns fall@10.000ns period=20.000ns})
  Destination:            i_platform/i_rtl/i_main_core/i_orca/core/X/syscall/memory_region_registers_gen[0].umr_gen.writeable_umr_gen.mumr_base_reg[0][10]/CE
                            (rising edge-triggered cell FDPE clocked by clk_50000000_xilinx_clock_pll_0  {rise@0.000ns fall@10.000ns period=20.000ns})
  Path Group:             clk_50000000_xilinx_clock_pll_0
  Path Type:              Setup (Max at Slow Process Corner)
  Requirement:            20.000ns  (clk_50000000_xilinx_clock_pll_0 rise@20.000ns - clk_50000000_xilinx_clock_pll_0 rise@0.000ns)
  Data Path Delay:        13.671ns  (logic 4.342ns (31.760%)  route 9.329ns (68.240%))
  Logic Levels:           15  (CARRY4=8 LUT3=2 LUT4=1 LUT5=2 LUT6=2)
  Clock Path Skew:        -0.116ns (DCD - SCD + CPR)
    Destination Clock Delay (DCD):    1.667ns = ( 21.667 - 20.000 ) 
    Source Clock Delay      (SCD):    1.798ns
    Clock Pessimism Removal (CPR):    0.015ns
  Clock Uncertainty:      0.084ns  ((TSJ^2 + DJ^2)^1/2) / 2 + PE
    Total System Jitter     (TSJ):    0.071ns
    Discrete Jitter          (DJ):    0.152ns
    Phase Error              (PE):    0.000ns

    Location             Delay type                Incr(ns)  Path(ns)    Netlist Resource(s)
  -------------------------------------------------------------------    -------------------
                         (clock clk_50000000_xilinx_clock_pll_0 rise edge)
                                                      0.000     0.000 r  
    BUFGCTRL_X0Y16       BUFG                         0.000     0.000 r  external_clk_0_IBUF_BUFG_inst/O
                         net (fo=30336, routed)       1.809     1.809    i_platform/i_pll0/i_xilinx_clock_pll_0/inst/clk_in1
    MMCME2_ADV_X0Y0      MMCME2_ADV (Prop_mmcme2_adv_CLKIN1_CLKOUT0)
                                                     -3.922    -2.112 r  i_platform/i_pll0/i_xilinx_clock_pll_0/inst/mmcm_adv_inst/CLKOUT0
                         net (fo=1, routed)           2.018    -0.094    i_platform/i_pll0/i_xilinx_clock_pll_0/inst/clk_50000000_xilinx_clock_pll_0
    BUFGCTRL_X0Y0        BUFG (Prop_bufg_I_O)         0.096     0.002 r  i_platform/i_pll0/i_xilinx_clock_pll_0/inst/clkout1_buf/O
                         net (fo=15367, routed)       1.796     1.798    i_platform/i_rtl/i_main_core/i_orca/core/D__0/clk_50000000
    SLICE_X62Y163        FDCE                                         r  i_platform/i_rtl/i_main_core/i_orca/core/D__0/two_cycle.from_decode_instruction_signal_reg[5]/C
  -------------------------------------------------------------------    -------------------
    SLICE_X62Y163        FDCE (Prop_fdce_C_Q)         0.478     2.276 r  i_platform/i_rtl/i_main_core/i_orca/core/D__0/two_cycle.from_decode_instruction_signal_reg[5]/Q
                         net (fo=128, routed)         2.171     4.448    i_platform/i_rtl/i_main_core/i_orca/core/D__0/Q[5]
    SLICE_X50Y174        LUT3 (Prop_lut3_I1_O)        0.298     4.746 r  i_platform/i_rtl/i_main_core/i_orca/core/D__0/address_unaligned_carry__0_i_1/O
                         net (fo=1, routed)           0.647     5.393    i_platform/i_rtl/i_main_core/i_orca/core/X/ls_unit/light_request_register_gen.slave_oimm_address_held_reg[7][0]
    SLICE_X51Y173        CARRY4 (Prop_carry4_DI[0]_CO[3])
                                                      0.526     5.919 r  i_platform/i_rtl/i_main_core/i_orca/core/X/ls_unit/address_unaligned_carry__0/CO[3]
                         net (fo=1, routed)           0.000     5.919    i_platform/i_rtl/i_main_core/i_orca/core/X/ls_unit/address_unaligned_carry__0_n_0
    SLICE_X51Y174        CARRY4 (Prop_carry4_CI_CO[3])
                                                      0.114     6.033 r  i_platform/i_rtl/i_main_core/i_orca/core/X/ls_unit/address_unaligned_carry__1/CO[3]
                         net (fo=1, routed)           0.009     6.042    i_platform/i_rtl/i_main_core/i_orca/core/X/ls_unit/address_unaligned_carry__1_n_0
    SLICE_X51Y175        CARRY4 (Prop_carry4_CI_CO[3])
                                                      0.114     6.156 r  i_platform/i_rtl/i_main_core/i_orca/core/X/ls_unit/address_unaligned_carry__2/CO[3]
                         net (fo=1, routed)           0.000     6.156    i_platform/i_rtl/i_main_core/i_orca/core/X/ls_unit/address_unaligned_carry__2_n_0
    SLICE_X51Y176        CARRY4 (Prop_carry4_CI_CO[3])
                                                      0.114     6.270 r  i_platform/i_rtl/i_main_core/i_orca/core/X/ls_unit/address_unaligned_carry__3/CO[3]
                         net (fo=1, routed)           0.000     6.270    i_platform/i_rtl/i_main_core/i_orca/core/X/ls_unit/address_unaligned_carry__3_n_0
    SLICE_X51Y177        CARRY4 (Prop_carry4_CI_CO[3])
                                                      0.114     6.384 r  i_platform/i_rtl/i_main_core/i_orca/core/X/ls_unit/address_unaligned_carry__4/CO[3]
                         net (fo=1, routed)           0.000     6.384    i_platform/i_rtl/i_main_core/i_orca/core/X/ls_unit/address_unaligned_carry__4_n_0
    SLICE_X51Y178        CARRY4 (Prop_carry4_CI_CO[3])
                                                      0.114     6.498 r  i_platform/i_rtl/i_main_core/i_orca/core/X/ls_unit/address_unaligned_carry__5/CO[3]
                         net (fo=1, routed)           0.000     6.498    i_platform/i_rtl/i_main_core/i_orca/core/X/ls_unit/address_unaligned_carry__5_n_0
    SLICE_X51Y179        CARRY4 (Prop_carry4_CI_O[1])
                                                      0.348     6.846 r  i_platform/i_rtl/i_main_core/i_orca/core/X/ls_unit/address_unaligned_carry__6/O[1]
                         net (fo=2, routed)           0.665     7.510    i_platform/i_rtl/i_main_core/i_orca/the_memory_interface/dcache_mux/internal_oimm_register/D[27]
    SLICE_X50Y179        LUT3 (Prop_lut3_I1_O)        0.329     7.839 r  i_platform/i_rtl/i_main_core/i_orca/the_memory_interface/dcache_mux/internal_oimm_register/rvx_signal_6[2][42]_i_1/O
                         net (fo=11, routed)          0.856     8.695    i_platform/i_rtl/i_main_core/i_orca/the_memory_interface/dcache_mux/internal_oimm_register/light_request_register_gen.slave_oimm_address_held_reg[29]_0
    SLICE_X39Y177        LUT6 (Prop_lut6_I5_O)        0.348     9.043 r  i_platform/i_rtl/i_main_core/i_orca/the_memory_interface/dcache_mux/internal_oimm_register/i__carry__2_i_2__0/O
                         net (fo=1, routed)           0.647     9.691    i_platform/i_rtl/i_main_core/i_orca/the_memory_interface/dcache_mux/internal_oimm_register_n_97
    SLICE_X38Y177        CARRY4 (Prop_carry4_DI[1]_CO[2])
                                                      0.533    10.224 f  i_platform/i_rtl/i_main_core/i_orca/the_memory_interface/dcache_mux/data_in1_inferred__0/i__carry__2/CO[2]
                         net (fo=5, routed)           1.274    11.497    i_platform/i_rtl/i_main_core/i_orca/the_memory_interface/dcache_mux/internal_oimm_register/CO[0]
    SLICE_X50Y184        LUT5 (Prop_lut5_I3_O)        0.336    11.833 r  i_platform/i_rtl/i_main_core/i_orca/the_memory_interface/dcache_mux/internal_oimm_register/to_dcache_control_valid_i_3/O
                         net (fo=4, routed)           0.771    12.604    i_platform/i_rtl/i_main_core/i_orca/the_memory_interface/dcache_gen.data_cache/the_cache/to_dcache_control_valid_reg
    SLICE_X55Y183        LUT5 (Prop_lut5_I1_O)        0.328    12.932 r  i_platform/i_rtl/i_main_core/i_orca/the_memory_interface/dcache_gen.data_cache/the_cache/memory_region_registers_gen[0].umr_gen.writeable_umr_gen.mumr_base[0][31]_i_5/O
                         net (fo=2, routed)           0.323    13.255    i_platform/i_rtl/i_main_core/i_orca/the_memory_interface/dcache_gen.data_cache/the_cache/read_requestinflight_reg_1
    SLICE_X57Y182        LUT6 (Prop_lut6_I5_O)        0.124    13.379 r  i_platform/i_rtl/i_main_core/i_orca/the_memory_interface/dcache_gen.data_cache/the_cache/memory_region_registers_gen[0].umr_gen.writeable_umr_gen.mumr_base[0][31]_i_2/O
                         net (fo=2, routed)           0.476    13.855    i_platform/i_rtl/i_main_core/i_orca/the_memory_interface/instruction_cache_gen.instruction_cache/the_cache/mumr_base[0]1__3
    SLICE_X56Y182        LUT4 (Prop_lut4_I3_O)        0.124    13.979 r  i_platform/i_rtl/i_main_core/i_orca/the_memory_interface/instruction_cache_gen.instruction_cache/the_cache/memory_region_registers_gen[0].umr_gen.writeable_umr_gen.mumr_base[0][31]_i_1/O
                         net (fo=32, routed)          1.491    15.470    i_platform/i_rtl/i_main_core/i_orca/core/X/syscall/memory_region_registers_gen[0].umr_gen.writeable_umr_gen.mumr_base_reg[0][31]_1[0]
    SLICE_X41Y173        FDPE                                         r  i_platform/i_rtl/i_main_core/i_orca/core/X/syscall/memory_region_registers_gen[0].umr_gen.writeable_umr_gen.mumr_base_reg[0][10]/CE
  -------------------------------------------------------------------    -------------------

                         (clock clk_50000000_xilinx_clock_pll_0 rise edge)
                                                     20.000    20.000 r  
    BUFGCTRL_X0Y16       BUFG                         0.000    20.000 r  external_clk_0_IBUF_BUFG_inst/O
                         net (fo=30336, routed)       1.683    21.683    i_platform/i_pll0/i_xilinx_clock_pll_0/inst/clk_in1
    MMCME2_ADV_X0Y0      MMCME2_ADV (Prop_mmcme2_adv_CLKIN1_CLKOUT0)
                                                     -3.694    17.989 r  i_platform/i_pll0/i_xilinx_clock_pll_0/inst/mmcm_adv_inst/CLKOUT0
                         net (fo=1, routed)           1.923    19.912    i_platform/i_pll0/i_xilinx_clock_pll_0/inst/clk_50000000_xilinx_clock_pll_0
    BUFGCTRL_X0Y0        BUFG (Prop_bufg_I_O)         0.091    20.003 r  i_platform/i_pll0/i_xilinx_clock_pll_0/inst/clkout1_buf/O
                         net (fo=15367, routed)       1.664    21.667    i_platform/i_rtl/i_main_core/i_orca/core/X/syscall/clk_50000000
    SLICE_X41Y173        FDPE                                         r  i_platform/i_rtl/i_main_core/i_orca/core/X/syscall/memory_region_registers_gen[0].umr_gen.writeable_umr_gen.mumr_base_reg[0][10]/C
                         clock pessimism              0.015    21.682    
                         clock uncertainty           -0.084    21.598    
    SLICE_X41Y173        FDPE (Setup_fdpe_C_CE)      -0.205    21.393    i_platform/i_rtl/i_main_core/i_orca/core/X/syscall/memory_region_registers_gen[0].umr_gen.writeable_umr_gen.mumr_base_reg[0][10]
  -------------------------------------------------------------------
                         required time                         21.393    
                         arrival time                         -15.470    
  -------------------------------------------------------------------
                         slack                                  5.924    





Min Delay Paths
--------------------------------------------------------------------------------------
Slack (MET) :             0.034ns  (arrival time - required time)
  Source:                 i_platform/i_rtl/i_main_core/i_orca/core/D__0/from_stage1_program_counter_reg[10]/C
                            (rising edge-triggered cell FDCE clocked by clk_50000000_xilinx_clock_pll_0  {rise@0.000ns fall@10.000ns period=20.000ns})
  Destination:            i_platform/i_rtl/i_main_core/i_orca/core/D__0/two_cycle.from_decode_program_counter_reg[10]/D
                            (rising edge-triggered cell FDCE clocked by clk_50000000_xilinx_clock_pll_0  {rise@0.000ns fall@10.000ns period=20.000ns})
  Path Group:             clk_50000000_xilinx_clock_pll_0
  Path Type:              Hold (Min at Fast Process Corner)
  Requirement:            0.000ns  (clk_50000000_xilinx_clock_pll_0 rise@0.000ns - clk_50000000_xilinx_clock_pll_0 rise@0.000ns)
  Data Path Delay:        0.365ns  (logic 0.141ns (38.683%)  route 0.224ns (61.317%))
  Logic Levels:           0  
  Clock Path Skew:        0.261ns (DCD - SCD - CPR)
    Destination Clock Delay (DCD):    0.910ns
    Source Clock Delay      (SCD):    0.640ns
    Clock Pessimism Removal (CPR):    0.009ns

    Location             Delay type                Incr(ns)  Path(ns)    Netlist Resource(s)
  -------------------------------------------------------------------    -------------------
                         (clock clk_50000000_xilinx_clock_pll_0 rise edge)
                                                      0.000     0.000 r  
    BUFGCTRL_X0Y16       BUFG                         0.000     0.000 r  external_clk_0_IBUF_BUFG_inst/O
                         net (fo=30336, routed)       0.624     0.624    i_platform/i_pll0/i_xilinx_clock_pll_0/inst/clk_in1
    MMCME2_ADV_X0Y0      MMCME2_ADV (Prop_mmcme2_adv_CLKIN1_CLKOUT0)
                                                     -1.296    -0.672 r  i_platform/i_pll0/i_xilinx_clock_pll_0/inst/mmcm_adv_inst/CLKOUT0
                         net (fo=1, routed)           0.648    -0.024    i_platform/i_pll0/i_xilinx_clock_pll_0/inst/clk_50000000_xilinx_clock_pll_0
    BUFGCTRL_X0Y0        BUFG (Prop_bufg_I_O)         0.026     0.002 r  i_platform/i_pll0/i_xilinx_clock_pll_0/inst/clkout1_buf/O
                         net (fo=15367, routed)       0.638     0.640    i_platform/i_rtl/i_main_core/i_orca/core/D__0/clk_50000000
    SLICE_X55Y165        FDCE                                         r  i_platform/i_rtl/i_main_core/i_orca/core/D__0/from_stage1_program_counter_reg[10]/C
  -------------------------------------------------------------------    -------------------
    SLICE_X55Y165        FDCE (Prop_fdce_C_Q)         0.141     0.781 r  i_platform/i_rtl/i_main_core/i_orca/core/D__0/from_stage1_program_counter_reg[10]/Q
                         net (fo=1, routed)           0.224     1.005    i_platform/i_rtl/i_main_core/i_orca/core/D__0/from_stage1_program_counter[10]
    SLICE_X51Y168        FDCE                                         r  i_platform/i_rtl/i_main_core/i_orca/core/D__0/two_cycle.from_decode_program_counter_reg[10]/D
  -------------------------------------------------------------------    -------------------

                         (clock clk_50000000_xilinx_clock_pll_0 rise edge)
                                                      0.000     0.000 r  
    BUFGCTRL_X0Y16       BUFG                         0.000     0.000 r  external_clk_0_IBUF_BUFG_inst/O
                         net (fo=30336, routed)       0.898     0.898    i_platform/i_pll0/i_xilinx_clock_pll_0/inst/clk_in1
    MMCME2_ADV_X0Y0      MMCME2_ADV (Prop_mmcme2_adv_CLKIN1_CLKOUT0)
                                                     -1.625    -0.727 r  i_platform/i_pll0/i_xilinx_clock_pll_0/inst/mmcm_adv_inst/CLKOUT0
                         net (fo=1, routed)           0.700    -0.027    i_platform/i_pll0/i_xilinx_clock_pll_0/inst/clk_50000000_xilinx_clock_pll_0
    BUFGCTRL_X0Y0        BUFG (Prop_bufg_I_O)         0.029     0.002 r  i_platform/i_pll0/i_xilinx_clock_pll_0/inst/clkout1_buf/O
                         net (fo=15367, routed)       0.908     0.910    i_platform/i_rtl/i_main_core/i_orca/core/D__0/clk_50000000
    SLICE_X51Y168        FDCE                                         r  i_platform/i_rtl/i_main_core/i_orca/core/D__0/two_cycle.from_decode_program_counter_reg[10]/C
                         clock pessimism             -0.009     0.901    
    SLICE_X51Y168        FDCE (Hold_fdce_C_D)         0.070     0.971    i_platform/i_rtl/i_main_core/i_orca/core/D__0/two_cycle.from_decode_program_counter_reg[10]
  -------------------------------------------------------------------
                         required time                         -0.971    
                         arrival time                           1.005    
  -------------------------------------------------------------------
                         slack                                  0.034    





Pulse Width Checks
--------------------------------------------------------------------------------------
Clock Name:         clk_50000000_xilinx_clock_pll_0
Waveform(ns):       { 0.000 10.000 }
Period(ns):         20.000
Sources:            { i_platform/i_pll0/i_xilinx_clock_pll_0/inst/mmcm_adv_inst/CLKOUT0 }

Check Type        Corner  Lib Pin             Reference Pin  Required(ns)  Actual(ns)  Slack(ns)  Location         Pin
Min Period        n/a     DSP48E1/CLK         n/a            3.884         20.000      16.116     DSP48_X1Y67      i_platform/i_rtl/i_main_core/i_orca/core/X/alu/mul_gen.default_mul_gen.mul_dest_reg/CLK
Max Period        n/a     MMCME2_ADV/CLKOUT0  n/a            213.360       20.000      193.360    MMCME2_ADV_X0Y0  i_platform/i_pll0/i_xilinx_clock_pll_0/inst/mmcm_adv_inst/CLKOUT0
Low Pulse Width   Slow    RAMD64E/CLK         n/a            1.250         10.000      8.750      SLICE_X2Y171     i_platform/i_rtl/external_peri_group/i_gen_valid_uart[0].i_rvx_instance_05/i_rvx_instance_0/i_rvx_instance_1/i_rvx_instance_0/i_rvx_instance_0/rvx_signal_0_reg_0_63_0_2/RAMA/CLK
High Pulse Width  Slow    RAMD64E/CLK         n/a            1.250         10.000      8.750      SLICE_X2Y171     i_platform/i_rtl/external_peri_group/i_gen_valid_uart[0].i_rvx_instance_05/i_rvx_instance_0/i_rvx_instance_1/i_rvx_instance_0/i_rvx_instance_0/rvx_signal_0_reg_0_63_0_2/RAMA/CLK



---------------------------------------------------------------------------------------------------
From Clock:  clkfbout_xilinx_clock_pll_0
  To Clock:  clkfbout_xilinx_clock_pll_0

Setup :           NA  Failing Endpoints,  Worst Slack           NA  ,  Total Violation           NA
Hold  :           NA  Failing Endpoints,  Worst Slack           NA  ,  Total Violation           NA
PW    :            0  Failing Endpoints,  Worst Slack        7.845ns,  Total Violation        0.000ns
---------------------------------------------------------------------------------------------------


Pulse Width Checks
--------------------------------------------------------------------------------------
Clock Name:         clkfbout_xilinx_clock_pll_0
Waveform(ns):       { 0.000 5.000 }
Period(ns):         10.000
Sources:            { i_platform/i_pll0/i_xilinx_clock_pll_0/inst/mmcm_adv_inst/CLKFBOUT }

Check Type  Corner  Lib Pin             Reference Pin  Required(ns)  Actual(ns)  Slack(ns)  Location         Pin
Min Period  n/a     BUFG/I              n/a            2.155         10.000      7.845      BUFGCTRL_X0Y1    i_platform/i_pll0/i_xilinx_clock_pll_0/inst/clkf_buf/I
Max Period  n/a     MMCME2_ADV/CLKFBIN  n/a            100.000       10.000      90.000     MMCME2_ADV_X0Y0  i_platform/i_pll0/i_xilinx_clock_pll_0/inst/mmcm_adv_inst/CLKFBIN



---------------------------------------------------------------------------------------------------
From Clock:  pjtag_rclk
  To Clock:  pjtag_rclk

Setup :            0  Failing Endpoints,  Worst Slack       10.408ns,  Total Violation        0.000ns
Hold  :            0  Failing Endpoints,  Worst Slack        0.122ns,  Total Violation        0.000ns
PW    :            0  Failing Endpoints,  Worst Slack       49.500ns,  Total Violation        0.000ns
---------------------------------------------------------------------------------------------------


Max Delay Paths
--------------------------------------------------------------------------------------
Slack (MET) :             10.408ns  (required time - arrival time)
  Source:                 i_platform/i_rtl/platform_controller/i_rvx_instance_4/i_rvx_instance_0/rvx_port_09_reg/C
                            (falling edge-triggered cell FDCE clocked by pjtag_rclk  {rise@0.000ns fall@50.000ns period=100.000ns})
  Destination:            pjtag_rtdo
                            (output port clocked by pjtag_rclk  {rise@0.000ns fall@50.000ns period=100.000ns})
  Path Group:             pjtag_rclk
  Path Type:              Max at Slow Process Corner
  Requirement:            50.000ns  (pjtag_rclk rise@100.000ns - pjtag_rclk fall@50.000ns)
  Data Path Delay:        9.159ns  (logic 4.014ns (43.831%)  route 5.144ns (56.169%))
  Logic Levels:           1  (OBUF=1)
  Output Delay:           25.000ns
  Clock Path Skew:        -5.398ns (DCD - SCD + CPR)
    Destination Clock Delay (DCD):    0.000ns = ( 100.000 - 100.000 ) 
    Source Clock Delay      (SCD):    5.398ns = ( 55.398 - 50.000 ) 
    Clock Pessimism Removal (CPR):    0.000ns
  Clock Uncertainty:      0.035ns  ((TSJ^2 + TIJ^2)^1/2 + DJ) / 2 + PE
    Total System Jitter     (TSJ):    0.071ns
    Total Input Jitter      (TIJ):    0.000ns
    Discrete Jitter          (DJ):    0.000ns
    Phase Error              (PE):    0.000ns

    Location             Delay type                Incr(ns)  Path(ns)    Netlist Resource(s)
  -------------------------------------------------------------------    -------------------
                         (clock pjtag_rclk fall edge)
                                                     50.000    50.000 f  
    F4                                                0.000    50.000 f  pjtag_rtck (IN)
                         net (fo=0)                   0.000    50.000    pjtag_rtck
    F4                   IBUF (Prop_ibuf_I_O)         1.472    51.472 f  pjtag_rtck_IBUF_inst/O
                         net (fo=1, routed)           2.025    53.496    pjtag_rtck_IBUF
    BUFGCTRL_X0Y17       BUFG (Prop_bufg_I_O)         0.096    53.592 f  pjtag_rtck_IBUF_BUFG_inst/O
                         net (fo=253, routed)         1.805    55.398    i_platform/i_rtl/platform_controller/i_rvx_instance_4/i_rvx_instance_0/pjtag_rtck
    SLICE_X37Y189        FDCE                                         r  i_platform/i_rtl/platform_controller/i_rvx_instance_4/i_rvx_instance_0/rvx_port_09_reg/C  (IS_INVERTED)
  -------------------------------------------------------------------    -------------------
    SLICE_X37Y189        FDCE (Prop_fdce_C_Q)         0.459    55.857 r  i_platform/i_rtl/platform_controller/i_rvx_instance_4/i_rvx_instance_0/rvx_port_09_reg/Q
                         net (fo=1, routed)           5.144    61.001    pjtag_rtdo_OBUF
    D4                   OBUF (Prop_obuf_I_O)         3.555    64.556 r  pjtag_rtdo_OBUF_inst/O
                         net (fo=0)                   0.000    64.556    pjtag_rtdo
    D4                                                                r  pjtag_rtdo (OUT)
  -------------------------------------------------------------------    -------------------

                         (clock pjtag_rclk rise edge)
                                                    100.000   100.000 r  
                         clock pessimism              0.000   100.000    
                         clock uncertainty           -0.035    99.965    
                         output delay               -25.000    74.965    
  -------------------------------------------------------------------
                         required time                         74.965    
                         arrival time                         -64.556    
  -------------------------------------------------------------------
                         slack                                 10.408    





Min Delay Paths
--------------------------------------------------------------------------------------
Slack (MET) :             0.122ns  (arrival time - required time)
  Source:                 i_platform/i_rtl/platform_controller/i_rvx_instance_4/i_rvx_instance_3/i_rvx_instance_0/rvx_signal_0_reg[17]/C
                            (rising edge-triggered cell FDCE clocked by pjtag_rclk  {rise@0.000ns fall@50.000ns period=100.000ns})
  Destination:            i_platform/i_rtl/platform_controller/i_rvx_instance_4/i_rvx_instance_3/i_rvx_instance_0/synch_value_reg[17]/D
                            (rising edge-triggered cell FDCE clocked by pjtag_rclk  {rise@0.000ns fall@50.000ns period=100.000ns})
  Path Group:             pjtag_rclk
  Path Type:              Hold (Min at Fast Process Corner)
  Requirement:            0.000ns  (pjtag_rclk rise@0.000ns - pjtag_rclk rise@0.000ns)
  Data Path Delay:        0.197ns  (logic 0.141ns (71.611%)  route 0.056ns (28.389%))
  Logic Levels:           0  
  Clock Path Skew:        0.000ns (DCD - SCD - CPR)
    Destination Clock Delay (DCD):    2.077ns
    Source Clock Delay      (SCD):    1.558ns
    Clock Pessimism Removal (CPR):    0.519ns

    Location             Delay type                Incr(ns)  Path(ns)    Netlist Resource(s)
  -------------------------------------------------------------------    -------------------
                         (clock pjtag_rclk rise edge)
                                                      0.000     0.000 r  
    F4                                                0.000     0.000 r  pjtag_rtck (IN)
                         net (fo=0)                   0.000     0.000    pjtag_rtck
    F4                   IBUF (Prop_ibuf_I_O)         0.240     0.240 r  pjtag_rtck_IBUF_inst/O
                         net (fo=1, routed)           0.644     0.884    pjtag_rtck_IBUF
    BUFGCTRL_X0Y17       BUFG (Prop_bufg_I_O)         0.026     0.910 r  pjtag_rtck_IBUF_BUFG_inst/O
                         net (fo=253, routed)         0.648     1.558    i_platform/i_rtl/platform_controller/i_rvx_instance_4/i_rvx_instance_3/i_rvx_instance_0/pjtag_rtck
    SLICE_X33Y196        FDCE                                         r  i_platform/i_rtl/platform_controller/i_rvx_instance_4/i_rvx_instance_3/i_rvx_instance_0/rvx_signal_0_reg[17]/C
  -------------------------------------------------------------------    -------------------
    SLICE_X33Y196        FDCE (Prop_fdce_C_Q)         0.141     1.699 r  i_platform/i_rtl/platform_controller/i_rvx_instance_4/i_rvx_instance_3/i_rvx_instance_0/rvx_signal_0_reg[17]/Q
                         net (fo=1, routed)           0.056     1.755    i_platform/i_rtl/platform_controller/i_rvx_instance_4/i_rvx_instance_3/i_rvx_instance_0/rvx_signal_0_reg_n_0_[17]
    SLICE_X33Y196        FDCE                                         r  i_platform/i_rtl/platform_controller/i_rvx_instance_4/i_rvx_instance_3/i_rvx_instance_0/synch_value_reg[17]/D
  -------------------------------------------------------------------    -------------------

                         (clock pjtag_rclk rise edge)
                                                      0.000     0.000 r  
    F4                                                0.000     0.000 r  pjtag_rtck (IN)
                         net (fo=0)                   0.000     0.000    pjtag_rtck
    F4                   IBUF (Prop_ibuf_I_O)         0.427     0.427 r  pjtag_rtck_IBUF_inst/O
                         net (fo=1, routed)           0.699     1.126    pjtag_rtck_IBUF
    BUFGCTRL_X0Y17       BUFG (Prop_bufg_I_O)         0.029     1.155 r  pjtag_rtck_IBUF_BUFG_inst/O
                         net (fo=253, routed)         0.922     2.077    i_platform/i_rtl/platform_controller/i_rvx_instance_4/i_rvx_instance_3/i_rvx_instance_0/pjtag_rtck
    SLICE_X33Y196        FDCE                                         r  i_platform/i_rtl/platform_controller/i_rvx_instance_4/i_rvx_instance_3/i_rvx_instance_0/synch_value_reg[17]/C
                         clock pessimism             -0.519     1.558    
    SLICE_X33Y196        FDCE (Hold_fdce_C_D)         0.075     1.633    i_platform/i_rtl/platform_controller/i_rvx_instance_4/i_rvx_instance_3/i_rvx_instance_0/synch_value_reg[17]
  -------------------------------------------------------------------
                         required time                         -1.633    
                         arrival time                           1.755    
  -------------------------------------------------------------------
                         slack                                  0.122    





Pulse Width Checks
--------------------------------------------------------------------------------------
Clock Name:         pjtag_rclk
Waveform(ns):       { 0.000 50.000 }
Period(ns):         100.000
Sources:            { pjtag_rtck }

Check Type        Corner  Lib Pin  Reference Pin  Required(ns)  Actual(ns)  Slack(ns)  Location        Pin
Min Period        n/a     BUFG/I   n/a            2.155         100.000     97.845     BUFGCTRL_X0Y17  pjtag_rtck_IBUF_BUFG_inst/I
Low Pulse Width   Slow    FDCE/C   n/a            0.500         50.000      49.500     SLICE_X37Y191   i_platform/i_rtl/platform_controller/i_rvx_instance_4/i_rvx_instance_0/FSM_onehot_rvx_signal_14_reg[0]/C
High Pulse Width  Slow    FDCE/C   n/a            0.500         50.000      49.500     SLICE_X37Y191   i_platform/i_rtl/platform_controller/i_rvx_instance_4/i_rvx_instance_0/FSM_onehot_rvx_signal_14_reg[0]/C



---------------------------------------------------------------------------------------------------
From Clock:  sys_clk_pin
  To Clock:  sys_clk_pin

Setup :            0  Failing Endpoints,  Worst Slack        0.126ns,  Total Violation        0.000ns
Hold  :            0  Failing Endpoints,  Worst Slack        0.016ns,  Total Violation        0.000ns
PW    :            0  Failing Endpoints,  Worst Slack        3.750ns,  Total Violation        0.000ns
---------------------------------------------------------------------------------------------------


Max Delay Paths
--------------------------------------------------------------------------------------
Slack (MET) :             0.126ns  (required time - arrival time)
  Source:                 i_platform/i_bbht_rvx_wrapper/u_main_ip/g_intra_e4.u_iter_dp/oracle_valid_t1_reg/C
                            (rising edge-triggered cell FDRE clocked by sys_clk_pin  {rise@0.000ns fall@5.000ns period=10.000ns})
  Destination:            i_platform/i_bbht_rvx_wrapper/u_main_ip/g_intra_e4.u_iter_dp/amp3_out_reg[448]/D
                            (rising edge-triggered cell FDRE clocked by sys_clk_pin  {rise@0.000ns fall@5.000ns period=10.000ns})
  Path Group:             sys_clk_pin
  Path Type:              Setup (Max at Slow Process Corner)
  Requirement:            10.000ns  (sys_clk_pin rise@10.000ns - sys_clk_pin rise@0.000ns)
  Data Path Delay:        9.528ns  (logic 0.642ns (6.738%)  route 8.886ns (93.262%))
  Logic Levels:           1  (LUT6=1)
  Clock Path Skew:        -0.314ns (DCD - SCD + CPR)
    Destination Clock Delay (DCD):    5.008ns = ( 15.008 - 10.000 ) 
    Source Clock Delay      (SCD):    5.502ns
    Clock Pessimism Removal (CPR):    0.180ns
  Clock Uncertainty:      0.061ns  ((TSJ^2 + TIJ^2)^1/2 + DJ) / 2 + PE
    Total System Jitter     (TSJ):    0.071ns
    Total Input Jitter      (TIJ):    0.100ns
    Discrete Jitter          (DJ):    0.000ns
    Phase Error              (PE):    0.000ns

    Location             Delay type                Incr(ns)  Path(ns)    Netlist Resource(s)
  -------------------------------------------------------------------    -------------------
                         (clock sys_clk_pin rise edge)
                                                      0.000     0.000 r  
    E3                                                0.000     0.000 r  external_clk_0 (IN)
                         net (fo=0)                   0.000     0.000    external_clk_0
    E3                   IBUF (Prop_ibuf_I_O)         1.482     1.482 r  external_clk_0_IBUF_inst/O
                         net (fo=1, routed)           2.025     3.506    external_clk_0_IBUF
    BUFGCTRL_X0Y16       BUFG (Prop_bufg_I_O)         0.096     3.602 r  external_clk_0_IBUF_BUFG_inst/O
                         net (fo=30336, routed)       1.899     5.502    i_platform/i_bbht_rvx_wrapper/u_main_ip/g_intra_e4.u_iter_dp/external_clk_0
    SLICE_X2Y46          FDRE                                         r  i_platform/i_bbht_rvx_wrapper/u_main_ip/g_intra_e4.u_iter_dp/oracle_valid_t1_reg/C
  -------------------------------------------------------------------    -------------------
    SLICE_X2Y46          FDRE (Prop_fdre_C_Q)         0.518     6.020 r  i_platform/i_bbht_rvx_wrapper/u_main_ip/g_intra_e4.u_iter_dp/oracle_valid_t1_reg/Q
                         net (fo=3413, routed)        8.886    14.906    i_platform/i_bbht_rvx_wrapper/u_main_ip/g_intra_e4.u_iter_dp/oracle_valid_t1_reg_0[0]
    SLICE_X87Y118        LUT6 (Prop_lut6_I1_O)        0.124    15.030 r  i_platform/i_bbht_rvx_wrapper/u_main_ip/g_intra_e4.u_iter_dp/amp3_out[448]_i_1/O
                         net (fo=1, routed)           0.000    15.030    i_platform/i_bbht_rvx_wrapper/u_main_ip/g_intra_e4.u_iter_dp/amp3_out[448]_i_1_n_0
    SLICE_X87Y118        FDRE                                         r  i_platform/i_bbht_rvx_wrapper/u_main_ip/g_intra_e4.u_iter_dp/amp3_out_reg[448]/D
  -------------------------------------------------------------------    -------------------

                         (clock sys_clk_pin rise edge)
                                                     10.000    10.000 r  
    E3                                                0.000    10.000 r  external_clk_0 (IN)
                         net (fo=0)                   0.000    10.000    external_clk_0
    E3                   IBUF (Prop_ibuf_I_O)         1.411    11.411 r  external_clk_0_IBUF_inst/O
                         net (fo=1, routed)           1.920    13.331    external_clk_0_IBUF
    BUFGCTRL_X0Y16       BUFG (Prop_bufg_I_O)         0.091    13.422 r  external_clk_0_IBUF_BUFG_inst/O
                         net (fo=30336, routed)       1.586    15.008    i_platform/i_bbht_rvx_wrapper/u_main_ip/g_intra_e4.u_iter_dp/external_clk_0
    SLICE_X87Y118        FDRE                                         r  i_platform/i_bbht_rvx_wrapper/u_main_ip/g_intra_e4.u_iter_dp/amp3_out_reg[448]/C
                         clock pessimism              0.180    15.188    
                         clock uncertainty           -0.061    15.127    
    SLICE_X87Y118        FDRE (Setup_fdre_C_D)        0.029    15.156    i_platform/i_bbht_rvx_wrapper/u_main_ip/g_intra_e4.u_iter_dp/amp3_out_reg[448]
  -------------------------------------------------------------------
                         required time                         15.156    
                         arrival time                         -15.030    
  -------------------------------------------------------------------
                         slack                                  0.126    





Min Delay Paths
--------------------------------------------------------------------------------------
Slack (MET) :             0.016ns  (arrival time - required time)
  Source:                 i_platform/i_bbht_rvx_wrapper/u_main_ip/u_measure_verify/u_born/group_prev_cdf_reg[41]/C
                            (rising edge-triggered cell FDRE clocked by sys_clk_pin  {rise@0.000ns fall@5.000ns period=10.000ns})
  Destination:            i_platform/i_bbht_rvx_wrapper/u_main_ip/u_measure_verify/u_born/row_cumulative_reg[41]/D
                            (rising edge-triggered cell FDRE clocked by sys_clk_pin  {rise@0.000ns fall@5.000ns period=10.000ns})
  Path Group:             sys_clk_pin
  Path Type:              Hold (Min at Fast Process Corner)
  Requirement:            0.000ns  (sys_clk_pin rise@0.000ns - sys_clk_pin rise@0.000ns)
  Data Path Delay:        0.372ns  (logic 0.226ns (60.703%)  route 0.146ns (39.297%))
  Logic Levels:           1  (LUT4=1)
  Clock Path Skew:        0.265ns (DCD - SCD - CPR)
    Destination Clock Delay (DCD):    2.034ns
    Source Clock Delay      (SCD):    1.523ns
    Clock Pessimism Removal (CPR):    0.245ns

    Location             Delay type                Incr(ns)  Path(ns)    Netlist Resource(s)
  -------------------------------------------------------------------    -------------------
                         (clock sys_clk_pin rise edge)
                                                      0.000     0.000 r  
    E3                                                0.000     0.000 r  external_clk_0 (IN)
                         net (fo=0)                   0.000     0.000    external_clk_0
    E3                   IBUF (Prop_ibuf_I_O)         0.250     0.250 r  external_clk_0_IBUF_inst/O
                         net (fo=1, routed)           0.644     0.894    external_clk_0_IBUF
    BUFGCTRL_X0Y16       BUFG (Prop_bufg_I_O)         0.026     0.920 r  external_clk_0_IBUF_BUFG_inst/O
                         net (fo=30336, routed)       0.604     1.523    i_platform/i_bbht_rvx_wrapper/u_main_ip/u_measure_verify/u_born/external_clk_0
    SLICE_X7Y99          FDRE                                         r  i_platform/i_bbht_rvx_wrapper/u_main_ip/u_measure_verify/u_born/group_prev_cdf_reg[41]/C
  -------------------------------------------------------------------    -------------------
    SLICE_X7Y99          FDRE (Prop_fdre_C_Q)         0.128     1.651 r  i_platform/i_bbht_rvx_wrapper/u_main_ip/u_measure_verify/u_born/group_prev_cdf_reg[41]/Q
                         net (fo=1, routed)           0.146     1.798    i_platform/i_bbht_rvx_wrapper/u_main_ip/u_measure_verify/u_born/group_prev_cdf_reg_n_0_[41]
    SLICE_X7Y100         LUT4 (Prop_lut4_I0_O)        0.098     1.896 r  i_platform/i_bbht_rvx_wrapper/u_main_ip/u_measure_verify/u_born/row_cumulative[41]_i_1/O
                         net (fo=1, routed)           0.000     1.896    i_platform/i_bbht_rvx_wrapper/u_main_ip/u_measure_verify/u_born/row_cumulative[41]_i_1_n_0
    SLICE_X7Y100         FDRE                                         r  i_platform/i_bbht_rvx_wrapper/u_main_ip/u_measure_verify/u_born/row_cumulative_reg[41]/D
  -------------------------------------------------------------------    -------------------

                         (clock sys_clk_pin rise edge)
                                                      0.000     0.000 r  
    E3                                                0.000     0.000 r  external_clk_0 (IN)
                         net (fo=0)                   0.000     0.000    external_clk_0
    E3                   IBUF (Prop_ibuf_I_O)         0.438     0.438 r  external_clk_0_IBUF_inst/O
                         net (fo=1, routed)           0.699     1.136    external_clk_0_IBUF
    BUFGCTRL_X0Y16       BUFG (Prop_bufg_I_O)         0.029     1.165 r  external_clk_0_IBUF_BUFG_inst/O
                         net (fo=30336, routed)       0.868     2.034    i_platform/i_bbht_rvx_wrapper/u_main_ip/u_measure_verify/u_born/external_clk_0
    SLICE_X7Y100         FDRE                                         r  i_platform/i_bbht_rvx_wrapper/u_main_ip/u_measure_verify/u_born/row_cumulative_reg[41]/C
                         clock pessimism             -0.245     1.788    
    SLICE_X7Y100         FDRE (Hold_fdre_C_D)         0.091     1.879    i_platform/i_bbht_rvx_wrapper/u_main_ip/u_measure_verify/u_born/row_cumulative_reg[41]
  -------------------------------------------------------------------
                         required time                         -1.879    
                         arrival time                           1.896    
  -------------------------------------------------------------------
                         slack                                  0.016    





Pulse Width Checks
--------------------------------------------------------------------------------------
Clock Name:         sys_clk_pin
Waveform(ns):       { 0.000 5.000 }
Period(ns):         10.000
Sources:            { external_clk_0 }

Check Type        Corner  Lib Pin      Reference Pin  Required(ns)  Actual(ns)  Slack(ns)  Location      Pin
Min Period        n/a     DSP48E1/CLK  n/a            3.884         10.000      6.116      DSP48_X1Y7    i_platform/i_bbht_rvx_wrapper/u_main_ip/u_measure_verify/u_born/g_m1_square1.u_square32_b/sq10__0/CLK
Low Pulse Width   Slow    RAMD32/CLK   n/a            1.250         5.000       3.750      SLICE_X54Y30  i_platform/i_bbht_rvx_wrapper/u_main_ip/g_ckpt_plan_exec.g_auto_policy_k34.u_plan_fifo/mem_reg_0_3_0_5/RAMA/CLK
High Pulse Width  Slow    RAMD32/CLK   n/a            1.250         5.000       3.750      SLICE_X54Y30  i_platform/i_bbht_rvx_wrapper/u_main_ip/g_ckpt_plan_exec.g_auto_policy_k34.u_plan_fifo/mem_reg_0_3_0_5/RAMA/CLK



---------------------------------------------------------------------------------------------------
Path Group:  **async_default**
From Clock:  clk_50000000_xilinx_clock_pll_0
  To Clock:  clk_50000000_xilinx_clock_pll_0

Setup :            0  Failing Endpoints,  Worst Slack        8.169ns,  Total Violation        0.000ns
Hold  :            0  Failing Endpoints,  Worst Slack        0.583ns,  Total Violation        0.000ns
---------------------------------------------------------------------------------------------------


Max Delay Paths
--------------------------------------------------------------------------------------
Slack (MET) :             8.169ns  (required time - arrival time)
  Source:                 i_platform/i_rtl/platform_controller/i_rvx_instance_3/rvx_signal_05_reg[5]/C
                            (rising edge-triggered cell FDPE clocked by clk_50000000_xilinx_clock_pll_0  {rise@0.000ns fall@10.000ns period=20.000ns})
  Destination:            i_platform/i_rtl/i_main_core/i_orca/core/D__0/the_register_file/bypass_gen.registers_reg[13][9]/CLR
                            (recovery check against rising-edge clock clk_50000000_xilinx_clock_pll_0  {rise@0.000ns fall@10.000ns period=20.000ns})
  Path Group:             **async_default**
  Path Type:              Recovery (Max at Slow Process Corner)
  Requirement:            20.000ns  (clk_50000000_xilinx_clock_pll_0 rise@20.000ns - clk_50000000_xilinx_clock_pll_0 rise@0.000ns)
  Data Path Delay:        11.276ns  (logic 0.580ns (5.144%)  route 10.696ns (94.856%))
  Logic Levels:           1  (LUT2=1)
  Clock Path Skew:        -0.066ns (DCD - SCD + CPR)
    Destination Clock Delay (DCD):    1.721ns = ( 21.721 - 20.000 ) 
    Source Clock Delay      (SCD):    1.802ns
    Clock Pessimism Removal (CPR):    0.015ns
  Clock Uncertainty:      0.084ns  ((TSJ^2 + DJ^2)^1/2) / 2 + PE
    Total System Jitter     (TSJ):    0.071ns
    Discrete Jitter          (DJ):    0.152ns
    Phase Error              (PE):    0.000ns

    Location             Delay type                Incr(ns)  Path(ns)    Netlist Resource(s)
  -------------------------------------------------------------------    -------------------
                         (clock clk_50000000_xilinx_clock_pll_0 rise edge)
                                                      0.000     0.000 r  
    BUFGCTRL_X0Y16       BUFG                         0.000     0.000 r  external_clk_0_IBUF_BUFG_inst/O
                         net (fo=30336, routed)       1.809     1.809    i_platform/i_pll0/i_xilinx_clock_pll_0/inst/clk_in1
    MMCME2_ADV_X0Y0      MMCME2_ADV (Prop_mmcme2_adv_CLKIN1_CLKOUT0)
                                                     -3.922    -2.112 r  i_platform/i_pll0/i_xilinx_clock_pll_0/inst/mmcm_adv_inst/CLKOUT0
                         net (fo=1, routed)           2.018    -0.094    i_platform/i_pll0/i_xilinx_clock_pll_0/inst/clk_50000000_xilinx_clock_pll_0
    BUFGCTRL_X0Y0        BUFG (Prop_bufg_I_O)         0.096     0.002 r  i_platform/i_pll0/i_xilinx_clock_pll_0/inst/clkout1_buf/O
                         net (fo=15367, routed)       1.800     1.802    i_platform/i_rtl/platform_controller/i_rvx_instance_3/clk_50000000
    SLICE_X21Y171        FDPE                                         r  i_platform/i_rtl/platform_controller/i_rvx_instance_3/rvx_signal_05_reg[5]/C
  -------------------------------------------------------------------    -------------------
    SLICE_X21Y171        FDPE (Prop_fdpe_C_Q)         0.456     2.258 r  i_platform/i_rtl/platform_controller/i_rvx_instance_3/rvx_signal_05_reg[5]/Q
                         net (fo=4, routed)           0.460     2.719    i_platform/i_rtl/platform_controller/i_rvx_instance_3/rvx_signal_05_reg[6]_0[3]
    SLICE_X21Y168        LUT2 (Prop_lut2_I0_O)        0.124     2.843 f  i_platform/i_rtl/platform_controller/i_rvx_instance_3/instruction_fifo_usedw[0]_i_5/O
                         net (fo=1794, routed)       10.236    13.079    i_platform/i_rtl/i_main_core/i_orca/core/D__0/the_register_file/bypass_gen.out2_reg[0]_0
    SLICE_X81Y163        FDCE                                         f  i_platform/i_rtl/i_main_core/i_orca/core/D__0/the_register_file/bypass_gen.registers_reg[13][9]/CLR
  -------------------------------------------------------------------    -------------------

                         (clock clk_50000000_xilinx_clock_pll_0 rise edge)
                                                     20.000    20.000 r  
    BUFGCTRL_X0Y16       BUFG                         0.000    20.000 r  external_clk_0_IBUF_BUFG_inst/O
                         net (fo=30336, routed)       1.683    21.683    i_platform/i_pll0/i_xilinx_clock_pll_0/inst/clk_in1
    MMCME2_ADV_X0Y0      MMCME2_ADV (Prop_mmcme2_adv_CLKIN1_CLKOUT0)
                                                     -3.694    17.989 r  i_platform/i_pll0/i_xilinx_clock_pll_0/inst/mmcm_adv_inst/CLKOUT0
                         net (fo=1, routed)           1.923    19.912    i_platform/i_pll0/i_xilinx_clock_pll_0/inst/clk_50000000_xilinx_clock_pll_0
    BUFGCTRL_X0Y0        BUFG (Prop_bufg_I_O)         0.091    20.003 r  i_platform/i_pll0/i_xilinx_clock_pll_0/inst/clkout1_buf/O
                         net (fo=15367, routed)       1.718    21.721    i_platform/i_rtl/i_main_core/i_orca/core/D__0/the_register_file/clk_50000000
    SLICE_X81Y163        FDCE                                         r  i_platform/i_rtl/i_main_core/i_orca/core/D__0/the_register_file/bypass_gen.registers_reg[13][9]/C
                         clock pessimism              0.015    21.736    
                         clock uncertainty           -0.084    21.652    
    SLICE_X81Y163        FDCE (Recov_fdce_C_CLR)     -0.405    21.247    i_platform/i_rtl/i_main_core/i_orca/core/D__0/the_register_file/bypass_gen.registers_reg[13][9]
  -------------------------------------------------------------------
                         required time                         21.247    
                         arrival time                         -13.079    
  -------------------------------------------------------------------
                         slack                                  8.169    





Min Delay Paths
--------------------------------------------------------------------------------------
Slack (MET) :             0.583ns  (arrival time - required time)
  Source:                 i_platform/i_rtl/platform_controller/i_rvx_instance_3/rvx_signal_25_reg[3]/C
                            (rising edge-triggered cell FDCE clocked by clk_50000000_xilinx_clock_pll_0  {rise@0.000ns fall@10.000ns period=20.000ns})
  Destination:            i_platform/i_rtl/platform_controller/i_rvx_instance_5/i_rvx_instance_2/i_rvx_instance_0/rvx_port_11_reg[34]/CLR
                            (removal check against rising-edge clock clk_50000000_xilinx_clock_pll_0  {rise@0.000ns fall@10.000ns period=20.000ns})
  Path Group:             **async_default**
  Path Type:              Removal (Min at Fast Process Corner)
  Requirement:            0.000ns  (clk_50000000_xilinx_clock_pll_0 rise@0.000ns - clk_50000000_xilinx_clock_pll_0 rise@0.000ns)
  Data Path Delay:        0.506ns  (logic 0.186ns (36.767%)  route 0.320ns (63.233%))
  Logic Levels:           1  (LUT2=1)
  Clock Path Skew:        0.015ns (DCD - SCD - CPR)
    Destination Clock Delay (DCD):    0.920ns
    Source Clock Delay      (SCD):    0.645ns
    Clock Pessimism Removal (CPR):    0.260ns

    Location             Delay type                Incr(ns)  Path(ns)    Netlist Resource(s)
  -------------------------------------------------------------------    -------------------
                         (clock clk_50000000_xilinx_clock_pll_0 rise edge)
                                                      0.000     0.000 r  
    BUFGCTRL_X0Y16       BUFG                         0.000     0.000 r  external_clk_0_IBUF_BUFG_inst/O
                         net (fo=30336, routed)       0.624     0.624    i_platform/i_pll0/i_xilinx_clock_pll_0/inst/clk_in1
    MMCME2_ADV_X0Y0      MMCME2_ADV (Prop_mmcme2_adv_CLKIN1_CLKOUT0)
                                                     -1.296    -0.672 r  i_platform/i_pll0/i_xilinx_clock_pll_0/inst/mmcm_adv_inst/CLKOUT0
                         net (fo=1, routed)           0.648    -0.024    i_platform/i_pll0/i_xilinx_clock_pll_0/inst/clk_50000000_xilinx_clock_pll_0
    BUFGCTRL_X0Y0        BUFG (Prop_bufg_I_O)         0.026     0.002 r  i_platform/i_pll0/i_xilinx_clock_pll_0/inst/clkout1_buf/O
                         net (fo=15367, routed)       0.643     0.645    i_platform/i_rtl/platform_controller/i_rvx_instance_3/clk_50000000
    SLICE_X21Y170        FDCE                                         r  i_platform/i_rtl/platform_controller/i_rvx_instance_3/rvx_signal_25_reg[3]/C
  -------------------------------------------------------------------    -------------------
    SLICE_X21Y170        FDCE (Prop_fdce_C_Q)         0.141     0.786 r  i_platform/i_rtl/platform_controller/i_rvx_instance_3/rvx_signal_25_reg[3]/Q
                         net (fo=2, routed)           0.114     0.900    i_platform/i_rtl/platform_controller/i_rvx_instance_3/Q[1]
    SLICE_X21Y171        LUT2 (Prop_lut2_I1_O)        0.045     0.945 f  i_platform/i_rtl/platform_controller/i_rvx_instance_3/FSM_onehot_rvx_signal_08[3]_i_2__0/O
                         net (fo=1171, routed)        0.206     1.151    i_platform/i_rtl/platform_controller/i_rvx_instance_5/i_rvx_instance_2/i_rvx_instance_0/rvx_signal_07_reg[0]_2
    SLICE_X21Y169        FDCE                                         f  i_platform/i_rtl/platform_controller/i_rvx_instance_5/i_rvx_instance_2/i_rvx_instance_0/rvx_port_11_reg[34]/CLR
  -------------------------------------------------------------------    -------------------

                         (clock clk_50000000_xilinx_clock_pll_0 rise edge)
                                                      0.000     0.000 r  
    BUFGCTRL_X0Y16       BUFG                         0.000     0.000 r  external_clk_0_IBUF_BUFG_inst/O
                         net (fo=30336, routed)       0.898     0.898    i_platform/i_pll0/i_xilinx_clock_pll_0/inst/clk_in1
    MMCME2_ADV_X0Y0      MMCME2_ADV (Prop_mmcme2_adv_CLKIN1_CLKOUT0)
                                                     -1.625    -0.727 r  i_platform/i_pll0/i_xilinx_clock_pll_0/inst/mmcm_adv_inst/CLKOUT0
                         net (fo=1, routed)           0.700    -0.027    i_platform/i_pll0/i_xilinx_clock_pll_0/inst/clk_50000000_xilinx_clock_pll_0
    BUFGCTRL_X0Y0        BUFG (Prop_bufg_I_O)         0.029     0.002 r  i_platform/i_pll0/i_xilinx_clock_pll_0/inst/clkout1_buf/O
                         net (fo=15367, routed)       0.918     0.920    i_platform/i_rtl/platform_controller/i_rvx_instance_5/i_rvx_instance_2/i_rvx_instance_0/clk_50000000
    SLICE_X21Y169        FDCE                                         r  i_platform/i_rtl/platform_controller/i_rvx_instance_5/i_rvx_instance_2/i_rvx_instance_0/rvx_port_11_reg[34]/C
                         clock pessimism             -0.260     0.660    
    SLICE_X21Y169        FDCE (Remov_fdce_C_CLR)     -0.092     0.568    i_platform/i_rtl/platform_controller/i_rvx_instance_5/i_rvx_instance_2/i_rvx_instance_0/rvx_port_11_reg[34]
  -------------------------------------------------------------------
                         required time                         -0.568    
                         arrival time                           1.151    
  -------------------------------------------------------------------
                         slack                                  0.583    





