

[RVX/START] EMU@FPGA
============================================================
 BBHT BOARD BENCHMARK : 50 SEEDS, NORMAL vs K4/H8
============================================================
DATA_COUNT=16384, TARGET_VALUE=12345
TARGETS=1/4/16/64/256, SEEDS=50
BACKGROUND_SEED=0x5eed1234, TARGET_POS_SEED=0xa17e2026
PERF_BUILD,K4H4
PERF_MODE_MAP,0,NORMAL,1,K4H4
RUN_CSV_HEADER,target_count,seed_index,seed_j,seed_meas,mode,success,result_valid,result_index,trial_count,l_bbht,actual_iter,cycle_count,status,timeout,unexpected_error,terminal_limit
K4_TELEM_CSV_HEADER,target_count,seed_index,policy_cycles,policy_stall,policy_actions,memo_hit,memo_miss,policy_max_lat,plan_level,plan_highwater,plan_empty,plan_hit,plan_mismatch,cold_solve,spec_solve
PAIR_CSV_HEADER,target_count,seed_index,consistent
DATASET,target_count,1,checksum,0x673f125d,first_target,507
RUN_CSV,1,0,0x7b1dcdaf,0x24370df2,0,1,1,507,25,308,308,351394,0x0000080c,0,0,0
RUN_CSV,1,0,0x7b1dcdaf,0x24370df2,1,1,1,507,25,308,70,100177,0x0000080c,0,0,0
K4_TELEM_CSV,1,0,19457,6835,3655,1151,815,4461,1,1,5,24,0,1,25
PAIR_CSV,1,0,1
RUN_CSV,1,1,0x3a85a4dc,0xa3b9aa35,0,1,1,507,15,23,23,43019,0x0000080c,0,0,0
RUN_CSV,1,1,0x3a85a4dc,0xa3b9aa35,1,1,1,507,15,23,9,22147,0x0000080c,0,0,0
K4_TELEM_CSV,1,1,5122,712,1050,312,274,1147,1,1,8,14,0,1,15
PAIR_CSV,1,1,1
RUN_CSV,1,2,0x6162a8b2,0x871c276f,0,1,1,507,22,181,181,216220,0x0000080c,0,0,0
RUN_CSV,1,2,0x6162a8b2,0x871c276f,1,1,1,507,22,181,40,62558,0x0000080c,0,0,0
K4_TELEM_CSV,1,2,11142,2665,2800,956,585,2905,1,1,12,21,0,1,22
PAIR_CSV,1,2,1
RUN_CSV,1,3,0xc3adc34e,0xf5b8f22b,0,1,1,507,25,239,239,280680,0x0000080c,0,0,0
RUN_CSV,1,3,0xc3adc34e,0xf5b8f22b,1,1,1,507,25,239,51,77526,0x0000080c,0,0,0
K4_TELEM_CSV,1,3,16193,3246,3770,1229,899,2336,1,1,16,24,0,1,25
PAIR_CSV,1,3,1
RUN_CSV,1,4,0x2bb073ff,0x3f8396e3,0,1,1,507,24,240,240,279106,0x0000080c,0,0,0
RUN_CSV,1,4,0x2bb073ff,0x3f8396e3,1,1,1,507,24,240,58,83884,0x0000080c,0,0,0
K4_TELEM_CSV,1,4,16089,4464,3494,1176,884,1989,1,1,23,23,0,1,24
PAIR_CSV,1,4,1
RUN_CSV,1,5,0xda585ab3,0xa7197ad7,0,1,1,507,23,155,155,190096,0x0000080c,0,0,0
RUN_CSV,1,5,0xda585ab3,0xa7197ad7,1,1,1,507,23,155,41,62628,0x0000080c,0,0,0
K4_TELEM_CSV,1,5,15347,1478,3944,1238,820,2150,1,1,26,22,0,1,23
PAIR_CSV,1,5,1
RUN_CSV,1,6,0x0ed109c0,0x5701ce52,0,1,1,507,9,14,14,26182,0x0000080c,0,0,0
RUN_CSV,1,6,0x0ed109c0,0x5701ce52,1,1,1,507,9,14,4,11897,0x0000080c,0,0,0
K4_TELEM_CSV,1,6,1807,111,242,51,97,476,1,1,27,8,0,1,9
PAIR_CSV,1,6,1
RUN_CSV,1,7,0x102ecf73,0x53c7612b,0,1,1,507,23,180,180,215431,0x0000080c,0,0,0
RUN_CSV,1,7,0x102ecf73,0x53c7612b,1,1,1,507,23,180,52,73675,0x0000080c,0,0,0
K4_TELEM_CSV,1,7,12518,1648,3014,880,667,1208,1,1,33,22,0,1,23
PAIR_CSV,1,7,1
RUN_CSV,1,8,0xcf29b6a1,0x35231a84,0,1,1,507,26,261,261,304443,0x0000080c,0,0,0
RUN_CSV,1,8,0xcf29b6a1,0x35231a84,1,1,1,507,26,261,83,109490,0x0000080c,0,0,0
K4_TELEM_CSV,1,8,16056,1623,3765,1063,887,1377,1,1,38,25,0,1,26
PAIR_CSV,1,8,1
RUN_CSV,1,9,0xc49cbb42,0xd0a3bbb8,0,1,1,507,24,148,148,185333,0x0000080c,0,0,0
RUN_CSV,1,9,0xc49cbb42,0xd0a3bbb8,1,1,1,507,24,148,57,81186,0x0000080c,0,0,0
K4_TELEM_CSV,1,9,9191,1034,1894,575,504,1480,1,1,41,23,0,1,24
PAIR_CSV,1,9,1
PROGRESS,target=1,seed=10/50,pair_fail=0,mismatch=0
RUN_CSV,1,10,0x4cc51d23,0xee0e3ab4,0,1,1,507,20,93,93,122239,0x0000080c,0,0,0
RUN_CSV,1,10,0x4cc51d23,0xee0e3ab4,1,1,1,507,20,93,30,48628,0x0000080c,0,0,0
K4_TELEM_CSV,1,10,9553,1126,2309,623,512,1289,1,1,46,19,0,1,20
PAIR_CSV,1,10,1
RUN_CSV,1,11,0xf9e8aa7a,0x3208c31a,0,1,1,507,23,175,175,209839,0x0000080c,0,0,0
RUN_CSV,1,11,0xf9e8aa7a,0x3208c31a,1,1,1,507,23,175,44,68637,0x0000080c,0,0,0
K4_TELEM_CSV,1,11,19435,4791,3392,1133,817,4596,1,1,54,22,0,1,23
PAIR_CSV,1,11,1
RUN_CSV,1,12,0xdda8b051,0xc8105c9d,0,1,1,507,18,42,42,66692,0x0000080c,0,0,0
RUN_CSV,1,12,0xdda8b051,0xc8105c9d,1,1,1,507,18,42,10,25958,0x0000080c,0,0,0
K4_TELEM_CSV,1,12,6048,970,1084,356,326,1431,1,1,56,17,0,1,18
PAIR_CSV,1,12,1
RUN_CSV,1,13,0xabfb11bf,0xf5dec75e,0,1,1,507,24,218,218,259163,0x0000080c,0,0,0
RUN_CSV,1,13,0xabfb11bf,0xf5dec75e,1,1,1,507,24,218,52,77845,0x0000080c,0,0,0
K4_TELEM_CSV,1,13,11920,1856,2637,953,649,2699,1,1,59,23,0,1,24
PAIR_CSV,1,13,1
RUN_CSV,1,14,0x20639811,0x6b6a7c47,0,1,1,507,21,133,133,166454,0x0000080c,0,0,0
RUN_CSV,1,14,0x20639811,0x6b6a7c47,1,1,1,507,21,133,36,59334,0x0000080c,0,0,0
K4_TELEM_CSV,1,14,11960,3247,2807,730,655,2387,1,1,63,20,0,1,21
PAIR_CSV,1,14,1
RUN_CSV,1,15,0xac72acd2,0xca84bc6c,0,1,1,507,27,333,333,380457,0x0000080c,0,0,0
RUN_CSV,1,15,0xac72acd2,0xca84bc6c,1,1,1,507,27,333,101,131574,0x0000080c,0,0,0
K4_TELEM_CSV,1,15,16621,3463,3698,1332,915,2005,1,1,70,26,0,1,27
PAIR_CSV,1,15,1
RUN_CSV,1,16,0x49a2da79,0xe1376725,0,1,1,507,25,225,225,265773,0x0000080c,0,0,0
RUN_CSV,1,16,0x49a2da79,0xe1376725,1,1,1,507,25,225,45,69469,0x0000080c,0,0,0
K4_TELEM_CSV,1,16,21711,1836,5497,1796,1191,2991,1,1,76,24,0,1,25
PAIR_CSV,1,16,1
RUN_CSV,1,17,0x63a4e9d7,0x6166dba4,0,1,1,507,25,152,152,190776,0x0000080c,0,0,0
RUN_CSV,1,17,0x63a4e9d7,0x6166dba4,1,1,1,507,25,152,35,61386,0x0000080c,0,0,0
K4_TELEM_CSV,1,17,17824,3671,4345,1456,971,2081,1,1,81,24,0,1,25
PAIR_CSV,1,17,1
RUN_CSV,1,18,0x8983f102,0x43fb6183,0,1,1,507,24,216,216,255323,0x0000080c,0,0,0
RUN_CSV,1,18,0x8983f102,0x43fb6183,1,1,1,507,24,216,70,95252,0x0000080c,0,0,0
K4_TELEM_CSV,1,18,16656,2435,4225,1433,887,1855,1,1,86,23,0,1,24
PAIR_CSV,1,18,1
RUN_CSV,1,19,0xb671aa78,0xc97ad8a2,0,1,1,507,22,122,122,155688,0x0000080c,0,0,0
RUN_CSV,1,19,0xb671aa78,0xc97ad8a2,1,1,1,507,22,122,42,65686,0x0000080c,0,0,0
K4_TELEM_CSV,1,19,11876,3312,2526,771,664,2829,1,1,90,21,0,1,22
PAIR_CSV,1,19,1
PROGRESS,target=1,seed=20/50,pair_fail=0,mismatch=0
RUN_CSV,1,20,0xdaeb566a,0x989e5b3d,0,1,1,507,27,311,311,358942,0x0000080c,0,0,0
RUN_CSV,1,20,0xdaeb566a,0x989e5b3d,1,1,1,507,27,311,100,129272,0x0000080c,0,0,0
K4_TELEM_CSV,1,20,14938,1509,3670,1389,785,2797,1,1,95,26,0,1,27
PAIR_CSV,1,20,1
RUN_CSV,1,21,0xf6181c00,0xa345ac4b,0,1,1,507,26,200,200,240495,0x0000080c,0,0,0
RUN_CSV,1,21,0xf6181c00,0xa345ac4b,1,1,1,507,26,200,62,94180,0x0000080c,0,0,0
K4_TELEM_CSV,1,21,21773,8435,3687,1411,966,4558,1,1,104,25,0,1,26
PAIR_CSV,1,21,1
RUN_CSV,1,22,0x4e18d852,0xa08980df,0,1,1,507,15,37,37,57533,0x0000080c,0,0,0
RUN_CSV,1,22,0x4e18d852,0xa08980df,1,1,1,507,15,37,9,21764,0x0000080c,0,0,0
K4_TELEM_CSV,1,22,5257,275,1033,264,296,797,1,1,106,14,0,1,15
PAIR_CSV,1,22,1
RUN_CSV,1,23,0xa035ceba,0x611de4c4,0,1,1,507,23,141,141,177183,0x0000080c,0,0,0
RUN_CSV,1,23,0xa035ceba,0x611de4c4,1,1,1,507,23,141,31,56539,0x0000080c,0,0,0
K4_TELEM_CSV,1,23,18520,4170,4936,1861,963,2827,1,1,111,22,0,1,23
PAIR_CSV,1,23,1
RUN_CSV,1,24,0xc2416ee4,0x7323f479,0,1,1,507,21,159,159,192097,0x0000080c,0,0,0
RUN_CSV,1,24,0xc2416ee4,0x7323f479,1,1,1,507,21,159,37,57567,0x0000080c,0,0,0
K4_TELEM_CSV,1,24,13654,1654,3409,987,739,1994,1,1,114,20,0,1,21
PAIR_CSV,1,24,1
RUN_CSV,1,25,0xfbdafbdd,0xa0c0cf2f,0,1,1,507,25,210,210,250284,0x0000080c,0,0,0
RUN_CSV,1,25,0xfbdafbdd,0xa0c0cf2f,1,1,1,507,25,210,79,107458,0x0000080c,0,0,0
K4_TELEM_CSV,1,25,18618,4693,4257,1560,1027,2981,1,1,118,24,0,1,25
PAIR_CSV,1,25,1
RUN_CSV,1,26,0xa43fbf47,0x8de97b10,0,1,1,507,27,215,215,256978,0x0000080c,0,0,0
RUN_CSV,1,26,0xa43fbf47,0x8de97b10,1,1,1,507,27,215,61,87340,0x0000080c,0,0,0
K4_TELEM_CSV,1,26,15636,2660,3774,1057,852,1943,1,1,123,26,0,1,27
PAIR_CSV,1,26,1
RUN_CSV,1,27,0x6811f7c1,0xcb07044a,0,1,1,507,24,174,174,211514,0x0000080c,0,0,0
RUN_CSV,1,27,0x6811f7c1,0xcb07044a,1,1,1,507,24,174,40,63756,0x0000080c,0,0,0
K4_TELEM_CSV,1,27,11603,2360,2478,768,644,2845,1,1,128,23,0,1,24
PAIR_CSV,1,27,1
RUN_CSV,1,28,0x610dde2c,0x8cf5deb9,0,1,1,507,25,256,256,297623,0x0000080c,0,0,0
RUN_CSV,1,28,0x610dde2c,0x8cf5deb9,1,1,1,507,25,256,63,87408,0x0000080c,0,0,0
K4_TELEM_CSV,1,28,13157,1354,3744,1163,785,2436,1,1,130,24,0,1,25
PAIR_CSV,1,28,1
RUN_CSV,1,29,0x82241b87,0xbbe27f39,0,1,1,507,21,133,133,164586,0x0000080c,0,0,0
RUN_CSV,1,29,0x82241b87,0xbbe27f39,1,1,1,507,21,133,37,57017,0x0000080c,0,0,0
K4_TELEM_CSV,1,29,9009,1767,1987,577,484,1519,1,1,135,20,0,1,21
PAIR_CSV,1,29,1
PROGRESS,target=1,seed=30/50,pair_fail=0,mismatch=0
RUN_CSV,1,30,0x48647490,0xea9551eb,0,1,1,507,19,63,63,89246,0x0000080c,0,0,0
RUN_CSV,1,30,0x48647490,0xea9551eb,1,1,1,507,19,63,25,44299,0x0000080c,0,0,0
K4_TELEM_CSV,1,30,10104,3455,2456,1176,518,3737,1,1,138,18,0,1,19
PAIR_CSV,1,30,1
RUN_CSV,1,31,0x63df3b7f,0xa8b057e1,0,1,1,507,27,273,273,316979,0x0000080c,0,0,0
RUN_CSV,1,31,0x63df3b7f,0xa8b057e1,1,1,1,507,27,273,74,101347,0x0000080c,0,0,0
K4_TELEM_CSV,1,31,18953,3147,4696,1467,1030,2210,1,1,144,26,0,1,27
PAIR_CSV,1,31,1
RUN_CSV,1,32,0x433125bb,0x3221fef0,0,1,1,507,22,93,93,124879,0x0000080c,0,0,0
RUN_CSV,1,32,0x433125bb,0x3221fef0,1,1,1,507,22,93,25,46805,0x0000080c,0,0,0
K4_TELEM_CSV,1,32,10909,2850,1046,208,377,4596,1,1,147,21,0,1,22
PAIR_CSV,1,32,1
RUN_CSV,1,33,0x7943be40,0x6641ee79,0,1,1,507,19,93,93,120166,0x0000080c,0,0,0
RUN_CSV,1,33,0x7943be40,0x6641ee79,1,1,1,507,19,93,26,45183,0x0000080c,0,0,0
K4_TELEM_CSV,1,33,11890,3378,3100,1016,627,2160,1,1,151,18,0,1,19
PAIR_CSV,1,33,1
RUN_CSV,1,34,0x26c93252,0x675d2908,0,1,1,507,27,290,290,335300,0x0000088c,0,0,0
RUN_CSV,1,34,0x26c93252,0x675d2908,1,1,1,507,27,290,106,135819,0x0000088c,0,0,0
K4_TELEM_CSV,1,34,15938,3801,3401,1141,894,2085,1,1,157,26,0,1,27
PAIR_CSV,1,34,1
RUN_CSV,1,35,0xdbe3ed49,0xa7cfea56,0,1,1,507,16,40,40,62917,0x0000080c,0,0,0
RUN_CSV,1,35,0xdbe3ed49,0xa7cfea56,1,1,1,507,16,40,12,27433,0x0000080c,0,0,0
K4_TELEM_CSV,1,35,5398,1070,1375,468,266,1909,1,1,159,15,0,1,16
PAIR_CSV,1,35,1
RUN_CSV,1,36,0xc2ec9bb4,0xbfc0ae9e,0,1,1,507,24,229,229,268747,0x0000080c,0,0,0
RUN_CSV,1,36,0xc2ec9bb4,0xbfc0ae9e,1,1,1,507,24,229,51,73963,0x0000080c,0,0,0
K4_TELEM_CSV,1,36,9651,786,1896,356,556,1031,1,1,163,23,0,1,24
PAIR_CSV,1,36,1
RUN_CSV,1,37,0xe7ec8559,0x307064ac,0,1,1,507,23,169,169,205114,0x0000080c,0,0,0
RUN_CSV,1,37,0xe7ec8559,0x307064ac,1,1,1,507,23,169,43,66083,0x0000080c,0,0,0
K4_TELEM_CSV,1,37,13188,1797,3333,1110,695,2476,1,1,166,22,0,1,23
PAIR_CSV,1,37,1
RUN_CSV,1,38,0xccb88b54,0x2cf00158,0,1,1,507,21,123,123,155349,0x0000080c,0,0,0
RUN_CSV,1,38,0xccb88b54,0x2cf00158,1,1,1,507,21,123,26,46202,0x0000080c,0,0,0
K4_TELEM_CSV,1,38,8890,1218,1663,441,513,1632,1,1,170,20,0,1,21
PAIR_CSV,1,38,1
RUN_CSV,1,39,0xb512e6a4,0x2b9e708c,0,1,1,507,21,105,105,136869,0x0000080c,0,0,0
RUN_CSV,1,39,0xb512e6a4,0x2b9e708c,1,1,1,507,21,105,29,50712,0x0000080c,0,0,0
K4_TELEM_CSV,1,39,13040,2519,3182,926,704,2003,1,1,174,20,0,1,21
PAIR_CSV,1,39,1
PROGRESS,target=1,seed=40/50,pair_fail=0,mismatch=0
RUN_CSV,1,40,0x7e2c3d82,0xa69fb195,0,1,1,507,18,48,48,73269,0x0000080c,0,0,0
RUN_CSV,1,40,0x7e2c3d82,0xa69fb195,1,1,1,507,18,48,13,29978,0x0000080c,0,0,0
K4_TELEM_CSV,1,40,6860,1508,1454,530,370,1860,1,1,177,17,0,1,18
PAIR_CSV,1,40,1
RUN_CSV,1,41,0x58b3e5ad,0x23a21253,0,1,1,507,24,196,196,232935,0x0000080c,0,0,0
RUN_CSV,1,41,0x58b3e5ad,0x23a21253,1,1,1,507,24,196,73,96820,0x0000080c,0,0,0
K4_TELEM_CSV,1,41,20295,2624,5637,2210,1051,3311,1,1,183,23,0,1,24
PAIR_CSV,1,41,1
RUN_CSV,1,42,0x9a07c40b,0x3ea78d8c,0,1,1,507,21,126,126,158034,0x0000080c,0,0,0
RUN_CSV,1,42,0x9a07c40b,0x3ea78d8c,1,1,1,507,21,126,35,55864,0x0000080c,0,0,0
K4_TELEM_CSV,1,42,10017,1999,2320,703,540,1545,1,1,188,20,0,1,21
PAIR_CSV,1,42,1
RUN_CSV,1,43,0xf1f9a54b,0x7b00db61,0,1,1,507,28,252,252,297710,0x0000080c,0,0,0
RUN_CSV,1,43,0xf1f9a54b,0x7b00db61,1,1,1,507,28,252,57,89217,0x0000080c,0,0,0
K4_TELEM_CSV,1,43,18372,6660,2980,821,787,4803,1,1,195,27,0,1,28
PAIR_CSV,1,43,1
RUN_CSV,1,44,0xfba6212d,0xb8b8356a,0,1,1,507,28,368,368,416564,0x0000088c,0,0,0
RUN_CSV,1,44,0xfba6212d,0xb8b8356a,1,1,1,507,28,368,115,143303,0x0000088c,0,0,0
K4_TELEM_CSV,1,44,16026,1806,3349,993,923,1572,1,1,202,27,0,1,28
PAIR_CSV,1,44,1
RUN_CSV,1,45,0x1ca60615,0xd753b84a,0,1,1,507,21,131,131,162206,0x0000080c,0,0,0
RUN_CSV,1,45,0x1ca60615,0xd753b84a,1,1,1,507,21,131,33,52001,0x0000080c,0,0,0
K4_TELEM_CSV,1,45,10991,1203,2719,803,592,1767,1,1,204,20,0,1,21
PAIR_CSV,1,45,1
RUN_CSV,1,46,0xa085c93e,0x19b8504d,0,1,1,507,20,96,96,126679,0x0000080c,0,0,0
RUN_CSV,1,46,0xa085c93e,0x19b8504d,1,1,1,507,20,96,20,39478,0x0000080c,0,0,0
K4_TELEM_CSV,1,46,10157,965,2391,659,554,1483,1,1,208,19,0,1,20
PAIR_CSV,1,46,1
RUN_CSV,1,47,0x18190603,0xad0438b2,0,1,1,507,21,120,120,151510,0x0000080c,0,0,0
RUN_CSV,1,47,0x18190603,0xad0438b2,1,1,1,507,21,120,26,45816,0x0000080c,0,0,0
K4_TELEM_CSV,1,47,9061,1578,1861,532,492,2039,1,1,212,20,0,1,21
PAIR_CSV,1,47,1
RUN_CSV,1,48,0xc1143c78,0xbbdab3cd,0,1,1,507,25,157,157,196349,0x0000080c,0,0,0
RUN_CSV,1,48,0xc1143c78,0xbbdab3cd,1,1,1,507,25,157,36,64286,0x0000080c,0,0,0
K4_TELEM_CSV,1,48,17434,5132,4670,1766,901,2991,1,1,218,24,0,1,25
PAIR_CSV,1,48,1
RUN_CSV,1,49,0x332063fc,0x222ba57c,0,1,1,507,23,148,148,184518,0x0000080c,0,0,0
RUN_CSV,1,49,0x332063fc,0x222ba57c,1,1,1,507,23,148,40,62808,0x0000080c,0,0,0
K4_TELEM_CSV,1,49,9918,1040,2141,603,536,1259,1,1,224,22,0,1,23
PAIR_CSV,1,49,1
PROGRESS,target=1,seed=50/50,pair_fail=0,mismatch=0

RESULT target=1
  pair_pass    = 50/50
  success      = Normal 50/50, K4/H8 50/50
  physical_iter= Normal 8414, K4/H8 2314, reduction 72.49%
  cycles       = Normal 10186883, K4/H8 3468655, reduction 65.94%
  policy_stall = 127936
  plan_mismatch= 0
SUMMARY_CSV,1,50,0,50,50,8414,2314,7249,10186883,3468655,6594,127936,0
DATASET,target_count,4,checksum,0x65a0846e,first_target,507
RUN_CSV,4,0,0x7b1dcdaf,0x24370df2,0,1,1,8685,21,119,119,150988,0x0000080c,0,0,0
RUN_CSV,4,0,0x7b1dcdaf,0x24370df2,1,1,1,8685,21,119,38,58500,0x0000080c,0,0,0
K4_TELEM_CSV,4,0,9989,1355,2422,703,527,1451,1,1,228,20,0,1,21
PAIR_CSV,4,0,1
RUN_CSV,4,1,0x3a85a4dc,0xa3b9aa35,0,1,1,8685,23,132,132,166333,0x0000080c,0,0,0
RUN_CSV,4,1,0x3a85a4dc,0xa3b9aa35,1,1,1,8685,23,132,43,64487,0x0000080c,0,0,0
K4_TELEM_CSV,4,1,12308,1277,2962,889,672,1494,1,1,232,22,0,1,23
PAIR_CSV,4,1,1
RUN_CSV,4,2,0x6162a8b2,0x871c276f,0,1,1,2852,19,89,89,116848,0x0000080c,0,0,0
RUN_CSV,4,2,0x6162a8b2,0x871c276f,1,1,1,2852,19,89,24,42805,0x0000080c,0,0,0
K4_TELEM_CSV,4,2,8899,2250,2135,777,468,2905,1,1,235,18,0,1,19
PAIR_CSV,4,2,1
RUN_CSV,4,3,0xc3adc34e,0xf5b8f22b,0,1,1,2852,20,101,101,131489,0x0000080c,0,0,0
RUN_CSV,4,3,0xc3adc34e,0xf5b8f22b,1,1,1,2852,20,101,28,48148,0x0000080c,0,0,0
K4_TELEM_CSV,4,3,10858,1726,2328,696,607,1975,1,1,238,19,0,1,20
PAIR_CSV,4,3,1
RUN_CSV,4,4,0x2bb073ff,0x3f8396e3,0,1,1,4724,16,47,47,69648,0x0000080c,0,0,0
RUN_CSV,4,4,0x2bb073ff,0x3f8396e3,1,1,1,4724,16,47,11,30541,0x0000080c,0,0,0
K4_TELEM_CSV,4,4,11409,5705,1401,383,389,5275,1,1,241,15,0,1,16
PAIR_CSV,4,4,1
RUN_CSV,4,5,0xda585ab3,0xa7197ad7,0,1,1,2852,20,72,72,100632,0x0000080c,0,0,0
RUN_CSV,4,5,0xda585ab3,0xa7197ad7,1,1,1,2852,20,72,18,35825,0x0000080c,0,0,0
K4_TELEM_CSV,4,5,13126,637,3484,1111,691,2150,1,1,243,19,0,1,20
PAIR_CSV,4,5,1
RUN_CSV,4,6,0x0ed109c0,0x5701ce52,0,1,1,507,9,14,14,26206,0x0000080c,0,0,0
RUN_CSV,4,6,0x0ed109c0,0x5701ce52,1,1,1,507,9,14,4,11921,0x0000080c,0,0,0
K4_TELEM_CSV,4,6,1807,111,242,51,97,476,1,1,244,8,0,1,9
PAIR_CSV,4,6,1
RUN_CSV,4,7,0x102ecf73,0x53c7612b,0,1,1,507,21,112,112,142991,0x0000080c,0,0,0
RUN_CSV,4,7,0x102ecf73,0x53c7612b,1,1,1,507,21,112,36,55807,0x0000080c,0,0,0
K4_TELEM_CSV,4,7,10720,1490,2522,737,572,1208,1,1,248,20,0,1,21
PAIR_CSV,4,7,1
RUN_CSV,4,8,0xcf29b6a1,0x35231a84,0,1,1,2852,15,40,40,61637,0x0000080c,0,0,0
RUN_CSV,4,8,0xcf29b6a1,0x35231a84,1,1,1,2852,15,40,8,21671,0x0000080c,0,0,0
K4_TELEM_CSV,4,8,7082,208,1658,499,384,1143,1,1,250,14,0,1,15
PAIR_CSV,4,8,1
RUN_CSV,4,9,0xc49cbb42,0xd0a3bbb8,0,1,1,2852,23,94,94,128469,0x0000080c,0,0,0
RUN_CSV,4,9,0xc49cbb42,0xd0a3bbb8,1,1,1,2852,23,94,29,51631,0x0000080c,0,0,0
K4_TELEM_CSV,4,9,8798,981,1820,563,482,1480,1,1,253,22,0,1,23
PAIR_CSV,4,9,1
PROGRESS,target=4,seed=10/50,pair_fail=0,mismatch=0
RUN_CSV,4,10,0x4cc51d23,0xee0e3ab4,0,1,1,2852,19,65,65,91813,0x0000080c,0,0,0
RUN_CSV,4,10,0x4cc51d23,0xee0e3ab4,1,1,1,2852,19,65,19,36501,0x0000080c,0,0,0
K4_TELEM_CSV,4,10,8264,1358,1938,476,443,1285,1,1,257,18,0,1,19
PAIR_CSV,4,10,1
RUN_CSV,4,11,0xf9e8aa7a,0x3208c31a,0,1,1,4724,15,41,41,61820,0x0000080c,0,0,0
RUN_CSV,4,11,0xf9e8aa7a,0x3208c31a,1,1,1,4724,15,41,10,24053,0x0000080c,0,0,0
K4_TELEM_CSV,4,11,5931,1374,1151,344,318,1575,1,1,261,14,0,1,15
PAIR_CSV,4,11,1
RUN_CSV,4,12,0xdda8b051,0xc8105c9d,0,1,1,507,18,42,42,66692,0x0000080c,0,0,0
RUN_CSV,4,12,0xdda8b051,0xc8105c9d,1,1,1,507,18,42,10,25956,0x0000080c,0,0,0
K4_TELEM_CSV,4,12,6048,968,1084,356,326,1431,1,1,263,17,0,1,18
PAIR_CSV,4,12,1
RUN_CSV,4,13,0xabfb11bf,0xf5dec75e,0,1,1,2852,22,128,128,163120,0x0000080c,0,0,0
RUN_CSV,4,13,0xabfb11bf,0xf5dec75e,1,1,1,2852,22,128,41,64403,0x0000080c,0,0,0
K4_TELEM_CSV,4,13,11285,1836,2504,941,614,2699,1,1,266,21,0,1,22
PAIR_CSV,4,13,1
RUN_CSV,4,14,0x20639811,0x6b6a7c47,0,1,1,4724,17,59,59,84563,0x0000080c,0,0,0
RUN_CSV,4,14,0x20639811,0x6b6a7c47,1,1,1,4724,17,59,14,31495,0x0000080c,0,0,0
K4_TELEM_CSV,4,14,6827,1553,1567,316,365,1943,1,1,269,16,0,1,17
PAIR_CSV,4,14,1
RUN_CSV,4,15,0xac72acd2,0xca84bc6c,0,1,1,8685,21,85,85,116045,0x0000080c,0,0,0
RUN_CSV,4,15,0xac72acd2,0xca84bc6c,1,1,1,8685,21,85,35,57030,0x0000080c,0,0,0
K4_TELEM_CSV,4,15,11872,2283,2595,894,654,2005,1,1,274,20,0,1,21
PAIR_CSV,4,15,1
RUN_CSV,4,16,0x49a2da79,0xe1376725,0,1,1,2852,21,116,116,148264,0x0000080c,0,0,0
RUN_CSV,4,16,0x49a2da79,0xe1376725,1,1,1,2852,21,116,21,41199,0x0000080c,0,0,0
K4_TELEM_CSV,4,16,12735,1238,3076,752,711,1548,1,1,279,20,0,1,21
PAIR_CSV,4,16,1
RUN_CSV,4,17,0x63a4e9d7,0x6166dba4,0,1,1,507,24,121,121,156681,0x0000080c,0,0,0
RUN_CSV,4,17,0x63a4e9d7,0x6166dba4,1,1,1,507,24,121,33,60879,0x0000080c,0,0,0
K4_TELEM_CSV,4,17,18927,6794,3514,1118,792,4876,1,1,284,23,0,1,24
PAIR_CSV,4,17,1
RUN_CSV,4,18,0x8983f102,0x43fb6183,0,1,1,8685,22,116,116,149331,0x0000080c,0,0,0
RUN_CSV,4,18,0x8983f102,0x43fb6183,1,1,1,8685,22,116,25,45947,0x0000080c,0,0,0
K4_TELEM_CSV,4,18,11499,1295,3231,1184,717,1855,1,1,288,21,0,1,22
PAIR_CSV,4,18,1
RUN_CSV,4,19,0xb671aa78,0xc97ad8a2,0,1,1,507,21,82,82,112747,0x0000080c,0,0,0
RUN_CSV,4,19,0xb671aa78,0xc97ad8a2,1,1,1,507,21,82,28,50142,0x0000080c,0,0,0
K4_TELEM_CSV,4,19,11146,3347,2373,736,620,2829,1,1,292,20,0,1,21
PAIR_CSV,4,19,1
PROGRESS,target=4,seed=20/50,pair_fail=0,mismatch=0
RUN_CSV,4,20,0xdaeb566a,0x989e5b3d,0,1,1,507,22,112,112,146109,0x0000080c,0,0,0
RUN_CSV,4,20,0xdaeb566a,0x989e5b3d,1,1,1,507,22,112,29,50278,0x0000080c,0,0,0
K4_TELEM_CSV,4,20,7198,588,1334,357,398,1093,1,1,295,21,0,1,22
PAIR_CSV,4,20,1
RUN_CSV,4,21,0xf6181c00,0xa345ac4b,0,1,1,2852,9,4,4,16441,0x0000080c,0,0,0
RUN_CSV,4,21,0xf6181c00,0xa345ac4b,1,1,1,2852,9,4,4,12485,0x0000080c,0,0,0
K4_TELEM_CSV,4,21,1331,110,133,14,68,267,1,1,296,8,0,1,9
PAIR_CSV,4,21,1
RUN_CSV,4,22,0x4e18d852,0xa08980df,0,1,1,507,15,37,37,57588,0x0000080c,0,0,0
RUN_CSV,4,22,0x4e18d852,0xa08980df,1,1,1,507,15,37,9,21811,0x0000080c,0,0,0
K4_TELEM_CSV,4,22,5257,267,1033,264,296,797,1,1,299,14,0,1,15
PAIR_CSV,4,22,1
RUN_CSV,4,23,0xa035ceba,0x611de4c4,0,1,1,8685,12,21,21,39230,0x0000080c,0,0,0
RUN_CSV,4,23,0xa035ceba,0x611de4c4,1,1,1,8685,12,21,7,19289,0x0000080c,0,0,0
K4_TELEM_CSV,4,23,2869,113,444,119,152,875,1,1,300,11,0,1,12
PAIR_CSV,4,23,1
RUN_CSV,4,24,0xc2416ee4,0x7323f479,0,1,1,8685,9,14,14,25923,0x0000080c,0,0,0
RUN_CSV,4,24,0xc2416ee4,0x7323f479,1,1,1,8685,9,14,4,11636,0x0000080c,0,0,0
K4_TELEM_CSV,4,24,2182,109,369,77,119,644,1,1,301,8,0,1,9
PAIR_CSV,4,24,1
RUN_CSV,4,25,0xfbdafbdd,0xa0c0cf2f,0,1,1,4724,19,77,77,104813,0x0000080c,0,0,0
RUN_CSV,4,25,0xfbdafbdd,0xa0c0cf2f,1,1,1,4724,19,77,22,39869,0x0000080c,0,0,0
K4_TELEM_CSV,4,25,9997,1025,2040,706,558,2145,1,1,303,18,0,1,19
PAIR_CSV,4,25,1
RUN_CSV,4,26,0xa43fbf47,0x8de97b10,0,1,1,2852,21,83,83,112701,0x0000080c,0,0,0
RUN_CSV,4,26,0xa43fbf47,0x8de97b10,1,1,1,2852,21,83,22,40645,0x0000080c,0,0,0
K4_TELEM_CSV,4,26,9970,1125,2257,669,541,1897,1,1,306,20,0,1,21
PAIR_CSV,4,26,1
RUN_CSV,4,27,0x6811f7c1,0xcb07044a,0,1,1,507,19,77,77,105167,0x0000080c,0,0,0
RUN_CSV,4,27,0x6811f7c1,0xcb07044a,1,1,1,507,19,77,21,38452,0x0000080c,0,0,0
K4_TELEM_CSV,4,27,6688,291,1362,313,372,1014,1,1,310,18,0,1,19
PAIR_CSV,4,27,1
RUN_CSV,4,28,0x610dde2c,0x8cf5deb9,0,1,1,2852,23,142,142,177051,0x0000080c,0,0,0
RUN_CSV,4,28,0x610dde2c,0x8cf5deb9,1,1,1,2852,23,142,30,51517,0x0000080c,0,0,0
K4_TELEM_CSV,4,28,12583,1352,3262,1020,661,2436,1,1,312,22,0,1,23
PAIR_CSV,4,28,1
RUN_CSV,4,29,0x82241b87,0xbbe27f39,0,1,1,2852,18,62,62,87728,0x0000080c,0,0,0
RUN_CSV,4,29,0x82241b87,0xbbe27f39,1,1,1,2852,18,62,19,35595,0x0000080c,0,0,0
K4_TELEM_CSV,4,29,5740,934,1062,229,316,1373,1,1,316,17,0,1,18
PAIR_CSV,4,29,1
PROGRESS,target=4,seed=30/50,pair_fail=0,mismatch=0
RUN_CSV,4,30,0x48647490,0xea9551eb,0,1,1,2852,20,80,80,108228,0x0000080c,0,0,0
RUN_CSV,4,30,0x48647490,0xea9551eb,1,1,1,2852,20,80,25,45122,0x0000080c,0,0,0
K4_TELEM_CSV,4,30,10739,3367,2594,1226,556,3737,1,1,319,19,0,1,20
PAIR_CSV,4,30,1
RUN_CSV,4,31,0x63df3b7f,0xa8b057e1,0,1,1,4724,10,14,14,28285,0x0000080c,0,0,0
RUN_CSV,4,31,0x63df3b7f,0xa8b057e1,1,1,1,4724,10,14,4,17294,0x0000080c,0,0,0
K4_TELEM_CSV,4,31,6616,3915,388,96,120,4461,1,1,321,9,0,1,10
PAIR_CSV,4,31,1
RUN_CSV,4,32,0x433125bb,0x3221fef0,0,1,1,4724,21,70,70,99583,0x0000080c,0,0,0
RUN_CSV,4,32,0x433125bb,0x3221fef0,1,1,1,4724,21,70,25,43050,0x0000080c,0,0,0
K4_TELEM_CSV,4,32,6200,122,972,193,358,833,1,1,322,20,0,1,21
PAIR_CSV,4,32,1
RUN_CSV,4,33,0x7943be40,0x6641ee79,0,1,1,8685,20,98,98,126787,0x0000080c,0,0,0
RUN_CSV,4,33,0x7943be40,0x6641ee79,1,1,1,8685,20,98,28,47954,0x0000080c,0,0,0
K4_TELEM_CSV,4,33,12935,3135,3396,1078,681,2160,1,1,327,19,0,1,20
PAIR_CSV,4,33,1
RUN_CSV,4,34,0x26c93252,0x675d2908,0,1,1,8685,11,17,17,32237,0x0000080c,0,0,0
RUN_CSV,4,34,0x26c93252,0x675d2908,1,1,1,8685,11,17,4,13835,0x0000080c,0,0,0
K4_TELEM_CSV,4,34,1907,113,246,33,102,337,1,1,328,10,0,1,11
PAIR_CSV,4,34,1
RUN_CSV,4,35,0xdbe3ed49,0xa7cfea56,0,1,1,8685,18,73,73,100140,0x0000080c,0,0,0
RUN_CSV,4,35,0xdbe3ed49,0xa7cfea56,1,1,1,8685,18,73,17,35368,0x0000080c,0,0,0
K4_TELEM_CSV,4,35,7978,1722,2077,718,507,2006,1,1,331,17,0,1,18
PAIR_CSV,4,35,1
RUN_CSV,4,36,0xc2ec9bb4,0xbfc0ae9e,0,1,1,4724,17,47,47,71799,0x0000080c,0,0,0
RUN_CSV,4,36,0xc2ec9bb4,0xbfc0ae9e,1,1,1,4724,17,47,17,33129,0x0000080c,0,0,0
K4_TELEM_CSV,4,36,4721,456,809,131,262,1031,1,1,333,16,0,1,17
PAIR_CSV,4,36,1
RUN_CSV,4,37,0xe7ec8559,0x307064ac,0,1,1,507,20,85,85,114074,0x0000080c,0,0,0
RUN_CSV,4,37,0xe7ec8559,0x307064ac,1,1,1,507,20,85,31,50995,0x0000080c,0,0,0
K4_TELEM_CSV,4,37,10594,1847,2611,950,553,2476,1,1,336,19,0,1,20
PAIR_CSV,4,37,1
RUN_CSV,4,38,0xccb88b54,0x2cf00158,0,1,1,8685,16,54,54,77410,0x0000080c,0,0,0
RUN_CSV,4,38,0xccb88b54,0x2cf00158,1,1,1,8685,16,54,14,29519,0x0000080c,0,0,0
K4_TELEM_CSV,4,38,6252,1053,1152,311,358,1632,1,1,339,15,0,1,16
PAIR_CSV,4,38,1
RUN_CSV,4,39,0xb512e6a4,0x2b9e708c,0,1,1,4724,18,71,71,97570,0x0000080c,0,0,0
RUN_CSV,4,39,0xb512e6a4,0x2b9e708c,1,1,1,4724,18,71,22,40087,0x0000080c,0,0,0
K4_TELEM_CSV,4,39,8421,1780,1921,508,456,2003,1,1,343,17,0,1,18
PAIR_CSV,4,39,1
PROGRESS,target=4,seed=40/50,pair_fail=0,mismatch=0
RUN_CSV,4,40,0x7e2c3d82,0xa69fb195,0,1,1,507,18,48,48,73243,0x0000080c,0,0,0
RUN_CSV,4,40,0x7e2c3d82,0xa69fb195,1,1,1,507,18,48,13,29951,0x0000080c,0,0,0
K4_TELEM_CSV,4,40,6860,1507,1454,530,370,1860,1,1,346,17,0,1,18
PAIR_CSV,4,40,1
RUN_CSV,4,41,0x58b3e5ad,0x23a21253,0,1,1,2852,12,14,14,30262,0x0000080c,0,0,0
RUN_CSV,4,41,0x58b3e5ad,0x23a21253,1,1,1,2852,12,14,7,17875,0x0000080c,0,0,0
K4_TELEM_CSV,4,41,3147,436,557,143,168,1287,1,1,348,11,0,1,12
PAIR_CSV,4,41,1
RUN_CSV,4,42,0x9a07c40b,0x3ea78d8c,0,1,1,2852,15,34,34,55190,0x0000080c,0,0,0
RUN_CSV,4,42,0x9a07c40b,0x3ea78d8c,1,1,1,2852,15,34,12,26182,0x0000080c,0,0,0
K4_TELEM_CSV,4,42,5133,838,1080,355,271,1545,1,1,351,14,0,1,15
PAIR_CSV,4,42,1
RUN_CSV,4,43,0xf1f9a54b,0x7b00db61,0,1,1,4724,19,98,98,126751,0x0000080c,0,0,0
RUN_CSV,4,43,0xf1f9a54b,0x7b00db61,1,1,1,4724,19,98,20,39492,0x0000080c,0,0,0
K4_TELEM_CSV,4,43,8876,2461,1962,550,483,2311,1,1,355,18,0,1,19
PAIR_CSV,4,43,1
RUN_CSV,4,44,0xfba6212d,0xb8b8356a,0,1,1,2852,21,123,123,154178,0x0000080c,0,0,0
RUN_CSV,4,44,0xfba6212d,0xb8b8356a,1,1,1,2852,21,123,31,49898,0x0000080c,0,0,0
K4_TELEM_CSV,4,44,10879,924,2163,510,636,1492,1,1,359,20,0,1,21
PAIR_CSV,4,44,1
RUN_CSV,4,45,0x1ca60615,0xd753b84a,0,1,1,2852,20,102,102,131137,0x0000080c,0,0,0
RUN_CSV,4,45,0x1ca60615,0xd753b84a,1,1,1,2852,20,102,33,55467,0x0000080c,0,0,0
K4_TELEM_CSV,4,45,14193,5271,2439,732,523,4639,1,1,362,19,0,1,20
PAIR_CSV,4,45,1
RUN_CSV,4,46,0xa085c93e,0x19b8504d,0,1,1,507,18,68,68,95055,0x0000080c,0,0,0
RUN_CSV,4,46,0xa085c93e,0x19b8504d,1,1,1,507,18,68,17,34445,0x0000080c,0,0,0
K4_TELEM_CSV,4,46,8646,713,1986,556,472,1483,1,1,365,17,0,1,18
PAIR_CSV,4,46,1
RUN_CSV,4,47,0x18190603,0xad0438b2,0,1,1,8685,19,76,76,103540,0x0000080c,0,0,0
RUN_CSV,4,47,0x18190603,0xad0438b2,1,1,1,8685,19,76,26,44302,0x0000080c,0,0,0
K4_TELEM_CSV,4,47,8330,1562,1700,508,451,2039,1,1,368,18,0,1,19
PAIR_CSV,4,47,1
RUN_CSV,4,48,0xc1143c78,0xbbdab3cd,0,1,1,2852,22,95,95,128273,0x0000080c,0,0,0
RUN_CSV,4,48,0xc1143c78,0xbbdab3cd,1,1,1,2852,22,95,34,57858,0x0000080c,0,0,0
K4_TELEM_CSV,4,48,11829,3272,2998,995,616,2991,1,1,372,21,0,1,22
PAIR_CSV,4,48,1
RUN_CSV,4,49,0x332063fc,0x222ba57c,0,1,1,507,16,44,44,67739,0x0000080c,0,0,0
RUN_CSV,4,49,0x332063fc,0x222ba57c,1,1,1,507,16,44,12,27216,0x0000080c,0,0,0
K4_TELEM_CSV,4,49,3733,161,566,119,204,887,1,1,374,15,0,1,16
PAIR_CSV,4,49,1
PROGRESS,target=4,seed=50/50,pair_fail=0,mismatch=0

RESULT target=4
  pair_pass    = 50/50
  success      = Normal 50/50, K4/H8 50/50
  physical_iter= Normal 3615, K4/H8 1034, reduction 71.39%
  cycles       = Normal 4940549, K4/H8 1919557, reduction 61.14%
  policy_stall = 78355
  plan_mismatch= 0
SUMMARY_CSV,4,50,0,50,50,3615,1034,7139,4940549,1919557,6114,78355,0
DATASET,target_count,16,checksum,0x3fbaff29,first_target,507
RUN_CSV,16,0,0x7b1dcdaf,0x24370df2,0,1,1,4512,11,15,15,30393,0x0000080c,0,0,0
RUN_CSV,16,0,0x7b1dcdaf,0x24370df2,1,1,1,4512,11,15,3,13020,0x0000080c,0,0,0
K4_TELEM_CSV,16,0,1490,111,196,20,73,457,1,1,375,10,0,1,11
PAIR_CSV,16,0,1
RUN_CSV,16,1,0x3a85a4dc,0xa3b9aa35,0,1,1,507,15,23,23,43028,0x0000080c,0,0,0
RUN_CSV,16,1,0x3a85a4dc,0xa3b9aa35,1,1,1,507,15,23,9,22156,0x0000080c,0,0,0
K4_TELEM_CSV,16,1,5122,712,1050,312,274,1147,1,1,378,14,0,1,15
PAIR_CSV,16,1,1
RUN_CSV,16,2,0x6162a8b2,0x871c276f,0,1,1,10593,17,56,56,80091,0x0000080c,0,0,0
RUN_CSV,16,2,0x6162a8b2,0x871c276f,1,1,1,10593,17,56,16,31094,0x0000080c,0,0,0
K4_TELEM_CSV,16,2,5026,459,1024,197,268,1158,1,1,380,16,0,1,17
PAIR_CSV,16,2,1
RUN_CSV,16,3,0xc3adc34e,0xf5b8f22b,0,1,1,5281,18,56,56,81824,0x0000080c,0,0,0
RUN_CSV,16,3,0xc3adc34e,0xf5b8f22b,1,1,1,5281,18,56,20,37644,0x0000080c,0,0,0
K4_TELEM_CSV,16,3,9720,1650,2134,631,538,1975,1,1,383,17,0,1,18
PAIR_CSV,16,3,1
RUN_CSV,16,4,0x2bb073ff,0x3f8396e3,0,1,1,4512,14,27,27,46403,0x0000080c,0,0,0
RUN_CSV,16,4,0x2bb073ff,0x3f8396e3,1,1,1,4512,14,27,7,19539,0x0000080c,0,0,0
K4_TELEM_CSV,16,4,3567,406,929,267,287,1592,1,1,385,13,0,1,14
PAIR_CSV,16,4,1
RUN_CSV,16,5,0xda585ab3,0xa7197ad7,0,1,1,10839,15,18,18,38171,0x0000080c,0,0,0
RUN_CSV,16,5,0xda585ab3,0xa7197ad7,1,1,1,10839,15,18,5,18274,0x0000080c,0,0,0
K4_TELEM_CSV,16,5,5106,656,1310,333,261,1801,1,1,387,14,0,1,15
PAIR_CSV,16,5,1
RUN_CSV,16,6,0x0ed109c0,0x5701ce52,0,1,1,3947,17,68,68,92203,0x0000080c,0,0,0
RUN_CSV,16,6,0x0ed109c0,0x5701ce52,1,1,1,3947,17,68,17,32788,0x0000080c,0,0,0
K4_TELEM_CSV,16,6,7933,1398,1496,461,449,1716,1,1,390,16,0,1,17
PAIR_CSV,16,6,1
RUN_CSV,16,7,0x102ecf73,0x53c7612b,0,1,1,5281,12,25,25,41133,0x0000080c,0,0,0
RUN_CSV,16,7,0x102ecf73,0x53c7612b,1,1,1,5281,12,25,7,17472,0x0000080c,0,0,0
K4_TELEM_CSV,16,7,4185,525,870,226,220,1208,1,1,392,11,0,1,12
PAIR_CSV,16,7,1
RUN_CSV,16,8,0xcf29b6a1,0x35231a84,0,1,1,2852,14,32,32,52248,0x0000080c,0,0,0
RUN_CSV,16,8,0xcf29b6a1,0x35231a84,1,1,1,2852,14,32,7,19926,0x0000080c,0,0,0
K4_TELEM_CSV,16,8,5969,113,1315,370,325,1143,1,1,393,13,0,1,14
PAIR_CSV,16,8,1
RUN_CSV,16,9,0xc49cbb42,0xd0a3bbb8,0,1,1,3947,12,20,20,37555,0x0000080c,0,0,0
RUN_CSV,16,9,0xc49cbb42,0xd0a3bbb8,1,1,1,3947,12,20,6,17610,0x0000080c,0,0,0
K4_TELEM_CSV,16,9,1611,111,143,18,82,273,1,1,394,11,0,1,12
PAIR_CSV,16,9,1
PROGRESS,target=16,seed=10/50,pair_fail=0,mismatch=0
RUN_CSV,16,10,0x4cc51d23,0xee0e3ab4,0,1,1,14405,15,35,35,55547,0x0000080c,0,0,0
RUN_CSV,16,10,0x4cc51d23,0xee0e3ab4,1,1,1,14405,15,35,11,28183,0x0000080c,0,0,0
K4_TELEM_CSV,16,10,8828,4546,783,136,247,4542,1,1,398,14,0,1,15
PAIR_CSV,16,10,1
RUN_CSV,16,11,0xf9e8aa7a,0x3208c31a,0,1,1,1721,17,57,57,80450,0x0000080c,0,0,0
RUN_CSV,16,11,0xf9e8aa7a,0x3208c31a,1,1,1,1721,17,57,10,25097,0x0000080c,0,0,0
K4_TELEM_CSV,16,11,6878,1336,1402,400,369,1575,1,1,402,16,0,1,17
PAIR_CSV,16,11,1
RUN_CSV,16,12,0xdda8b051,0xc8105c9d,0,1,1,5281,16,28,28,49915,0x0000080c,0,0,0
RUN_CSV,16,12,0xdda8b051,0xc8105c9d,1,1,1,5281,16,28,10,24674,0x0000080c,0,0,0
K4_TELEM_CSV,16,12,4439,981,709,228,237,1431,1,1,404,15,0,1,16
PAIR_CSV,16,12,1
RUN_CSV,16,13,0xabfb11bf,0xf5dec75e,0,1,1,10593,16,43,43,66939,0x0000080c,0,0,0
RUN_CSV,16,13,0xabfb11bf,0xf5dec75e,1,1,1,10593,16,43,8,23268,0x0000080c,0,0,0
K4_TELEM_CSV,16,13,4018,116,647,158,225,643,1,1,405,15,0,1,16
PAIR_CSV,16,13,1
RUN_CSV,16,14,0x20639811,0x6b6a7c47,0,1,1,4724,19,71,71,99848,0x0000080c,0,0,0
RUN_CSV,16,14,0x20639811,0x6b6a7c47,1,1,1,4724,19,71,16,35440,0x0000080c,0,0,0
K4_TELEM_CSV,16,14,7685,1561,1787,391,415,1943,0,1,408,18,0,1,19
PAIR_CSV,16,14,1
RUN_CSV,16,15,0xac72acd2,0xca84bc6c,0,1,1,14405,21,85,85,116193,0x0000080c,0,0,0
RUN_CSV,16,15,0xac72acd2,0xca84bc6c,1,1,1,14405,21,85,35,57145,0x0000080c,0,0,0
K4_TELEM_CSV,16,15,11872,2250,2595,894,654,2005,1,1,413,20,0,1,21
PAIR_CSV,16,15,1
RUN_CSV,16,16,0x49a2da79,0xe1376725,0,1,1,10931,13,30,30,48468,0x0000080c,0,0,0
RUN_CSV,16,16,0x49a2da79,0xe1376725,1,1,1,10931,13,30,8,20314,0x0000080c,0,0,0
K4_TELEM_CSV,16,16,4305,672,831,203,239,1548,1,1,416,12,0,1,13
PAIR_CSV,16,16,1
RUN_CSV,16,17,0x63a4e9d7,0x6166dba4,0,1,1,5281,11,13,13,28274,0x0000080c,0,0,0
RUN_CSV,16,17,0x63a4e9d7,0x6166dba4,1,1,1,5281,11,13,4,14006,0x0000080c,0,0,0
K4_TELEM_CSV,16,17,2317,115,408,78,121,524,1,1,417,10,0,1,11
PAIR_CSV,16,17,1
RUN_CSV,16,18,0x8983f102,0x43fb6183,0,1,1,5281,14,27,27,46256,0x0000080c,0,0,0
RUN_CSV,16,18,0x8983f102,0x43fb6183,1,1,1,5281,14,27,9,21616,0x0000080c,0,0,0
K4_TELEM_CSV,16,18,5201,566,1268,534,261,1675,1,1,419,13,0,1,14
PAIR_CSV,16,18,1
RUN_CSV,16,19,0xb671aa78,0xc97ad8a2,0,1,1,10931,21,82,82,113101,0x0000080c,0,0,0
RUN_CSV,16,19,0xb671aa78,0xc97ad8a2,1,1,1,10931,21,82,28,50495,0x0000080c,0,0,0
K4_TELEM_CSV,16,19,11146,3346,2373,736,620,2829,1,1,423,20,0,1,21
PAIR_CSV,16,19,1
PROGRESS,target=16,seed=20/50,pair_fail=0,mismatch=0
RUN_CSV,16,20,0xdaeb566a,0x989e5b3d,0,1,1,10931,17,58,58,83215,0x0000080c,0,0,0
RUN_CSV,16,20,0xdaeb566a,0x989e5b3d,1,1,1,10931,17,58,13,29195,0x0000080c,0,0,0
K4_TELEM_CSV,16,20,5303,601,994,306,285,1093,1,1,426,16,0,1,17
PAIR_CSV,16,20,1
RUN_CSV,16,21,0xf6181c00,0xa345ac4b,0,1,1,7786,19,67,67,94554,0x0000080c,0,0,0
RUN_CSV,16,21,0xf6181c00,0xa345ac4b,1,1,1,7786,19,67,15,32930,0x0000080c,0,0,0
K4_TELEM_CSV,16,21,7905,1244,1447,435,440,1535,1,1,430,18,0,1,19
PAIR_CSV,16,21,1
RUN_CSV,16,22,0x4e18d852,0xa08980df,0,1,1,491,15,37,37,57555,0x0000080c,0,0,0
RUN_CSV,16,22,0x4e18d852,0xa08980df,1,1,1,491,15,37,9,21772,0x0000080c,0,0,0
K4_TELEM_CSV,16,22,5257,261,1033,264,296,797,1,1,432,14,0,1,15
PAIR_CSV,16,22,1
RUN_CSV,16,23,0xa035ceba,0x611de4c4,0,1,1,8685,12,21,21,39266,0x0000080c,0,0,0
RUN_CSV,16,23,0xa035ceba,0x611de4c4,1,1,1,8685,12,21,7,19325,0x0000080c,0,0,0
K4_TELEM_CSV,16,23,2869,113,444,119,152,875,1,1,433,11,0,1,12
PAIR_CSV,16,23,1
RUN_CSV,16,24,0xc2416ee4,0x7323f479,0,1,1,7786,16,47,47,70004,0x0000080c,0,0,0
RUN_CSV,16,24,0xc2416ee4,0x7323f479,1,1,1,7786,16,47,12,26647,0x0000080c,0,0,0
K4_TELEM_CSV,16,24,6340,422,1281,317,355,1318,1,1,435,15,0,1,16
PAIR_CSV,16,24,1
RUN_CSV,16,25,0xfbdafbdd,0xa0c0cf2f,0,1,1,491,9,6,6,17464,0x0000080c,0,0,0
RUN_CSV,16,25,0xfbdafbdd,0xa0c0cf2f,1,1,1,491,9,6,2,12150,0x0000080c,0,0,0
K4_TELEM_CSV,16,25,5307,2888,62,0,43,4461,1,1,437,8,0,1,9
PAIR_CSV,16,25,1
RUN_CSV,16,26,0xa43fbf47,0x8de97b10,0,1,1,4512,15,29,29,48878,0x0000080c,0,0,0
RUN_CSV,16,26,0xa43fbf47,0x8de97b10,1,1,1,4512,15,29,10,22243,0x0000080c,0,0,0
K4_TELEM_CSV,16,26,2775,114,370,42,149,374,1,1,438,14,0,1,15
PAIR_CSV,16,26,1
RUN_CSV,16,27,0x6811f7c1,0xcb07044a,0,1,1,3947,14,32,32,51953,0x0000080c,0,0,0
RUN_CSV,16,27,0x6811f7c1,0xcb07044a,1,1,1,3947,14,32,10,22874,0x0000080c,0,0,0
K4_TELEM_CSV,16,27,3446,259,534,133,189,911,1,1,441,13,0,1,14
PAIR_CSV,16,27,1
RUN_CSV,16,28,0x610dde2c,0x8cf5deb9,0,1,1,5281,11,17,17,32016,0x0000080c,0,0,0
RUN_CSV,16,28,0x610dde2c,0x8cf5deb9,1,1,1,5281,11,17,5,14650,0x0000080c,0,0,0
K4_TELEM_CSV,16,28,1577,114,144,18,81,273,1,1,442,10,0,1,11
PAIR_CSV,16,28,1
RUN_CSV,16,29,0x82241b87,0xbbe27f39,0,1,1,7786,14,30,30,49838,0x0000080c,0,0,0
RUN_CSV,16,29,0x82241b87,0xbbe27f39,1,1,1,7786,14,30,6,18599,0x0000080c,0,0,0
K4_TELEM_CSV,16,29,2724,167,303,36,153,649,1,1,444,13,0,1,14
PAIR_CSV,16,29,1
PROGRESS,target=16,seed=30/50,pair_fail=0,mismatch=0
RUN_CSV,16,30,0x48647490,0xea9551eb,0,1,1,3947,15,26,26,46159,0x0000080c,0,0,0
RUN_CSV,16,30,0x48647490,0xea9551eb,1,1,1,3947,15,26,7,19524,0x0000080c,0,0,0
K4_TELEM_CSV,16,30,3721,114,642,159,199,871,1,1,445,14,0,1,15
PAIR_CSV,16,30,1
RUN_CSV,16,31,0x63df3b7f,0xa8b057e1,0,1,1,2852,14,35,35,55008,0x0000080c,0,0,0
RUN_CSV,16,31,0x63df3b7f,0xa8b057e1,1,1,1,2852,14,35,9,21860,0x0000080c,0,0,0
K4_TELEM_CSV,16,31,5035,320,1079,277,276,1078,1,1,448,13,0,1,14
PAIR_CSV,16,31,1
RUN_CSV,16,32,0x433125bb,0x3221fef0,0,1,1,5281,21,70,70,99894,0x0000080c,0,0,0
RUN_CSV,16,32,0x433125bb,0x3221fef0,1,1,1,5281,21,70,25,43455,0x0000080c,0,0,0
K4_TELEM_CSV,16,32,6200,216,972,193,358,833,1,1,450,20,0,1,21
PAIR_CSV,16,32,1
RUN_CSV,16,33,0x7943be40,0x6641ee79,0,1,1,491,13,23,23,40559,0x0000080c,0,0,0
RUN_CSV,16,33,0x7943be40,0x6641ee79,1,1,1,491,13,23,6,17006,0x0000080c,0,0,0
K4_TELEM_CSV,16,33,3083,112,603,119,162,1002,1,1,451,12,0,1,13
PAIR_CSV,16,33,1
RUN_CSV,16,34,0x26c93252,0x675d2908,0,1,1,8685,11,17,17,32240,0x0000080c,0,0,0
RUN_CSV,16,34,0x26c93252,0x675d2908,1,1,1,8685,11,17,4,13838,0x0000080c,0,0,0
K4_TELEM_CSV,16,34,1907,113,246,33,102,337,1,1,452,10,0,1,11
PAIR_CSV,16,34,1
RUN_CSV,16,35,0xdbe3ed49,0xa7cfea56,0,1,1,10593,15,30,30,51391,0x0000080c,0,0,0
RUN_CSV,16,35,0xdbe3ed49,0xa7cfea56,1,1,1,10593,15,30,12,26746,0x0000080c,0,0,0
K4_TELEM_CSV,16,35,5398,1069,1375,468,266,1909,1,1,454,14,0,1,15
PAIR_CSV,16,35,1
RUN_CSV,16,36,0xc2ec9bb4,0xbfc0ae9e,0,1,1,10931,7,5,5,15334,0x0000080c,0,0,0
RUN_CSV,16,36,0xc2ec9bb4,0xbfc0ae9e,1,1,1,10931,7,5,2,9291,0x0000080c,0,0,0
K4_TELEM_CSV,16,36,715,106,43,0,32,92,1,1,455,6,0,1,7
PAIR_CSV,16,36,1
RUN_CSV,16,37,0xe7ec8559,0x307064ac,0,1,1,491,2,1,1,3362,0x0000080c,0,0,0
RUN_CSV,16,37,0xe7ec8559,0x307064ac,1,1,1,491,2,1,1,2961,0x0000080c,0,0,0
K4_TELEM_CSV,16,37,267,101,15,0,12,89,1,1,456,1,0,1,2
PAIR_CSV,16,37,1
RUN_CSV,16,38,0xccb88b54,0x2cf00158,0,1,1,15288,15,40,40,61961,0x0000080c,0,0,0
RUN_CSV,16,38,0xccb88b54,0x2cf00158,1,1,1,15288,15,40,9,23869,0x0000080c,0,0,0
K4_TELEM_CSV,16,38,5956,1051,1105,302,342,1632,1,1,459,14,0,1,15
PAIR_CSV,16,38,1
RUN_CSV,16,39,0xb512e6a4,0x2b9e708c,0,1,1,15288,18,71,71,97853,0x0000080c,0,0,0
RUN_CSV,16,39,0xb512e6a4,0x2b9e708c,1,1,1,15288,18,71,22,40267,0x0000080c,0,0,0
K4_TELEM_CSV,16,39,8421,1677,1921,508,456,2003,1,1,462,17,0,1,18
PAIR_CSV,16,39,1
PROGRESS,target=16,seed=40/50,pair_fail=0,mismatch=0
RUN_CSV,16,40,0x7e2c3d82,0xa69fb195,0,1,1,507,18,48,48,73287,0x0000080c,0,0,0
RUN_CSV,16,40,0x7e2c3d82,0xa69fb195,1,1,1,507,18,48,13,30008,0x0000080c,0,0,0
K4_TELEM_CSV,16,40,6860,1520,1454,530,370,1860,1,1,465,17,0,1,18
PAIR_CSV,16,40,1
RUN_CSV,16,41,0x58b3e5ad,0x23a21253,0,1,1,491,14,29,29,48140,0x0000080c,0,0,0
RUN_CSV,16,41,0x58b3e5ad,0x23a21253,1,1,1,491,14,29,9,21406,0x0000080c,0,0,0
K4_TELEM_CSV,16,41,4414,536,852,242,240,1287,1,1,468,13,0,1,14
PAIR_CSV,16,41,1
RUN_CSV,16,42,0x9a07c40b,0x3ea78d8c,0,1,1,4512,17,57,57,81659,0x0000080c,0,0,0
RUN_CSV,16,42,0x9a07c40b,0x3ea78d8c,1,1,1,4512,17,57,15,30986,0x0000080c,0,0,0
K4_TELEM_CSV,16,42,6938,851,1588,508,367,1545,1,1,471,16,0,1,17
PAIR_CSV,16,42,1
RUN_CSV,16,43,0xf1f9a54b,0x7b00db61,0,1,1,10839,8,6,6,16458,0x0000080c,0,0,0
RUN_CSV,16,43,0xf1f9a54b,0x7b00db61,1,1,1,10839,8,6,3,14281,0x0000080c,0,0,0
K4_TELEM_CSV,16,43,5218,4480,57,0,39,4461,1,1,472,7,0,1,8
PAIR_CSV,16,43,1
RUN_CSV,16,44,0xfba6212d,0xb8b8356a,0,1,1,2852,20,93,93,121710,0x0000080c,0,0,0
RUN_CSV,16,44,0xfba6212d,0xb8b8356a,1,1,1,2852,20,93,20,37610,0x0000080c,0,0,0
K4_TELEM_CSV,16,44,10523,973,2110,501,614,1492,1,1,477,19,0,1,20
PAIR_CSV,16,44,1
RUN_CSV,16,45,0x1ca60615,0xd753b84a,0,1,1,7786,12,21,21,36681,0x0000080c,0,0,0
RUN_CSV,16,45,0x1ca60615,0xd753b84a,1,1,1,7786,12,21,7,16737,0x0000080c,0,0,0
K4_TELEM_CSV,16,45,2376,112,272,45,133,529,1,1,478,11,0,1,12
PAIR_CSV,16,45,1
RUN_CSV,16,46,0xa085c93e,0x19b8504d,0,1,1,5281,18,68,68,95165,0x0000080c,0,0,0
RUN_CSV,16,46,0xa085c93e,0x19b8504d,1,1,1,5281,18,68,17,34817,0x0000080c,0,0,0
K4_TELEM_CSV,16,46,8646,975,1986,556,472,1483,1,1,481,17,0,1,18
PAIR_CSV,16,46,1
RUN_CSV,16,47,0x18190603,0xad0438b2,0,1,1,1801,15,30,30,50683,0x0000080c,0,0,0
RUN_CSV,16,47,0x18190603,0xad0438b2,1,1,1,1801,15,30,12,25089,0x0000080c,0,0,0
K4_TELEM_CSV,16,47,3840,120,679,89,210,923,1,1,483,14,0,1,15
PAIR_CSV,16,47,1
RUN_CSV,16,48,0xc1143c78,0xbbdab3cd,0,1,1,15288,13,13,13,31660,0x0000080c,0,0,0
RUN_CSV,16,48,0xc1143c78,0xbbdab3cd,1,1,1,15288,13,13,6,18437,0x0000080c,0,0,0
K4_TELEM_CSV,16,48,1526,112,178,6,71,309,1,1,484,12,0,1,13
PAIR_CSV,16,48,1
RUN_CSV,16,49,0x332063fc,0x222ba57c,0,1,1,15288,16,44,44,68193,0x0000080c,0,0,0
RUN_CSV,16,49,0x332063fc,0x222ba57c,1,1,1,15288,16,44,12,27646,0x0000080c,0,0,0
K4_TELEM_CSV,16,49,3733,137,566,119,204,887,1,1,486,15,0,1,16
PAIR_CSV,16,49,1
PROGRESS,target=16,seed=50/50,pair_fail=0,mismatch=0

RESULT target=16
  pair_pass    = 50/50
  success      = Normal 50/50, K4/H8 50/50
  physical_iter= Normal 1882, K4/H8 536, reduction 71.51%
  cycles       = Normal 2920180, K4/H8 1225980, reduction 58.01%
  policy_stall = 42508
  plan_mismatch= 0
SUMMARY_CSV,16,50,0,50,50,1882,536,7151,2920180,1225980,5801,42508,0
DATASET,target_count,64,checksum,0x72b6d504,first_target,507
RUN_CSV,64,0,0x7b1dcdaf,0x24370df2,0,1,1,2852,6,4,4,12326,0x0000080c,0,0,0
RUN_CSV,64,0,0x7b1dcdaf,0x24370df2,1,1,1,2852,6,4,2,7826,0x0000080c,0,0,0
K4_TELEM_CSV,64,0,623,106,35,0,28,89,1,1,487,5,0,1,6
PAIR_CSV,64,0,1
RUN_CSV,64,1,0x3a85a4dc,0xa3b9aa35,0,1,1,8685,13,14,14,31381,0x0000080c,0,0,0
RUN_CSV,64,1,0x3a85a4dc,0xa3b9aa35,1,1,1,8685,13,14,5,16241,0x0000080c,0,0,0
K4_TELEM_CSV,64,1,3272,261,668,172,170,1002,1,1,489,12,0,1,13
PAIR_CSV,64,1,1
RUN_CSV,64,2,0x6162a8b2,0x871c276f,0,1,1,8089,7,3,3,12292,0x0000080c,0,0,0
RUN_CSV,64,2,0x6162a8b2,0x871c276f,1,1,1,8089,7,3,2,8318,0x0000080c,0,0,0
K4_TELEM_CSV,64,2,754,109,49,0,35,128,1,1,490,6,0,1,7
PAIR_CSV,64,2,1
RUN_CSV,64,3,0xc3adc34e,0xf5b8f22b,0,1,1,4876,13,19,19,37190,0x0000080c,0,0,0
RUN_CSV,64,3,0xc3adc34e,0xf5b8f22b,1,1,1,4876,13,19,5,16738,0x0000080c,0,0,0
K4_TELEM_CSV,64,3,4173,114,827,237,221,1195,1,1,491,12,0,1,13
PAIR_CSV,64,3,1
RUN_CSV,64,4,0x2bb073ff,0x3f8396e3,0,1,1,4720,8,4,4,15027,0x0000080c,0,0,0
RUN_CSV,64,4,0x2bb073ff,0x3f8396e3,1,1,1,4720,8,4,2,9508,0x0000080c,0,0,0
K4_TELEM_CSV,64,4,846,107,57,0,39,131,1,1,492,7,0,1,8
PAIR_CSV,64,4,1
RUN_CSV,64,5,0xda585ab3,0xa7197ad7,0,1,1,4876,18,40,40,64965,0x0000080c,0,0,0
RUN_CSV,64,5,0xda585ab3,0xa7197ad7,1,1,1,4876,18,40,12,28032,0x0000080c,0,0,0
K4_TELEM_CSV,64,5,10505,639,2976,944,535,2150,1,1,494,17,0,1,18
PAIR_CSV,64,5,1
RUN_CSV,64,6,0x0ed109c0,0x5701ce52,0,1,1,7786,12,24,24,40441,0x0000080c,0,0,0
RUN_CSV,64,6,0x0ed109c0,0x5701ce52,1,1,1,7786,12,24,6,16369,0x0000080c,0,0,0
K4_TELEM_CSV,64,6,2742,114,422,72,148,476,1,1,495,11,0,1,12
PAIR_CSV,64,6,1
RUN_CSV,64,7,0x102ecf73,0x53c7612b,0,1,1,1801,12,25,25,40659,0x0000080c,0,0,0
RUN_CSV,64,7,0x102ecf73,0x53c7612b,1,1,1,1801,12,25,7,17153,0x0000080c,0,0,0
K4_TELEM_CSV,64,7,4185,680,870,226,220,1208,1,1,497,11,0,1,12
PAIR_CSV,64,7,1
RUN_CSV,64,8,0xcf29b6a1,0x35231a84,0,1,1,3304,11,13,13,28549,0x0000080c,0,0,0
RUN_CSV,64,8,0xcf29b6a1,0x35231a84,1,1,1,3304,11,13,5,15311,0x0000080c,0,0,0
K4_TELEM_CSV,64,8,4029,110,804,234,220,1143,1,1,498,10,0,1,11
PAIR_CSV,64,8,1
RUN_CSV,64,9,0xc49cbb42,0xd0a3bbb8,0,1,1,12001,1,0,0,1445,0x0000080c,0,0,0
RUN_CSV,64,9,0xc49cbb42,0xd0a3bbb8,1,1,1,12001,1,0,0,1551,0x0000080c,0,0,0
K4_TELEM_CSV,64,9,178,100,10,0,8,89,1,1,499,0,0,1,1
PAIR_CSV,64,9,1
PROGRESS,target=64,seed=10/50,pair_fail=0,mismatch=0
RUN_CSV,64,10,0x4cc51d23,0xee0e3ab4,0,1,1,8685,5,4,4,10648,0x0000080c,0,0,0
RUN_CSV,64,10,0x4cc51d23,0xee0e3ab4,1,1,1,8685,5,4,2,6658,0x0000080c,0,0,0
K4_TELEM_CSV,64,10,534,106,30,0,24,89,1,1,500,4,0,1,5
PAIR_CSV,64,10,1
RUN_CSV,64,11,0xf9e8aa7a,0x3208c31a,0,1,1,682,12,19,19,35082,0x0000080c,0,0,0
RUN_CSV,64,11,0xf9e8aa7a,0x3208c31a,1,1,1,682,12,19,7,17355,0x0000080c,0,0,0
K4_TELEM_CSV,64,11,3078,263,477,98,170,857,1,1,502,11,0,1,12
PAIR_CSV,64,11,1
RUN_CSV,64,12,0xdda8b051,0xc8105c9d,0,1,1,26,14,20,20,39181,0x0000080c,0,0,0
RUN_CSV,64,12,0xdda8b051,0xc8105c9d,1,1,1,26,14,20,10,23202,0x0000080c,0,0,0
K4_TELEM_CSV,64,12,3994,959,612,216,214,1431,1,1,504,13,0,1,14
PAIR_CSV,64,12,1
RUN_CSV,64,13,0xabfb11bf,0xf5dec75e,0,1,1,9302,11,17,17,33053,0x0000080c,0,0,0
RUN_CSV,64,13,0xabfb11bf,0xf5dec75e,1,1,1,9302,11,17,4,17781,0x0000080c,0,0,0
K4_TELEM_CSV,64,13,6229,3243,213,42,99,4461,1,1,506,10,0,1,11
PAIR_CSV,64,13,1
RUN_CSV,64,14,0x20639811,0x6b6a7c47,0,1,1,14567,12,19,19,36155,0x0000080c,0,0,0
RUN_CSV,64,14,0x20639811,0x6b6a7c47,1,1,1,14567,12,19,6,17245,0x0000080c,0,0,0
K4_TELEM_CSV,64,14,1694,111,161,15,85,287,1,1,507,11,0,1,12
PAIR_CSV,64,14,1
RUN_CSV,64,15,0xac72acd2,0xca84bc6c,0,1,1,7400,10,7,7,20657,0x0000080c,0,0,0
RUN_CSV,64,15,0xac72acd2,0xca84bc6c,1,1,1,7400,10,7,4,13091,0x0000080c,0,0,0
K4_TELEM_CSV,64,15,1784,109,272,45,92,516,1,1,508,9,0,1,10
PAIR_CSV,64,15,1
RUN_CSV,64,16,0x49a2da79,0xe1376725,0,1,1,10839,13,30,30,48376,0x0000080c,0,0,0
RUN_CSV,64,16,0x49a2da79,0xe1376725,1,1,1,10839,13,30,8,20265,0x0000080c,0,0,0
K4_TELEM_CSV,64,16,4305,715,831,203,239,1548,1,1,511,12,0,1,13
PAIR_CSV,64,16,1
RUN_CSV,64,17,0x63a4e9d7,0x6166dba4,0,1,1,6247,7,6,6,15755,0x0000080c,0,0,0
RUN_CSV,64,17,0x63a4e9d7,0x6166dba4,1,1,1,6247,7,6,2,8684,0x0000080c,0,0,0
K4_TELEM_CSV,64,17,757,111,52,0,35,131,1,1,512,6,0,1,7
PAIR_CSV,64,17,1
RUN_CSV,64,18,0x8983f102,0x43fb6183,0,1,1,14542,9,8,8,20182,0x0000080c,0,0,0
RUN_CSV,64,18,0x8983f102,0x43fb6183,1,1,1,14542,9,8,4,12090,0x0000080c,0,0,0
K4_TELEM_CSV,64,18,893,108,53,0,40,92,1,1,513,8,0,1,9
PAIR_CSV,64,18,1
RUN_CSV,64,19,0xb671aa78,0xc97ad8a2,0,1,1,4724,11,16,16,31635,0x0000080c,0,0,0
RUN_CSV,64,19,0xb671aa78,0xc97ad8a2,1,1,1,4724,11,16,6,16331,0x0000080c,0,0,0
K4_TELEM_CSV,64,19,1535,110,135,18,78,270,1,1,514,10,0,1,11
PAIR_CSV,64,19,1
PROGRESS,target=64,seed=20/50,pair_fail=0,mismatch=0
RUN_CSV,64,20,0xdaeb566a,0x989e5b3d,0,1,1,14542,13,20,20,38325,0x0000080c,0,0,0
RUN_CSV,64,20,0xdaeb566a,0x989e5b3d,1,1,1,14542,13,20,5,16988,0x0000080c,0,0,0
K4_TELEM_CSV,64,20,3327,262,683,172,170,1033,1,1,516,12,0,1,13
PAIR_CSV,64,20,1
RUN_CSV,64,21,0xf6181c00,0xa345ac4b,0,1,1,11647,13,18,18,36016,0x0000080c,0,0,0
RUN_CSV,64,21,0xf6181c00,0xa345ac4b,1,1,1,11647,13,18,6,17632,0x0000080c,0,0,0
K4_TELEM_CSV,64,21,3352,114,556,116,181,621,1,1,517,12,0,1,13
PAIR_CSV,64,21,1
RUN_CSV,64,22,0x4e18d852,0xa08980df,0,1,1,4724,8,6,6,16162,0x0000080c,0,0,0
RUN_CSV,64,22,0x4e18d852,0xa08980df,1,1,1,4724,8,6,3,9615,0x0000080c,0,0,0
K4_TELEM_CSV,64,22,1127,110,120,8,57,273,1,1,518,7,0,1,8
PAIR_CSV,64,22,1
RUN_CSV,64,23,0xa035ceba,0x611de4c4,0,1,1,16090,10,13,13,28015,0x0000080c,0,0,0
RUN_CSV,64,23,0xa035ceba,0x611de4c4,1,1,1,16090,10,13,5,15286,0x0000080c,0,0,0
K4_TELEM_CSV,64,23,1813,111,250,48,92,580,1,1,519,9,0,1,10
PAIR_CSV,64,23,1
RUN_CSV,64,24,0xc2416ee4,0x7323f479,0,1,1,2888,3,2,2,5687,0x0000080c,0,0,0
RUN_CSV,64,24,0xc2416ee4,0x7323f479,1,1,1,2888,3,2,1,3745,0x0000080c,0,0,0
K4_TELEM_CSV,64,24,356,103,20,0,16,89,1,1,520,2,0,1,3
PAIR_CSV,64,24,1
RUN_CSV,64,25,0xfbdafbdd,0xa0c0cf2f,0,1,1,3073,6,3,3,10642,0x0000080c,0,0,0
RUN_CSV,64,25,0xfbdafbdd,0xa0c0cf2f,1,1,1,3073,6,3,2,7176,0x0000080c,0,0,0
K4_TELEM_CSV,64,25,623,107,35,0,28,89,1,1,521,5,0,1,6
PAIR_CSV,64,25,1
RUN_CSV,64,26,0xa43fbf47,0x8de97b10,0,1,1,8225,12,13,13,28775,0x0000080c,0,0,0
RUN_CSV,64,26,0xa43fbf47,0x8de97b10,1,1,1,8225,12,13,6,16061,0x0000080c,0,0,0
K4_TELEM_CSV,64,26,1863,111,181,24,98,362,1,1,522,11,0,1,12
PAIR_CSV,64,26,1
RUN_CSV,64,27,0x6811f7c1,0xcb07044a,0,1,1,173,10,11,11,25012,0x0000080c,0,0,0
RUN_CSV,64,27,0x6811f7c1,0xcb07044a,1,1,1,173,10,11,2,11245,0x0000080c,0,0,0
K4_TELEM_CSV,64,27,1536,110,206,26,78,592,1,1,523,9,0,1,10
PAIR_CSV,64,27,1
RUN_CSV,64,28,0x610dde2c,0x8cf5deb9,0,1,1,10593,10,14,14,27671,0x0000080c,0,0,0
RUN_CSV,64,28,0x610dde2c,0x8cf5deb9,1,1,1,10593,10,14,5,13913,0x0000080c,0,0,0
K4_TELEM_CSV,64,28,1446,113,130,18,74,273,1,1,524,9,0,1,10
PAIR_CSV,64,28,1
RUN_CSV,64,29,0x82241b87,0xbbe27f39,0,1,1,14542,7,6,6,16157,0x0000080c,0,0,0
RUN_CSV,64,29,0x82241b87,0xbbe27f39,1,1,1,14542,7,6,2,9081,0x0000080c,0,0,0
K4_TELEM_CSV,64,29,712,106,40,0,32,89,1,1,525,6,0,1,7
PAIR_CSV,64,29,1
PROGRESS,target=64,seed=30/50,pair_fail=0,mismatch=0
RUN_CSV,64,30,0x48647490,0xea9551eb,0,1,1,3903,11,11,11,25545,0x0000080c,0,0,0
RUN_CSV,64,30,0x48647490,0xea9551eb,1,1,1,3903,11,11,3,12303,0x0000080c,0,0,0
K4_TELEM_CSV,64,30,1573,110,164,21,79,389,1,1,526,10,0,1,11
PAIR_CSV,64,30,1
RUN_CSV,64,31,0x63df3b7f,0xa8b057e1,0,1,1,160,11,19,19,34475,0x0000080c,0,0,0
RUN_CSV,64,31,0x63df3b7f,0xa8b057e1,1,1,1,160,11,19,5,15094,0x0000080c,0,0,0
K4_TELEM_CSV,64,31,2726,165,483,123,148,747,1,1,528,10,0,1,11
PAIR_CSV,64,31,1
RUN_CSV,64,32,0x433125bb,0x3221fef0,0,1,1,4720,2,1,1,3812,0x0000080c,0,0,0
RUN_CSV,64,32,0x433125bb,0x3221fef0,1,1,1,4720,2,1,1,3413,0x0000080c,0,0,0
K4_TELEM_CSV,64,32,267,103,15,0,12,89,1,1,529,1,0,1,2
PAIR_CSV,64,32,1
RUN_CSV,64,33,0x7943be40,0x6641ee79,0,1,1,160,4,1,1,6311,0x0000080c,0,0,0
RUN_CSV,64,33,0x7943be40,0x6641ee79,1,1,1,160,4,1,1,4892,0x0000080c,0,0,0
K4_TELEM_CSV,64,33,445,103,25,0,20,89,1,1,530,3,0,1,4
PAIR_CSV,64,33,1
RUN_CSV,64,34,0x26c93252,0x675d2908,0,1,1,6247,10,13,13,27127,0x0000080c,0,0,0
RUN_CSV,64,34,0x26c93252,0x675d2908,1,1,1,6247,10,13,4,13366,0x0000080c,0,0,0
K4_TELEM_CSV,64,34,1570,112,172,18,83,271,1,1,531,9,0,1,10
PAIR_CSV,64,34,1
RUN_CSV,64,35,0xdbe3ed49,0xa7cfea56,0,1,1,7400,13,18,18,36086,0x0000080c,0,0,0
RUN_CSV,64,35,0xdbe3ed49,0xa7cfea56,1,1,1,7400,13,18,8,19764,0x0000080c,0,0,0
K4_TELEM_CSV,64,35,2743,114,571,135,135,1106,1,1,532,12,0,1,13
PAIR_CSV,64,35,1
RUN_CSV,64,36,0xc2ec9bb4,0xbfc0ae9e,0,1,1,5531,14,23,23,43117,0x0000080c,0,0,0
RUN_CSV,64,36,0xc2ec9bb4,0xbfc0ae9e,1,1,1,5531,14,23,9,22156,0x0000080c,0,0,0
K4_TELEM_CSV,64,36,2797,113,366,69,153,482,1,1,533,13,0,1,14
PAIR_CSV,64,36,1
RUN_CSV,64,37,0xe7ec8559,0x307064ac,0,1,1,8225,16,28,28,50130,0x0000080c,0,0,0
RUN_CSV,64,37,0xe7ec8559,0x307064ac,1,1,1,8225,16,28,7,24337,0x0000080c,0,0,0
K4_TELEM_CSV,64,37,8285,3016,686,138,211,4461,0,1,536,15,0,1,16
PAIR_CSV,64,37,1
RUN_CSV,64,38,0xccb88b54,0x2cf00158,0,1,1,10931,10,17,17,31637,0x0000080c,0,0,0
RUN_CSV,64,38,0xccb88b54,0x2cf00158,1,1,1,10931,10,17,5,14778,0x0000080c,0,0,0
K4_TELEM_CSV,64,38,1616,111,193,21,86,358,1,1,537,9,0,1,10
PAIR_CSV,64,38,1
RUN_CSV,64,39,0xb512e6a4,0x2b9e708c,0,1,1,2888,11,13,13,28382,0x0000080c,0,0,0
RUN_CSV,64,39,0xb512e6a4,0x2b9e708c,1,1,1,2888,11,13,3,13074,0x0000080c,0,0,0
K4_TELEM_CSV,64,39,1318,110,138,6,63,285,1,1,538,10,0,1,11
PAIR_CSV,64,39,1
PROGRESS,target=64,seed=40/50,pair_fail=0,mismatch=0
RUN_CSV,64,40,0x7e2c3d82,0xa69fb195,0,1,1,11272,10,9,9,22591,0x0000080c,0,0,0
RUN_CSV,64,40,0x7e2c3d82,0xa69fb195,1,1,1,11272,10,9,4,12959,0x0000080c,0,0,0
K4_TELEM_CSV,64,40,1432,109,136,12,74,285,1,1,539,9,0,1,10
PAIR_CSV,64,40,1
RUN_CSV,64,41,0x58b3e5ad,0x23a21253,0,1,1,4512,6,5,5,12849,0x0000080c,0,0,0
RUN_CSV,64,41,0x58b3e5ad,0x23a21253,1,1,1,4512,6,5,2,7315,0x0000080c,0,0,0
K4_TELEM_CSV,64,41,623,105,35,0,28,89,1,1,540,5,0,1,6
PAIR_CSV,64,41,1
RUN_CSV,64,42,0x9a07c40b,0x3ea78d8c,0,1,1,507,10,8,8,21577,0x0000080c,0,0,0
RUN_CSV,64,42,0x9a07c40b,0x3ea78d8c,1,1,1,507,10,8,5,14012,0x0000080c,0,0,0
K4_TELEM_CSV,64,42,1049,110,66,3,48,107,1,1,541,9,0,1,10
PAIR_CSV,64,42,1
RUN_CSV,64,43,0xf1f9a54b,0x7b00db61,0,1,1,11272,10,12,12,25547,0x0000080c,0,0,0
RUN_CSV,64,43,0xf1f9a54b,0x7b00db61,1,1,1,11272,10,12,5,13852,0x0000080c,0,0,0
K4_TELEM_CSV,64,43,1375,110,166,18,68,337,1,1,542,9,0,1,10
PAIR_CSV,64,43,1
RUN_CSV,64,44,0xfba6212d,0xb8b8356a,0,1,1,7400,11,8,8,22546,0x0000080c,0,0,0
RUN_CSV,64,44,0xfba6212d,0xb8b8356a,1,1,1,7400,11,8,3,12404,0x0000080c,0,0,0
K4_TELEM_CSV,64,44,2757,111,481,70,150,1099,1,1,543,10,0,1,11
PAIR_CSV,64,44,1
RUN_CSV,64,45,0x1ca60615,0xd753b84a,0,1,1,7786,11,14,14,28163,0x0000080c,0,0,0
RUN_CSV,64,45,0x1ca60615,0xd753b84a,1,1,1,7786,11,14,4,12858,0x0000080c,0,0,0
K4_TELEM_CSV,64,45,2248,111,261,45,126,529,1,1,544,10,0,1,11
PAIR_CSV,64,45,1
RUN_CSV,64,46,0xa085c93e,0x19b8504d,0,1,1,6247,9,10,10,22647,0x0000080c,0,0,0
RUN_CSV,64,46,0xa085c93e,0x19b8504d,1,1,1,6247,9,10,4,12491,0x0000080c,0,0,0
K4_TELEM_CSV,64,46,1656,108,212,35,90,538,1,1,545,8,0,1,9
PAIR_CSV,64,46,1
RUN_CSV,64,47,0x18190603,0xad0438b2,0,1,1,5200,15,30,30,50818,0x0000080c,0,0,0
RUN_CSV,64,47,0x18190603,0xad0438b2,1,1,1,5200,15,30,12,25538,0x0000080c,0,0,0
K4_TELEM_CSV,64,47,3840,434,679,89,210,923,1,1,547,14,0,1,15
PAIR_CSV,64,47,1
RUN_CSV,64,48,0xc1143c78,0xbbdab3cd,0,1,1,15288,13,13,13,31627,0x0000080c,0,0,0
RUN_CSV,64,48,0xc1143c78,0xbbdab3cd,1,1,1,15288,13,13,6,18404,0x0000080c,0,0,0
K4_TELEM_CSV,64,48,1526,112,178,6,71,309,1,1,548,12,0,1,13
PAIR_CSV,64,48,1
RUN_CSV,64,49,0x332063fc,0x222ba57c,0,1,1,10234,11,11,11,26901,0x0000080c,0,0,0
RUN_CSV,64,49,0x332063fc,0x222ba57c,1,1,1,10234,11,11,5,15727,0x0000080c,0,0,0
K4_TELEM_CSV,64,49,1527,110,135,9,78,278,1,1,549,10,0,1,11
PAIR_CSV,64,49,1
PROGRESS,target=64,seed=50/50,pair_fail=0,mismatch=0

RESULT target=64
  pair_pass    = 50/50
  success      = Normal 50/50, K4/H8 50/50
  physical_iter= Normal 662, K4/H8 232, reduction 64.95%
  cycles       = Normal 1359349, K4/H8 699228, reduction 48.56%
  policy_stall = 14899
  plan_mismatch= 0
SUMMARY_CSV,64,50,0,50,50,662,232,6495,1359349,699228,4856,14899,0
DATASET,target_count,256,checksum,0x71b6fe37,first_target,507
RUN_CSV,256,0,0x7b1dcdaf,0x24370df2,0,1,1,15288,8,7,7,18100,0x0000080c,0,0,0
RUN_CSV,256,0,0x7b1dcdaf,0x24370df2,1,1,1,15288,8,7,3,10518,0x0000080c,0,0,0
K4_TELEM_CSV,256,0,801,108,45,0,36,89,1,1,550,7,0,1,8
PAIR_CSV,256,0,1
RUN_CSV,256,1,0x3a85a4dc,0xa3b9aa35,0,1,1,5849,5,2,2,8849,0x0000080c,0,0,0
RUN_CSV,256,1,0x3a85a4dc,0xa3b9aa35,1,1,1,5849,5,2,1,5889,0x0000080c,0,0,0
K4_TELEM_CSV,256,1,534,105,30,0,24,89,1,1,551,4,0,1,5
PAIR_CSV,256,1,1
RUN_CSV,256,2,0x6162a8b2,0x871c276f,0,1,1,8081,7,3,3,12289,0x0000080c,0,0,0
RUN_CSV,256,2,0x6162a8b2,0x871c276f,1,1,1,8081,7,3,2,8315,0x0000080c,0,0,0
K4_TELEM_CSV,256,2,754,109,49,0,35,128,1,1,552,6,0,1,7
PAIR_CSV,256,2,1
RUN_CSV,256,3,0xc3adc34e,0xf5b8f22b,0,1,1,16060,9,8,8,20325,0x0000080c,0,0,0
RUN_CSV,256,3,0xc3adc34e,0xf5b8f22b,1,1,1,16060,9,8,4,12237,0x0000080c,0,0,0
K4_TELEM_CSV,256,3,1691,110,185,45,91,568,1,1,553,8,0,1,9
PAIR_CSV,256,3,1
RUN_CSV,256,4,0x2bb073ff,0x3f8396e3,0,1,1,12680,12,17,17,33617,0x0000080c,0,0,0
RUN_CSV,256,4,0x2bb073ff,0x3f8396e3,1,1,1,12680,12,17,7,18101,0x0000080c,0,0,0
K4_TELEM_CSV,256,4,2993,404,498,116,158,903,1,1,555,11,0,1,12
PAIR_CSV,256,4,1
RUN_CSV,256,5,0xda585ab3,0xa7197ad7,0,1,1,7233,10,5,5,18357,0x0000080c,0,0,0
RUN_CSV,256,5,0xda585ab3,0xa7197ad7,1,1,1,7233,10,5,2,10790,0x0000080c,0,0,0
K4_TELEM_CSV,256,5,982,112,58,0,44,92,1,1,556,9,0,1,10
PAIR_CSV,256,5,1
RUN_CSV,256,6,0x0ed109c0,0x5701ce52,0,1,1,3716,7,7,7,16384,0x0000080c,0,0,0
RUN_CSV,256,6,0x0ed109c0,0x5701ce52,1,1,1,3716,7,7,2,8278,0x0000080c,0,0,0
K4_TELEM_CSV,256,6,1096,109,139,18,56,325,1,1,557,6,0,1,7
PAIR_CSV,256,6,1
RUN_CSV,256,7,0x102ecf73,0x53c7612b,0,1,1,3545,8,8,8,18133,0x0000080c,0,0,0
RUN_CSV,256,7,0x102ecf73,0x53c7612b,1,1,1,3545,8,8,3,9517,0x0000080c,0,0,0
K4_TELEM_CSV,256,7,1928,107,337,80,100,736,1,1,558,7,0,1,8
PAIR_CSV,256,7,1
RUN_CSV,256,8,0xcf29b6a1,0x35231a84,0,1,1,11907,10,8,8,22152,0x0000080c,0,0,0
RUN_CSV,256,8,0xcf29b6a1,0x35231a84,1,1,1,11907,10,8,4,13553,0x0000080c,0,0,0
K4_TELEM_CSV,256,8,3166,109,618,178,170,1143,1,1,559,9,0,1,10
PAIR_CSV,256,8,1
RUN_CSV,256,9,0xc49cbb42,0xd0a3bbb8,0,1,1,12001,1,0,0,1445,0x0000080c,0,0,0
RUN_CSV,256,9,0xc49cbb42,0xd0a3bbb8,1,1,1,12001,1,0,0,1551,0x0000080c,0,0,0
K4_TELEM_CSV,256,9,178,100,10,0,8,89,1,1,560,0,0,1,1
PAIR_CSV,256,9,1
PROGRESS,target=256,seed=10/50,pair_fail=0,mismatch=0
RUN_CSV,256,10,0x4cc51d23,0xee0e3ab4,0,1,1,5451,4,2,2,7226,0x0000080c,0,0,0
RUN_CSV,256,10,0x4cc51d23,0xee0e3ab4,1,1,1,5451,4,2,1,4776,0x0000080c,0,0,0
K4_TELEM_CSV,256,10,445,105,25,0,20,89,1,1,561,3,0,1,4
PAIR_CSV,256,10,1
RUN_CSV,256,11,0xf9e8aa7a,0x3208c31a,0,1,1,873,12,19,19,35085,0x0000080c,0,0,0
RUN_CSV,256,11,0xf9e8aa7a,0x3208c31a,1,1,1,873,12,19,7,20143,0x0000080c,0,0,0
K4_TELEM_CSV,256,11,7450,3048,477,98,170,4735,1,1,564,11,0,1,12
PAIR_CSV,256,11,1
RUN_CSV,256,12,0xdda8b051,0xc8105c9d,0,1,1,90,5,3,3,9675,0x0000080c,0,0,0
RUN_CSV,256,12,0xdda8b051,0xc8105c9d,1,1,1,90,5,3,2,6718,0x0000080c,0,0,0
K4_TELEM_CSV,256,12,534,106,30,0,24,89,1,1,565,4,0,1,5
PAIR_CSV,256,12,1
RUN_CSV,256,13,0xabfb11bf,0xf5dec75e,0,1,1,7326,6,5,5,13219,0x0000080c,0,0,0
RUN_CSV,256,13,0xabfb11bf,0xf5dec75e,1,1,1,7326,6,5,2,7686,0x0000080c,0,0,0
K4_TELEM_CSV,256,13,623,106,35,0,28,89,1,1,566,5,0,1,6
PAIR_CSV,256,13,1
RUN_CSV,256,14,0x20639811,0x6b6a7c47,0,1,1,1930,6,7,7,15408,0x0000080c,0,0,0
RUN_CSV,256,14,0x20639811,0x6b6a7c47,1,1,1,1930,6,7,2,7808,0x0000080c,0,0,0
K4_TELEM_CSV,256,14,623,105,35,0,28,89,1,1,567,5,0,1,6
PAIR_CSV,256,14,1
RUN_CSV,256,15,0xac72acd2,0xca84bc6c,0,1,1,13448,9,3,3,15189,0x0000080c,0,0,0
RUN_CSV,256,15,0xac72acd2,0xca84bc6c,1,1,1,13448,9,3,2,10194,0x0000080c,0,0,0
K4_TELEM_CSV,256,15,1268,108,143,18,64,319,1,1,568,8,0,1,9
PAIR_CSV,256,15,1
RUN_CSV,256,16,0x49a2da79,0xe1376725,0,1,1,12329,6,4,4,11814,0x0000080c,0,0,0
RUN_CSV,256,16,0x49a2da79,0xe1376725,1,1,1,12329,6,4,2,7315,0x0000080c,0,0,0
K4_TELEM_CSV,256,16,623,107,35,0,28,89,1,1,569,5,0,1,6
PAIR_CSV,256,16,1
RUN_CSV,256,17,0x63a4e9d7,0x6166dba4,0,1,1,6247,7,6,6,15729,0x0000080c,0,0,0
RUN_CSV,256,17,0x63a4e9d7,0x6166dba4,1,1,1,6247,7,6,2,8658,0x0000080c,0,0,0
K4_TELEM_CSV,256,17,757,111,52,0,35,131,1,1,570,6,0,1,7
PAIR_CSV,256,17,1
RUN_CSV,256,18,0x8983f102,0x43fb6183,0,1,1,4389,7,4,4,12995,0x0000080c,0,0,0
RUN_CSV,256,18,0x8983f102,0x43fb6183,1,1,1,4389,7,4,1,6950,0x0000080c,0,0,0
K4_TELEM_CSV,256,18,712,106,40,0,32,89,1,1,571,6,0,1,7
PAIR_CSV,256,18,1
RUN_CSV,256,19,0xb671aa78,0xc97ad8a2,0,1,1,13749,7,3,3,12645,0x0000080c,0,0,0
RUN_CSV,256,19,0xb671aa78,0xc97ad8a2,1,1,1,13749,7,3,2,8668,0x0000080c,0,0,0
K4_TELEM_CSV,256,19,757,106,52,0,35,131,1,1,572,6,0,1,7
PAIR_CSV,256,19,1
PROGRESS,target=256,seed=20/50,pair_fail=0,mismatch=0
RUN_CSV,256,20,0xdaeb566a,0x989e5b3d,0,1,1,6940,9,9,9,21670,0x0000080c,0,0,0
RUN_CSV,256,20,0xdaeb566a,0x989e5b3d,1,1,1,6940,9,9,4,12548,0x0000080c,0,0,0
K4_TELEM_CSV,256,20,935,109,62,0,43,131,1,1,573,8,0,1,9
PAIR_CSV,256,20,1
RUN_CSV,256,21,0xf6181c00,0xa345ac4b,0,1,1,2302,9,4,4,16449,0x0000080c,0,0,0
RUN_CSV,256,21,0xf6181c00,0xa345ac4b,1,1,1,2302,9,4,4,12493,0x0000080c,0,0,0
K4_TELEM_CSV,256,21,1331,110,133,14,68,267,1,1,574,8,0,1,9
PAIR_CSV,256,21,1
RUN_CSV,256,22,0x4e18d852,0xa08980df,0,1,1,7844,9,7,7,18451,0x0000080c,0,0,0
RUN_CSV,256,22,0x4e18d852,0xa08980df,1,1,1,7844,9,7,3,10362,0x0000080c,0,0,0
K4_TELEM_CSV,256,22,1599,111,237,26,82,472,1,1,575,8,0,1,9
PAIR_CSV,256,22,1
RUN_CSV,256,23,0xa035ceba,0x611de4c4,0,1,1,6733,5,4,4,11050,0x0000080c,0,0,0
RUN_CSV,256,23,0xa035ceba,0x611de4c4,1,1,1,6733,5,4,2,7060,0x0000080c,0,0,0
K4_TELEM_CSV,256,23,534,106,30,0,24,89,1,1,576,4,0,1,5
PAIR_CSV,256,23,1
RUN_CSV,256,24,0xc2416ee4,0x7323f479,0,1,1,4724,8,10,10,20357,0x0000080c,0,0,0
RUN_CSV,256,24,0xc2416ee4,0x7323f479,1,1,1,4724,8,10,3,9676,0x0000080c,0,0,0
K4_TELEM_CSV,256,24,1752,108,298,53,94,644,1,1,577,7,0,1,8
PAIR_CSV,256,24,1
RUN_CSV,256,25,0xfbdafbdd,0xa0c0cf2f,0,1,1,9555,12,14,14,29966,0x0000080c,0,0,0
RUN_CSV,256,25,0xfbdafbdd,0xa0c0cf2f,1,1,1,9555,12,14,5,15186,0x0000080c,0,0,0
K4_TELEM_CSV,256,25,1723,113,173,21,88,367,1,1,578,11,0,1,12
PAIR_CSV,256,25,1
RUN_CSV,256,26,0xa43fbf47,0x8de97b10,0,1,1,6702,9,6,6,17366,0x0000080c,0,0,0
RUN_CSV,256,26,0xa43fbf47,0x8de97b10,1,1,1,6702,9,6,2,9272,0x0000080c,0,0,0
K4_TELEM_CSV,256,26,1092,108,79,6,53,182,1,1,579,8,0,1,9
PAIR_CSV,256,26,1
RUN_CSV,256,27,0x6811f7c1,0xcb07044a,0,1,1,10532,6,4,4,12087,0x0000080c,0,0,0
RUN_CSV,256,27,0x6811f7c1,0xcb07044a,1,1,1,10532,6,4,2,7587,0x0000080c,0,0,0
K4_TELEM_CSV,256,27,623,106,35,0,28,89,1,1,580,5,0,1,6
PAIR_CSV,256,27,1
RUN_CSV,256,28,0x610dde2c,0x8cf5deb9,0,1,1,314,8,7,7,17873,0x0000080c,0,0,0
RUN_CSV,256,28,0x610dde2c,0x8cf5deb9,1,1,1,314,8,7,2,9259,0x0000080c,0,0,0
K4_TELEM_CSV,256,28,1081,111,90,9,54,231,1,1,581,7,0,1,8
PAIR_CSV,256,28,1
RUN_CSV,256,29,0x82241b87,0xbbe27f39,0,1,1,14410,7,6,6,16167,0x0000080c,0,0,0
RUN_CSV,256,29,0x82241b87,0xbbe27f39,1,1,1,14410,7,6,2,9091,0x0000080c,0,0,0
K4_TELEM_CSV,256,29,712,106,40,0,32,89,1,1,582,6,0,1,7
PAIR_CSV,256,29,1
PROGRESS,target=256,seed=30/50,pair_fail=0,mismatch=0
RUN_CSV,256,30,0x48647490,0xea9551eb,0,1,1,4956,9,7,7,18794,0x0000080c,0,0,0
RUN_CSV,256,30,0x48647490,0xea9551eb,1,1,1,4956,9,7,3,10702,0x0000080c,0,0,0
K4_TELEM_CSV,256,30,960,108,61,3,44,107,1,1,583,8,0,1,9
PAIR_CSV,256,30,1
RUN_CSV,256,31,0x63df3b7f,0xa8b057e1,0,1,1,15859,9,10,10,22862,0x0000080c,0,0,0
RUN_CSV,256,31,0x63df3b7f,0xa8b057e1,1,1,1,15859,9,10,4,12706,0x0000080c,0,0,0
K4_TELEM_CSV,256,31,1497,108,222,24,76,464,1,1,584,8,0,1,9
PAIR_CSV,256,31,1
RUN_CSV,256,32,0x433125bb,0x3221fef0,0,1,1,11246,10,12,12,25500,0x0000080c,0,0,0
RUN_CSV,256,32,0x433125bb,0x3221fef0,1,1,1,11246,10,12,4,12771,0x0000080c,0,0,0
K4_TELEM_CSV,256,32,1808,111,199,30,98,492,1,1,585,9,0,1,10
PAIR_CSV,256,32,1
RUN_CSV,256,33,0x7943be40,0x6641ee79,0,1,1,825,8,8,8,18528,0x0000080c,0,0,0
RUN_CSV,256,33,0x7943be40,0x6641ee79,1,1,1,825,8,8,3,9912,0x0000080c,0,0,0
K4_TELEM_CSV,256,33,939,107,69,3,45,182,1,1,586,7,0,1,8
PAIR_CSV,256,33,1
RUN_CSV,256,34,0x26c93252,0x675d2908,0,1,1,10842,7,5,5,14911,0x0000080c,0,0,0
RUN_CSV,256,34,0x26c93252,0x675d2908,1,1,1,10842,7,5,2,8871,0x0000080c,0,0,0
K4_TELEM_CSV,256,34,976,109,85,9,50,220,1,1,587,6,0,1,7
PAIR_CSV,256,34,1
RUN_CSV,256,35,0xdbe3ed49,0xa7cfea56,0,1,1,9972,6,6,6,14329,0x0000080c,0,0,0
RUN_CSV,256,35,0xdbe3ed49,0xa7cfea56,1,1,1,9972,6,6,2,7764,0x0000080c,0,0,0
K4_TELEM_CSV,256,35,623,107,35,0,28,89,1,1,588,5,0,1,6
PAIR_CSV,256,35,1
RUN_CSV,256,36,0xc2ec9bb4,0xbfc0ae9e,0,1,1,16297,6,3,3,11838,0x0000080c,0,0,0
RUN_CSV,256,36,0xc2ec9bb4,0xbfc0ae9e,1,1,1,16297,6,3,2,8370,0x0000080c,0,0,0
K4_TELEM_CSV,256,36,623,105,35,0,28,89,1,1,589,5,0,1,6
PAIR_CSV,256,36,1
RUN_CSV,256,37,0xe7ec8559,0x307064ac,0,1,1,1456,5,4,4,10391,0x0000080c,0,0,0
RUN_CSV,256,37,0xe7ec8559,0x307064ac,1,1,1,1456,5,4,2,6399,0x0000080c,0,0,0
K4_TELEM_CSV,256,37,534,104,30,0,24,89,1,1,590,4,0,1,5
PAIR_CSV,256,37,1
RUN_CSV,256,38,0xccb88b54,0x2cf00158,0,1,1,11990,6,5,5,13713,0x0000080c,0,0,0
RUN_CSV,256,38,0xccb88b54,0x2cf00158,1,1,1,11990,6,5,2,8181,0x0000080c,0,0,0
K4_TELEM_CSV,256,38,665,107,44,0,31,128,1,1,591,5,0,1,6
PAIR_CSV,256,38,1
RUN_CSV,256,39,0xb512e6a4,0x2b9e708c,0,1,1,10839,4,2,2,7305,0x0000080c,0,0,0
RUN_CSV,256,39,0xb512e6a4,0x2b9e708c,1,1,1,10839,4,2,1,4853,0x0000080c,0,0,0
K4_TELEM_CSV,256,39,445,103,25,0,20,89,1,1,592,3,0,1,4
PAIR_CSV,256,39,1
PROGRESS,target=256,seed=40/50,pair_fail=0,mismatch=0
RUN_CSV,256,40,0x7e2c3d82,0xa69fb195,0,1,1,586,5,4,4,10933,0x0000080c,0,0,0
RUN_CSV,256,40,0x7e2c3d82,0xa69fb195,1,1,1,586,5,4,2,6941,0x0000080c,0,0,0
K4_TELEM_CSV,256,40,534,104,30,0,24,89,1,1,593,4,0,1,5
PAIR_CSV,256,40,1
RUN_CSV,256,41,0x58b3e5ad,0x23a21253,0,1,1,7400,5,4,4,10594,0x0000080c,0,0,0
RUN_CSV,256,41,0x58b3e5ad,0x23a21253,1,1,1,7400,5,4,2,6602,0x0000080c,0,0,0
K4_TELEM_CSV,256,41,534,104,30,0,24,89,1,1,594,4,0,1,5
PAIR_CSV,256,41,1
RUN_CSV,256,42,0x9a07c40b,0x3ea78d8c,0,1,1,507,10,8,8,21585,0x0000080c,0,0,0
RUN_CSV,256,42,0x9a07c40b,0x3ea78d8c,1,1,1,507,10,8,5,17734,0x0000080c,0,0,0
K4_TELEM_CSV,256,42,5421,3824,66,3,48,4474,1,1,596,9,0,1,10
PAIR_CSV,256,42,1
RUN_CSV,256,43,0xf1f9a54b,0x7b00db61,0,1,1,160,6,3,3,10468,0x0000080c,0,0,0
RUN_CSV,256,43,0xf1f9a54b,0x7b00db61,1,1,1,160,6,3,1,5966,0x0000080c,0,0,0
K4_TELEM_CSV,256,43,623,106,35,0,28,89,1,1,597,5,0,1,6
PAIR_CSV,256,43,1
RUN_CSV,256,44,0xfba6212d,0xb8b8356a,0,1,1,7400,11,8,8,22543,0x0000080c,0,0,0
RUN_CSV,256,44,0xfba6212d,0xb8b8356a,1,1,1,7400,11,8,3,12401,0x0000080c,0,0,0
K4_TELEM_CSV,256,44,2757,111,481,70,150,1099,1,1,598,10,0,1,11
PAIR_CSV,256,44,1
RUN_CSV,256,45,0x1ca60615,0xd753b84a,0,1,1,8996,6,4,4,11792,0x0000080c,0,0,0
RUN_CSV,256,45,0x1ca60615,0xd753b84a,1,1,1,8996,6,4,2,7292,0x0000080c,0,0,0
K4_TELEM_CSV,256,45,626,106,38,0,28,92,1,1,599,5,0,1,6
PAIR_CSV,256,45,1
RUN_CSV,256,46,0xa085c93e,0x19b8504d,0,1,1,15586,8,6,6,17200,0x0000080c,0,0,0
RUN_CSV,256,46,0xa085c93e,0x19b8504d,1,1,1,15586,8,6,2,9615,0x0000080c,0,0,0
K4_TELEM_CSV,256,46,1118,107,131,9,55,285,1,1,600,7,0,1,8
PAIR_CSV,256,46,1
RUN_CSV,256,47,0x18190603,0xad0438b2,0,1,1,56,9,6,6,18321,0x0000080c,0,0,0
RUN_CSV,256,47,0x18190603,0xad0438b2,1,1,1,56,9,6,3,11265,0x0000080c,0,0,0
K4_TELEM_CSV,256,47,1174,111,95,9,58,232,1,1,601,8,0,1,9
PAIR_CSV,256,47,1
RUN_CSV,256,48,0xc1143c78,0xbbdab3cd,0,1,1,10265,11,7,7,22310,0x0000080c,0,0,0
RUN_CSV,256,48,0xc1143c78,0xbbdab3cd,1,1,1,10265,11,7,4,14233,0x0000080c,0,0,0
K4_TELEM_CSV,256,48,1071,110,63,0,48,92,1,1,602,10,0,1,11
PAIR_CSV,256,48,1
RUN_CSV,256,49,0x332063fc,0x222ba57c,0,1,1,5281,9,6,6,18805,0x0000080c,0,0,0
RUN_CSV,256,49,0x332063fc,0x222ba57c,1,1,1,5281,9,6,2,10711,0x0000080c,0,0,0
K4_TELEM_CSV,256,49,1028,108,74,3,49,182,1,1,603,8,0,1,9
PAIR_CSV,256,49,1
PROGRESS,target=256,seed=50/50,pair_fail=0,mismatch=0

RESULT target=256
  pair_pass    = 50/50
  success      = Normal 50/50, K4/H8 50/50
  physical_iter= Normal 310, K4/H8 131, reduction 57.74%
  cycles       = Normal 822794, K4/H8 483488, reduction 41.23%
  policy_stall = 12329
  plan_mismatch= 0
SUMMARY_CSV,256,50,0,50,50,310,131,5774,822794,483488,4123,12329,0
BBHT PAPER BOARD BENCHMARK PASS


[RVX/END]


[RVX/START] EMU@FPGA
PERF_BUILD,K4H4_CLEAN
TARGETS=1/4/16/64/256,SEEDS=50
SUMMARY_HEADER,target,seeds,pair_fail,normal_success,k4h4_success,normal_iter,k4h4_iter,normal_cycles,k4h4_cycles
SUMMARY,1,50,0,50,50,8414,2314,10186883,3468655
SUMMARY,4,50,0,50,50,3615,1034,4940549,1919557
SUMMARY,16,50,0,50,50,1882,536,2920180,1225980
SUMMARY,64,50,0,50,50,662,232,1359349,699228
SUMMARY,256,50,0,50,50,310,131,822794,483488
PERFORMANCE_RUN_PASS,pairs,250


[RVX/END]
