> ID
ID
STAT name=bbht_console csr_ver=0.9.8
STAT platform=bbht_grover_upgrade fw=2026-09-25
STAT csr_base=0xe2020000 q_bits=14 n_entries=16384 fifo_depth=256
STAT accel_clk_hz=100000000 sram_base=0xe0000000 sram_last=0xe001ffff
STAT dataset_addr=0xe000a610 dataset_count=0 loaded=0
OK
> GEN PRED=LT A=-16384 TARGETS=1 SEED=0x5EED1234 POS=0x17A02026
GEN PRED=LT A=-16384 TARGETS=1 SEED=0x5EED1234 POS=0x17A02026
OK count=16384 targets=1 pred=LT a=-16384 b=0
> SUM
SUM
STAT count=16384 fnv=0xdf60e448 hits=1 pred=LT a=-16384 b=0 loaded=0
OK
> LOAD
LOAD
OK loaded=16384 addr=0xe000a610
> SET MODE=LT A=-16384 B=0 COUNT=16384 CAP=100 AUTO=1 J=0
SET MODE=LT A=-16384 B=0 COUNT=16384 CAP=100 AUTO=1 J=0
OK
> SET BURST=0 SEEDJ=0x7B1DCDAF SEEDM=0x24370DF2
SET BURST=0 SEEDJ=0x7B1DCDAF SEEDM=0x24370DF2
OK
> RUN
RUN
HIT idx=6004 val=-28307 trials=15 l=30 iters=30 cyc=15004 us=150 wall_us=155
OK
> SET BURST=1 SEEDJ=0x7B1DCDAF SEEDM=0x24370DF2
SET BURST=1 SEEDJ=0x7B1DCDAF SEEDM=0x24370DF2
OK
> RUN
RUN
HIT idx=6004 val=-28307 trials=15 l=30 iters=8 cyc=10931 us=109 wall_us=115
OK
> SET BURST=0 SEEDJ=0x3A85A4DC SEEDM=0xA3B9AA35
SET BURST=0 SEEDJ=0x3A85A4DC SEEDM=0xA3B9AA35
OK
> RUN
RUN
HIT idx=6004 val=-28307 trials=23 l=132 iters=132 cyc=45624 us=456 wall_us=462
OK
> SET BURST=1 SEEDJ=0x3A85A4DC SEEDM=0xA3B9AA35
SET BURST=1 SEEDJ=0x3A85A4DC SEEDM=0xA3B9AA35
OK
> RUN
RUN
HIT idx=6004 val=-28307 trials=23 l=132 iters=43 cyc=19571 us=195 wall_us=201
OK
> GEN PRED=LT A=-16384 TARGETS=4 SEED=0x5EED1234 POS=0x17A02026
GEN PRED=LT A=-16384 TARGETS=4 SEED=0x5EED1234 POS=0x17A02026
OK count=16384 targets=4 pred=LT a=-16384 b=0
> SUM
SUM
STAT count=16384 fnv=0x6015d0aa hits=4 pred=LT a=-16384 b=0 loaded=0
OK
> LOAD
LOAD
OK loaded=16384 addr=0xe000a610
> SET MODE=LT A=-16384 B=0 COUNT=16384 CAP=100 AUTO=1 J=0
SET MODE=LT A=-16384 B=0 COUNT=16384 CAP=100 AUTO=1 J=0
OK
> SET BURST=0 SEEDJ=0x7B1DCDAF SEEDM=0x24370DF2
SET BURST=0 SEEDJ=0x7B1DCDAF SEEDM=0x24370DF2
OK
> RUN
RUN
HIT idx=6004 val=-28307 trials=15 l=30 iters=30 cyc=14942 us=149 wall_us=154
OK
> SET BURST=1 SEEDJ=0x7B1DCDAF SEEDM=0x24370DF2
SET BURST=1 SEEDJ=0x7B1DCDAF SEEDM=0x24370DF2
OK
> RUN
RUN
HIT idx=6004 val=-28307 trials=15 l=30 iters=8 cyc=7583 us=75 wall_us=82
OK
> SET BURST=0 SEEDJ=0x3A85A4DC SEEDM=0xA3B9AA35
SET BURST=0 SEEDJ=0x3A85A4DC SEEDM=0xA3B9AA35
OK
> RUN
RUN
HIT idx=2687 val=-24767 trials=20 l=81 iters=81 cyc=30902 us=309 wall_us=313
OK
> SET BURST=1 SEEDJ=0x3A85A4DC SEEDM=0xA3B9AA35
SET BURST=1 SEEDJ=0x3A85A4DC SEEDM=0xA3B9AA35
OK
> RUN
RUN
HIT idx=2687 val=-24767 trials=20 l=81 iters=25 cyc=13927 us=139 wall_us=144
OK
> GEN PRED=LT A=-16384 TARGETS=16 SEED=0x5EED1234 POS=0x17A02026
GEN PRED=LT A=-16384 TARGETS=16 SEED=0x5EED1234 POS=0x17A02026
OK count=16384 targets=16 pred=LT a=-16384 b=0
> SUM
SUM
STAT count=16384 fnv=0xcdc69ebc hits=16 pred=LT a=-16384 b=0 loaded=0
OK
> LOAD
LOAD
OK loaded=16384 addr=0xe000a610
> SET MODE=LT A=-16384 B=0 COUNT=16384 CAP=100 AUTO=1 J=0
SET MODE=LT A=-16384 B=0 COUNT=16384 CAP=100 AUTO=1 J=0
OK
> SET BURST=0 SEEDJ=0x7B1DCDAF SEEDM=0x24370DF2
SET BURST=0 SEEDJ=0x7B1DCDAF SEEDM=0x24370DF2
OK
> RUN
RUN
HIT idx=6463 val=-19424 trials=14 l=22 iters=22 cyc=12403 us=124 wall_us=128
OK
> SET BURST=1 SEEDJ=0x7B1DCDAF SEEDM=0x24370DF2
SET BURST=1 SEEDJ=0x7B1DCDAF SEEDM=0x24370DF2
OK
> RUN
RUN
HIT idx=6463 val=-19424 trials=14 l=22 iters=5 cyc=6474 us=64 wall_us=70
OK
> SET BURST=0 SEEDJ=0x3A85A4DC SEEDM=0xA3B9AA35
SET BURST=0 SEEDJ=0x3A85A4DC SEEDM=0xA3B9AA35
OK
> RUN
RUN
HIT idx=8671 val=-19865 trials=20 l=81 iters=81 cyc=30797 us=307 wall_us=314
OK
> SET BURST=1 SEEDJ=0x3A85A4DC SEEDM=0xA3B9AA35
SET BURST=1 SEEDJ=0x3A85A4DC SEEDM=0xA3B9AA35
OK
> RUN
RUN
HIT idx=8671 val=-19865 trials=20 l=81 iters=25 cyc=13813 us=138 wall_us=143
OK
> GEN PRED=LT A=-16384 TARGETS=64 SEED=0x5EED1234 POS=0x17A02026
GEN PRED=LT A=-16384 TARGETS=64 SEED=0x5EED1234 POS=0x17A02026
OK count=16384 targets=64 pred=LT a=-16384 b=0
> SUM
SUM
STAT count=16384 fnv=0x8e060871 hits=64 pred=LT a=-16384 b=0 loaded=0
OK
> LOAD
LOAD
OK loaded=16384 addr=0xe000a610
> SET MODE=LT A=-16384 B=0 COUNT=16384 CAP=100 AUTO=1 J=0
SET MODE=LT A=-16384 B=0 COUNT=16384 CAP=100 AUTO=1 J=0
OK
> SET BURST=0 SEEDJ=0x7B1DCDAF SEEDM=0x24370DF2
SET BURST=0 SEEDJ=0x7B1DCDAF SEEDM=0x24370DF2
OK
> RUN
RUN
HIT idx=1089 val=-17865 trials=7 l=4 iters=4 cyc=4309 us=43 wall_us=48
OK
> SET BURST=1 SEEDJ=0x7B1DCDAF SEEDM=0x24370DF2
SET BURST=1 SEEDJ=0x7B1DCDAF SEEDM=0x24370DF2
OK
> RUN
RUN
HIT idx=1089 val=-17865 trials=7 l=4 iters=2 cyc=3130 us=31 wall_us=37
OK
> SET BURST=0 SEEDJ=0x3A85A4DC SEEDM=0xA3B9AA35
SET BURST=0 SEEDJ=0x3A85A4DC SEEDM=0xA3B9AA35
OK
> RUN
RUN
HIT idx=1951 val=-17282 trials=16 l=35 iters=35 cyc=16765 us=167 wall_us=173
OK
> SET BURST=1 SEEDJ=0x3A85A4DC SEEDM=0xA3B9AA35
SET BURST=1 SEEDJ=0x3A85A4DC SEEDM=0xA3B9AA35
OK
> RUN
RUN
HIT idx=1951 val=-17282 trials=16 l=35 iters=12 cyc=9015 us=90 wall_us=96
OK
> GEN PRED=LT A=-16384 TARGETS=256 SEED=0x5EED1234 POS=0x17A02026
GEN PRED=LT A=-16384 TARGETS=256 SEED=0x5EED1234 POS=0x17A02026
OK count=16384 targets=256 pred=LT a=-16384 b=0
> SUM
SUM
STAT count=16384 fnv=0xa569173a hits=256 pred=LT a=-16384 b=0 loaded=0
OK
> LOAD
LOAD
OK loaded=16384 addr=0xe000a610
> SET MODE=LT A=-16384 B=0 COUNT=16384 CAP=100 AUTO=1 J=0
SET MODE=LT A=-16384 B=0 COUNT=16384 CAP=100 AUTO=1 J=0
OK
> SET BURST=0 SEEDJ=0x7B1DCDAF SEEDM=0x24370DF2
SET BURST=0 SEEDJ=0x7B1DCDAF SEEDM=0x24370DF2
OK
> RUN
RUN
HIT idx=2969 val=-25443 trials=6 l=4 iters=4 cyc=3871 us=38 wall_us=43
OK
> SET BURST=1 SEEDJ=0x7B1DCDAF SEEDM=0x24370DF2
SET BURST=1 SEEDJ=0x7B1DCDAF SEEDM=0x24370DF2
OK
> RUN
RUN
HIT idx=2969 val=-25443 trials=6 l=4 iters=2 cyc=2816 us=28 wall_us=34
OK
> SET BURST=0 SEEDJ=0x3A85A4DC SEEDM=0xA3B9AA35
SET BURST=0 SEEDJ=0x3A85A4DC SEEDM=0xA3B9AA35
OK
> RUN
RUN
HIT idx=2036 val=-24289 trials=10 l=5 iters=5 cyc=6009 us=60 wall_us=66
OK
> SET BURST=1 SEEDJ=0x3A85A4DC SEEDM=0xA3B9AA35
SET BURST=1 SEEDJ=0x3A85A4DC SEEDM=0xA3B9AA35
OK
> RUN
RUN
HIT idx=2036 val=-24289 trials=10 l=5 iters=2 cyc=4193 us=41 wall_us=47
OK
> GEN PRED=GT A=16383 TARGETS=1 SEED=0x5EED1234 POS=0x67A02026
GEN PRED=GT A=16383 TARGETS=1 SEED=0x5EED1234 POS=0x67A02026
OK count=16384 targets=1 pred=GT a=16383 b=0
> SUM
SUM
STAT count=16384 fnv=0x57f636a0 hits=1 pred=GT a=16383 b=0 loaded=0
OK
> LOAD
LOAD
OK loaded=16384 addr=0xe000a610
> SET MODE=GT A=16383 B=0 COUNT=16384 CAP=100 AUTO=1 J=0
SET MODE=GT A=16383 B=0 COUNT=16384 CAP=100 AUTO=1 J=0
OK
> SET BURST=0 SEEDJ=0x7B1DCDAF SEEDM=0x24370DF2
SET BURST=0 SEEDJ=0x7B1DCDAF SEEDM=0x24370DF2
OK
> RUN
RUN
HIT idx=12148 val=26989 trials=21 l=119 iters=119 cyc=41375 us=413 wall_us=420
OK
> SET BURST=1 SEEDJ=0x7B1DCDAF SEEDM=0x24370DF2
SET BURST=1 SEEDJ=0x7B1DCDAF SEEDM=0x24370DF2
OK
> RUN
RUN
HIT idx=12148 val=26989 trials=21 l=119 iters=38 cyc=17695 us=176 wall_us=182
OK
> SET BURST=0 SEEDJ=0x3A85A4DC SEEDM=0xA3B9AA35
SET BURST=0 SEEDJ=0x3A85A4DC SEEDM=0xA3B9AA35
OK
> RUN
RUN
HIT idx=12148 val=26989 trials=25 l=259 iters=259 cyc=80260 us=802 wall_us=808
OK
> SET BURST=1 SEEDJ=0x3A85A4DC SEEDM=0xA3B9AA35
SET BURST=1 SEEDJ=0x3A85A4DC SEEDM=0xA3B9AA35
OK
> RUN
RUN
HIT idx=12148 val=26989 trials=25 l=259 iters=87 cyc=31972 us=319 wall_us=324
OK
> GEN PRED=GT A=16383 TARGETS=4 SEED=0x5EED1234 POS=0x67A02026
GEN PRED=GT A=16383 TARGETS=4 SEED=0x5EED1234 POS=0x67A02026
OK count=16384 targets=4 pred=GT a=16383 b=0
> SUM
SUM
STAT count=16384 fnv=0x6cc2a677 hits=4 pred=GT a=16383 b=0 loaded=0
OK
> LOAD
LOAD
OK loaded=16384 addr=0xe000a610
> SET MODE=GT A=16383 B=0 COUNT=16384 CAP=100 AUTO=1 J=0
SET MODE=GT A=16383 B=0 COUNT=16384 CAP=100 AUTO=1 J=0
OK
> SET BURST=0 SEEDJ=0x7B1DCDAF SEEDM=0x24370DF2
SET BURST=0 SEEDJ=0x7B1DCDAF SEEDM=0x24370DF2
OK
> RUN
RUN
HIT idx=14541 val=30711 trials=21 l=119 iters=119 cyc=41217 us=412 wall_us=418
OK
> SET BURST=1 SEEDJ=0x7B1DCDAF SEEDM=0x24370DF2
SET BURST=1 SEEDJ=0x7B1DCDAF SEEDM=0x24370DF2
OK
> RUN
RUN
HIT idx=14541 val=30711 trials=21 l=119 iters=38 cyc=17580 us=175 wall_us=181
OK
> SET BURST=0 SEEDJ=0x3A85A4DC SEEDM=0xA3B9AA35
SET BURST=0 SEEDJ=0x3A85A4DC SEEDM=0xA3B9AA35
OK
> RUN
RUN
HIT idx=2460 val=23714 trials=20 l=81 iters=81 cyc=30855 us=308 wall_us=314
OK
> SET BURST=1 SEEDJ=0x3A85A4DC SEEDM=0xA3B9AA35
SET BURST=1 SEEDJ=0x3A85A4DC SEEDM=0xA3B9AA35
OK
> RUN
RUN
HIT idx=2460 val=23714 trials=20 l=81 iters=25 cyc=13880 us=138 wall_us=145
OK
> GEN PRED=GT A=16383 TARGETS=16 SEED=0x5EED1234 POS=0x67A02026
GEN PRED=GT A=16383 TARGETS=16 SEED=0x5EED1234 POS=0x67A02026
OK count=16384 targets=16 pred=GT a=16383 b=0
> SUM
SUM
STAT count=16384 fnv=0x50dd0d55 hits=16 pred=GT a=16383 b=0 loaded=0
OK
> LOAD
LOAD
OK loaded=16384 addr=0xe000a610
> SET MODE=GT A=16383 B=0 COUNT=16384 CAP=100 AUTO=1 J=0
SET MODE=GT A=16383 B=0 COUNT=16384 CAP=100 AUTO=1 J=0
OK
> SET BURST=0 SEEDJ=0x7B1DCDAF SEEDM=0x24370DF2
SET BURST=0 SEEDJ=0x7B1DCDAF SEEDM=0x24370DF2
OK
> RUN
RUN
HIT idx=7119 val=21276 trials=25 l=308 iters=308 cyc=93238 us=932 wall_us=937
OK
> SET BURST=1 SEEDJ=0x7B1DCDAF SEEDM=0x24370DF2
SET BURST=1 SEEDJ=0x7B1DCDAF SEEDM=0x24370DF2
OK
> RUN
RUN
HIT idx=7119 val=21276 trials=25 l=308 iters=70 cyc=30289 us=302 wall_us=307
OK
> SET BURST=0 SEEDJ=0x3A85A4DC SEEDM=0xA3B9AA35
SET BURST=0 SEEDJ=0x3A85A4DC SEEDM=0xA3B9AA35
OK
> RUN
RUN
HIT idx=13499 val=22948 trials=11 l=9 iters=9 cyc=7539 us=75 wall_us=80
OK
> SET BURST=1 SEEDJ=0x3A85A4DC SEEDM=0xA3B9AA35
SET BURST=1 SEEDJ=0x3A85A4DC SEEDM=0xA3B9AA35
OK
> RUN
RUN
HIT idx=13499 val=22948 trials=11 l=9 iters=4 cyc=5071 us=50 wall_us=56
OK
> GEN PRED=GT A=16383 TARGETS=64 SEED=0x5EED1234 POS=0x67A02026
GEN PRED=GT A=16383 TARGETS=64 SEED=0x5EED1234 POS=0x67A02026
OK count=16384 targets=64 pred=GT a=16383 b=0
> SUM
SUM
STAT count=16384 fnv=0x29a01211 hits=64 pred=GT a=16383 b=0 loaded=0
OK
> LOAD
LOAD
OK loaded=16384 addr=0xe000a610
> SET MODE=GT A=16383 B=0 COUNT=16384 CAP=100 AUTO=1 J=0
SET MODE=GT A=16383 B=0 COUNT=16384 CAP=100 AUTO=1 J=0
OK
> SET BURST=0 SEEDJ=0x7B1DCDAF SEEDM=0x24370DF2
SET BURST=0 SEEDJ=0x7B1DCDAF SEEDM=0x24370DF2
OK
> RUN
RUN
HIT idx=2932 val=26834 trials=6 l=4 iters=4 cyc=3895 us=38 wall_us=43
OK
> SET BURST=1 SEEDJ=0x7B1DCDAF SEEDM=0x24370DF2
SET BURST=1 SEEDJ=0x7B1DCDAF SEEDM=0x24370DF2
OK
> RUN
RUN
HIT idx=2932 val=26834 trials=6 l=4 iters=2 cyc=2840 us=28 wall_us=34
OK
> SET BURST=0 SEEDJ=0x3A85A4DC SEEDM=0xA3B9AA35
SET BURST=0 SEEDJ=0x3A85A4DC SEEDM=0xA3B9AA35
OK
> RUN
RUN
HIT idx=9359 val=25296 trials=13 l=14 iters=14 cyc=9817 us=98 wall_us=103
OK
> SET BURST=1 SEEDJ=0x3A85A4DC SEEDM=0xA3B9AA35
SET BURST=1 SEEDJ=0x3A85A4DC SEEDM=0xA3B9AA35
OK
> RUN
RUN
HIT idx=9359 val=25296 trials=13 l=14 iters=5 cyc=6043 us=60 wall_us=65
OK
> GEN PRED=GT A=16383 TARGETS=256 SEED=0x5EED1234 POS=0x67A02026
GEN PRED=GT A=16383 TARGETS=256 SEED=0x5EED1234 POS=0x67A02026
OK count=16384 targets=256 pred=GT a=16383 b=0
> SUM
SUM
STAT count=16384 fnv=0x13d60bf9 hits=256 pred=GT a=16383 b=0 loaded=0
OK
> LOAD
LOAD
OK loaded=16384 addr=0xe000a610
> SET MODE=GT A=16383 B=0 COUNT=16384 CAP=100 AUTO=1 J=0
SET MODE=GT A=16383 B=0 COUNT=16384 CAP=100 AUTO=1 J=0
OK
> SET BURST=0 SEEDJ=0x7B1DCDAF SEEDM=0x24370DF2
SET BURST=0 SEEDJ=0x7B1DCDAF SEEDM=0x24370DF2
OK
> RUN
RUN
HIT idx=6194 val=21743 trials=4 l=2 iters=2 cyc=2418 us=24 wall_us=29
OK
> SET BURST=1 SEEDJ=0x7B1DCDAF SEEDM=0x24370DF2
SET BURST=1 SEEDJ=0x7B1DCDAF SEEDM=0x24370DF2
OK
> RUN
RUN
HIT idx=6194 val=21743 trials=4 l=2 iters=1 cyc=1874 us=18 wall_us=24
OK
> SET BURST=0 SEEDJ=0x3A85A4DC SEEDM=0xA3B9AA35
SET BURST=0 SEEDJ=0x3A85A4DC SEEDM=0xA3B9AA35
OK
> RUN
RUN
HIT idx=16378 val=30332 trials=2 l=0 iters=0 cyc=966 us=9 wall_us=15
OK
> SET BURST=1 SEEDJ=0x3A85A4DC SEEDM=0xA3B9AA35
SET BURST=1 SEEDJ=0x3A85A4DC SEEDM=0xA3B9AA35
OK
> RUN
RUN
HIT idx=16378 val=30332 trials=2 l=0 iters=0 cyc=933 us=9 wall_us=15
OK
> GEN PRED=EQ A=12345 TARGETS=1 SEED=0x5EED1234 POS=0xA17E2026
GEN PRED=EQ A=12345 TARGETS=1 SEED=0x5EED1234 POS=0xA17E2026
OK count=16384 targets=1 pred=EQ a=12345 b=0
> SUM
SUM
STAT count=16384 fnv=0xe0bb7e9c hits=1 pred=EQ a=12345 b=0 loaded=0
OK
> LOAD
LOAD
OK loaded=16384 addr=0xe000a610
> SET MODE=EQ A=12345 B=0 COUNT=16384 CAP=100 AUTO=1 J=0
SET MODE=EQ A=12345 B=0 COUNT=16384 CAP=100 AUTO=1 J=0
OK
> SET BURST=0 SEEDJ=0x7B1DCDAF SEEDM=0x24370DF2
SET BURST=0 SEEDJ=0x7B1DCDAF SEEDM=0x24370DF2
OK
> RUN
RUN
HIT idx=507 val=12345 trials=25 l=308 iters=308 cyc=93388 us=933 wall_us=939
OK
> SET BURST=1 SEEDJ=0x7B1DCDAF SEEDM=0x24370DF2
SET BURST=1 SEEDJ=0x7B1DCDAF SEEDM=0x24370DF2
OK
> RUN
RUN
HIT idx=507 val=12345 trials=25 l=308 iters=70 cyc=27634 us=276 wall_us=282
OK
> SET BURST=0 SEEDJ=0x3A85A4DC SEEDM=0xA3B9AA35
SET BURST=0 SEEDJ=0x3A85A4DC SEEDM=0xA3B9AA35
OK
> RUN
RUN
HIT idx=507 val=12345 trials=15 l=23 iters=23 cyc=13104 us=131 wall_us=136
OK
> SET BURST=1 SEEDJ=0x3A85A4DC SEEDM=0xA3B9AA35
SET BURST=1 SEEDJ=0x3A85A4DC SEEDM=0xA3B9AA35
OK
> RUN
RUN
HIT idx=507 val=12345 trials=15 l=23 iters=9 cyc=7857 us=78 wall_us=83
OK
> GEN PRED=EQ A=12345 TARGETS=4 SEED=0x5EED1234 POS=0xA17E2026
GEN PRED=EQ A=12345 TARGETS=4 SEED=0x5EED1234 POS=0xA17E2026
OK count=16384 targets=4 pred=EQ a=12345 b=0
> SUM
SUM
STAT count=16384 fnv=0x44bb67d0 hits=4 pred=EQ a=12345 b=0 loaded=0
OK
> LOAD
LOAD
OK loaded=16384 addr=0xe000a610
> SET MODE=EQ A=12345 B=0 COUNT=16384 CAP=100 AUTO=1 J=0
SET MODE=EQ A=12345 B=0 COUNT=16384 CAP=100 AUTO=1 J=0
OK
> SET BURST=0 SEEDJ=0x7B1DCDAF SEEDM=0x24370DF2
SET BURST=0 SEEDJ=0x7B1DCDAF SEEDM=0x24370DF2
OK
> RUN
RUN
HIT idx=8685 val=12345 trials=21 l=119 iters=119 cyc=41310 us=413 wall_us=418
OK
> SET BURST=1 SEEDJ=0x7B1DCDAF SEEDM=0x24370DF2
SET BURST=1 SEEDJ=0x7B1DCDAF SEEDM=0x24370DF2
OK
> RUN
RUN
HIT idx=8685 val=12345 trials=21 l=119 iters=38 cyc=17656 us=176 wall_us=182
OK
> SET BURST=0 SEEDJ=0x3A85A4DC SEEDM=0xA3B9AA35
SET BURST=0 SEEDJ=0x3A85A4DC SEEDM=0xA3B9AA35
OK
> RUN
RUN
HIT idx=8685 val=12345 trials=23 l=132 iters=132 cyc=45827 us=458 wall_us=464
OK
> SET BURST=1 SEEDJ=0x3A85A4DC SEEDM=0xA3B9AA35
SET BURST=1 SEEDJ=0x3A85A4DC SEEDM=0xA3B9AA35
OK
> RUN
RUN
HIT idx=8685 val=12345 trials=23 l=132 iters=43 cyc=19752 us=197 wall_us=203
OK
> GEN PRED=EQ A=12345 TARGETS=16 SEED=0x5EED1234 POS=0xA17E2026
GEN PRED=EQ A=12345 TARGETS=16 SEED=0x5EED1234 POS=0xA17E2026
OK count=16384 targets=16 pred=EQ a=12345 b=0
> SUM
SUM
STAT count=16384 fnv=0x7527279e hits=16 pred=EQ a=12345 b=0 loaded=0
OK
> LOAD
LOAD
OK loaded=16384 addr=0xe000a610
> SET MODE=EQ A=12345 B=0 COUNT=16384 CAP=100 AUTO=1 J=0
SET MODE=EQ A=12345 B=0 COUNT=16384 CAP=100 AUTO=1 J=0
OK
> SET BURST=0 SEEDJ=0x7B1DCDAF SEEDM=0x24370DF2
SET BURST=0 SEEDJ=0x7B1DCDAF SEEDM=0x24370DF2
OK
> RUN
RUN
HIT idx=4512 val=12345 trials=11 l=15 iters=15 cyc=9054 us=90 wall_us=96
OK
> SET BURST=1 SEEDJ=0x7B1DCDAF SEEDM=0x24370DF2
SET BURST=1 SEEDJ=0x7B1DCDAF SEEDM=0x24370DF2
OK
> RUN
RUN
HIT idx=4512 val=12345 trials=11 l=15 iters=3 cyc=4731 us=47 wall_us=53
OK
> SET BURST=0 SEEDJ=0x3A85A4DC SEEDM=0xA3B9AA35
SET BURST=0 SEEDJ=0x3A85A4DC SEEDM=0xA3B9AA35
OK
> RUN
RUN
HIT idx=507 val=12345 trials=15 l=23 iters=23 cyc=13144 us=131 wall_us=137
OK
> SET BURST=1 SEEDJ=0x3A85A4DC SEEDM=0xA3B9AA35
SET BURST=1 SEEDJ=0x3A85A4DC SEEDM=0xA3B9AA35
OK
> RUN
RUN
HIT idx=507 val=12345 trials=15 l=23 iters=9 cyc=7897 us=78 wall_us=84
OK
> GEN PRED=EQ A=12345 TARGETS=64 SEED=0x5EED1234 POS=0xA17E2026
GEN PRED=EQ A=12345 TARGETS=64 SEED=0x5EED1234 POS=0xA17E2026
OK count=16384 targets=64 pred=EQ a=12345 b=0
> SUM
SUM
STAT count=16384 fnv=0xefb2e98e hits=64 pred=EQ a=12345 b=0 loaded=0
OK
> LOAD
LOAD
OK loaded=16384 addr=0xe000a610
> SET MODE=EQ A=12345 B=0 COUNT=16384 CAP=100 AUTO=1 J=0
SET MODE=EQ A=12345 B=0 COUNT=16384 CAP=100 AUTO=1 J=0
OK
> SET BURST=0 SEEDJ=0x7B1DCDAF SEEDM=0x24370DF2
SET BURST=0 SEEDJ=0x7B1DCDAF SEEDM=0x24370DF2
OK
> RUN
RUN
HIT idx=2852 val=12345 trials=6 l=4 iters=4 cyc=3870 us=38 wall_us=43
OK
> SET BURST=1 SEEDJ=0x7B1DCDAF SEEDM=0x24370DF2
SET BURST=1 SEEDJ=0x7B1DCDAF SEEDM=0x24370DF2
OK
> RUN
RUN
HIT idx=2852 val=12345 trials=6 l=4 iters=2 cyc=2815 us=28 wall_us=34
OK
> SET BURST=0 SEEDJ=0x3A85A4DC SEEDM=0xA3B9AA35
SET BURST=0 SEEDJ=0x3A85A4DC SEEDM=0xA3B9AA35
OK
> RUN
RUN
HIT idx=8685 val=12345 trials=13 l=14 iters=14 cyc=9842 us=98 wall_us=103
OK
> SET BURST=1 SEEDJ=0x3A85A4DC SEEDM=0xA3B9AA35
SET BURST=1 SEEDJ=0x3A85A4DC SEEDM=0xA3B9AA35
OK
> RUN
RUN
HIT idx=8685 val=12345 trials=13 l=14 iters=5 cyc=6068 us=60 wall_us=65
OK
> GEN PRED=EQ A=12345 TARGETS=256 SEED=0x5EED1234 POS=0xA17E2026
GEN PRED=EQ A=12345 TARGETS=256 SEED=0x5EED1234 POS=0xA17E2026
OK count=16384 targets=256 pred=EQ a=12345 b=0
> SUM
SUM
STAT count=16384 fnv=0xdca4f97c hits=256 pred=EQ a=12345 b=0 loaded=0
OK
> LOAD
LOAD
OK loaded=16384 addr=0xe000a610
> SET MODE=EQ A=12345 B=0 COUNT=16384 CAP=100 AUTO=1 J=0
SET MODE=EQ A=12345 B=0 COUNT=16384 CAP=100 AUTO=1 J=0
OK
> SET BURST=0 SEEDJ=0x7B1DCDAF SEEDM=0x24370DF2
SET BURST=0 SEEDJ=0x7B1DCDAF SEEDM=0x24370DF2
OK
> RUN
RUN
HIT idx=15288 val=12345 trials=8 l=7 iters=7 cyc=5597 us=55 wall_us=61
OK
> SET BURST=1 SEEDJ=0x7B1DCDAF SEEDM=0x24370DF2
SET BURST=1 SEEDJ=0x7B1DCDAF SEEDM=0x24370DF2
OK
> RUN
RUN
HIT idx=15288 val=12345 trials=8 l=7 iters=3 cyc=3766 us=37 wall_us=43
OK
> SET BURST=0 SEEDJ=0x3A85A4DC SEEDM=0xA3B9AA35
SET BURST=0 SEEDJ=0x3A85A4DC SEEDM=0xA3B9AA35
OK
> RUN
RUN
HIT idx=5849 val=12345 trials=5 l=2 iters=2 cyc=2878 us=28 wall_us=34
OK
> SET BURST=1 SEEDJ=0x3A85A4DC SEEDM=0xA3B9AA35
SET BURST=1 SEEDJ=0x3A85A4DC SEEDM=0xA3B9AA35
OK
> RUN
RUN
HIT idx=5849 val=12345 trials=5 l=2 iters=1 cyc=2210 us=22 wall_us=27
OK
> GEN PRED=RANGE A=-4096 B=4096 TARGETS=1 SEED=0x5EED1234 POS=0x3A4E2026
GEN PRED=RANGE A=-4096 B=4096 TARGETS=1 SEED=0x5EED1234 POS=0x3A4E2026
OK count=16384 targets=1 pred=RANGE a=-4096 b=4096
> SUM
SUM
STAT count=16384 fnv=0xcd8dbc25 hits=1 pred=RANGE a=-4096 b=4096 loaded=0
OK
> LOAD
LOAD
OK loaded=16384 addr=0xe000a610
> SET MODE=RANGE A=-4096 B=4096 COUNT=16384 CAP=100 AUTO=1 J=0
SET MODE=RANGE A=-4096 B=4096 COUNT=16384 CAP=100 AUTO=1 J=0
OK
> SET BURST=0 SEEDJ=0x7B1DCDAF SEEDM=0x24370DF2
SET BURST=0 SEEDJ=0x7B1DCDAF SEEDM=0x24370DF2
OK
> RUN
RUN
HIT idx=16227 val=-1474 trials=21 l=119 iters=119 cyc=41339 us=413 wall_us=418
OK
> SET BURST=1 SEEDJ=0x7B1DCDAF SEEDM=0x24370DF2
SET BURST=1 SEEDJ=0x7B1DCDAF SEEDM=0x24370DF2
OK
> RUN
RUN
HIT idx=16227 val=-1474 trials=21 l=119 iters=38 cyc=17659 us=176 wall_us=183
OK
> SET BURST=0 SEEDJ=0x3A85A4DC SEEDM=0xA3B9AA35
SET BURST=0 SEEDJ=0x3A85A4DC SEEDM=0xA3B9AA35
OK
> RUN
RUN
HIT idx=16227 val=-1474 trials=25 l=259 iters=259 cyc=80265 us=802 wall_us=808
OK
> SET BURST=1 SEEDJ=0x3A85A4DC SEEDM=0xA3B9AA35
SET BURST=1 SEEDJ=0x3A85A4DC SEEDM=0xA3B9AA35
OK
> RUN
RUN
HIT idx=16227 val=-1474 trials=25 l=259 iters=87 cyc=34717 us=347 wall_us=351
OK
> GEN PRED=RANGE A=-4096 B=4096 TARGETS=4 SEED=0x5EED1234 POS=0x3A4E2026
GEN PRED=RANGE A=-4096 B=4096 TARGETS=4 SEED=0x5EED1234 POS=0x3A4E2026
OK count=16384 targets=4 pred=RANGE a=-4096 b=4096
> SUM
SUM
STAT count=16384 fnv=0x7bae8d3a hits=4 pred=RANGE a=-4096 b=4096 loaded=0
OK
> LOAD
LOAD
OK loaded=16384 addr=0xe000a610
> SET MODE=RANGE A=-4096 B=4096 COUNT=16384 CAP=100 AUTO=1 J=0
SET MODE=RANGE A=-4096 B=4096 COUNT=16384 CAP=100 AUTO=1 J=0
OK
> SET BURST=0 SEEDJ=0x7B1DCDAF SEEDM=0x24370DF2
SET BURST=0 SEEDJ=0x7B1DCDAF SEEDM=0x24370DF2
OK
> RUN
RUN
HIT idx=4728 val=-2771 trials=20 l=81 iters=81 cyc=30800 us=308 wall_us=313
OK
> SET BURST=1 SEEDJ=0x7B1DCDAF SEEDM=0x24370DF2
SET BURST=1 SEEDJ=0x7B1DCDAF SEEDM=0x24370DF2
OK
> RUN
RUN
HIT idx=4728 val=-2771 trials=20 l=81 iters=16 cyc=11525 us=115 wall_us=121
OK
> SET BURST=0 SEEDJ=0x3A85A4DC SEEDM=0xA3B9AA35
SET BURST=0 SEEDJ=0x3A85A4DC SEEDM=0xA3B9AA35
OK
> RUN
RUN
HIT idx=4728 val=-2771 trials=19 l=56 iters=56 cyc=23741 us=237 wall_us=243
OK
> SET BURST=1 SEEDJ=0x3A85A4DC SEEDM=0xA3B9AA35
SET BURST=1 SEEDJ=0x3A85A4DC SEEDM=0xA3B9AA35
OK
> RUN
RUN
HIT idx=4728 val=-2771 trials=19 l=56 iters=12 cyc=10054 us=100 wall_us=105
OK
> GEN PRED=RANGE A=-4096 B=4096 TARGETS=16 SEED=0x5EED1234 POS=0x3A4E2026
GEN PRED=RANGE A=-4096 B=4096 TARGETS=16 SEED=0x5EED1234 POS=0x3A4E2026
OK count=16384 targets=16 pred=RANGE a=-4096 b=4096
> SUM
SUM
STAT count=16384 fnv=0xc24fdace hits=16 pred=RANGE a=-4096 b=4096 loaded=0
OK
> LOAD
LOAD
OK loaded=16384 addr=0xe000a610
> SET MODE=RANGE A=-4096 B=4096 COUNT=16384 CAP=100 AUTO=1 J=0
SET MODE=RANGE A=-4096 B=4096 COUNT=16384 CAP=100 AUTO=1 J=0
OK
> SET BURST=0 SEEDJ=0x7B1DCDAF SEEDM=0x24370DF2
SET BURST=0 SEEDJ=0x7B1DCDAF SEEDM=0x24370DF2
OK
> RUN
RUN
HIT idx=4554 val=4061 trials=20 l=81 iters=81 cyc=30814 us=308 wall_us=314
OK
> SET BURST=1 SEEDJ=0x7B1DCDAF SEEDM=0x24370DF2
SET BURST=1 SEEDJ=0x7B1DCDAF SEEDM=0x24370DF2
OK
> RUN
RUN
HIT idx=4554 val=4061 trials=20 l=81 iters=16 cyc=11503 us=115 wall_us=121
OK
> SET BURST=0 SEEDJ=0x3A85A4DC SEEDM=0xA3B9AA35
SET BURST=0 SEEDJ=0x3A85A4DC SEEDM=0xA3B9AA35
OK
> RUN
RUN
HIT idx=13446 val=-543 trials=11 l=9 iters=9 cyc=7492 us=74 wall_us=80
OK
> SET BURST=1 SEEDJ=0x3A85A4DC SEEDM=0xA3B9AA35
SET BURST=1 SEEDJ=0x3A85A4DC SEEDM=0xA3B9AA35
OK
> RUN
RUN
HIT idx=13446 val=-543 trials=11 l=9 iters=4 cyc=5024 us=50 wall_us=56
OK
> GEN PRED=RANGE A=-4096 B=4096 TARGETS=64 SEED=0x5EED1234 POS=0x3A4E2026
GEN PRED=RANGE A=-4096 B=4096 TARGETS=64 SEED=0x5EED1234 POS=0x3A4E2026
OK count=16384 targets=64 pred=RANGE a=-4096 b=4096
> SUM
SUM
STAT count=16384 fnv=0x4f2d645d hits=64 pred=RANGE a=-4096 b=4096 loaded=0
OK
> LOAD
LOAD
OK loaded=16384 addr=0xe000a610
> SET MODE=RANGE A=-4096 B=4096 COUNT=16384 CAP=100 AUTO=1 J=0
SET MODE=RANGE A=-4096 B=4096 COUNT=16384 CAP=100 AUTO=1 J=0
OK
> SET BURST=0 SEEDJ=0x7B1DCDAF SEEDM=0x24370DF2
SET BURST=0 SEEDJ=0x7B1DCDAF SEEDM=0x24370DF2
OK
> RUN
RUN
HIT idx=6171 val=1345 trials=14 l=22 iters=22 cyc=12402 us=124 wall_us=129
OK
> SET BURST=1 SEEDJ=0x7B1DCDAF SEEDM=0x24370DF2
SET BURST=1 SEEDJ=0x7B1DCDAF SEEDM=0x24370DF2
OK
> RUN
RUN
HIT idx=6171 val=1345 trials=14 l=22 iters=5 cyc=6496 us=64 wall_us=70
OK
> SET BURST=0 SEEDJ=0x3A85A4DC SEEDM=0xA3B9AA35
SET BURST=0 SEEDJ=0x3A85A4DC SEEDM=0xA3B9AA35
OK
> RUN
RUN
HIT idx=13589 val=-734 trials=11 l=9 iters=9 cyc=7548 us=75 wall_us=81
OK
> SET BURST=1 SEEDJ=0x3A85A4DC SEEDM=0xA3B9AA35
SET BURST=1 SEEDJ=0x3A85A4DC SEEDM=0xA3B9AA35
OK
> RUN
RUN
HIT idx=13589 val=-734 trials=11 l=9 iters=4 cyc=5080 us=50 wall_us=56
OK
> GEN PRED=RANGE A=-4096 B=4096 TARGETS=256 SEED=0x5EED1234 POS=0x3A4E2026
GEN PRED=RANGE A=-4096 B=4096 TARGETS=256 SEED=0x5EED1234 POS=0x3A4E2026
OK count=16384 targets=256 pred=RANGE a=-4096 b=4096
> SUM
SUM
STAT count=16384 fnv=0x0d48036a hits=256 pred=RANGE a=-4096 b=4096 loaded=0
OK
> LOAD
LOAD
OK loaded=16384 addr=0xe000a610
> SET MODE=RANGE A=-4096 B=4096 COUNT=16384 CAP=100 AUTO=1 J=0
SET MODE=RANGE A=-4096 B=4096 COUNT=16384 CAP=100 AUTO=1 J=0
OK
> SET BURST=0 SEEDJ=0x7B1DCDAF SEEDM=0x24370DF2
SET BURST=0 SEEDJ=0x7B1DCDAF SEEDM=0x24370DF2
OK
> RUN
RUN
HIT idx=12101 val=-2751 trials=2 l=1 iters=1 cyc=1218 us=12 wall_us=16
OK
> SET BURST=1 SEEDJ=0x7B1DCDAF SEEDM=0x24370DF2
SET BURST=1 SEEDJ=0x7B1DCDAF SEEDM=0x24370DF2
OK
> RUN
RUN
HIT idx=12101 val=-2751 trials=2 l=1 iters=1 cyc=1187 us=11 wall_us=17
OK
> SET BURST=0 SEEDJ=0x3A85A4DC SEEDM=0xA3B9AA35
SET BURST=0 SEEDJ=0x3A85A4DC SEEDM=0xA3B9AA35
OK
> RUN
RUN
HIT idx=1860 val=-2151 trials=10 l=5 iters=5 cyc=6002 us=60 wall_us=65
OK
> SET BURST=1 SEEDJ=0x3A85A4DC SEEDM=0xA3B9AA35
SET BURST=1 SEEDJ=0x3A85A4DC SEEDM=0xA3B9AA35
OK
> RUN
RUN
HIT idx=1860 val=-2151 trials=10 l=5 iters=2 cyc=4186 us=41 wall_us=47
OK
