nohup: ignoring input
== 1. build
== 2. verification
LT    M=  1 A=-16384 B=0 fnv/sha256 OK
LT    M=  4 A=-16384 B=0 fnv/sha256 OK
LT    M= 16 A=-16384 B=0 fnv/sha256 OK
LT    M= 64 A=-16384 B=0 fnv/sha256 OK
LT    M=256 A=-16384 B=0 fnv/sha256 OK
GT    M=  1 A=16383 B=0 fnv/sha256 OK
GT    M=  4 A=16383 B=0 fnv/sha256 OK
GT    M= 16 A=16383 B=0 fnv/sha256 OK
GT    M= 64 A=16383 B=0 fnv/sha256 OK
GT    M=256 A=16383 B=0 fnv/sha256 OK
EQ    M=  1 A=12345 B=0 fnv/sha256 OK
EQ    M=  4 A=12345 B=0 fnv/sha256 OK
EQ    M= 16 A=12345 B=0 fnv/sha256 OK
EQ    M= 64 A=12345 B=0 fnv/sha256 OK
EQ    M=256 A=12345 B=0 fnv/sha256 OK
RANGE M=  1 A=-4096 B=4096 fnv/sha256 OK
RANGE M=  4 A=-4096 B=4096 fnv/sha256 OK
RANGE M= 16 A=-4096 B=4096 fnv/sha256 OK
RANGE M= 64 A=-4096 B=4096 fnv/sha256 OK
RANGE M=256 A=-4096 B=4096 fnv/sha256 OK
all 20 datasets match predicate500_datasets.csv
bundled data/predicate500_datasets identical to the regenerated files
requested-j vectors: 256/256 bit-exact
cases 40: mask 40/40, rtl search 80/80, sw search valid 80/80
PASS
CPP_RTL_EXACT_NORMAL: success 500/500 trials 7363 L 30875 phys 30875 search_sum 287.802 ms compute_sum 249.243 ms wall 0.579 s (RAPL unavailable)
CPP_RTL_EXACT_K3H3: success 500/500 trials 7363 L 30875 phys 9355 search_sum 130.859 ms compute_sum 75.853 ms wall 0.306 s (RAPL unavailable)
CPP_RTL_EXACT_ALLJ: success 500/500 trials 7363 L 30875 phys 8342 search_sum 83.689 ms compute_sum 68.473 ms wall 0.176 s (RAPL unavailable)
CPP_RTL_EXACT_ALLJ_SESSION: success 500/500 trials 7363 L 30875 phys 253 search_sum 8.789 ms compute_sum 7.291 ms wall 0.011 s (RAPL unavailable)
CPP_RTL_EXACT_NORMAL: success 500/500 trials 7403 L 33131 phys 33131 search_sum 320.743 ms compute_sum 281.907 ms wall 0.645 s (RAPL unavailable)
CPP_RTL_EXACT_K3H3: success 500/500 trials 7403 L 33131 phys 10008 search_sum 136.192 ms compute_sum 80.996 ms wall 0.317 s (RAPL unavailable)
CPP_RTL_EXACT_ALLJ: success 500/500 trials 7403 L 33131 phys 9029 search_sum 89.575 ms compute_sum 74.188 ms wall 0.188 s (RAPL unavailable)
CPP_RTL_EXACT_ALLJ_SESSION: success 500/500 trials 7403 L 33131 phys 266 search_sum 8.856 ms compute_sum 7.304 ms wall 0.011 s (RAPL unavailable)
CPP_RTL_EXACT_NORMAL: success 500/500 trials 7403 L 31424 phys 31424 search_sum 292.403 ms compute_sum 253.625 ms wall 0.588 s (RAPL unavailable)
CPP_RTL_EXACT_K3H3: success 500/500 trials 7403 L 31424 phys 9582 search_sum 133.186 ms compute_sum 77.645 ms wall 0.309 s (RAPL unavailable)
CPP_RTL_EXACT_ALLJ: success 500/500 trials 7403 L 31424 phys 8577 search_sum 85.715 ms compute_sum 70.357 ms wall 0.180 s (RAPL unavailable)
CPP_RTL_EXACT_ALLJ_SESSION: success 500/500 trials 7403 L 31424 phys 245 search_sum 8.256 ms compute_sum 6.726 ms wall 0.010 s (RAPL unavailable)
CPP_RTL_EXACT_NORMAL: success 500/500 trials 7213 L 29676 phys 29676 search_sum 277.477 ms compute_sum 239.743 ms wall 0.558 s (RAPL unavailable)
CPP_RTL_EXACT_K3H3: success 500/500 trials 7213 L 29676 phys 8714 search_sum 124.754 ms compute_sum 70.695 ms wall 0.291 s (RAPL unavailable)
CPP_RTL_EXACT_ALLJ: success 500/500 trials 7213 L 29676 phys 7875 search_sum 79.534 ms compute_sum 64.557 ms wall 0.167 s (RAPL unavailable)
CPP_RTL_EXACT_ALLJ_SESSION: success 500/500 trials 7213 L 29676 phys 209 search_sum 7.436 ms compute_sum 5.997 ms wall 0.009 s (RAPL unavailable)
vs golden (predicate500_expected.csv):
  LT    normal 500/500, k3h3 500/500, allj 500/500, session 500/500
  GT    normal 500/500, k3h3 500/500, allj 500/500, session 500/500
  EQ    normal 500/500, k3h3 500/500, allj 500/500, session 500/500
  RANGE normal 500/500, k3h3 500/500, allj 500/500, session 500/500
vs board bram/normal: 2000/2000
vs board bram/ckpt: 2000/2000
vs board nocheckpoint/normal: 2000/2000
vs board dram/normal: 2000/2000
PASS
CPP_RTL_EXACT_NORMAL: success 500/500 trials 7403 L 31424 phys 31424 search_sum 292.664 ms compute_sum 253.631 ms wall 0.594 s (RAPL unavailable)
CPP_RTL_EXACT_K4H4: success 500/500 trials 7403 L 31424 phys 9058 search_sum 129.349 ms compute_sum 73.434 ms wall 0.409 s (RAPL unavailable)
CPP_RTL_EXACT_K3H3: success 500/500 trials 7403 L 31424 phys 9582 search_sum 134.442 ms compute_sum 77.603 ms wall 0.317 s (RAPL unavailable)
normal: workloads 500, attempts 7403, attempt-trace mismatches 0, workload mismatches vs Python 0, vs FPGA board 0
k4h4: workloads 500, attempts 7403, attempt-trace mismatches 0, workload mismatches vs Python 0, vs FPGA board 0
k3h3: workloads 500, attempts 7403, attempt-trace mismatches 0, workload mismatches vs Python 0, vs FPGA board 0
PASS
== 3. predicate500: single core (core 13)
CPP_SW_BEST_NORMAL_F64: success 500/500 trials 7404 L 31354 phys 31354 search_sum 239.319 ms compute_sum 194.858 ms wall 1.440 s (RAPL unavailable)
CPP_SW_BEST_NORMAL_F64: success 500/500 trials 7565 L 32405 phys 32405 search_sum 246.630 ms compute_sum 201.146 ms wall 1.484 s (RAPL unavailable)
CPP_SW_BEST_NORMAL_F64: success 500/500 trials 7468 L 31270 phys 31270 search_sum 239.950 ms compute_sum 194.610 ms wall 1.445 s (RAPL unavailable)
CPP_SW_BEST_NORMAL_F64: success 500/500 trials 7487 L 32947 phys 32947 search_sum 250.705 ms compute_sum 204.924 ms wall 1.509 s (RAPL unavailable)
CPP_SW_BEST_ALLJ_F64: success 500/500 trials 7404 L 31354 phys 8302 search_sum 65.713 ms compute_sum 53.007 ms wall 0.411 s (RAPL unavailable)
CPP_SW_BEST_ALLJ_F64: success 500/500 trials 7565 L 32405 phys 8704 search_sum 68.874 ms compute_sum 55.891 ms wall 0.432 s (RAPL unavailable)
CPP_SW_BEST_ALLJ_F64: success 500/500 trials 7468 L 31270 phys 8418 search_sum 66.213 ms compute_sum 53.468 ms wall 0.414 s (RAPL unavailable)
CPP_SW_BEST_ALLJ_F64: success 500/500 trials 7487 L 32947 phys 8940 search_sum 70.141 ms compute_sum 57.257 ms wall 0.440 s (RAPL unavailable)
CPP_SW_BEST_K3H3_F64: success 500/500 trials 7404 L 31354 phys 9347 search_sum 124.355 ms compute_sum 57.924 ms wall 0.796 s (RAPL unavailable)
CPP_SW_BEST_K3H3_F64: success 500/500 trials 7565 L 32405 phys 9738 search_sum 131.219 ms compute_sum 61.701 ms wall 0.841 s (RAPL unavailable)
CPP_SW_BEST_K3H3_F64: success 500/500 trials 7468 L 31270 phys 9389 search_sum 155.226 ms compute_sum 58.195 ms wall 0.986 s (RAPL unavailable)
CPP_SW_BEST_K3H3_F64: success 500/500 trials 7487 L 32947 phys 9899 search_sum 131.814 ms compute_sum 62.900 ms wall 0.843 s (RAPL unavailable)
CPP_SW_BEST_K4H4_F64: success 500/500 trials 7404 L 31354 phys 8833 search_sum 122.385 ms compute_sum 54.717 ms wall 0.891 s (RAPL unavailable)
CPP_SW_BEST_K4H4_F64: success 500/500 trials 7565 L 32405 phys 9252 search_sum 126.870 ms compute_sum 57.639 ms wall 0.920 s (RAPL unavailable)
CPP_SW_BEST_K4H4_F64: success 500/500 trials 7468 L 31270 phys 8911 search_sum 124.357 ms compute_sum 55.148 ms wall 0.904 s (RAPL unavailable)
CPP_SW_BEST_K4H4_F64: success 500/500 trials 7487 L 32947 phys 9425 search_sum 132.737 ms compute_sum 63.750 ms wall 0.965 s (RAPL unavailable)
CPP_SW_BEST_NORMAL_F32: success 500/500 trials 7404 L 31354 phys 31354 search_sum 187.330 ms compute_sum 147.008 ms wall 1.128 s (RAPL unavailable)
CPP_SW_BEST_NORMAL_F32: success 500/500 trials 7565 L 32405 phys 32405 search_sum 192.787 ms compute_sum 151.675 ms wall 1.160 s (RAPL unavailable)
CPP_SW_BEST_NORMAL_F32: success 500/500 trials 7468 L 31270 phys 31270 search_sum 190.242 ms compute_sum 149.980 ms wall 1.145 s (RAPL unavailable)
CPP_SW_BEST_NORMAL_F32: success 500/500 trials 7487 L 32947 phys 32947 search_sum 194.211 ms compute_sum 153.667 ms wall 1.169 s (RAPL unavailable)
CPP_SW_BEST_ALLJ_F32: success 500/500 trials 7404 L 31354 phys 8302 search_sum 55.319 ms compute_sum 39.582 ms wall 0.341 s (RAPL unavailable)
CPP_SW_BEST_ALLJ_F32: success 500/500 trials 7565 L 32405 phys 8704 search_sum 57.882 ms compute_sum 41.782 ms wall 0.357 s (RAPL unavailable)
CPP_SW_BEST_ALLJ_F32: success 500/500 trials 7468 L 31270 phys 8418 search_sum 56.206 ms compute_sum 40.333 ms wall 0.346 s (RAPL unavailable)
CPP_SW_BEST_ALLJ_F32: success 500/500 trials 7487 L 32947 phys 8940 search_sum 58.718 ms compute_sum 42.759 ms wall 0.361 s (RAPL unavailable)
CPP_SW_BEST_K3H3_F32: success 500/500 trials 7404 L 31354 phys 9347 search_sum 100.088 ms compute_sum 44.027 ms wall 0.647 s (RAPL unavailable)
CPP_SW_BEST_K3H3_F32: success 500/500 trials 7565 L 32405 phys 9738 search_sum 103.577 ms compute_sum 46.202 ms wall 0.675 s (RAPL unavailable)
CPP_SW_BEST_K3H3_F32: success 500/500 trials 7468 L 31270 phys 9389 search_sum 98.688 ms compute_sum 44.168 ms wall 0.638 s (RAPL unavailable)
CPP_SW_BEST_K3H3_F32: success 500/500 trials 7487 L 32947 phys 9899 search_sum 102.231 ms compute_sum 46.457 ms wall 0.660 s (RAPL unavailable)
CPP_SW_BEST_K4H4_F32: success 500/500 trials 7404 L 31354 phys 8833 search_sum 96.248 ms compute_sum 41.555 ms wall 0.727 s (RAPL unavailable)
CPP_SW_BEST_K4H4_F32: success 500/500 trials 7565 L 32405 phys 9252 search_sum 99.343 ms compute_sum 43.411 ms wall 0.752 s (RAPL unavailable)
CPP_SW_BEST_K4H4_F32: success 500/500 trials 7468 L 31270 phys 8911 search_sum 96.510 ms compute_sum 41.793 ms wall 0.727 s (RAPL unavailable)
CPP_SW_BEST_K4H4_F32: success 500/500 trials 7487 L 32947 phys 9425 search_sum 98.929 ms compute_sum 44.055 ms wall 0.743 s (RAPL unavailable)
CPP_RTL_EXACT_NORMAL: success 500/500 trials 7363 L 30875 phys 30875 search_sum 287.752 ms compute_sum 249.248 ms wall 1.730 s (RAPL unavailable)
CPP_RTL_EXACT_NORMAL: success 500/500 trials 7403 L 33131 phys 33131 search_sum 306.091 ms compute_sum 267.451 ms wall 1.841 s (RAPL unavailable)
CPP_RTL_EXACT_NORMAL: success 500/500 trials 7403 L 31424 phys 31424 search_sum 292.220 ms compute_sum 253.627 ms wall 1.757 s (RAPL unavailable)
CPP_RTL_EXACT_NORMAL: success 500/500 trials 7213 L 29676 phys 29676 search_sum 283.360 ms compute_sum 245.765 ms wall 1.704 s (RAPL unavailable)
CPP_RTL_EXACT_K3H3: success 500/500 trials 7363 L 30875 phys 9355 search_sum 129.313 ms compute_sum 75.636 ms wall 0.826 s (RAPL unavailable)
CPP_RTL_EXACT_K3H3: success 500/500 trials 7403 L 33131 phys 10008 search_sum 136.375 ms compute_sum 80.890 ms wall 0.866 s (RAPL unavailable)
CPP_RTL_EXACT_K3H3: success 500/500 trials 7403 L 31424 phys 9582 search_sum 131.301 ms compute_sum 77.462 ms wall 0.835 s (RAPL unavailable)
CPP_RTL_EXACT_K3H3: success 500/500 trials 7213 L 29676 phys 8714 search_sum 124.138 ms compute_sum 72.251 ms wall 0.789 s (RAPL unavailable)
CPP_RTL_EXACT_ALLJ: success 500/500 trials 7363 L 30875 phys 8342 search_sum 83.439 ms compute_sum 68.303 ms wall 0.510 s (RAPL unavailable)
CPP_RTL_EXACT_ALLJ: success 500/500 trials 7403 L 33131 phys 9029 search_sum 89.139 ms compute_sum 73.823 ms wall 0.545 s (RAPL unavailable)
CPP_RTL_EXACT_ALLJ: success 500/500 trials 7403 L 31424 phys 8577 search_sum 85.417 ms compute_sum 70.137 ms wall 0.522 s (RAPL unavailable)
CPP_RTL_EXACT_ALLJ: success 500/500 trials 7213 L 29676 phys 7875 search_sum 79.337 ms compute_sum 64.458 ms wall 0.485 s (RAPL unavailable)
NUMPY_NORMAL_F64 LT M=1 done
NUMPY_NORMAL_F64 LT M=4 done
NUMPY_NORMAL_F64 LT M=16 done
NUMPY_NORMAL_F64 LT M=64 done
NUMPY_NORMAL_F64 LT M=256 done
NUMPY_NORMAL_F64 LT W1: success 500/500 trials 7404 L 31354 physical 31354 search_sum 736.1 ms compute_sum 530.1 ms throughput 677/s
NUMPY_NORMAL_F64 GT M=1 done
NUMPY_NORMAL_F64 GT M=4 done
NUMPY_NORMAL_F64 GT M=16 done
NUMPY_NORMAL_F64 GT M=64 done
NUMPY_NORMAL_F64 GT M=256 done
NUMPY_NORMAL_F64 GT W1: success 500/500 trials 7565 L 32405 physical 32405 search_sum 755.1 ms compute_sum 544.5 ms throughput 660/s
NUMPY_NORMAL_F64 EQ M=1 done
NUMPY_NORMAL_F64 EQ M=4 done
NUMPY_NORMAL_F64 EQ M=16 done
NUMPY_NORMAL_F64 EQ M=64 done
NUMPY_NORMAL_F64 EQ M=256 done
NUMPY_NORMAL_F64 EQ W1: success 500/500 trials 7468 L 31270 physical 31270 search_sum 745.7 ms compute_sum 537.5 ms throughput 668/s
NUMPY_NORMAL_F64 RANGE M=1 done
NUMPY_NORMAL_F64 RANGE M=4 done
NUMPY_NORMAL_F64 RANGE M=16 done
NUMPY_NORMAL_F64 RANGE M=64 done
NUMPY_NORMAL_F64 RANGE M=256 done
NUMPY_NORMAL_F64 RANGE W1: success 500/500 trials 7487 L 32947 physical 32947 search_sum 769.7 ms compute_sum 559.5 ms throughput 648/s
QISKIT_AER_NORMAL_F64 LT M=1 done
QISKIT_AER_NORMAL_F64 LT M=4 done
QISKIT_AER_NORMAL_F64 LT M=16 done
QISKIT_AER_NORMAL_F64 LT M=64 done
QISKIT_AER_NORMAL_F64 LT M=256 done
QISKIT_AER_NORMAL_F64 LT W1: success 100/100 trials 1452 L 5588 physical 5588 search_sum 51531.3 ms compute_sum 17671.6 ms throughput 2/s
QISKIT_AER_NORMAL_F64 GT M=1 done
QISKIT_AER_NORMAL_F64 GT M=4 done
QISKIT_AER_NORMAL_F64 GT M=16 done
QISKIT_AER_NORMAL_F64 GT M=64 done
QISKIT_AER_NORMAL_F64 GT M=256 done
QISKIT_AER_NORMAL_F64 GT W1: success 100/100 trials 1470 L 6031 physical 6031 search_sum 55778.0 ms compute_sum 19154.2 ms throughput 2/s
QISKIT_AER_NORMAL_F64 EQ M=1 done
QISKIT_AER_NORMAL_F64 EQ M=4 done
QISKIT_AER_NORMAL_F64 EQ M=16 done
QISKIT_AER_NORMAL_F64 EQ M=64 done
QISKIT_AER_NORMAL_F64 EQ M=256 done
QISKIT_AER_NORMAL_F64 EQ W1: success 100/100 trials 1490 L 6496 physical 6496 search_sum 59505.0 ms compute_sum 20407.8 ms throughput 2/s
QISKIT_AER_NORMAL_F64 RANGE M=1 done
QISKIT_AER_NORMAL_F64 RANGE M=4 done
QISKIT_AER_NORMAL_F64 RANGE M=16 done
QISKIT_AER_NORMAL_F64 RANGE M=64 done
QISKIT_AER_NORMAL_F64 RANGE M=256 done
QISKIT_AER_NORMAL_F64 RANGE W1: success 100/100 trials 1536 L 6438 physical 6438 search_sum 58759.0 ms compute_sum 20229.4 ms throughput 2/s
NUMPY_ALLJ_F64 LT M=1 done
NUMPY_ALLJ_F64 LT M=4 done
NUMPY_ALLJ_F64 LT M=16 done
NUMPY_ALLJ_F64 LT M=64 done
NUMPY_ALLJ_F64 LT M=256 done
NUMPY_ALLJ_F64 LT W1: success 500/500 trials 7404 L 31354 physical 8302 search_sum 421.4 ms compute_sum 153.0 ms throughput 1174/s
NUMPY_ALLJ_F64 GT M=1 done
NUMPY_ALLJ_F64 GT M=4 done
NUMPY_ALLJ_F64 GT M=16 done
NUMPY_ALLJ_F64 GT M=64 done
NUMPY_ALLJ_F64 GT M=256 done
NUMPY_ALLJ_F64 GT W1: success 500/500 trials 7565 L 32405 physical 8704 search_sum 450.6 ms compute_sum 175.3 ms throughput 1100/s
NUMPY_ALLJ_F64 EQ M=1 done
NUMPY_ALLJ_F64 EQ M=4 done
NUMPY_ALLJ_F64 EQ M=16 done
NUMPY_ALLJ_F64 EQ M=64 done
NUMPY_ALLJ_F64 EQ M=256 done
NUMPY_ALLJ_F64 EQ W1: success 500/500 trials 7468 L 31270 physical 8418 search_sum 431.9 ms compute_sum 162.7 ms throughput 1147/s
NUMPY_ALLJ_F64 RANGE M=1 done
NUMPY_ALLJ_F64 RANGE M=4 done
NUMPY_ALLJ_F64 RANGE M=16 done
NUMPY_ALLJ_F64 RANGE M=64 done
NUMPY_ALLJ_F64 RANGE M=256 done
NUMPY_ALLJ_F64 RANGE W1: success 500/500 trials 7487 L 32947 physical 8940 search_sum 441.0 ms compute_sum 162.7 ms throughput 1121/s
QISKIT_AER_ALLJ_F64 LT M=1 done
QISKIT_AER_ALLJ_F64 LT M=4 done
QISKIT_AER_ALLJ_F64 LT M=16 done
QISKIT_AER_ALLJ_F64 LT M=64 done
QISKIT_AER_ALLJ_F64 LT M=256 done
QISKIT_AER_ALLJ_F64 LT W1: success 100/100 trials 1452 L 5588 physical 1488 search_sum 13929.1 ms compute_sum 4561.8 ms throughput 7/s
QISKIT_AER_ALLJ_F64 GT M=1 done
QISKIT_AER_ALLJ_F64 GT M=4 done
QISKIT_AER_ALLJ_F64 GT M=16 done
QISKIT_AER_ALLJ_F64 GT M=64 done
QISKIT_AER_ALLJ_F64 GT M=256 done
QISKIT_AER_ALLJ_F64 GT W1: success 100/100 trials 1470 L 6031 physical 1640 search_sum 15214.4 ms compute_sum 4988.1 ms throughput 6/s
QISKIT_AER_ALLJ_F64 EQ M=1 done
QISKIT_AER_ALLJ_F64 EQ M=4 done
QISKIT_AER_ALLJ_F64 EQ M=16 done
QISKIT_AER_ALLJ_F64 EQ M=64 done
QISKIT_AER_ALLJ_F64 EQ M=256 done
QISKIT_AER_ALLJ_F64 EQ W1: success 100/100 trials 1490 L 6496 physical 1806 search_sum 16771.1 ms compute_sum 5537.8 ms throughput 6/s
QISKIT_AER_ALLJ_F64 RANGE M=1 done
QISKIT_AER_ALLJ_F64 RANGE M=4 done
QISKIT_AER_ALLJ_F64 RANGE M=16 done
QISKIT_AER_ALLJ_F64 RANGE M=64 done
QISKIT_AER_ALLJ_F64 RANGE M=256 done
QISKIT_AER_ALLJ_F64 RANGE W1: success 100/100 trials 1536 L 6438 physical 1764 search_sum 16400.6 ms compute_sum 5400.6 ms throughput 6/s
NUMPY_K3H3_F64 LT M=1 done
NUMPY_K3H3_F64 LT M=4 done
NUMPY_K3H3_F64 LT M=16 done
NUMPY_K3H3_F64 LT M=64 done
NUMPY_K3H3_F64 LT M=256 done
NUMPY_K3H3_F64 LT W1: success 500/500 trials 7404 L 31354 physical 9347 search_sum 560.7 ms compute_sum 173.6 ms throughput 835/s
NUMPY_K3H3_F64 GT M=1 done
NUMPY_K3H3_F64 GT M=4 done
NUMPY_K3H3_F64 GT M=16 done
NUMPY_K3H3_F64 GT M=64 done
NUMPY_K3H3_F64 GT M=256 done
NUMPY_K3H3_F64 GT W1: success 500/500 trials 7565 L 32405 physical 9738 search_sum 577.1 ms compute_sum 181.3 ms throughput 812/s
NUMPY_K3H3_F64 EQ M=1 done
NUMPY_K3H3_F64 EQ M=4 done
NUMPY_K3H3_F64 EQ M=16 done
NUMPY_K3H3_F64 EQ M=64 done
NUMPY_K3H3_F64 EQ M=256 done
NUMPY_K3H3_F64 EQ W1: success 500/500 trials 7468 L 31270 physical 9389 search_sum 564.7 ms compute_sum 174.0 ms throughput 831/s
NUMPY_K3H3_F64 RANGE M=1 done
NUMPY_K3H3_F64 RANGE M=4 done
NUMPY_K3H3_F64 RANGE M=16 done
NUMPY_K3H3_F64 RANGE M=64 done
NUMPY_K3H3_F64 RANGE M=256 done
NUMPY_K3H3_F64 RANGE W1: success 500/500 trials 7487 L 32947 physical 9899 search_sum 577.2 ms compute_sum 183.0 ms throughput 809/s
QISKIT_AER_K3H3_F64 LT M=1 done
QISKIT_AER_K3H3_F64 LT M=4 done
QISKIT_AER_K3H3_F64 LT M=16 done
QISKIT_AER_K3H3_F64 LT M=64 done
QISKIT_AER_K3H3_F64 LT M=256 done
QISKIT_AER_K3H3_F64 LT W1: success 100/100 trials 1452 L 5588 physical 1687 search_sum 15675.6 ms compute_sum 5097.1 ms throughput 6/s
QISKIT_AER_K3H3_F64 GT M=1 done
QISKIT_AER_K3H3_F64 GT M=4 done
QISKIT_AER_K3H3_F64 GT M=16 done
QISKIT_AER_K3H3_F64 GT M=64 done
QISKIT_AER_K3H3_F64 GT M=256 done
QISKIT_AER_K3H3_F64 GT W1: success 100/100 trials 1470 L 6031 physical 1811 search_sum 16820.5 ms compute_sum 5492.6 ms throughput 6/s
QISKIT_AER_K3H3_F64 EQ M=1 done
QISKIT_AER_K3H3_F64 EQ M=4 done
QISKIT_AER_K3H3_F64 EQ M=16 done
QISKIT_AER_K3H3_F64 EQ M=64 done
QISKIT_AER_K3H3_F64 EQ M=256 done
QISKIT_AER_K3H3_F64 EQ W1: success 100/100 trials 1490 L 6496 physical 2057 search_sum 19027.2 ms compute_sum 6224.8 ms throughput 5/s
QISKIT_AER_K3H3_F64 RANGE M=1 done
QISKIT_AER_K3H3_F64 RANGE M=4 done
QISKIT_AER_K3H3_F64 RANGE M=16 done
QISKIT_AER_K3H3_F64 RANGE M=64 done
QISKIT_AER_K3H3_F64 RANGE M=256 done
QISKIT_AER_K3H3_F64 RANGE W1: success 100/100 trials 1536 L 6438 physical 1949 search_sum 18090.7 ms compute_sum 5917.7 ms throughput 5/s
GOLDEN_PY_NORMAL LT M=1 done
GOLDEN_PY_NORMAL LT M=4 done
GOLDEN_PY_NORMAL LT M=16 done
GOLDEN_PY_NORMAL LT M=64 done
GOLDEN_PY_NORMAL LT M=256 done
GOLDEN_PY_NORMAL LT W1: success 500/500 trials 7363 L 30875 physical 30875 search_sum 4726.7 ms compute_sum 3611.4 ms throughput 103/s
GOLDEN_PY_NORMAL GT M=1 done
GOLDEN_PY_NORMAL GT M=4 done
GOLDEN_PY_NORMAL GT M=16 done
GOLDEN_PY_NORMAL GT M=64 done
GOLDEN_PY_NORMAL GT M=256 done
GOLDEN_PY_NORMAL GT W1: success 500/500 trials 7403 L 33131 physical 33131 search_sum 5030.0 ms compute_sum 3907.9 ms throughput 97/s
GOLDEN_PY_NORMAL EQ M=1 done
GOLDEN_PY_NORMAL EQ M=4 done
GOLDEN_PY_NORMAL EQ M=16 done
GOLDEN_PY_NORMAL EQ M=64 done
GOLDEN_PY_NORMAL EQ M=256 done
GOLDEN_PY_NORMAL EQ W1: success 500/500 trials 7403 L 31424 physical 31424 search_sum 4798.0 ms compute_sum 3691.4 ms throughput 100/s
GOLDEN_PY_NORMAL RANGE M=1 done
GOLDEN_PY_NORMAL RANGE M=4 done
GOLDEN_PY_NORMAL RANGE M=16 done
GOLDEN_PY_NORMAL RANGE M=64 done
GOLDEN_PY_NORMAL RANGE M=256 done
GOLDEN_PY_NORMAL RANGE W1: success 500/500 trials 7213 L 29676 physical 29676 search_sum 4579.3 ms compute_sum 3488.9 ms throughput 107/s
GOLDEN_PY_K3H3 LT M=1 done
GOLDEN_PY_K3H3 LT M=4 done
GOLDEN_PY_K3H3 LT M=16 done
GOLDEN_PY_K3H3 LT M=64 done
GOLDEN_PY_K3H3 LT M=256 done
GOLDEN_PY_K3H3 LT W1: success 500/500 trials 7363 L 30875 physical 9355 search_sum 2476.3 ms compute_sum 1097.6 ms throughput 188/s
GOLDEN_PY_K3H3 GT M=1 done
GOLDEN_PY_K3H3 GT M=4 done
GOLDEN_PY_K3H3 GT M=16 done
GOLDEN_PY_K3H3 GT M=64 done
GOLDEN_PY_K3H3 GT M=256 done
GOLDEN_PY_K3H3 GT W1: success 500/500 trials 7403 L 33131 physical 10008 search_sum 2545.3 ms compute_sum 1171.4 ms throughput 182/s
GOLDEN_PY_K3H3 EQ M=1 done
GOLDEN_PY_K3H3 EQ M=4 done
GOLDEN_PY_K3H3 EQ M=16 done
GOLDEN_PY_K3H3 EQ M=64 done
GOLDEN_PY_K3H3 EQ M=256 done
GOLDEN_PY_K3H3 EQ W1: success 500/500 trials 7403 L 31424 physical 9582 search_sum 2510.5 ms compute_sum 1130.4 ms throughput 180/s
GOLDEN_PY_K3H3 RANGE M=1 done
GOLDEN_PY_K3H3 RANGE M=4 done
GOLDEN_PY_K3H3 RANGE M=16 done
GOLDEN_PY_K3H3 RANGE M=64 done
GOLDEN_PY_K3H3 RANGE M=256 done
GOLDEN_PY_K3H3 RANGE W1: success 500/500 trials 7213 L 29676 physical 8714 search_sum 2367.0 ms compute_sum 1024.1 ms throughput 196/s
GOLDEN_PY_ALLJ LT M=1 done
GOLDEN_PY_ALLJ LT M=4 done
GOLDEN_PY_ALLJ LT M=16 done
GOLDEN_PY_ALLJ LT M=64 done
GOLDEN_PY_ALLJ LT M=256 done
GOLDEN_PY_ALLJ LT W1: success 500/500 trials 7363 L 30875 physical 8342 search_sum 3543.9 ms compute_sum 2327.9 ms throughput 137/s
GOLDEN_PY_ALLJ GT M=1 done
GOLDEN_PY_ALLJ GT M=4 done
GOLDEN_PY_ALLJ GT M=16 done
GOLDEN_PY_ALLJ GT M=64 done
GOLDEN_PY_ALLJ GT M=256 done
GOLDEN_PY_ALLJ GT W1: success 500/500 trials 7403 L 33131 physical 9029 search_sum 3751.1 ms compute_sum 2527.1 ms throughput 129/s
GOLDEN_PY_ALLJ EQ M=1 done
GOLDEN_PY_ALLJ EQ M=4 done
GOLDEN_PY_ALLJ EQ M=16 done
GOLDEN_PY_ALLJ EQ M=64 done
GOLDEN_PY_ALLJ EQ M=256 done
GOLDEN_PY_ALLJ EQ W1: success 500/500 trials 7403 L 31424 physical 8577 search_sum 3658.0 ms compute_sum 2439.5 ms throughput 130/s
GOLDEN_PY_ALLJ RANGE M=1 done
GOLDEN_PY_ALLJ RANGE M=4 done
GOLDEN_PY_ALLJ RANGE M=16 done
GOLDEN_PY_ALLJ RANGE M=64 done
GOLDEN_PY_ALLJ RANGE M=256 done
GOLDEN_PY_ALLJ RANGE W1: success 500/500 trials 7213 L 29676 physical 7875 search_sum 3430.3 ms compute_sum 2230.5 ms throughput 141/s
== 3. predicate500: multi-core latency (threads inside one Grover iteration)
CPP_SW_BEST_NORMAL_F64: success 500/500 trials 7404 L 31354 phys 31354 search_sum 167.586 ms compute_sum 120.020 ms wall 1.027 s (RAPL unavailable)
CPP_SW_BEST_NORMAL_F64: success 500/500 trials 7565 L 32405 phys 32405 search_sum 171.729 ms compute_sum 123.034 ms wall 1.050 s (RAPL unavailable)
CPP_SW_BEST_NORMAL_F64: success 500/500 trials 7468 L 31270 phys 31270 search_sum 166.634 ms compute_sum 118.604 ms wall 1.022 s (RAPL unavailable)
CPP_SW_BEST_NORMAL_F64: success 500/500 trials 7487 L 32947 phys 32947 search_sum 176.590 ms compute_sum 128.320 ms wall 1.081 s (RAPL unavailable)
CPP_SW_BEST_NORMAL_F32: success 500/500 trials 7404 L 31354 phys 31354 search_sum 120.774 ms compute_sum 80.646 ms wall 0.744 s (RAPL unavailable)
CPP_SW_BEST_NORMAL_F32: success 500/500 trials 7565 L 32405 phys 32405 search_sum 125.196 ms compute_sum 83.749 ms wall 0.771 s (RAPL unavailable)
CPP_SW_BEST_NORMAL_F32: success 500/500 trials 7468 L 31270 phys 31270 search_sum 121.886 ms compute_sum 80.899 ms wall 0.751 s (RAPL unavailable)
CPP_SW_BEST_NORMAL_F32: success 500/500 trials 7487 L 32947 phys 32947 search_sum 126.034 ms compute_sum 85.125 ms wall 0.778 s (RAPL unavailable)
CPP_SW_BEST_NORMAL_F64: success 500/500 trials 7404 L 31354 phys 31354 search_sum 167.047 ms compute_sum 115.885 ms wall 1.023 s (RAPL unavailable)
CPP_SW_BEST_NORMAL_F64: success 500/500 trials 7565 L 32405 phys 32405 search_sum 169.185 ms compute_sum 117.110 ms wall 1.036 s (RAPL unavailable)
CPP_SW_BEST_NORMAL_F64: success 500/500 trials 7468 L 31270 phys 31270 search_sum 165.213 ms compute_sum 114.082 ms wall 1.014 s (RAPL unavailable)
CPP_SW_BEST_NORMAL_F64: success 500/500 trials 7487 L 32947 phys 32947 search_sum 169.830 ms compute_sum 118.574 ms wall 1.039 s (RAPL unavailable)
CPP_SW_BEST_NORMAL_F32: success 500/500 trials 7404 L 31354 phys 31354 search_sum 101.477 ms compute_sum 61.014 ms wall 0.631 s (RAPL unavailable)
CPP_SW_BEST_NORMAL_F32: success 500/500 trials 7565 L 32405 phys 32405 search_sum 105.000 ms compute_sum 63.274 ms wall 0.650 s (RAPL unavailable)
CPP_SW_BEST_NORMAL_F32: success 500/500 trials 7468 L 31270 phys 31270 search_sum 102.178 ms compute_sum 61.416 ms wall 0.634 s (RAPL unavailable)
CPP_SW_BEST_NORMAL_F32: success 500/500 trials 7487 L 32947 phys 32947 search_sum 105.486 ms compute_sum 64.637 ms wall 0.654 s (RAPL unavailable)
CPP_SW_BEST_NORMAL_F64: success 500/500 trials 7404 L 31354 phys 31354 search_sum 126.418 ms compute_sum 69.856 ms wall 0.920 s (RAPL unavailable)
CPP_SW_BEST_NORMAL_F64: success 500/500 trials 7565 L 32405 phys 32405 search_sum 133.552 ms compute_sum 75.099 ms wall 1.931 s (RAPL unavailable)
CPP_SW_BEST_NORMAL_F64: success 500/500 trials 7468 L 31270 phys 31270 search_sum 127.246 ms compute_sum 69.435 ms wall 0.806 s (RAPL unavailable)
CPP_SW_BEST_NORMAL_F64: success 500/500 trials 7487 L 32947 phys 32947 search_sum 130.077 ms compute_sum 73.127 ms wall 0.938 s (RAPL unavailable)
CPP_SW_BEST_NORMAL_F32: success 500/500 trials 7404 L 31354 phys 31354 search_sum 102.476 ms compute_sum 59.778 ms wall 1.111 s (RAPL unavailable)
CPP_SW_BEST_NORMAL_F32: success 500/500 trials 7565 L 32405 phys 32405 search_sum 108.111 ms compute_sum 64.011 ms wall 0.826 s (RAPL unavailable)
CPP_SW_BEST_NORMAL_F32: success 500/500 trials 7468 L 31270 phys 31270 search_sum 133.928 ms compute_sum 89.635 ms wall 1.152 s (RAPL unavailable)
CPP_SW_BEST_NORMAL_F32: success 500/500 trials 7487 L 32947 phys 32947 search_sum 147.102 ms compute_sum 105.423 ms wall 1.314 s (RAPL unavailable)
== 3. predicate500: K3H3-E4-M2 counterpart (4 cores per search)
CPP_SW_BEST_K3H3_F64: success 500/500 trials 7404 L 31354 phys 9347 search_sum 104.224 ms compute_sum 34.800 ms wall 0.696 s (RAPL unavailable)
CPP_SW_BEST_K3H3_F64: success 500/500 trials 7565 L 32405 phys 9738 search_sum 108.186 ms compute_sum 36.944 ms wall 0.717 s (RAPL unavailable)
CPP_SW_BEST_K3H3_F64: success 500/500 trials 7468 L 31270 phys 9389 search_sum 134.773 ms compute_sum 35.413 ms wall 0.877 s (RAPL unavailable)
CPP_SW_BEST_K3H3_F64: success 500/500 trials 7487 L 32947 phys 9899 search_sum 108.593 ms compute_sum 36.935 ms wall 0.720 s (RAPL unavailable)
CPP_SW_BEST_K3H3_F32: success 500/500 trials 7404 L 31354 phys 9347 search_sum 77.358 ms compute_sum 19.001 ms wall 0.531 s (RAPL unavailable)
CPP_SW_BEST_K3H3_F32: success 500/500 trials 7565 L 32405 phys 9738 search_sum 81.135 ms compute_sum 20.259 ms wall 0.553 s (RAPL unavailable)
CPP_SW_BEST_K3H3_F32: success 500/500 trials 7468 L 31270 phys 9389 search_sum 77.992 ms compute_sum 19.664 ms wall 0.534 s (RAPL unavailable)
CPP_SW_BEST_K3H3_F32: success 500/500 trials 7487 L 32947 phys 9899 search_sum 79.577 ms compute_sum 20.269 ms wall 0.544 s (RAPL unavailable)
CPP_RTL_EXACT_NORMAL: success 500/500 trials 7363 L 30875 phys 30875 search_sum 121.898 ms compute_sum 80.618 ms wall 0.755 s (RAPL unavailable)
CPP_RTL_EXACT_NORMAL: success 500/500 trials 7403 L 33131 phys 33131 search_sum 127.813 ms compute_sum 86.287 ms wall 0.786 s (RAPL unavailable)
CPP_RTL_EXACT_NORMAL: success 500/500 trials 7403 L 31424 phys 31424 search_sum 124.184 ms compute_sum 82.290 ms wall 0.767 s (RAPL unavailable)
CPP_RTL_EXACT_NORMAL: success 500/500 trials 7213 L 29676 phys 29676 search_sum 117.605 ms compute_sum 77.269 ms wall 0.732 s (RAPL unavailable)
CPP_RTL_EXACT_K3H3: success 500/500 trials 7363 L 30875 phys 9355 search_sum 83.313 ms compute_sum 23.675 ms wall 0.578 s (RAPL unavailable)
CPP_RTL_EXACT_K3H3: success 500/500 trials 7403 L 33131 phys 10008 search_sum 93.828 ms compute_sum 24.918 ms wall 0.627 s (RAPL unavailable)
CPP_RTL_EXACT_K3H3: success 500/500 trials 7403 L 31424 phys 9582 search_sum 83.703 ms compute_sum 23.924 ms wall 0.567 s (RAPL unavailable)
CPP_RTL_EXACT_K3H3: success 500/500 trials 7213 L 29676 phys 8714 search_sum 81.875 ms compute_sum 22.782 ms wall 0.557 s (RAPL unavailable)
QISKIT_AER_NORMAL_F64 LT M=1 done
QISKIT_AER_NORMAL_F64 LT M=4 done
QISKIT_AER_NORMAL_F64 LT M=16 done
QISKIT_AER_NORMAL_F64 LT M=64 done
QISKIT_AER_NORMAL_F64 LT M=256 done
QISKIT_AER_NORMAL_F64 LT W1: success 100/100 trials 1452 L 5588 physical 5588 search_sum 44830.4 ms compute_sum 10886.4 ms throughput 2/s
QISKIT_AER_NORMAL_F64 GT M=1 done
QISKIT_AER_NORMAL_F64 GT M=4 done
QISKIT_AER_NORMAL_F64 GT M=16 done
QISKIT_AER_NORMAL_F64 GT M=64 done
QISKIT_AER_NORMAL_F64 GT M=256 done
QISKIT_AER_NORMAL_F64 GT W1: success 100/100 trials 1470 L 6031 physical 6031 search_sum 50342.6 ms compute_sum 13575.5 ms throughput 2/s
QISKIT_AER_NORMAL_F64 EQ M=1 done
QISKIT_AER_NORMAL_F64 EQ M=4 done
QISKIT_AER_NORMAL_F64 EQ M=16 done
QISKIT_AER_NORMAL_F64 EQ M=64 done
QISKIT_AER_NORMAL_F64 EQ M=256 done
QISKIT_AER_NORMAL_F64 EQ W1: success 100/100 trials 1490 L 6496 physical 6496 search_sum 51266.7 ms compute_sum 11982.2 ms throughput 2/s
QISKIT_AER_NORMAL_F64 RANGE M=1 done
QISKIT_AER_NORMAL_F64 RANGE M=4 done
QISKIT_AER_NORMAL_F64 RANGE M=16 done
QISKIT_AER_NORMAL_F64 RANGE M=64 done
QISKIT_AER_NORMAL_F64 RANGE M=256 done
QISKIT_AER_NORMAL_F64 RANGE W1: success 100/100 trials 1536 L 6438 physical 6438 search_sum 53632.1 ms compute_sum 14684.3 ms throughput 2/s
QISKIT_AER_ALLJ_F64 LT M=1 done
QISKIT_AER_ALLJ_F64 LT M=4 done
QISKIT_AER_ALLJ_F64 LT M=16 done
QISKIT_AER_ALLJ_F64 LT M=64 done
QISKIT_AER_ALLJ_F64 LT M=256 done
QISKIT_AER_ALLJ_F64 LT W1: success 100/100 trials 1452 L 5588 physical 1488 search_sum 12706.8 ms compute_sum 3274.7 ms throughput 7/s
QISKIT_AER_ALLJ_F64 GT M=1 done
QISKIT_AER_ALLJ_F64 GT M=4 done
QISKIT_AER_ALLJ_F64 GT M=16 done
QISKIT_AER_ALLJ_F64 GT M=64 done
QISKIT_AER_ALLJ_F64 GT M=256 done
QISKIT_AER_ALLJ_F64 GT W1: success 100/100 trials 1470 L 6031 physical 1640 search_sum 15570.5 ms compute_sum 5215.3 ms throughput 6/s
QISKIT_AER_ALLJ_F64 EQ M=1 done
QISKIT_AER_ALLJ_F64 EQ M=4 done
QISKIT_AER_ALLJ_F64 EQ M=16 done
QISKIT_AER_ALLJ_F64 EQ M=64 done
QISKIT_AER_ALLJ_F64 EQ M=256 done
QISKIT_AER_ALLJ_F64 EQ W1: success 100/100 trials 1490 L 6496 physical 1806 search_sum 16228.0 ms compute_sum 4871.5 ms throughput 6/s
QISKIT_AER_ALLJ_F64 RANGE M=1 done
QISKIT_AER_ALLJ_F64 RANGE M=4 done
QISKIT_AER_ALLJ_F64 RANGE M=16 done
QISKIT_AER_ALLJ_F64 RANGE M=64 done
QISKIT_AER_ALLJ_F64 RANGE M=256 done
QISKIT_AER_ALLJ_F64 RANGE W1: success 100/100 trials 1536 L 6438 physical 1764 search_sum 19711.1 ms compute_sum 8404.5 ms throughput 5/s
QISKIT_AER_K3H3_F64 LT M=1 done
QISKIT_AER_K3H3_F64 LT M=4 done
QISKIT_AER_K3H3_F64 LT M=16 done
QISKIT_AER_K3H3_F64 LT M=64 done
QISKIT_AER_K3H3_F64 LT M=256 done
QISKIT_AER_K3H3_F64 LT W1: success 100/100 trials 1452 L 5588 physical 1687 search_sum 14296.4 ms compute_sum 3566.9 ms throughput 6/s
QISKIT_AER_K3H3_F64 GT M=1 done
QISKIT_AER_K3H3_F64 GT M=4 done
QISKIT_AER_K3H3_F64 GT M=16 done
QISKIT_AER_K3H3_F64 GT M=64 done
QISKIT_AER_K3H3_F64 GT M=256 done
QISKIT_AER_K3H3_F64 GT W1: success 100/100 trials 1470 L 6031 physical 1811 search_sum 16737.3 ms compute_sum 5171.6 ms throughput 5/s
QISKIT_AER_K3H3_F64 EQ M=1 done
QISKIT_AER_K3H3_F64 EQ M=4 done
QISKIT_AER_K3H3_F64 EQ M=16 done
QISKIT_AER_K3H3_F64 EQ M=64 done
QISKIT_AER_K3H3_F64 EQ M=256 done
QISKIT_AER_K3H3_F64 EQ W1: success 100/100 trials 1490 L 6496 physical 2057 search_sum 19725.7 ms compute_sum 6607.6 ms throughput 5/s
QISKIT_AER_K3H3_F64 RANGE M=1 done
QISKIT_AER_K3H3_F64 RANGE M=4 done
QISKIT_AER_K3H3_F64 RANGE M=16 done
QISKIT_AER_K3H3_F64 RANGE M=64 done
QISKIT_AER_K3H3_F64 RANGE M=256 done
QISKIT_AER_K3H3_F64 RANGE W1: success 100/100 trials 1536 L 6438 physical 1949 search_sum 19836.8 ms compute_sum 7343.8 ms throughput 5/s
== 3. predicate500: multi-core throughput (8 workloads in parallel)
CPP_SW_BEST_NORMAL_F64: success 500/500 trials 7404 L 31354 phys 31354 search_sum 513.934 ms compute_sum 416.363 ms wall 0.410 s (RAPL unavailable)
CPP_SW_BEST_NORMAL_F64: success 500/500 trials 7565 L 32405 phys 32405 search_sum 525.298 ms compute_sum 426.223 ms wall 0.422 s (RAPL unavailable)
CPP_SW_BEST_NORMAL_F64: success 500/500 trials 7468 L 31270 phys 31270 search_sum 513.064 ms compute_sum 416.195 ms wall 0.407 s (RAPL unavailable)
CPP_SW_BEST_NORMAL_F64: success 500/500 trials 7487 L 32947 phys 32947 search_sum 534.258 ms compute_sum 437.621 ms wall 0.429 s (RAPL unavailable)
CPP_SW_BEST_ALLJ_F64: success 500/500 trials 7404 L 31354 phys 8302 search_sum 179.997 ms compute_sum 156.783 ms wall 0.180 s (RAPL unavailable)
CPP_SW_BEST_ALLJ_F64: success 500/500 trials 7565 L 32405 phys 8704 search_sum 189.915 ms compute_sum 164.974 ms wall 0.187 s (RAPL unavailable)
CPP_SW_BEST_ALLJ_F64: success 500/500 trials 7468 L 31270 phys 8418 search_sum 177.579 ms compute_sum 154.587 ms wall 0.179 s (RAPL unavailable)
CPP_SW_BEST_ALLJ_F64: success 500/500 trials 7487 L 32947 phys 8940 search_sum 194.091 ms compute_sum 171.990 ms wall 0.205 s (RAPL unavailable)
CPP_SW_BEST_NORMAL_F32: success 500/500 trials 7404 L 31354 phys 31354 search_sum 266.626 ms compute_sum 209.980 ms wall 0.223 s (RAPL unavailable)
CPP_SW_BEST_NORMAL_F32: success 500/500 trials 7565 L 32405 phys 32405 search_sum 282.014 ms compute_sum 225.463 ms wall 0.230 s (RAPL unavailable)
CPP_SW_BEST_NORMAL_F32: success 500/500 trials 7468 L 31270 phys 31270 search_sum 266.665 ms compute_sum 210.020 ms wall 0.220 s (RAPL unavailable)
CPP_SW_BEST_NORMAL_F32: success 500/500 trials 7487 L 32947 phys 32947 search_sum 283.880 ms compute_sum 224.622 ms wall 0.237 s (RAPL unavailable)
CPP_SW_BEST_ALLJ_F32: success 500/500 trials 7404 L 31354 phys 8302 search_sum 72.891 ms compute_sum 55.294 ms wall 0.099 s (RAPL unavailable)
CPP_SW_BEST_ALLJ_F32: success 500/500 trials 7565 L 32405 phys 8704 search_sum 77.781 ms compute_sum 59.022 ms wall 0.082 s (RAPL unavailable)
CPP_SW_BEST_ALLJ_F32: success 500/500 trials 7468 L 31270 phys 8418 search_sum 79.372 ms compute_sum 60.820 ms wall 0.074 s (RAPL unavailable)
CPP_SW_BEST_ALLJ_F32: success 500/500 trials 7487 L 32947 phys 8940 search_sum 83.978 ms compute_sum 65.262 ms wall 0.093 s (RAPL unavailable)
CPP_RTL_EXACT_NORMAL: success 500/500 trials 7363 L 30875 phys 30875 search_sum 317.092 ms compute_sum 267.350 ms wall 0.263 s (RAPL unavailable)
CPP_RTL_EXACT_NORMAL: success 500/500 trials 7403 L 33131 phys 33131 search_sum 341.962 ms compute_sum 288.803 ms wall 0.283 s (RAPL unavailable)
CPP_RTL_EXACT_NORMAL: success 500/500 trials 7403 L 31424 phys 31424 search_sum 321.032 ms compute_sum 272.638 ms wall 0.311 s (RAPL unavailable)
CPP_RTL_EXACT_NORMAL: success 500/500 trials 7213 L 29676 phys 29676 search_sum 309.657 ms compute_sum 261.666 ms wall 0.260 s (RAPL unavailable)
NUMPY_NORMAL_F64 LT W8: success 500/500 trials 7404 L 31354 physical 31354 search_sum 1255.5 ms compute_sum 969.9 ms throughput 2626/s
NUMPY_NORMAL_F64 GT W8: success 500/500 trials 7565 L 32405 physical 32405 search_sum 1294.2 ms compute_sum 1011.9 ms throughput 2828/s
NUMPY_NORMAL_F64 EQ W8: success 500/500 trials 7468 L 31270 physical 31270 search_sum 1184.3 ms compute_sum 934.7 ms throughput 3085/s
NUMPY_NORMAL_F64 RANGE W8: success 500/500 trials 7487 L 32947 physical 32947 search_sum 1230.7 ms compute_sum 978.7 ms throughput 2988/s
NUMPY_ALLJ_F64 LT W8: success 500/500 trials 7404 L 31354 physical 8302 search_sum 622.0 ms compute_sum 286.9 ms throughput 4890/s
NUMPY_ALLJ_F64 GT W8: success 500/500 trials 7565 L 32405 physical 8704 search_sum 676.4 ms compute_sum 294.7 ms throughput 3700/s
NUMPY_ALLJ_F64 EQ W8: success 500/500 trials 7468 L 31270 physical 8418 search_sum 688.6 ms compute_sum 308.5 ms throughput 4854/s
NUMPY_ALLJ_F64 RANGE W8: success 500/500 trials 7487 L 32947 physical 8940 search_sum 761.5 ms compute_sum 319.0 ms throughput 4349/s
NUMPY_K3H3_F64 LT W8: success 500/500 trials 7404 L 31354 physical 9347 search_sum 804.6 ms compute_sum 270.1 ms throughput 3700/s
NUMPY_K3H3_F64 GT W8: success 500/500 trials 7565 L 32405 physical 9738 search_sum 845.6 ms compute_sum 283.1 ms throughput 3545/s
NUMPY_K3H3_F64 EQ W8: success 500/500 trials 7468 L 31270 physical 9389 search_sum 753.0 ms compute_sum 262.6 ms throughput 4132/s
NUMPY_K3H3_F64 RANGE W8: success 500/500 trials 7487 L 32947 physical 9899 search_sum 749.7 ms compute_sum 258.6 ms throughput 3540/s
GOLDEN_PY_NORMAL LT W8: success 500/500 trials 7363 L 30875 physical 30875 search_sum 6083.2 ms compute_sum 4699.8 ms throughput 540/s
GOLDEN_PY_NORMAL GT W8: success 500/500 trials 7403 L 33131 physical 33131 search_sum 6632.7 ms compute_sum 5260.1 ms throughput 515/s
GOLDEN_PY_NORMAL EQ W8: success 500/500 trials 7403 L 31424 physical 31424 search_sum 6985.4 ms compute_sum 5478.4 ms throughput 449/s
GOLDEN_PY_NORMAL RANGE W8: success 500/500 trials 7213 L 29676 physical 29676 search_sum 6556.1 ms compute_sum 5005.6 ms throughput 491/s
GOLDEN_PY_K3H3 LT W8: success 500/500 trials 7363 L 30875 physical 9355 search_sum 3794.2 ms compute_sum 1833.3 ms throughput 762/s
GOLDEN_PY_K3H3 GT W8: success 500/500 trials 7403 L 33131 physical 10008 search_sum 4043.6 ms compute_sum 2009.3 ms throughput 703/s
GOLDEN_PY_K3H3 EQ W8: success 500/500 trials 7403 L 31424 physical 9582 search_sum 3695.4 ms compute_sum 1793.1 ms throughput 657/s
GOLDEN_PY_K3H3 RANGE W8: success 500/500 trials 7213 L 29676 physical 8714 search_sum 3590.6 ms compute_sum 1697.9 ms throughput 771/s
GOLDEN_PY_ALLJ LT W8: success 500/500 trials 7363 L 30875 physical 8342 search_sum 4553.4 ms compute_sum 3024.6 ms throughput 701/s
GOLDEN_PY_ALLJ GT W8: success 500/500 trials 7403 L 33131 physical 9029 search_sum 5464.8 ms compute_sum 3810.2 ms throughput 582/s
GOLDEN_PY_ALLJ EQ W8: success 500/500 trials 7403 L 31424 physical 8577 search_sum 5494.7 ms compute_sum 3847.6 ms throughput 532/s
GOLDEN_PY_ALLJ RANGE W8: success 500/500 trials 7213 L 29676 physical 7875 search_sum 5357.9 ms compute_sum 3729.7 ms throughput 581/s
== 4. predicate500: cross-checks (same policy => same result per workload)
NUMPY_NORMAL_F64 vs CPP_SW_BEST_NORMAL_F64: 2000/2000 workloads identical (result, trials, L, physical); physical iterations 127976 vs 127976
PASS
QISKIT_AER_NORMAL_F64 vs CPP_SW_BEST_NORMAL_F64: 400/400 workloads identical (result, trials, L, physical); physical iterations 24553 vs 24553
PASS
NUMPY_ALLJ_F64 vs CPP_SW_BEST_ALLJ_F64: 2000/2000 workloads identical (result, trials, L, physical); physical iterations 34364 vs 34364
PASS
QISKIT_AER_ALLJ_F64 vs CPP_SW_BEST_ALLJ_F64: 400/400 workloads identical (result, trials, L, physical); physical iterations 6698 vs 6698
PASS
NUMPY_K3H3_F64 vs CPP_SW_BEST_K3H3_F64: 2000/2000 workloads identical (result, trials, L, physical); physical iterations 38373 vs 38373
PASS
QISKIT_AER_K3H3_F64 vs CPP_SW_BEST_K3H3_F64: 400/400 workloads identical (result, trials, L, physical); physical iterations 7504 vs 7504
PASS
GOLDEN_PY_NORMAL vs CPP_RTL_EXACT_NORMAL: 2000/2000 workloads identical (result, trials, L, physical); physical iterations 125106 vs 125106
PASS
GOLDEN_PY_K3H3 vs CPP_RTL_EXACT_K3H3: 2000/2000 workloads identical (result, trials, L, physical); physical iterations 37659 vs 37659
PASS
GOLDEN_PY_ALLJ vs CPP_RTL_EXACT_ALLJ: 2000/2000 workloads identical (result, trials, L, physical); physical iterations 33823 vs 33823
PASS
NUMPY_NORMAL_F64 vs NUMPY_NORMAL_F64: 2000/2000 workloads identical (result, trials, L, physical); physical iterations 127976 vs 127976
PASS
NUMPY_ALLJ_F64 vs NUMPY_ALLJ_F64: 2000/2000 workloads identical (result, trials, L, physical); physical iterations 34364 vs 34364
PASS
NUMPY_K3H3_F64 vs NUMPY_K3H3_F64: 2000/2000 workloads identical (result, trials, L, physical); physical iterations 38373 vs 38373
PASS
GOLDEN_PY_NORMAL vs GOLDEN_PY_NORMAL: 2000/2000 workloads identical (result, trials, L, physical); physical iterations 125106 vs 125106
PASS
GOLDEN_PY_K3H3 vs GOLDEN_PY_K3H3: 2000/2000 workloads identical (result, trials, L, physical); physical iterations 37659 vs 37659
PASS
GOLDEN_PY_ALLJ vs GOLDEN_PY_ALLJ: 2000/2000 workloads identical (result, trials, L, physical); physical iterations 33823 vs 33823
PASS
== 4. predicate500: 4-core runs = 1-core runs (RTL-exact: bit-exact; float: same trajectory)
CPP_RTL_EXACT_NORMAL vs CPP_RTL_EXACT_NORMAL: 2000/2000 workloads identical (result, trials, L, physical); physical iterations 125106 vs 125106
PASS
CPP_RTL_EXACT_K3H3 vs CPP_RTL_EXACT_K3H3: 2000/2000 workloads identical (result, trials, L, physical); physical iterations 37659 vs 37659
PASS
CPP_SW_BEST_K3H3_F64 vs CPP_SW_BEST_K3H3_F64: 2000/2000 workloads identical (result, trials, L, physical); physical iterations 38373 vs 38373
PASS
CPP_SW_BEST_K3H3_F32 vs CPP_SW_BEST_K3H3_F32: 2000/2000 workloads identical (result, trials, L, physical); physical iterations 38373 vs 38373
PASS
== 5. predicate500: report
# predicate500 backend comparison

SW environment: Intel(R) Core(TM) i5-14600K, 8 physical cores / 8 logical CPUs; single-core runs pinned to CPU 13 (max 4000.0000 MHz).
FPGA: Arty A7-100T, 2026-10-04 board Predicate500. K3/H3-E4-M2 and NORMAL (E4-M2) come from the same bitstream (burst_enable 1/0); NOCKPT = Normal-E4 build; DRAM = DDR3 all-j table. Board time = command-to-DONE (DMA load, CSR config and readback excluded).
SW: search_ns = whole BBHT search with the dataset loaded and the oracle mask built.
SW suffixes: `_T<n>` = one search split over n cores (latency mode); `_W<n>` = n searches in parallel (throughput).
`CPP_SW_BEST_K3H3_*_T4` / `CPP_RTL_EXACT_K3H3_T4` = SW counterpart of K3/H3-E4-M2 (K3H3 policy, 4 cores per iteration, hierarchical sampler).
"is faster by" = backend total search time / FPGA total over the same workloads (>1: the FPGA is faster).

## Timing (totals over the same workloads)

| Backend | runs | search total (ms) | compute total (ms) | E2E total (ms) | FPGA K3H3_E4_M2 is faster by | FPGA NORMAL_E4_M2 is faster by |
| --- | ---: | ---: | ---: | ---: | ---: | ---: |
| `FPGA_K3H3_E4_M2` | 2000 | 221.0 | - | - | 1.00x | 0.46x |
| `CPP_SW_BEST_ALLJ_F32` | 2000 | 228.1 | 164.5 | 324.4 | 1.03x | 0.48x |
| `CPP_SW_BEST_ALLJ_F64` | 2000 | 270.9 | 219.6 | 374.4 | 1.23x | 0.57x |
| `CPP_SW_BEST_ALLJ_F32_W8` | 2000 | 314.0 | 240.4 | 424.9 | 1.42x | 0.66x |
| `CPP_SW_BEST_K3H3_F32_T4` | 2000 | 316.1 | 79.2 | 440.8 | 1.43x | 0.66x |
| `CPP_RTL_EXACT_ALLJ` | 2000 | 337.3 | 276.7 | 440.8 | 1.53x | 0.70x |
| `CPP_RTL_EXACT_K3H3_T4` | 2000 | 342.7 | 95.3 | 472.4 | 1.55x | 0.72x |
| `CPP_SW_BEST_K4H4_F32` | 2000 | 391.0 | 170.8 | 492.6 | 1.77x | 0.82x |
| `CPP_SW_BEST_K3H3_F32` | 2000 | 404.6 | 180.9 | 541.8 | 1.83x | 0.84x |
| `CPP_SW_BEST_NORMAL_F32_T4` | 2000 | 414.1 | 250.3 | 533.2 | 1.87x | 0.86x |
| `CPP_SW_BEST_K3H3_F64_T4` | 2000 | 455.8 | 144.1 | 576.9 | 2.06x | 0.95x |
| `FPGA_NORMAL_E4_M2` | 2000 | 479.0 | - | - | 2.17x | 1.00x |
| `CPP_RTL_EXACT_NORMAL_T4` | 2000 | 491.5 | 326.5 | 607.5 | 2.22x | 1.03x |
| `CPP_SW_BEST_NORMAL_F32_T8` | 2000 | 491.6 | 318.8 | 595.8 | 2.22x | 1.03x |
| `CPP_SW_BEST_NORMAL_F32_T2` | 2000 | 493.9 | 330.4 | 612.6 | 2.23x | 1.03x |
| `CPP_SW_BEST_K4H4_F64` | 2000 | 506.3 | 231.3 | 617.6 | 2.29x | 1.06x |
| `CPP_SW_BEST_NORMAL_F64_T8` | 2000 | 517.3 | 287.5 | 640.9 | 2.34x | 1.08x |
| `CPP_RTL_EXACT_K3H3` | 2000 | 521.1 | 306.2 | 636.8 | 2.36x | 1.09x |
| `CPP_SW_BEST_K3H3_F64` | 2000 | 542.6 | 240.7 | 645.0 | 2.45x | 1.13x |
| `FPGA_NOCKPT_NORMAL_E4` | 2000 | 621.2 | - | - | 2.81x | 1.30x |
| `CPP_SW_BEST_NORMAL_F64_T4` | 2000 | 671.3 | 465.6 | 791.1 | 3.04x | 1.40x |
| `CPP_SW_BEST_NORMAL_F64_T2` | 2000 | 682.5 | 490.0 | 782.7 | 3.09x | 1.42x |
| `CPP_SW_BEST_ALLJ_F64_W8` | 2000 | 741.6 | 648.3 | 862.2 | 3.36x | 1.55x |
| `CPP_SW_BEST_NORMAL_F32` | 2000 | 764.6 | 602.3 | 874.8 | 3.46x | 1.60x |
| `CPP_SW_BEST_NORMAL_F64` | 2000 | 976.6 | 795.5 | 1091.6 | 4.42x | 2.04x |
| `CPP_SW_BEST_NORMAL_F32_W8` | 2000 | 1099.2 | 870.1 | 1205.8 | 4.97x | 2.29x |
| `CPP_RTL_EXACT_NORMAL` | 2000 | 1169.4 | 1016.1 | 1271.1 | 5.29x | 2.44x |
| `CPP_RTL_EXACT_NORMAL_W8` | 2000 | 1289.7 | 1090.5 | 1411.0 | 5.84x | 2.69x |
| `NUMPY_ALLJ_F64` | 2000 | 1744.9 | 653.7 | 1880.8 | 7.89x | 3.64x |
| `CPP_SW_BEST_NORMAL_F64_W8` | 2000 | 2086.6 | 1696.4 | 2190.9 | 9.44x | 4.36x |
| `NUMPY_K3H3_F64` | 2000 | 2279.7 | 711.9 | 2442.4 | 10.31x | 4.76x |
| `NUMPY_ALLJ_F64_W8` | 2000 | 2748.4 | 1209.2 | 2967.0 | 12.43x | 5.74x |
| `NUMPY_NORMAL_F64` | 2000 | 3006.5 | 2171.6 | 3170.8 | 13.60x | 6.28x |
| `NUMPY_K3H3_F64_W8` | 2000 | 3153.0 | 1074.4 | 3334.5 | 14.26x | 6.58x |
| `FPGA_DRAM_ALLJ_SESSION` | 2000 | 3459.0 | - | - | 15.65x | 7.22x |
| `NUMPY_NORMAL_F64_W8` | 2000 | 4964.7 | 3895.2 | 5148.5 | 22.46x | 10.37x |
| `GOLDEN_PY_K3H3` | 2000 | 9899.1 | 4423.5 | 29919.5 | 44.79x | 20.67x |
| `GOLDEN_PY_ALLJ` | 2000 | 14383.4 | 9525.0 | 34417.4 | 65.07x | 30.03x |
| `GOLDEN_PY_K3H3_W8` | 2000 | 15123.8 | 7333.6 | 39341.9 | 68.42x | 31.58x |
| `GOLDEN_PY_NORMAL` | 2000 | 19133.9 | 14699.7 | 39112.2 | 86.57x | 39.95x |
| `GOLDEN_PY_ALLJ_W8` | 2000 | 20870.9 | 14412.1 | 44229.0 | 94.42x | 43.57x |
| `GOLDEN_PY_NORMAL_W8` | 2000 | 26257.4 | 20443.8 | 49528.7 | 118.79x | 54.82x |
| `QISKIT_AER_ALLJ_F64` | 400 | 62315.2 | 20488.3 | 67517.1 | 1409.59x | 650.27x |
| `QISKIT_AER_ALLJ_F64_T8` | 400 | 64216.4 | 21766.0 | 69498.6 | 1452.60x | 670.11x |
| `QISKIT_AER_K3H3_F64` | 400 | 69614.0 | 22732.2 | 76297.2 | 1574.69x | 726.44x |
| `QISKIT_AER_K3H3_F64_T8` | 400 | 70596.2 | 22690.0 | 77563.2 | 1596.91x | 736.69x |
| `QISKIT_AER_NORMAL_F64_T8` | 400 | 200071.7 | 51128.3 | 212515.1 | 4525.69x | 2087.80x |
| `QISKIT_AER_NORMAL_F64` | 400 | 225573.3 | 77463.0 | 238553.7 | 5102.54x | 2353.91x |

## Throughput (multi-core, workloads in parallel)

| Backend | workers | searches per second | FPGA K3/H3 is faster by |
| --- | ---: | ---: | ---: |
| `FPGA_K3H3_E4_M2` | 1 engine | 9,048 | 1.00x |
| `CPP_RTL_EXACT_NORMAL_W8` (2000 workloads) | 8 | 10,744 | 0.84x |
| `CPP_SW_BEST_ALLJ_F32_W8` (2000 workloads) | 8 | 34,476 | 0.26x |
| `CPP_SW_BEST_ALLJ_F64_W8` (2000 workloads) | 8 | 15,985 | 0.57x |
| `CPP_SW_BEST_NORMAL_F32_W8` (2000 workloads) | 8 | 13,183 | 0.69x |
| `CPP_SW_BEST_NORMAL_F64_W8` (2000 workloads) | 8 | 7,196 | 1.26x |
| `GOLDEN_PY_ALLJ_W8` (2000 workloads) | 8 | 593 | 15.26x |
| `GOLDEN_PY_K3H3_W8` (2000 workloads) | 8 | 720 | 12.57x |
| `GOLDEN_PY_NORMAL_W8` (2000 workloads) | 8 | 496 | 18.23x |
| `NUMPY_ALLJ_F64_W8` (2000 workloads) | 8 | 4,392 | 2.06x |
| `NUMPY_K3H3_F64_W8` (2000 workloads) | 8 | 3,715 | 2.44x |
| `NUMPY_NORMAL_F64_W8` (2000 workloads) | 8 | 2,871 | 3.15x |

## Equivalence

Trajectory = (result_index, trial_count, L_BBHT) per workload; FPGA reference = `FPGA_NORMAL_E4_M2`.

| Backend | = FPGA trajectory | = float trajectory (`NUMPY_NORMAL_F64`) |
| --- | ---: | ---: |
| `FPGA_NORMAL_E4_M2` | 2000/2000 | 96/2000 |
| `FPGA_K3H3_E4_M2` | 2000/2000 | 96/2000 |
| `FPGA_NOCKPT_NORMAL_E4` | 2000/2000 | 96/2000 |
| `FPGA_DRAM_ALLJ_SESSION` | 2000/2000 | 96/2000 |
| `CPP_RTL_EXACT_ALLJ` | 2000/2000 | 96/2000 |
| `CPP_RTL_EXACT_K3H3` | 2000/2000 | 96/2000 |
| `CPP_RTL_EXACT_K3H3_T4` | 2000/2000 | 96/2000 |
| `CPP_RTL_EXACT_NORMAL` | 2000/2000 | 96/2000 |
| `CPP_RTL_EXACT_NORMAL_T4` | 2000/2000 | 96/2000 |
| `CPP_RTL_EXACT_NORMAL_W8` | 2000/2000 | 96/2000 |
| `CPP_SW_BEST_ALLJ_F32` | 96/2000 | 2000/2000 |
| `CPP_SW_BEST_ALLJ_F32_W8` | 96/2000 | 2000/2000 |
| `CPP_SW_BEST_ALLJ_F64` | 96/2000 | 2000/2000 |
| `CPP_SW_BEST_ALLJ_F64_W8` | 96/2000 | 2000/2000 |
| `CPP_SW_BEST_K3H3_F32` | 96/2000 | 2000/2000 |
| `CPP_SW_BEST_K3H3_F32_T4` | 96/2000 | 2000/2000 |
| `CPP_SW_BEST_K3H3_F64` | 96/2000 | 2000/2000 |
| `CPP_SW_BEST_K3H3_F64_T4` | 96/2000 | 2000/2000 |
| `CPP_SW_BEST_K4H4_F32` | 96/2000 | 2000/2000 |
| `CPP_SW_BEST_K4H4_F64` | 96/2000 | 2000/2000 |
| `CPP_SW_BEST_NORMAL_F32` | 96/2000 | 2000/2000 |
| `CPP_SW_BEST_NORMAL_F32_T2` | 96/2000 | 2000/2000 |
| `CPP_SW_BEST_NORMAL_F32_T4` | 96/2000 | 2000/2000 |
| `CPP_SW_BEST_NORMAL_F32_T8` | 96/2000 | 2000/2000 |
| `CPP_SW_BEST_NORMAL_F32_W8` | 96/2000 | 2000/2000 |
| `CPP_SW_BEST_NORMAL_F64` | 96/2000 | 2000/2000 |
| `CPP_SW_BEST_NORMAL_F64_T2` | 96/2000 | 2000/2000 |
| `CPP_SW_BEST_NORMAL_F64_T4` | 96/2000 | 2000/2000 |
| `CPP_SW_BEST_NORMAL_F64_T8` | 96/2000 | 2000/2000 |
| `CPP_SW_BEST_NORMAL_F64_W8` | 96/2000 | 2000/2000 |
| `GOLDEN_PY_ALLJ` | 2000/2000 | 96/2000 |
| `GOLDEN_PY_ALLJ_W8` | 2000/2000 | 96/2000 |
| `GOLDEN_PY_K3H3` | 2000/2000 | 96/2000 |
| `GOLDEN_PY_K3H3_W8` | 2000/2000 | 96/2000 |
| `GOLDEN_PY_NORMAL` | 2000/2000 | 96/2000 |
| `GOLDEN_PY_NORMAL_W8` | 2000/2000 | 96/2000 |
| `NUMPY_ALLJ_F64` | 96/2000 | 2000/2000 |
| `NUMPY_ALLJ_F64_W8` | 96/2000 | 2000/2000 |
| `NUMPY_K3H3_F64` | 96/2000 | 2000/2000 |
| `NUMPY_K3H3_F64_W8` | 96/2000 | 2000/2000 |
| `NUMPY_NORMAL_F64` | 96/2000 | 2000/2000 |
| `NUMPY_NORMAL_F64_W8` | 96/2000 | 2000/2000 |
| `QISKIT_AER_ALLJ_F64` | 19/400 | 400/400 |
| `QISKIT_AER_ALLJ_F64_T8` | 19/400 | 400/400 |
| `QISKIT_AER_K3H3_F64` | 19/400 | 400/400 |
| `QISKIT_AER_K3H3_F64_T8` | 19/400 | 400/400 |
| `QISKIT_AER_NORMAL_F64` | 19/400 | 400/400 |
| `QISKIT_AER_NORMAL_F64_T8` | 19/400 | 400/400 |

## Float vs fixed-point (FPGA) distributions

Float and Q1.22 state vectors sample different trajectories per seed, so distributions are compared
(two-sided; p > 0.05 = no detectable difference). Tests with p < 0.05: 1 of 40
(about 2.0 expected by chance).

| predicate | M | float success | FPGA success | trials median float / FPGA | Mann-Whitney p (trials) | KS p (L_BBHT) |
| --- | ---: | ---: | ---: | --- | ---: | ---: |
| EQ | 1 | 100/100 | 100/100 | 23.0 / 23.0 | 0.870 | 0.702 |
| EQ | 4 | 100/100 | 100/100 | 20.0 / 19.0 | 0.601 | 0.815 |
| EQ | 16 | 100/100 | 100/100 | 16.0 / 16.0 | 0.977 | 0.815 |
| EQ | 64 | 100/100 | 100/100 | 11.0 / 11.0 | 0.586 | 0.908 |
| EQ | 256 | 100/100 | 100/100 | 8.0 / 7.0 | 0.407 | 0.470 |
| GT | 1 | 100/100 | 100/100 | 23.0 / 23.0 | 0.347 | 0.583 |
| GT | 4 | 100/100 | 100/100 | 19.0 / 20.0 | 0.564 | 0.470 |
| GT | 16 | 100/100 | 100/100 | 16.0 / 15.0 | 0.156 | 0.282 |
| GT | 64 | 100/100 | 100/100 | 11.0 / 11.0 | 0.532 | 0.968 |
| GT | 256 | 100/100 | 100/100 | 8.0 / 7.0 | 0.005 | 0.036 |
| LT | 1 | 100/100 | 100/100 | 24.0 / 23.5 | 0.833 | 0.908 |
| LT | 4 | 100/100 | 100/100 | 19.5 / 19.0 | 0.917 | 0.908 |
| LT | 16 | 100/100 | 100/100 | 16.0 / 15.0 | 0.207 | 0.368 |
| LT | 64 | 100/100 | 100/100 | 11.0 / 11.0 | 0.484 | 0.908 |
| LT | 256 | 100/100 | 100/100 | 7.0 / 7.0 | 0.560 | 0.994 |
| RANGE | 1 | 100/100 | 100/100 | 23.0 / 22.5 | 0.401 | 0.470 |
| RANGE | 4 | 100/100 | 100/100 | 19.0 / 19.0 | 0.184 | 0.155 |
| RANGE | 16 | 100/100 | 100/100 | 15.0 / 15.0 | 0.536 | 0.968 |
| RANGE | 64 | 100/100 | 100/100 | 12.0 / 11.0 | 0.333 | 0.583 |
| RANGE | 256 | 100/100 | 100/100 | 8.0 / 7.0 | 0.371 | 0.702 |

== 3. common500: single core (core 13)
CPP_SW_BEST_NORMAL_F64: success 500/500 trials 7468 L 31270 phys 31270 search_sum 241.934 ms compute_sum 196.131 ms wall 1.457 s (RAPL unavailable)
CPP_SW_BEST_ALLJ_F64: success 500/500 trials 7468 L 31270 phys 8418 search_sum 67.288 ms compute_sum 54.334 ms wall 0.422 s (RAPL unavailable)
CPP_SW_BEST_K3H3_F64: success 500/500 trials 7468 L 31270 phys 9389 search_sum 156.733 ms compute_sum 58.265 ms wall 0.998 s (RAPL unavailable)
CPP_SW_BEST_K4H4_F64: success 500/500 trials 7468 L 31270 phys 8911 search_sum 123.947 ms compute_sum 56.000 ms wall 0.912 s (RAPL unavailable)
CPP_SW_BEST_NORMAL_F32: success 500/500 trials 7468 L 31270 phys 31270 search_sum 186.716 ms compute_sum 145.916 ms wall 1.124 s (RAPL unavailable)
CPP_SW_BEST_ALLJ_F32: success 500/500 trials 7468 L 31270 phys 8418 search_sum 55.540 ms compute_sum 39.588 ms wall 0.343 s (RAPL unavailable)
CPP_SW_BEST_K3H3_F32: success 500/500 trials 7468 L 31270 phys 9389 search_sum 99.793 ms compute_sum 43.950 ms wall 0.648 s (RAPL unavailable)
CPP_SW_BEST_K4H4_F32: success 500/500 trials 7468 L 31270 phys 8911 search_sum 97.613 ms compute_sum 41.876 ms wall 0.747 s (RAPL unavailable)
CPP_RTL_EXACT_NORMAL: success 500/500 trials 7403 L 31424 phys 31424 search_sum 292.576 ms compute_sum 253.645 ms wall 1.759 s (RAPL unavailable)
CPP_RTL_EXACT_K3H3: success 500/500 trials 7403 L 31424 phys 9582 search_sum 132.025 ms compute_sum 77.437 ms wall 0.843 s (RAPL unavailable)
CPP_RTL_EXACT_ALLJ: success 500/500 trials 7403 L 31424 phys 8577 search_sum 85.465 ms compute_sum 70.170 ms wall 0.523 s (RAPL unavailable)
NUMPY_NORMAL_F64 EQ M=1 done
NUMPY_NORMAL_F64 EQ M=4 done
NUMPY_NORMAL_F64 EQ M=16 done
NUMPY_NORMAL_F64 EQ M=64 done
NUMPY_NORMAL_F64 EQ M=256 done
NUMPY_NORMAL_F64 EQ W1: success 500/500 trials 7468 L 31270 physical 31270 search_sum 734.8 ms compute_sum 527.4 ms throughput 679/s
QISKIT_AER_NORMAL_F64 EQ M=1 done
QISKIT_AER_NORMAL_F64 EQ M=4 done
QISKIT_AER_NORMAL_F64 EQ M=16 done
QISKIT_AER_NORMAL_F64 EQ M=64 done
QISKIT_AER_NORMAL_F64 EQ M=256 done
QISKIT_AER_NORMAL_F64 EQ W1: success 100/100 trials 1490 L 6496 physical 6496 search_sum 59562.0 ms compute_sum 20392.3 ms throughput 2/s
NUMPY_ALLJ_F64 EQ M=1 done
NUMPY_ALLJ_F64 EQ M=4 done
NUMPY_ALLJ_F64 EQ M=16 done
NUMPY_ALLJ_F64 EQ M=64 done
NUMPY_ALLJ_F64 EQ M=256 done
NUMPY_ALLJ_F64 EQ W1: success 500/500 trials 7468 L 31270 physical 8418 search_sum 417.4 ms compute_sum 158.7 ms throughput 1185/s
QISKIT_AER_ALLJ_F64 EQ M=1 done
QISKIT_AER_ALLJ_F64 EQ M=4 done
QISKIT_AER_ALLJ_F64 EQ M=16 done
QISKIT_AER_ALLJ_F64 EQ M=64 done
QISKIT_AER_ALLJ_F64 EQ M=256 done
QISKIT_AER_ALLJ_F64 EQ W1: success 100/100 trials 1490 L 6496 physical 1806 search_sum 16699.3 ms compute_sum 5541.8 ms throughput 6/s
NUMPY_K3H3_F64 EQ M=1 done
NUMPY_K3H3_F64 EQ M=4 done
NUMPY_K3H3_F64 EQ M=16 done
NUMPY_K3H3_F64 EQ M=64 done
NUMPY_K3H3_F64 EQ M=256 done
NUMPY_K3H3_F64 EQ W1: success 500/500 trials 7468 L 31270 physical 9389 search_sum 564.2 ms compute_sum 173.5 ms throughput 831/s
QISKIT_AER_K3H3_F64 EQ M=1 done
QISKIT_AER_K3H3_F64 EQ M=4 done
QISKIT_AER_K3H3_F64 EQ M=16 done
QISKIT_AER_K3H3_F64 EQ M=64 done
QISKIT_AER_K3H3_F64 EQ M=256 done
QISKIT_AER_K3H3_F64 EQ W1: success 100/100 trials 1490 L 6496 physical 2057 search_sum 19066.4 ms compute_sum 6234.5 ms throughput 5/s
GOLDEN_PY_NORMAL EQ M=1 done
GOLDEN_PY_NORMAL EQ M=4 done
GOLDEN_PY_NORMAL EQ M=16 done
GOLDEN_PY_NORMAL EQ M=64 done
GOLDEN_PY_NORMAL EQ M=256 done
GOLDEN_PY_NORMAL EQ W1: success 500/500 trials 7403 L 31424 physical 31424 search_sum 4427.4 ms compute_sum 3358.8 ms throughput 111/s
GOLDEN_PY_K3H3 EQ M=1 done
GOLDEN_PY_K3H3 EQ M=4 done
GOLDEN_PY_K3H3 EQ M=16 done
GOLDEN_PY_K3H3 EQ M=64 done
GOLDEN_PY_K3H3 EQ M=256 done
GOLDEN_PY_K3H3 EQ W1: success 500/500 trials 7403 L 31424 physical 9582 search_sum 2497.8 ms compute_sum 1126.5 ms throughput 188/s
GOLDEN_PY_ALLJ EQ M=1 done
GOLDEN_PY_ALLJ EQ M=4 done
GOLDEN_PY_ALLJ EQ M=16 done
GOLDEN_PY_ALLJ EQ M=64 done
GOLDEN_PY_ALLJ EQ M=256 done
GOLDEN_PY_ALLJ EQ W1: success 500/500 trials 7403 L 31424 physical 8577 search_sum 3635.4 ms compute_sum 2408.3 ms throughput 134/s
== 3. common500: multi-core latency (threads inside one Grover iteration)
CPP_SW_BEST_NORMAL_F64: success 500/500 trials 7468 L 31270 phys 31270 search_sum 163.537 ms compute_sum 116.306 ms wall 1.002 s (RAPL unavailable)
CPP_SW_BEST_NORMAL_F32: success 500/500 trials 7468 L 31270 phys 31270 search_sum 121.389 ms compute_sum 80.951 ms wall 0.748 s (RAPL unavailable)
CPP_SW_BEST_NORMAL_F64: success 500/500 trials 7468 L 31270 phys 31270 search_sum 165.003 ms compute_sum 113.859 ms wall 1.012 s (RAPL unavailable)
CPP_SW_BEST_NORMAL_F32: success 500/500 trials 7468 L 31270 phys 31270 search_sum 102.436 ms compute_sum 61.827 ms wall 0.638 s (RAPL unavailable)
CPP_SW_BEST_NORMAL_F64: success 500/500 trials 7468 L 31270 phys 31270 search_sum 127.872 ms compute_sum 71.259 ms wall 1.019 s (RAPL unavailable)
CPP_SW_BEST_NORMAL_F32: success 500/500 trials 7468 L 31270 phys 31270 search_sum 83.644 ms compute_sum 41.563 ms wall 0.673 s (RAPL unavailable)
== 3. common500: K3H3-E4-M2 counterpart (4 cores per search)
CPP_SW_BEST_K3H3_F64: success 500/500 trials 7468 L 31270 phys 9389 search_sum 127.229 ms compute_sum 33.424 ms wall 0.830 s (RAPL unavailable)
CPP_SW_BEST_K3H3_F32: success 500/500 trials 7468 L 31270 phys 9389 search_sum 76.665 ms compute_sum 18.363 ms wall 0.533 s (RAPL unavailable)
CPP_RTL_EXACT_NORMAL: success 500/500 trials 7403 L 31424 phys 31424 search_sum 117.729 ms compute_sum 76.586 ms wall 0.725 s (RAPL unavailable)
CPP_RTL_EXACT_K3H3: success 500/500 trials 7403 L 31424 phys 9582 search_sum 84.012 ms compute_sum 23.980 ms wall 0.569 s (RAPL unavailable)
QISKIT_AER_NORMAL_F64 EQ M=1 done
QISKIT_AER_NORMAL_F64 EQ M=4 done
QISKIT_AER_NORMAL_F64 EQ M=16 done
QISKIT_AER_NORMAL_F64 EQ M=64 done
QISKIT_AER_NORMAL_F64 EQ M=256 done
QISKIT_AER_NORMAL_F64 EQ W1: success 100/100 trials 1490 L 6496 physical 6496 search_sum 51482.3 ms compute_sum 12525.5 ms throughput 2/s
QISKIT_AER_ALLJ_F64 EQ M=1 done
QISKIT_AER_ALLJ_F64 EQ M=4 done
QISKIT_AER_ALLJ_F64 EQ M=16 done
QISKIT_AER_ALLJ_F64 EQ M=64 done
QISKIT_AER_ALLJ_F64 EQ M=256 done
QISKIT_AER_ALLJ_F64 EQ W1: success 100/100 trials 1490 L 6496 physical 1806 search_sum 15054.4 ms compute_sum 3818.5 ms throughput 7/s
QISKIT_AER_K3H3_F64 EQ M=1 done
QISKIT_AER_K3H3_F64 EQ M=4 done
QISKIT_AER_K3H3_F64 EQ M=16 done
QISKIT_AER_K3H3_F64 EQ M=64 done
QISKIT_AER_K3H3_F64 EQ M=256 done
QISKIT_AER_K3H3_F64 EQ W1: success 100/100 trials 1490 L 6496 physical 2057 search_sum 16777.0 ms compute_sum 3860.4 ms throughput 5/s
== 3. common500: multi-core throughput (8 workloads in parallel)
CPP_SW_BEST_NORMAL_F64: success 500/500 trials 7468 L 31270 phys 31270 search_sum 505.270 ms compute_sum 410.733 ms wall 0.397 s (RAPL unavailable)
CPP_SW_BEST_ALLJ_F64: success 500/500 trials 7468 L 31270 phys 8418 search_sum 172.659 ms compute_sum 150.227 ms wall 0.162 s (RAPL unavailable)
CPP_SW_BEST_NORMAL_F32: success 500/500 trials 7468 L 31270 phys 31270 search_sum 260.720 ms compute_sum 207.211 ms wall 0.209 s (RAPL unavailable)
CPP_SW_BEST_ALLJ_F32: success 500/500 trials 7468 L 31270 phys 8418 search_sum 76.042 ms compute_sum 58.549 ms wall 0.070 s (RAPL unavailable)
CPP_RTL_EXACT_NORMAL: success 500/500 trials 7403 L 31424 phys 31424 search_sum 307.165 ms compute_sum 260.086 ms wall 0.259 s (RAPL unavailable)
NUMPY_NORMAL_F64 EQ W8: success 500/500 trials 7468 L 31270 physical 31270 search_sum 1192.4 ms compute_sum 944.0 ms throughput 3137/s
NUMPY_ALLJ_F64 EQ W8: success 500/500 trials 7468 L 31270 physical 8418 search_sum 579.7 ms compute_sum 284.7 ms throughput 5940/s
NUMPY_K3H3_F64 EQ W8: success 500/500 trials 7468 L 31270 physical 9389 search_sum 719.2 ms compute_sum 253.0 ms throughput 4326/s
GOLDEN_PY_NORMAL EQ W8: success 500/500 trials 7403 L 31424 physical 31424 search_sum 5896.4 ms compute_sum 4589.7 ms throughput 583/s
GOLDEN_PY_K3H3 EQ W8: success 500/500 trials 7403 L 31424 physical 9582 search_sum 3621.9 ms compute_sum 1819.2 ms throughput 844/s
GOLDEN_PY_ALLJ EQ W8: success 500/500 trials 7403 L 31424 physical 8577 search_sum 4490.6 ms compute_sum 3008.0 ms throughput 746/s
== 4. common500: cross-checks (same policy => same result per workload)
NUMPY_NORMAL_F64 vs CPP_SW_BEST_NORMAL_F64: 500/500 workloads identical (result, trials, L, physical); physical iterations 31270 vs 31270
PASS
QISKIT_AER_NORMAL_F64 vs CPP_SW_BEST_NORMAL_F64: 100/100 workloads identical (result, trials, L, physical); physical iterations 6496 vs 6496
PASS
NUMPY_ALLJ_F64 vs CPP_SW_BEST_ALLJ_F64: 500/500 workloads identical (result, trials, L, physical); physical iterations 8418 vs 8418
PASS
QISKIT_AER_ALLJ_F64 vs CPP_SW_BEST_ALLJ_F64: 100/100 workloads identical (result, trials, L, physical); physical iterations 1806 vs 1806
PASS
NUMPY_K3H3_F64 vs CPP_SW_BEST_K3H3_F64: 500/500 workloads identical (result, trials, L, physical); physical iterations 9389 vs 9389
PASS
QISKIT_AER_K3H3_F64 vs CPP_SW_BEST_K3H3_F64: 100/100 workloads identical (result, trials, L, physical); physical iterations 2057 vs 2057
PASS
GOLDEN_PY_NORMAL vs CPP_RTL_EXACT_NORMAL: 500/500 workloads identical (result, trials, L, physical); physical iterations 31424 vs 31424
PASS
GOLDEN_PY_K3H3 vs CPP_RTL_EXACT_K3H3: 500/500 workloads identical (result, trials, L, physical); physical iterations 9582 vs 9582
PASS
GOLDEN_PY_ALLJ vs CPP_RTL_EXACT_ALLJ: 500/500 workloads identical (result, trials, L, physical); physical iterations 8577 vs 8577
PASS
NUMPY_NORMAL_F64 vs NUMPY_NORMAL_F64: 500/500 workloads identical (result, trials, L, physical); physical iterations 31270 vs 31270
PASS
NUMPY_ALLJ_F64 vs NUMPY_ALLJ_F64: 500/500 workloads identical (result, trials, L, physical); physical iterations 8418 vs 8418
PASS
NUMPY_K3H3_F64 vs NUMPY_K3H3_F64: 500/500 workloads identical (result, trials, L, physical); physical iterations 9389 vs 9389
PASS
GOLDEN_PY_NORMAL vs GOLDEN_PY_NORMAL: 500/500 workloads identical (result, trials, L, physical); physical iterations 31424 vs 31424
PASS
GOLDEN_PY_K3H3 vs GOLDEN_PY_K3H3: 500/500 workloads identical (result, trials, L, physical); physical iterations 9582 vs 9582
PASS
GOLDEN_PY_ALLJ vs GOLDEN_PY_ALLJ: 500/500 workloads identical (result, trials, L, physical); physical iterations 8577 vs 8577
PASS
== 4. common500: 4-core runs = 1-core runs (RTL-exact: bit-exact; float: same trajectory)
CPP_RTL_EXACT_NORMAL vs CPP_RTL_EXACT_NORMAL: 500/500 workloads identical (result, trials, L, physical); physical iterations 31424 vs 31424
PASS
CPP_RTL_EXACT_K3H3 vs CPP_RTL_EXACT_K3H3: 500/500 workloads identical (result, trials, L, physical); physical iterations 9582 vs 9582
PASS
CPP_SW_BEST_K3H3_F64 vs CPP_SW_BEST_K3H3_F64: 500/500 workloads identical (result, trials, L, physical); physical iterations 9389 vs 9389
PASS
CPP_SW_BEST_K3H3_F32 vs CPP_SW_BEST_K3H3_F32: 500/500 workloads identical (result, trials, L, physical); physical iterations 9389 vs 9389
PASS
== 5. common500: report
# common500 backend comparison

SW environment: Intel(R) Core(TM) i5-14600K, 8 physical cores / 8 logical CPUs; single-core runs pinned to CPU 13 (max 4000.0000 MHz).
FPGA: Arty A7-100T, 2026-09-08 board 500-run (EQ). Standard ref = Normal-E1 (different bitstream from K3/H3-E4-M2). Board time = command-to-DONE (DMA load, CSR config and readback excluded).
SW: search_ns = whole BBHT search with the dataset loaded and the oracle mask built.
SW suffixes: `_T<n>` = one search split over n cores (latency mode); `_W<n>` = n searches in parallel (throughput).
`CPP_SW_BEST_K3H3_*_T4` / `CPP_RTL_EXACT_K3H3_T4` = SW counterpart of K3/H3-E4-M2 (K3H3 policy, 4 cores per iteration, hierarchical sampler).
"is faster by" = backend total search time / FPGA total over the same workloads (>1: the FPGA is faster).

## Timing (totals over the same workloads)

| Backend | runs | search total (ms) | compute total (ms) | E2E total (ms) | FPGA K3H3_E4_M2 is faster by | FPGA NORMAL_E1 is faster by |
| --- | ---: | ---: | ---: | ---: | ---: | ---: |
| `CPP_SW_BEST_ALLJ_F32` | 500 | 55.5 | 39.6 | 86.4 | 1.00x | 0.13x |
| `FPGA_K3H3_E4_M2` | 500 | 55.8 | - | - | 1.00x | 0.13x |
| `CPP_SW_BEST_ALLJ_F64` | 500 | 67.3 | 54.3 | 101.3 | 1.21x | 0.16x |
| `CPP_SW_BEST_ALLJ_F32_W8` | 500 | 76.0 | 58.5 | 106.6 | 1.36x | 0.18x |
| `CPP_SW_BEST_K3H3_F32_T4` | 500 | 76.7 | 18.4 | 109.2 | 1.37x | 0.18x |
| `CPP_SW_BEST_NORMAL_F32_T8` | 500 | 83.6 | 41.6 | 117.0 | 1.50x | 0.20x |
| `CPP_RTL_EXACT_K3H3_T4` | 500 | 84.0 | 24.0 | 117.2 | 1.51x | 0.20x |
| `CPP_RTL_EXACT_ALLJ` | 500 | 85.5 | 70.2 | 117.5 | 1.53x | 0.20x |
| `CPP_SW_BEST_K4H4_F32` | 500 | 97.6 | 41.9 | 129.8 | 1.75x | 0.23x |
| `CPP_SW_BEST_K3H3_F32` | 500 | 99.8 | 43.9 | 133.6 | 1.79x | 0.23x |
| `CPP_SW_BEST_NORMAL_F32_T4` | 500 | 102.4 | 61.8 | 131.2 | 1.84x | 0.24x |
| `CPP_RTL_EXACT_NORMAL_T4` | 500 | 117.7 | 76.6 | 132.8 | 2.11x | 0.28x |
| `CPP_SW_BEST_NORMAL_F32_T2` | 500 | 121.4 | 81.0 | 151.5 | 2.18x | 0.29x |
| `CPP_SW_BEST_K4H4_F64` | 500 | 123.9 | 56.0 | 156.8 | 2.22x | 0.29x |
| `CPP_SW_BEST_K3H3_F64_T4` | 500 | 127.2 | 33.4 | 159.3 | 2.28x | 0.30x |
| `CPP_SW_BEST_NORMAL_F64_T8` | 500 | 127.9 | 71.3 | 156.8 | 2.29x | 0.30x |
| `CPP_RTL_EXACT_K3H3` | 500 | 132.0 | 77.4 | 148.1 | 2.37x | 0.31x |
| `CPP_SW_BEST_K3H3_F64` | 500 | 156.7 | 58.3 | 185.3 | 2.81x | 0.37x |
| `CPP_SW_BEST_NORMAL_F64_T2` | 500 | 163.5 | 116.3 | 187.6 | 2.93x | 0.38x |
| `FPGA_K4H4_E1` | 500 | 164.9 | - | - | 2.96x | 0.39x |
| `CPP_SW_BEST_NORMAL_F64_T4` | 500 | 165.0 | 113.9 | 201.2 | 2.96x | 0.39x |
| `CPP_SW_BEST_ALLJ_F64_W8` | 500 | 172.7 | 150.2 | 202.4 | 3.09x | 0.41x |
| `CPP_SW_BEST_NORMAL_F32` | 500 | 186.7 | 145.9 | 219.3 | 3.35x | 0.44x |
| `CPP_SW_BEST_NORMAL_F64` | 500 | 241.9 | 196.1 | 266.9 | 4.34x | 0.57x |
| `CPP_SW_BEST_NORMAL_F32_W8` | 500 | 260.7 | 207.2 | 295.6 | 4.67x | 0.61x |
| `CPP_RTL_EXACT_NORMAL` | 500 | 292.6 | 253.6 | 324.2 | 5.24x | 0.69x |
| `CPP_RTL_EXACT_NORMAL_W8` | 500 | 307.2 | 260.1 | 341.7 | 5.50x | 0.72x |
| `NUMPY_ALLJ_F64` | 500 | 417.4 | 158.7 | 458.6 | 7.48x | 0.98x |
| `FPGA_NORMAL_E1` | 500 | 425.5 | - | - | 7.63x | 1.00x |
| `CPP_SW_BEST_NORMAL_F64_W8` | 500 | 505.3 | 410.7 | 536.0 | 9.06x | 1.19x |
| `NUMPY_K3H3_F64` | 500 | 564.2 | 173.5 | 607.9 | 10.11x | 1.33x |
| `NUMPY_ALLJ_F64_W8` | 500 | 579.7 | 284.7 | 618.4 | 10.39x | 1.36x |
| `NUMPY_K3H3_F64_W8` | 500 | 719.2 | 253.0 | 759.7 | 12.89x | 1.69x |
| `NUMPY_NORMAL_F64` | 500 | 734.8 | 527.4 | 772.6 | 13.17x | 1.73x |
| `NUMPY_NORMAL_F64_W8` | 500 | 1192.4 | 944.0 | 1230.5 | 21.37x | 2.80x |
| `GOLDEN_PY_K3H3` | 500 | 2497.8 | 1126.5 | 5848.3 | 44.77x | 5.87x |
| `GOLDEN_PY_K3H3_W8` | 500 | 3621.9 | 1819.2 | 7266.9 | 64.91x | 8.51x |
| `GOLDEN_PY_ALLJ` | 500 | 3635.4 | 2408.3 | 6971.2 | 65.15x | 8.54x |
| `GOLDEN_PY_NORMAL` | 500 | 4427.4 | 3358.8 | 7780.8 | 79.35x | 10.41x |
| `GOLDEN_PY_ALLJ_W8` | 500 | 4490.6 | 3008.0 | 8114.3 | 80.48x | 10.55x |
| `GOLDEN_PY_NORMAL_W8` | 500 | 5896.4 | 4589.7 | 9533.5 | 105.67x | 13.86x |
| `QISKIT_AER_ALLJ_F64_T8` | 100 | 15054.4 | 3818.5 | 16505.4 | 1342.23x | 175.01x |
| `QISKIT_AER_ALLJ_F64` | 100 | 16699.3 | 5541.8 | 18136.0 | 1488.89x | 194.13x |
| `QISKIT_AER_K3H3_F64_T8` | 100 | 16777.0 | 3860.4 | 18632.6 | 1495.81x | 195.03x |
| `QISKIT_AER_K3H3_F64` | 100 | 19066.4 | 6234.5 | 20947.5 | 1699.92x | 221.65x |
| `QISKIT_AER_NORMAL_F64_T8` | 100 | 51482.3 | 12525.5 | 54874.9 | 4590.08x | 598.49x |
| `QISKIT_AER_NORMAL_F64` | 100 | 59562.0 | 20392.3 | 62897.7 | 5310.45x | 692.41x |

## Throughput (multi-core, workloads in parallel)

| Backend | workers | searches per second | FPGA K3/H3 is faster by |
| --- | ---: | ---: | ---: |
| `FPGA_K3H3_E4_M2` | 1 engine | 8,961 | 1.00x |
| `CPP_RTL_EXACT_NORMAL_W8` (500 workloads) | 8 | 11,568 | 0.77x |
| `CPP_SW_BEST_ALLJ_F32_W8` (500 workloads) | 8 | 43,129 | 0.21x |
| `CPP_SW_BEST_ALLJ_F64_W8` (500 workloads) | 8 | 18,495 | 0.48x |
| `CPP_SW_BEST_NORMAL_F32_W8` (500 workloads) | 8 | 14,366 | 0.62x |
| `CPP_SW_BEST_NORMAL_F64_W8` (500 workloads) | 8 | 7,551 | 1.19x |
| `GOLDEN_PY_ALLJ_W8` (500 workloads) | 8 | 746 | 12.02x |
| `GOLDEN_PY_K3H3_W8` (500 workloads) | 8 | 844 | 10.61x |
| `GOLDEN_PY_NORMAL_W8` (500 workloads) | 8 | 583 | 15.38x |
| `NUMPY_ALLJ_F64_W8` (500 workloads) | 8 | 5,940 | 1.51x |
| `NUMPY_K3H3_F64_W8` (500 workloads) | 8 | 4,326 | 2.07x |
| `NUMPY_NORMAL_F64_W8` (500 workloads) | 8 | 3,137 | 2.86x |

## Equivalence

Trajectory = (result_index, trial_count, L_BBHT) per workload; FPGA reference = `FPGA_NORMAL_E1`.

| Backend | = FPGA trajectory | = float trajectory (`NUMPY_NORMAL_F64`) |
| --- | ---: | ---: |
| `FPGA_NORMAL_E1` | 500/500 | 23/500 |
| `FPGA_K4H4_E1` | 500/500 | 23/500 |
| `FPGA_K3H3_E4_M2` | 500/500 | 23/500 |
| `CPP_RTL_EXACT_ALLJ` | 500/500 | 23/500 |
| `CPP_RTL_EXACT_K3H3` | 500/500 | 23/500 |
| `CPP_RTL_EXACT_K3H3_T4` | 500/500 | 23/500 |
| `CPP_RTL_EXACT_NORMAL` | 500/500 | 23/500 |
| `CPP_RTL_EXACT_NORMAL_T4` | 500/500 | 23/500 |
| `CPP_RTL_EXACT_NORMAL_W8` | 500/500 | 23/500 |
| `CPP_SW_BEST_ALLJ_F32` | 23/500 | 500/500 |
| `CPP_SW_BEST_ALLJ_F32_W8` | 23/500 | 500/500 |
| `CPP_SW_BEST_ALLJ_F64` | 23/500 | 500/500 |
| `CPP_SW_BEST_ALLJ_F64_W8` | 23/500 | 500/500 |
| `CPP_SW_BEST_K3H3_F32` | 23/500 | 500/500 |
| `CPP_SW_BEST_K3H3_F32_T4` | 23/500 | 500/500 |
| `CPP_SW_BEST_K3H3_F64` | 23/500 | 500/500 |
| `CPP_SW_BEST_K3H3_F64_T4` | 23/500 | 500/500 |
| `CPP_SW_BEST_K4H4_F32` | 23/500 | 500/500 |
| `CPP_SW_BEST_K4H4_F64` | 23/500 | 500/500 |
| `CPP_SW_BEST_NORMAL_F32` | 23/500 | 500/500 |
| `CPP_SW_BEST_NORMAL_F32_T2` | 23/500 | 500/500 |
| `CPP_SW_BEST_NORMAL_F32_T4` | 23/500 | 500/500 |
| `CPP_SW_BEST_NORMAL_F32_T8` | 23/500 | 500/500 |
| `CPP_SW_BEST_NORMAL_F32_W8` | 23/500 | 500/500 |
| `CPP_SW_BEST_NORMAL_F64` | 23/500 | 500/500 |
| `CPP_SW_BEST_NORMAL_F64_T2` | 23/500 | 500/500 |
| `CPP_SW_BEST_NORMAL_F64_T4` | 23/500 | 500/500 |
| `CPP_SW_BEST_NORMAL_F64_T8` | 23/500 | 500/500 |
| `CPP_SW_BEST_NORMAL_F64_W8` | 23/500 | 500/500 |
| `GOLDEN_PY_ALLJ` | 500/500 | 23/500 |
| `GOLDEN_PY_ALLJ_W8` | 500/500 | 23/500 |
| `GOLDEN_PY_K3H3` | 500/500 | 23/500 |
| `GOLDEN_PY_K3H3_W8` | 500/500 | 23/500 |
| `GOLDEN_PY_NORMAL` | 500/500 | 23/500 |
| `GOLDEN_PY_NORMAL_W8` | 500/500 | 23/500 |
| `NUMPY_ALLJ_F64` | 23/500 | 500/500 |
| `NUMPY_ALLJ_F64_W8` | 23/500 | 500/500 |
| `NUMPY_K3H3_F64` | 23/500 | 500/500 |
| `NUMPY_K3H3_F64_W8` | 23/500 | 500/500 |
| `NUMPY_NORMAL_F64` | 23/500 | 500/500 |
| `NUMPY_NORMAL_F64_W8` | 23/500 | 500/500 |
| `QISKIT_AER_ALLJ_F64` | 5/100 | 100/100 |
| `QISKIT_AER_ALLJ_F64_T8` | 5/100 | 100/100 |
| `QISKIT_AER_K3H3_F64` | 5/100 | 100/100 |
| `QISKIT_AER_K3H3_F64_T8` | 5/100 | 100/100 |
| `QISKIT_AER_NORMAL_F64` | 5/100 | 100/100 |
| `QISKIT_AER_NORMAL_F64_T8` | 5/100 | 100/100 |

## Float vs fixed-point (FPGA) distributions

Float and Q1.22 state vectors sample different trajectories per seed, so distributions are compared
(two-sided; p > 0.05 = no detectable difference). Tests with p < 0.05: 0 of 10
(about 0.5 expected by chance).

| predicate | M | float success | FPGA success | trials median float / FPGA | Mann-Whitney p (trials) | KS p (L_BBHT) |
| --- | ---: | ---: | ---: | --- | ---: | ---: |
| EQ | 1 | 100/100 | 100/100 | 23.0 / 23.0 | 0.870 | 0.702 |
| EQ | 4 | 100/100 | 100/100 | 20.0 / 19.0 | 0.601 | 0.815 |
| EQ | 16 | 100/100 | 100/100 | 16.0 / 16.0 | 0.977 | 0.815 |
| EQ | 64 | 100/100 | 100/100 | 11.0 / 11.0 | 0.586 | 0.908 |
| EQ | 256 | 100/100 | 100/100 | 8.0 / 7.0 | 0.407 | 0.470 |

done: /workspace/software/sw_benchmark/results/Intern-Ubuntu_20261005_2304
