> ID
ID
STAT name=bbht_console csr_ver=0.9.8
STAT platform=bbht_grover_nocheckpoint fw=2026-09-25
STAT csr_base=0xe2020000 q_bits=14 n_entries=16384 fifo_depth=256
STAT accel_clk_hz=100000000 sram_base=0xe0000000 sram_last=0xe001ffff
STAT dataset_addr=0xe000a618 dataset_count=0 loaded=0
OK
> GEN PRED=LT A=-16384 TARGETS=1 SEED=0x5EED1234 POS=0x17A02026
GEN PRED=LT A=-16384 TARGETS=1 SEED=0x5EED1234 POS=0x17A02026
OK count=16384 targets=1 pred=LT a=-16384 b=0
> SUM
SUM
STAT count=16384 fnv=0xdf60e448 hits=1 pred=LT a=-16384 b=0 loaded=0
OK
> LOAD
LOAD
OK loaded=16384 addr=0xe000a618
> SET MODE=LT A=-16384 B=0 COUNT=16384 CAP=100 AUTO=1 J=0
SET MODE=LT A=-16384 B=0 COUNT=16384 CAP=100 AUTO=1 J=0
OK
> SET BURST=0 SEEDJ=0x7B1DCDAF SEEDM=0x24370DF2
SET BURST=0 SEEDJ=0x7B1DCDAF SEEDM=0x24370DF2
OK
> RUN
RUN
HIT idx=6004 val=-28307 trials=15 l=30 iters=30 cyc=22580 us=225 wall_us=231
OK
> SET BURST=0 SEEDJ=0x3A85A4DC SEEDM=0xA3B9AA35
SET BURST=0 SEEDJ=0x3A85A4DC SEEDM=0xA3B9AA35
OK
> RUN
RUN
HIT idx=6004 val=-28307 trials=23 l=132 iters=132 cyc=55271 us=552 wall_us=558
OK
> GEN PRED=LT A=-16384 TARGETS=4 SEED=0x5EED1234 POS=0x17A02026
GEN PRED=LT A=-16384 TARGETS=4 SEED=0x5EED1234 POS=0x17A02026
OK count=16384 targets=4 pred=LT a=-16384 b=0
> SUM
SUM
STAT count=16384 fnv=0x6015d0aa hits=4 pred=LT a=-16384 b=0 loaded=0
OK
> LOAD
LOAD
OK loaded=16384 addr=0xe000a618
> SET MODE=LT A=-16384 B=0 COUNT=16384 CAP=100 AUTO=1 J=0
SET MODE=LT A=-16384 B=0 COUNT=16384 CAP=100 AUTO=1 J=0
OK
> SET BURST=0 SEEDJ=0x7B1DCDAF SEEDM=0x24370DF2
SET BURST=0 SEEDJ=0x7B1DCDAF SEEDM=0x24370DF2
OK
> RUN
RUN
HIT idx=6004 val=-28307 trials=15 l=30 iters=30 cyc=22518 us=225 wall_us=230
OK
> SET BURST=0 SEEDJ=0x3A85A4DC SEEDM=0xA3B9AA35
SET BURST=0 SEEDJ=0x3A85A4DC SEEDM=0xA3B9AA35
OK
> RUN
RUN
HIT idx=2687 val=-24767 trials=20 l=81 iters=81 cyc=39660 us=396 wall_us=402
OK
> GEN PRED=LT A=-16384 TARGETS=16 SEED=0x5EED1234 POS=0x17A02026
GEN PRED=LT A=-16384 TARGETS=16 SEED=0x5EED1234 POS=0x17A02026
OK count=16384 targets=16 pred=LT a=-16384 b=0
> SUM
SUM
STAT count=16384 fnv=0xcdc69ebc hits=16 pred=LT a=-16384 b=0 loaded=0
OK
> LOAD
LOAD
OK loaded=16384 addr=0xe000a618
> SET MODE=LT A=-16384 B=0 COUNT=16384 CAP=100 AUTO=1 J=0
SET MODE=LT A=-16384 B=0 COUNT=16384 CAP=100 AUTO=1 J=0
OK
> SET BURST=0 SEEDJ=0x7B1DCDAF SEEDM=0x24370DF2
SET BURST=0 SEEDJ=0x7B1DCDAF SEEDM=0x24370DF2
OK
> RUN
RUN
HIT idx=6463 val=-19424 trials=14 l=22 iters=22 cyc=19569 us=195 wall_us=202
OK
> SET BURST=0 SEEDJ=0x3A85A4DC SEEDM=0xA3B9AA35
SET BURST=0 SEEDJ=0x3A85A4DC SEEDM=0xA3B9AA35
OK
> RUN
RUN
HIT idx=8671 val=-19865 trials=20 l=81 iters=81 cyc=39524 us=395 wall_us=400
OK
> GEN PRED=LT A=-16384 TARGETS=64 SEED=0x5EED1234 POS=0x17A02026
GEN PRED=LT A=-16384 TARGETS=64 SEED=0x5EED1234 POS=0x17A02026
OK count=16384 targets=64 pred=LT a=-16384 b=0
> SUM
SUM
STAT count=16384 fnv=0x8e060871 hits=64 pred=LT a=-16384 b=0 loaded=0
OK
> LOAD
LOAD
OK loaded=16384 addr=0xe000a618
> SET MODE=LT A=-16384 B=0 COUNT=16384 CAP=100 AUTO=1 J=0
SET MODE=LT A=-16384 B=0 COUNT=16384 CAP=100 AUTO=1 J=0
OK
> SET BURST=0 SEEDJ=0x7B1DCDAF SEEDM=0x24370DF2
SET BURST=0 SEEDJ=0x7B1DCDAF SEEDM=0x24370DF2
OK
> RUN
RUN
HIT idx=1089 val=-17865 trials=7 l=4 iters=4 cyc=7675 us=76 wall_us=81
OK
> SET BURST=0 SEEDJ=0x3A85A4DC SEEDM=0xA3B9AA35
SET BURST=0 SEEDJ=0x3A85A4DC SEEDM=0xA3B9AA35
OK
> RUN
RUN
HIT idx=1951 val=-17282 trials=16 l=35 iters=35 cyc=23573 us=235 wall_us=241
OK
> GEN PRED=LT A=-16384 TARGETS=256 SEED=0x5EED1234 POS=0x17A02026
GEN PRED=LT A=-16384 TARGETS=256 SEED=0x5EED1234 POS=0x17A02026
OK count=16384 targets=256 pred=LT a=-16384 b=0
> SUM
SUM
STAT count=16384 fnv=0xa569173a hits=256 pred=LT a=-16384 b=0 loaded=0
OK
> LOAD
LOAD
OK loaded=16384 addr=0xe000a618
> SET MODE=LT A=-16384 B=0 COUNT=16384 CAP=100 AUTO=1 J=0
SET MODE=LT A=-16384 B=0 COUNT=16384 CAP=100 AUTO=1 J=0
OK
> SET BURST=0 SEEDJ=0x7B1DCDAF SEEDM=0x24370DF2
SET BURST=0 SEEDJ=0x7B1DCDAF SEEDM=0x24370DF2
OK
> RUN
RUN
HIT idx=2969 val=-25443 trials=6 l=4 iters=4 cyc=6951 us=69 wall_us=75
OK
> SET BURST=0 SEEDJ=0x3A85A4DC SEEDM=0xA3B9AA35
SET BURST=0 SEEDJ=0x3A85A4DC SEEDM=0xA3B9AA35
OK
> RUN
RUN
HIT idx=2036 val=-24289 trials=10 l=5 iters=5 cyc=10171 us=101 wall_us=107
OK
> GEN PRED=GT A=16383 TARGETS=1 SEED=0x5EED1234 POS=0x67A02026
GEN PRED=GT A=16383 TARGETS=1 SEED=0x5EED1234 POS=0x67A02026
OK count=16384 targets=1 pred=GT a=16383 b=0
> SUM
SUM
STAT count=16384 fnv=0x57f636a0 hits=1 pred=GT a=16383 b=0 loaded=0
OK
> LOAD
LOAD
OK loaded=16384 addr=0xe000a618
> SET MODE=GT A=16383 B=0 COUNT=16384 CAP=100 AUTO=1 J=0
SET MODE=GT A=16383 B=0 COUNT=16384 CAP=100 AUTO=1 J=0
OK
> SET BURST=0 SEEDJ=0x7B1DCDAF SEEDM=0x24370DF2
SET BURST=0 SEEDJ=0x7B1DCDAF SEEDM=0x24370DF2
OK
> RUN
RUN
HIT idx=12148 val=26989 trials=21 l=119 iters=119 cyc=51783 us=517 wall_us=524
OK
> SET BURST=0 SEEDJ=0x3A85A4DC SEEDM=0xA3B9AA35
SET BURST=0 SEEDJ=0x3A85A4DC SEEDM=0xA3B9AA35
OK
> RUN
RUN
HIT idx=12148 val=26989 trials=25 l=259 iters=259 cyc=91037 us=910 wall_us=915
OK
> GEN PRED=GT A=16383 TARGETS=4 SEED=0x5EED1234 POS=0x67A02026
GEN PRED=GT A=16383 TARGETS=4 SEED=0x5EED1234 POS=0x67A02026
OK count=16384 targets=4 pred=GT a=16383 b=0
> SUM
SUM
STAT count=16384 fnv=0x6cc2a677 hits=4 pred=GT a=16383 b=0 loaded=0
OK
> LOAD
LOAD
OK loaded=16384 addr=0xe000a618
> SET MODE=GT A=16383 B=0 COUNT=16384 CAP=100 AUTO=1 J=0
SET MODE=GT A=16383 B=0 COUNT=16384 CAP=100 AUTO=1 J=0
OK
> SET BURST=0 SEEDJ=0x7B1DCDAF SEEDM=0x24370DF2
SET BURST=0 SEEDJ=0x7B1DCDAF SEEDM=0x24370DF2
OK
> RUN
RUN
HIT idx=14541 val=30711 trials=21 l=119 iters=119 cyc=51780 us=517 wall_us=522
OK
> SET BURST=0 SEEDJ=0x3A85A4DC SEEDM=0xA3B9AA35
SET BURST=0 SEEDJ=0x3A85A4DC SEEDM=0xA3B9AA35
OK
> RUN
RUN
HIT idx=2460 val=23714 trials=20 l=81 iters=81 cyc=39613 us=396 wall_us=400
OK
> GEN PRED=GT A=16383 TARGETS=16 SEED=0x5EED1234 POS=0x67A02026
GEN PRED=GT A=16383 TARGETS=16 SEED=0x5EED1234 POS=0x67A02026
OK count=16384 targets=16 pred=GT a=16383 b=0
> SUM
SUM
STAT count=16384 fnv=0x50dd0d55 hits=16 pred=GT a=16383 b=0 loaded=0
OK
> LOAD
LOAD
OK loaded=16384 addr=0xe000a618
> SET MODE=GT A=16383 B=0 COUNT=16384 CAP=100 AUTO=1 J=0
SET MODE=GT A=16383 B=0 COUNT=16384 CAP=100 AUTO=1 J=0
OK
> SET BURST=0 SEEDJ=0x7B1DCDAF SEEDM=0x24370DF2
SET BURST=0 SEEDJ=0x7B1DCDAF SEEDM=0x24370DF2
OK
> RUN
RUN
HIT idx=7119 val=21276 trials=25 l=308 iters=308 cyc=105999 us=1059 wall_us=1065
OK
> SET BURST=0 SEEDJ=0x3A85A4DC SEEDM=0xA3B9AA35
SET BURST=0 SEEDJ=0x3A85A4DC SEEDM=0xA3B9AA35
OK
> RUN
RUN
HIT idx=13499 val=22948 trials=11 l=9 iters=9 cyc=12359 us=123 wall_us=129
OK
> GEN PRED=GT A=16383 TARGETS=64 SEED=0x5EED1234 POS=0x67A02026
GEN PRED=GT A=16383 TARGETS=64 SEED=0x5EED1234 POS=0x67A02026
OK count=16384 targets=64 pred=GT a=16383 b=0
> SUM
SUM
STAT count=16384 fnv=0x29a01211 hits=64 pred=GT a=16383 b=0 loaded=0
OK
> LOAD
LOAD
OK loaded=16384 addr=0xe000a618
> SET MODE=GT A=16383 B=0 COUNT=16384 CAP=100 AUTO=1 J=0
SET MODE=GT A=16383 B=0 COUNT=16384 CAP=100 AUTO=1 J=0
OK
> SET BURST=0 SEEDJ=0x7B1DCDAF SEEDM=0x24370DF2
SET BURST=0 SEEDJ=0x7B1DCDAF SEEDM=0x24370DF2
OK
> RUN
RUN
HIT idx=2932 val=26834 trials=6 l=4 iters=4 cyc=6975 us=69 wall_us=75
OK
> SET BURST=0 SEEDJ=0x3A85A4DC SEEDM=0xA3B9AA35
SET BURST=0 SEEDJ=0x3A85A4DC SEEDM=0xA3B9AA35
OK
> RUN
RUN
HIT idx=9359 val=25296 trials=13 l=14 iters=14 cyc=15674 us=156 wall_us=162
OK
> GEN PRED=GT A=16383 TARGETS=256 SEED=0x5EED1234 POS=0x67A02026
GEN PRED=GT A=16383 TARGETS=256 SEED=0x5EED1234 POS=0x67A02026
OK count=16384 targets=256 pred=GT a=16383 b=0
> SUM
SUM
STAT count=16384 fnv=0x13d60bf9 hits=256 pred=GT a=16383 b=0 loaded=0
OK
> LOAD
LOAD
OK loaded=16384 addr=0xe000a618
> SET MODE=GT A=16383 B=0 COUNT=16384 CAP=100 AUTO=1 J=0
SET MODE=GT A=16383 B=0 COUNT=16384 CAP=100 AUTO=1 J=0
OK
> SET BURST=0 SEEDJ=0x7B1DCDAF SEEDM=0x24370DF2
SET BURST=0 SEEDJ=0x7B1DCDAF SEEDM=0x24370DF2
OK
> RUN
RUN
HIT idx=6194 val=21743 trials=4 l=2 iters=2 cyc=4771 us=47 wall_us=53
OK
> SET BURST=0 SEEDJ=0x3A85A4DC SEEDM=0xA3B9AA35
SET BURST=0 SEEDJ=0x3A85A4DC SEEDM=0xA3B9AA35
OK
> RUN
RUN
HIT idx=16378 val=30332 trials=2 l=0 iters=0 cyc=2251 us=22 wall_us=28
OK
> GEN PRED=EQ A=12345 TARGETS=1 SEED=0x5EED1234 POS=0xA17E2026
GEN PRED=EQ A=12345 TARGETS=1 SEED=0x5EED1234 POS=0xA17E2026
OK count=16384 targets=1 pred=EQ a=12345 b=0
> SUM
SUM
STAT count=16384 fnv=0xe0bb7e9c hits=1 pred=EQ a=12345 b=0 loaded=0
OK
> LOAD
LOAD
OK loaded=16384 addr=0xe000a618
> SET MODE=EQ A=12345 B=0 COUNT=16384 CAP=100 AUTO=1 J=0
SET MODE=EQ A=12345 B=0 COUNT=16384 CAP=100 AUTO=1 J=0
OK
> SET BURST=0 SEEDJ=0x7B1DCDAF SEEDM=0x24370DF2
SET BURST=0 SEEDJ=0x7B1DCDAF SEEDM=0x24370DF2
OK
> RUN
RUN
HIT idx=507 val=12345 trials=25 l=308 iters=308 cyc=105250 us=1052 wall_us=1058
OK
> SET BURST=0 SEEDJ=0x3A85A4DC SEEDM=0xA3B9AA35
SET BURST=0 SEEDJ=0x3A85A4DC SEEDM=0xA3B9AA35
OK
> RUN
RUN
HIT idx=507 val=12345 trials=15 l=23 iters=23 cyc=19595 us=195 wall_us=202
OK
> GEN PRED=EQ A=12345 TARGETS=4 SEED=0x5EED1234 POS=0xA17E2026
GEN PRED=EQ A=12345 TARGETS=4 SEED=0x5EED1234 POS=0xA17E2026
OK count=16384 targets=4 pred=EQ a=12345 b=0
> SUM
SUM
STAT count=16384 fnv=0x44bb67d0 hits=4 pred=EQ a=12345 b=0 loaded=0
OK
> LOAD
LOAD
OK loaded=16384 addr=0xe000a618
> SET MODE=EQ A=12345 B=0 COUNT=16384 CAP=100 AUTO=1 J=0
SET MODE=EQ A=12345 B=0 COUNT=16384 CAP=100 AUTO=1 J=0
OK
> SET BURST=0 SEEDJ=0x7B1DCDAF SEEDM=0x24370DF2
SET BURST=0 SEEDJ=0x7B1DCDAF SEEDM=0x24370DF2
OK
> RUN
RUN
HIT idx=8685 val=12345 trials=21 l=119 iters=119 cyc=51532 us=515 wall_us=521
OK
> SET BURST=0 SEEDJ=0x3A85A4DC SEEDM=0xA3B9AA35
SET BURST=0 SEEDJ=0x3A85A4DC SEEDM=0xA3B9AA35
OK
> RUN
RUN
HIT idx=8685 val=12345 trials=23 l=132 iters=132 cyc=56125 us=561 wall_us=567
OK
> GEN PRED=EQ A=12345 TARGETS=16 SEED=0x5EED1234 POS=0xA17E2026
GEN PRED=EQ A=12345 TARGETS=16 SEED=0x5EED1234 POS=0xA17E2026
OK count=16384 targets=16 pred=EQ a=12345 b=0
> SUM
SUM
STAT count=16384 fnv=0x7527279e hits=16 pred=EQ a=12345 b=0 loaded=0
OK
> LOAD
LOAD
OK loaded=16384 addr=0xe000a618
> SET MODE=EQ A=12345 B=0 COUNT=16384 CAP=100 AUTO=1 J=0
SET MODE=EQ A=12345 B=0 COUNT=16384 CAP=100 AUTO=1 J=0
OK
> SET BURST=0 SEEDJ=0x7B1DCDAF SEEDM=0x24370DF2
SET BURST=0 SEEDJ=0x7B1DCDAF SEEDM=0x24370DF2
OK
> RUN
RUN
HIT idx=4512 val=12345 trials=11 l=15 iters=15 cyc=14649 us=146 wall_us=151
OK
> SET BURST=0 SEEDJ=0x3A85A4DC SEEDM=0xA3B9AA35
SET BURST=0 SEEDJ=0x3A85A4DC SEEDM=0xA3B9AA35
OK
> RUN
RUN
HIT idx=507 val=12345 trials=15 l=23 iters=23 cyc=19604 us=196 wall_us=201
OK
> GEN PRED=EQ A=12345 TARGETS=64 SEED=0x5EED1234 POS=0xA17E2026
GEN PRED=EQ A=12345 TARGETS=64 SEED=0x5EED1234 POS=0xA17E2026
OK count=16384 targets=64 pred=EQ a=12345 b=0
> SUM
SUM
STAT count=16384 fnv=0xefb2e98e hits=64 pred=EQ a=12345 b=0 loaded=0
OK
> LOAD
LOAD
OK loaded=16384 addr=0xe000a618
> SET MODE=EQ A=12345 B=0 COUNT=16384 CAP=100 AUTO=1 J=0
SET MODE=EQ A=12345 B=0 COUNT=16384 CAP=100 AUTO=1 J=0
OK
> SET BURST=0 SEEDJ=0x7B1DCDAF SEEDM=0x24370DF2
SET BURST=0 SEEDJ=0x7B1DCDAF SEEDM=0x24370DF2
OK
> RUN
RUN
HIT idx=2852 val=12345 trials=6 l=4 iters=4 cyc=6950 us=69 wall_us=75
OK
> SET BURST=0 SEEDJ=0x3A85A4DC SEEDM=0xA3B9AA35
SET BURST=0 SEEDJ=0x3A85A4DC SEEDM=0xA3B9AA35
OK
> RUN
RUN
HIT idx=8685 val=12345 trials=13 l=14 iters=14 cyc=15637 us=156 wall_us=162
OK
> GEN PRED=EQ A=12345 TARGETS=256 SEED=0x5EED1234 POS=0xA17E2026
GEN PRED=EQ A=12345 TARGETS=256 SEED=0x5EED1234 POS=0xA17E2026
OK count=16384 targets=256 pred=EQ a=12345 b=0
> SUM
SUM
STAT count=16384 fnv=0xdca4f97c hits=256 pred=EQ a=12345 b=0 loaded=0
OK
> LOAD
LOAD
OK loaded=16384 addr=0xe000a618
> SET MODE=EQ A=12345 B=0 COUNT=16384 CAP=100 AUTO=1 J=0
SET MODE=EQ A=12345 B=0 COUNT=16384 CAP=100 AUTO=1 J=0
OK
> SET BURST=0 SEEDJ=0x7B1DCDAF SEEDM=0x24370DF2
SET BURST=0 SEEDJ=0x7B1DCDAF SEEDM=0x24370DF2
OK
> RUN
RUN
HIT idx=15288 val=12345 trials=8 l=7 iters=7 cyc=9652 us=96 wall_us=102
OK
> SET BURST=0 SEEDJ=0x3A85A4DC SEEDM=0xA3B9AA35
SET BURST=0 SEEDJ=0x3A85A4DC SEEDM=0xA3B9AA35
OK
> RUN
RUN
HIT idx=5849 val=12345 trials=5 l=2 iters=2 cyc=5393 us=53 wall_us=59
OK
> GEN PRED=RANGE A=-4096 B=4096 TARGETS=1 SEED=0x5EED1234 POS=0x3A4E2026
GEN PRED=RANGE A=-4096 B=4096 TARGETS=1 SEED=0x5EED1234 POS=0x3A4E2026
OK count=16384 targets=1 pred=RANGE a=-4096 b=4096
> SUM
SUM
STAT count=16384 fnv=0xcd8dbc25 hits=1 pred=RANGE a=-4096 b=4096 loaded=0
OK
> LOAD
LOAD
OK loaded=16384 addr=0xe000a618
> SET MODE=RANGE A=-4096 B=4096 COUNT=16384 CAP=100 AUTO=1 J=0
SET MODE=RANGE A=-4096 B=4096 COUNT=16384 CAP=100 AUTO=1 J=0
OK
> SET BURST=0 SEEDJ=0x7B1DCDAF SEEDM=0x24370DF2
SET BURST=0 SEEDJ=0x7B1DCDAF SEEDM=0x24370DF2
OK
> RUN
RUN
HIT idx=16227 val=-1474 trials=21 l=119 iters=119 cyc=51933 us=519 wall_us=524
OK
> SET BURST=0 SEEDJ=0x3A85A4DC SEEDM=0xA3B9AA35
SET BURST=0 SEEDJ=0x3A85A4DC SEEDM=0xA3B9AA35
OK
> RUN
RUN
HIT idx=16227 val=-1474 trials=25 l=259 iters=259 cyc=91166 us=911 wall_us=917
OK
> GEN PRED=RANGE A=-4096 B=4096 TARGETS=4 SEED=0x5EED1234 POS=0x3A4E2026
GEN PRED=RANGE A=-4096 B=4096 TARGETS=4 SEED=0x5EED1234 POS=0x3A4E2026
OK count=16384 targets=4 pred=RANGE a=-4096 b=4096
> SUM
SUM
STAT count=16384 fnv=0x7bae8d3a hits=4 pred=RANGE a=-4096 b=4096 loaded=0
OK
> LOAD
LOAD
OK loaded=16384 addr=0xe000a618
> SET MODE=RANGE A=-4096 B=4096 COUNT=16384 CAP=100 AUTO=1 J=0
SET MODE=RANGE A=-4096 B=4096 COUNT=16384 CAP=100 AUTO=1 J=0
OK
> SET BURST=0 SEEDJ=0x7B1DCDAF SEEDM=0x24370DF2
SET BURST=0 SEEDJ=0x7B1DCDAF SEEDM=0x24370DF2
OK
> RUN
RUN
HIT idx=4728 val=-2771 trials=20 l=81 iters=81 cyc=40674 us=406 wall_us=412
OK
> SET BURST=0 SEEDJ=0x3A85A4DC SEEDM=0xA3B9AA35
SET BURST=0 SEEDJ=0x3A85A4DC SEEDM=0xA3B9AA35
OK
> RUN
RUN
HIT idx=4728 val=-2771 trials=19 l=56 iters=56 cyc=32213 us=322 wall_us=328
OK
> GEN PRED=RANGE A=-4096 B=4096 TARGETS=16 SEED=0x5EED1234 POS=0x3A4E2026
GEN PRED=RANGE A=-4096 B=4096 TARGETS=16 SEED=0x5EED1234 POS=0x3A4E2026
OK count=16384 targets=16 pred=RANGE a=-4096 b=4096
> SUM
SUM
STAT count=16384 fnv=0xc24fdace hits=16 pred=RANGE a=-4096 b=4096 loaded=0
OK
> LOAD
LOAD
OK loaded=16384 addr=0xe000a618
> SET MODE=RANGE A=-4096 B=4096 COUNT=16384 CAP=100 AUTO=1 J=0
SET MODE=RANGE A=-4096 B=4096 COUNT=16384 CAP=100 AUTO=1 J=0
OK
> SET BURST=0 SEEDJ=0x7B1DCDAF SEEDM=0x24370DF2
SET BURST=0 SEEDJ=0x7B1DCDAF SEEDM=0x24370DF2
OK
> RUN
RUN
HIT idx=4554 val=4061 trials=20 l=81 iters=81 cyc=40626 us=406 wall_us=411
OK
> SET BURST=0 SEEDJ=0x3A85A4DC SEEDM=0xA3B9AA35
SET BURST=0 SEEDJ=0x3A85A4DC SEEDM=0xA3B9AA35
OK
> RUN
RUN
HIT idx=13446 val=-543 trials=11 l=9 iters=9 cyc=12312 us=123 wall_us=128
OK
> GEN PRED=RANGE A=-4096 B=4096 TARGETS=64 SEED=0x5EED1234 POS=0x3A4E2026
GEN PRED=RANGE A=-4096 B=4096 TARGETS=64 SEED=0x5EED1234 POS=0x3A4E2026
OK count=16384 targets=64 pred=RANGE a=-4096 b=4096
> SUM
SUM
STAT count=16384 fnv=0x4f2d645d hits=64 pred=RANGE a=-4096 b=4096 loaded=0
OK
> LOAD
LOAD
OK loaded=16384 addr=0xe000a618
> SET MODE=RANGE A=-4096 B=4096 COUNT=16384 CAP=100 AUTO=1 J=0
SET MODE=RANGE A=-4096 B=4096 COUNT=16384 CAP=100 AUTO=1 J=0
OK
> SET BURST=0 SEEDJ=0x7B1DCDAF SEEDM=0x24370DF2
SET BURST=0 SEEDJ=0x7B1DCDAF SEEDM=0x24370DF2
OK
> RUN
RUN
HIT idx=6171 val=1345 trials=14 l=22 iters=22 cyc=19568 us=195 wall_us=201
OK
> SET BURST=0 SEEDJ=0x3A85A4DC SEEDM=0xA3B9AA35
SET BURST=0 SEEDJ=0x3A85A4DC SEEDM=0xA3B9AA35
OK
> RUN
RUN
HIT idx=13589 val=-734 trials=11 l=9 iters=9 cyc=12368 us=123 wall_us=129
OK
> GEN PRED=RANGE A=-4096 B=4096 TARGETS=256 SEED=0x5EED1234 POS=0x3A4E2026
GEN PRED=RANGE A=-4096 B=4096 TARGETS=256 SEED=0x5EED1234 POS=0x3A4E2026
OK count=16384 targets=256 pred=RANGE a=-4096 b=4096
> SUM
SUM
STAT count=16384 fnv=0x0d48036a hits=256 pred=RANGE a=-4096 b=4096 loaded=0
OK
> LOAD
LOAD
OK loaded=16384 addr=0xe000a618
> SET MODE=RANGE A=-4096 B=4096 COUNT=16384 CAP=100 AUTO=1 J=0
SET MODE=RANGE A=-4096 B=4096 COUNT=16384 CAP=100 AUTO=1 J=0
OK
> SET BURST=0 SEEDJ=0x7B1DCDAF SEEDM=0x24370DF2
SET BURST=0 SEEDJ=0x7B1DCDAF SEEDM=0x24370DF2
OK
> RUN
RUN
HIT idx=12101 val=-2751 trials=2 l=1 iters=1 cyc=2472 us=24 wall_us=29
OK
> SET BURST=0 SEEDJ=0x3A85A4DC SEEDM=0xA3B9AA35
SET BURST=0 SEEDJ=0x3A85A4DC SEEDM=0xA3B9AA35
OK
> RUN
RUN
HIT idx=1860 val=-2151 trials=10 l=5 iters=5 cyc=10164 us=101 wall_us=106
OK
