Copyright 1986-2022 Xilinx, Inc. All Rights Reserved. Copyright 2022-2026 Advanced Micro Devices, Inc. All Rights Reserved.
------------------------------------------------------------------------------------------------------------------------------------------------------
| Tool Version : Vivado v.2026.1 (lin64) Build 6511674 Tue Jun 16 11:01:26 MDT 2026
| Date         : Wed Sep 16 16:52:32 2026
| Host         : Dev-Ubuntu running 64-bit Ubuntu 24.04.4 LTS
| Command      : report_utilization -hierarchical -file /opt/rvx/platform/bbht_grover_upgrade/imp_arty-100t_2026-09-16/imp_result/route_util_hier.rpt
| Design       : BBHT_GROVER_UPGRADE_FPGA
| Device       : xc7a100tcsg324-1
| Speed File   : -1
| Design State : Routed
------------------------------------------------------------------------------------------------------------------------------------------------------

Utilization Design Information

Table of Contents
-----------------
1. Utilization by Hierarchy

1. Utilization by Hierarchy
---------------------------

+-------------------------------------------------------------------------+-----------------------------------------------------------+------------+------------+---------+------+-------+--------+--------+------------+
|                                 Instance                                |                           Module                          | Total LUTs | Logic LUTs | LUTRAMs | SRLs |  FFs  | RAMB36 | RAMB18 | DSP Blocks |
+-------------------------------------------------------------------------+-----------------------------------------------------------+------------+------------+---------+------+-------+--------+--------+------------+
| BBHT_GROVER_UPGRADE_FPGA                                                |                                                     (top) |      45116 |      44900 |     216 |    0 | 45210 |     84 |     64 |        132 |
|   (BBHT_GROVER_UPGRADE_FPGA)                                            |                                                     (top) |        608 |        608 |       0 |    0 |     0 |      0 |      0 |          0 |
|   i_platform                                                            |                                       BBHT_GROVER_UPGRADE |      44527 |      44311 |     216 |    0 | 45210 |     84 |     64 |        132 |
|     i_bbht                                                              |                                          bbht_rvx_wrapper |      32477 |      32309 |     168 |    0 | 28570 |     52 |     64 |        128 |
|       u_core                                                            |                                          bbht_grover_core |      32180 |      32012 |     168 |    0 | 28221 |     52 |     64 |        128 |
|         u_main_ip                                                       |                                       bbht_grover_main_ip |      32180 |      32012 |     168 |    0 | 28221 |     52 |     64 |        128 |
|           (u_main_ip)                                                   |                                       bbht_grover_main_ip |        173 |        173 |       0 |    0 |   958 |      0 |      0 |          0 |
|           g_ckpt_plan_exec.g_auto_policy_k34.u_auto_policy              |                                grover_ckpt_policy_rolling |       3077 |       3077 |       0 |    0 |  2921 |      4 |      0 |          0 |
|             (g_ckpt_plan_exec.g_auto_policy_k34.u_auto_policy)          |                                grover_ckpt_policy_rolling |       2735 |       2735 |       0 |    0 |  2918 |      0 |      0 |          0 |
|             u_policy_memo                                               |                                   grover_ckpt_policy_memo |        344 |        344 |       0 |    0 |     3 |      4 |      0 |          0 |
|           g_ckpt_plan_exec.g_auto_policy_k34.u_plan_fifo                |                                     grover_ckpt_plan_fifo |        183 |        135 |      48 |    0 |    42 |      0 |      0 |          0 |
|           g_ckpt_plan_exec.g_auto_policy_k34.u_shadow_j                 |                                           grover_shadow_j |        144 |        144 |       0 |    0 |   119 |      0 |      0 |          0 |
|           g_ckpt_plan_exec.g_ckpt_planner_auto_pipe.u_ckpt_planner_pipe |                                  grover_ckpt_planner_pipe |        193 |        193 |       0 |    0 |    70 |      0 |      0 |          0 |
|           g_ckpt_plan_exec.u_ckpt_executor                              |                                      grover_ckpt_executor |        155 |        155 |       0 |    0 |    96 |      0 |      0 |          0 |
|           g_ckpt_plan_exec.u_ckpt_meta                                  |                                          grover_ckpt_meta |        112 |        112 |       0 |    0 |    24 |      0 |      0 |          0 |
|           g_intra_e4.u_amp_mem                                          |                            grover_ckpt_mem_interleaved_e4 |       2109 |       2109 |       0 |    0 |  3699 |     44 |      0 |          0 |
|             (g_intra_e4.u_amp_mem)                                      |                            grover_ckpt_mem_interleaved_e4 |       1373 |       1373 |       0 |    0 |  3699 |      0 |      0 |          0 |
|             u_phase2                                                    |                                 grover_amp_mem_packed_634 |        736 |        736 |       0 |    0 |     0 |     11 |      0 |          0 |
|           g_intra_e4.u_data_mem                                         |                                        grover_data_mem_e4 |       3579 |       3579 |       0 |    0 |     8 |      0 |     64 |          0 |
|           g_intra_e4.u_found_mask                                       |                                  grover_found_mask_mem_e4 |        115 |        115 |       0 |    0 |    32 |      2 |      0 |          0 |
|           g_intra_e4.u_iter_ctrl                                        |                                   grover_ctrl_fsm_ckpt_e4 |        654 |        654 |       0 |    0 |    68 |      0 |      0 |          0 |
|           g_intra_e4.u_iter_dp                                          |                                   grover_iter_datapath_e4 |      13062 |      13062 |       0 |    0 |  9919 |      0 |      0 |          0 |
|             (g_intra_e4.u_iter_dp)                                      |                                   grover_iter_datapath_e4 |       8069 |       8069 |       0 |    0 |  9313 |      0 |      0 |          0 |
|             u_a2                                                        |                                      grover_sum_accum_628 |         75 |         75 |       0 |    0 |    38 |      0 |      0 |          0 |
|             u_sum0                                                      |                                         grover_adder_tree |        315 |        315 |       0 |    0 |   113 |      0 |      0 |          0 |
|             u_sum1                                                      |                                     grover_adder_tree_630 |        469 |        469 |       0 |    0 |   113 |      0 |      0 |          0 |
|             u_sum2                                                      |                                     grover_adder_tree_631 |        314 |        314 |       0 |    0 |   113 |      0 |      0 |          0 |
|             u_sum3                                                      |                                     grover_adder_tree_632 |        278 |        278 |       0 |    0 |   113 |      0 |      0 |          0 |
|           g_intra_e4.u_oracle_align                                     |                               grover_e4_oracle_align_quad |       3440 |       3440 |       0 |    0 |  1089 |      0 |      0 |          0 |
|           u_bbht                                                        |                                      grover_bbht_shot_fsm |        378 |        378 |       0 |    0 |   164 |      0 |      0 |          0 |
|             (u_bbht)                                                    |                                      grover_bbht_shot_fsm |        296 |        296 |       0 |    0 |   123 |      0 |      0 |          0 |
|             u_bbht_random                                               |                                        grover_bbht_random |         82 |         82 |       0 |    0 |    41 |      0 |      0 |          0 |
|           u_meas_lfsr                                                   |                                grover_meas_prng64_adapter |        112 |        112 |       0 |    0 |    65 |      0 |      0 |          0 |
|           u_measure_verify                                              |                                     grover_measure_verify |       4443 |       4403 |      40 |    0 |  8707 |      2 |      0 |        128 |
|             u_verify                                                    |                                             grover_verify |         87 |         87 |       0 |    0 |    36 |      0 |      0 |          0 |
|             u_born                                                      |                                       grover_born_sampler |       4352 |       4312 |      40 |    0 |  8650 |      2 |      0 |        128 |
|               (u_born)                                                  |                                       grover_born_sampler |        892 |        852 |      40 |    0 |  3601 |      0 |      0 |          0 |
|               g_m1_square1.u_square32_b                                 |                                      grover_born_square32 |       1479 |       1479 |       0 |    0 |  1019 |      0 |      0 |         64 |
|               u_reject64                                                |                                      grover_born_reject64 |        283 |        283 |       0 |    0 |    66 |      0 |      0 |          0 |
|               u_square32                                                |                                  grover_born_square32_444 |       1673 |       1673 |       0 |    0 |  3963 |      0 |      0 |         64 |
|           u_result_fifo                                                 |                                        grover_result_fifo |        164 |         84 |      80 |    0 |    25 |      0 |      0 |          0 |
|           u_status                                                      |                                    grover_status_counters |         70 |         70 |       0 |    0 |   150 |      0 |      0 |          0 |
|       u_loader                                                          |                                           bbht_ahb_loader |        188 |        188 |       0 |    0 |   168 |      0 |      0 |          0 |
|       u_mmio                                                            |                                          bbht_grover_mmio |        116 |        116 |       0 |    0 |   181 |      0 |      0 |          0 |
|     i_rtl                                                               |                                   BBHT_GROVER_UPGRADE_RTL |      11796 |      11748 |      48 |    0 | 16230 |      0 |      0 |          4 |
|       platform_controller                                               |                                  ERVP_PLATFORM_CONTROLLER |       2440 |       2440 |       0 |    0 |  5004 |      0 |      0 |          0 |
|         i_rvx_instance_1                                                |                                            RVX_MODULE_118 |         33 |         33 |       0 |    0 |    77 |      0 |      0 |          0 |
|           i_rvx_instance_5                                              |                                         RVX_MODULE_101_17 |         33 |         33 |       0 |    0 |    77 |      0 |      0 |          0 |
|             i_rvx_instance_0                                            |                                         RVX_MODULE_026_18 |         33 |         33 |       0 |    0 |    74 |      0 |      0 |          0 |
|         i_rvx_instance_3                                                |                                            RVX_MODULE_123 |        785 |        785 |       0 |    0 |    25 |      0 |      0 |          0 |
|           (i_rvx_instance_3)                                            |                                            RVX_MODULE_123 |        773 |        773 |       0 |    0 |    19 |      0 |      0 |          0 |
|         i_rvx_instance_4                                                |                                            RVX_MODULE_009 |       1472 |       1472 |       0 |    0 |  4606 |      0 |      0 |          0 |
|           i_rvx_instance_3                                              |                                            RVX_MODULE_108 |          7 |          7 |       0 |    0 |   126 |      0 |      0 |          0 |
|             i_rvx_instance_0                                            |                         ERVP_SYNCHRONIZER__parameterized1 |          5 |          5 |       0 |    0 |    78 |      0 |      0 |          0 |
|           i_rvx_instance_0                                              |                                            RVX_MODULE_103 |        100 |        100 |       0 |    0 |   127 |      0 |      0 |          0 |
|             i_rvx_instance_1                                            |                                            RVX_MODULE_013 |         90 |         90 |       0 |    0 |    16 |      0 |      0 |          0 |
|             i_rvx_instance_0                                            |                            RVX_MODULE_013__parameterized0 |          1 |          1 |       0 |    0 |    64 |      0 |      0 |          0 |
|           i_rvx_instance_1                                              |                                            RVX_MODULE_029 |       1210 |       1210 |       0 |    0 |  4234 |      0 |      0 |          0 |
|             i_rvx_instance_3                                            |                                              ERVP_FIFO_11 |        599 |        599 |       0 |    0 |  2077 |      0 |      0 |          0 |
|               (i_rvx_instance_3)                                        |                                              ERVP_FIFO_11 |          0 |          0 |       0 |    0 |  2048 |      0 |      0 |          0 |
|               i_rvx_instance_4                                          |                                                  ERVP_MUX |        544 |        544 |       0 |    0 |     0 |      0 |      0 |          0 |
|             i_rvx_instance_1                                            |                      ERVP_SYNCHRONIZER__parameterized0_10 |          1 |          1 |       0 |    0 |    66 |      0 |      0 |          0 |
|             i_rvx_instance_2                                            |                                                 ERVP_FIFO |        609 |        609 |       0 |    0 |  2084 |      0 |      0 |          0 |
|               (i_rvx_instance_2)                                        |                                                 ERVP_FIFO |          0 |          0 |       0 |    0 |  2048 |      0 |      0 |          0 |
|               i_rvx_instance_4                                          |                                               ERVP_MUX_16 |        544 |        544 |       0 |    0 |     0 |      0 |      0 |          0 |
|           i_rvx_instance_2                                              |                                            RVX_MODULE_065 |        155 |        155 |       0 |    0 |   119 |      0 |      0 |          0 |
|             (i_rvx_instance_2)                                          |                                            RVX_MODULE_065 |        115 |        115 |       0 |    0 |   103 |      0 |      0 |          0 |
|         i_rvx_instance_5                                                |                                            RVX_MODULE_058 |        141 |        141 |       0 |    0 |   296 |      0 |      0 |          0 |
|           i_rvx_instance_3                                              |                       ERVP_SYNCHRONIZER__parameterized2_7 |          0 |          0 |       0 |    0 |    64 |      0 |      0 |          0 |
|           i_rvx_instance_1                                              |                         ERVP_SYNCHRONIZER__parameterized2 |          0 |          0 |       0 |    0 |    64 |      0 |      0 |          0 |
|           i_rvx_instance_2                                              |                                            RVX_MODULE_101 |        137 |        137 |       0 |    0 |   127 |      0 |      0 |          0 |
|             i_rvx_instance_0                                            |                                            RVX_MODULE_026 |        137 |        137 |       0 |    0 |   124 |      0 |      0 |          0 |
|       autoname_107                                                      |                                           ERVP_REAL_CLOCK |         85 |         85 |       0 |    0 |    64 |      0 |      0 |          0 |
|         i_rvx_instance_0                                                |                              ERVP_COUNTER__parameterized1 |         85 |         85 |       0 |    0 |    64 |      0 |      0 |          0 |
|       common_peri_group                                                 |                                    ERVP_COMMON_PERI_GROUP |        145 |        145 |       0 |    0 |    87 |      0 |      0 |          0 |
|         (common_peri_group)                                             |                                    ERVP_COMMON_PERI_GROUP |         32 |         32 |       0 |    0 |    65 |      0 |      0 |          0 |
|         i_rvx_instance_4                                                |                                             ERVP_IROM_APB |        112 |        112 |       0 |    0 |     0 |      0 |      0 |          0 |
|       default_slave                                                     |                                        MUNOC_DEFAULT_SNIM |        430 |        430 |       0 |    0 |   798 |      0 |      0 |          0 |
|         i_munoc_instance_2                                              |                              MUNOC_AXI2APB_CONVERTER__391 |        130 |        130 |       0 |    0 |   206 |      0 |      0 |          0 |
|           i_munoc_instance_0                                            |                                        RVX_MODULE_007_392 |         37 |         37 |       0 |    0 |    86 |      0 |      0 |          0 |
|             i_rvx_instance_1                                            |                                        RVX_MODULE_022_404 |         32 |         32 |       0 |    0 |    83 |      0 |      0 |          0 |
|           i_munoc_instance_1                                            |                                       MUNOC_AXI2LPIXS_393 |         93 |         93 |       0 |    0 |   120 |      0 |      0 |          0 |
|             i_rvx_instance_0                                            |                                        RVX_MODULE_095_394 |         22 |         22 |       0 |    0 |    68 |      0 |      0 |          0 |
|               i_rvx_instance_0                                          |                       ERVP_SMALL_FIFO__parameterized3_398 |         21 |         21 |       0 |    0 |    66 |      0 |      0 |          0 |
|                 (i_rvx_instance_0)                                      |                       ERVP_SMALL_FIFO__parameterized3_398 |          0 |          0 |       0 |    0 |    57 |      0 |      0 |          0 |
|             i_rvx_instance_1                                            |                                        RVX_MODULE_092_395 |         71 |         71 |       0 |    0 |    52 |      0 |      0 |          0 |
|               i_rvx_instance_0                                          |                                        RVX_MODULE_036_396 |         71 |         71 |       0 |    0 |    52 |      0 |      0 |          0 |
|                 i_rvx_instance_0                                        |                                        RVX_MODULE_111_397 |         71 |         71 |       0 |    0 |    44 |      0 |      0 |          0 |
|         i_munoc_instance_1                                              |                                       MUNOC_MODULE_06_390 |        288 |        288 |       0 |    0 |   584 |      0 |      0 |          0 |
|           i_munoc_instance_2                                            |                                       MUNOC_MODULE_21_415 |        161 |        161 |       0 |    0 |   385 |      0 |      0 |          0 |
|             i_munoc_instance_0                                          |                                       MUNOC_MODULE_46_429 |        149 |        149 |       0 |    0 |   368 |      0 |      0 |          0 |
|               i_gen_buffer[0].i_munoc_instance_1                        |                                      ERVP_ASYNCH_FIFO_435 |        149 |        149 |       0 |    0 |   368 |      0 |      0 |          0 |
|                 (i_gen_buffer[0].i_munoc_instance_1)                    |                                      ERVP_ASYNCH_FIFO_435 |        128 |        128 |       0 |    0 |   352 |      0 |      0 |          0 |
|           i_munoc_instance_7                                            |                                       MUNOC_MODULE_35_420 |         46 |         46 |       0 |    0 |    66 |      0 |      0 |          0 |
|             i_munoc_instance_1                                          |                                       MUNOC_MODULE_40_422 |         37 |         37 |       0 |    0 |    53 |      0 |      0 |          0 |
|       external_peri_group                                               |                                  ERVP_EXTERNAL_PERI_GROUP |       1255 |       1231 |      24 |    0 |  1063 |      0 |      0 |          0 |
|         (i_rvx_instance_07)                                             |                                            RVX_MODULE_078 |          2 |          2 |       0 |    0 |    72 |      0 |      0 |          0 |
|         i_gen_valid_uart[0].i_rvx_instance_05                           |                                            RVX_MODULE_120 |       1081 |       1057 |      24 |    0 |   636 |      0 |      0 |          0 |
|           i_rvx_instance_0                                              |                                            RVX_MODULE_090 |       1081 |       1057 |      24 |    0 |   636 |      0 |      0 |          0 |
|             (i_rvx_instance_0)                                          |                                            RVX_MODULE_090 |         55 |         55 |       0 |    0 |   123 |      0 |      0 |          0 |
|             i_rvx_instance_0                                            |                                            RVX_MODULE_073 |        935 |        935 |       0 |    0 |   469 |      0 |      0 |          0 |
|               (i_rvx_instance_0)                                        |                                            RVX_MODULE_073 |         63 |         63 |       0 |    0 |    62 |      0 |      0 |          0 |
|               i_rvx_instance_0                                          |                                            RVX_MODULE_027 |        873 |        873 |       0 |    0 |   407 |      0 |      0 |          0 |
|             i_rvx_instance_1                                            |                                            RVX_MODULE_106 |         92 |         68 |      24 |    0 |    44 |      0 |      0 |          0 |
|               i_rvx_instance_0                                          |                                            RVX_MODULE_097 |         71 |         47 |      24 |    0 |    22 |      0 |      0 |          0 |
|         i_rvx_instance_08                                               |                                            RVX_MODULE_110 |         80 |         80 |       0 |    0 |   272 |      0 |      0 |          0 |
|       i_main_core                                                       |                                                  RVC_ORCA |       2194 |       2194 |       0 |    0 |  2184 |      0 |      0 |          4 |
|         i_orca                                                          |                                                      orca |       2194 |       2194 |       0 |    0 |  2184 |      0 |      0 |          4 |
|           the_memory_interface                                          |                                          memory_interface |        132 |        132 |       0 |    0 |   178 |      0 |      0 |          0 |
|             dcache_mux                                                  |                                 cache_mux__parameterized1 |         60 |         60 |       0 |    0 |    69 |      0 |      0 |          0 |
|               internal_oimm_register                                    |                             oimm_register__parameterized2 |         60 |         60 |       0 |    0 |    69 |      0 |      0 |          0 |
|             uc_masters_gen.duc_master                                   |                                                a4l_master |         38 |         38 |       0 |    0 |    78 |      0 |      0 |          0 |
|               ervp_master                                               |            ERVP_ORCA_CACHE_AXI_MASTER_OLD__parameterized2 |         38 |         38 |       0 |    0 |    78 |      0 |      0 |          0 |
|                 i_write_buffer                                          |                           ERVP_SMALL_FIFO__parameterized0 |         38 |         38 |       0 |    0 |    78 |      0 |      0 |          0 |
|                   (i_write_buffer)                                      |                           ERVP_SMALL_FIFO__parameterized0 |          0 |          0 |       0 |    0 |    72 |      0 |      0 |          0 |
|           core                                                          |                                                 orca_core |       2054 |       2054 |       0 |    0 |  2006 |      0 |      0 |          4 |
|             X                                                           |                                                   execute |        832 |        832 |       0 |    0 |   590 |      0 |      0 |          4 |
|               (X)                                                       |                                                   execute |          8 |          8 |       0 |    0 |    74 |      0 |      0 |          0 |
|               alu                                                       |                                           arithmetic_unit |        587 |        587 |       0 |    0 |   275 |      0 |      0 |          4 |
|                 (alu)                                                   |                                           arithmetic_unit |        202 |        202 |       0 |    0 |   136 |      0 |      0 |          4 |
|                 divide_gen.div                                          |                                                   divider |        385 |        385 |       0 |    0 |   139 |      0 |      0 |          0 |
|               branch                                                    |                                               branch_unit |         12 |         12 |       0 |    0 |    66 |      0 |      0 |          0 |
|               syscall                                                   |                                                  sys_call |        194 |        194 |       0 |    0 |   169 |      0 |      0 |          0 |
|             D__0                                                        |                                                    decode |       1159 |       1159 |       0 |    0 |  1316 |      0 |      0 |          0 |
|               (D__0)                                                    |                                                    decode |        531 |        531 |       0 |    0 |   194 |      0 |      0 |          0 |
|               the_register_file                                         |                                             register_file |        628 |        628 |       0 |    0 |  1122 |      0 |      0 |          0 |
|             I                                                           |                                         instruction_fetch |         62 |         62 |       0 |    0 |   100 |      0 |      0 |          0 |
|       i_mnim_i_grover_dma_master                                        |          MUNOC_AHB_MASTER_NETWORK_INTERFACE_MODULE_ASYNCH |        380 |        380 |       0 |    0 |   769 |      0 |      0 |          0 |
|         i_munoc_instance_00                                             |                                           MUNOC_MODULE_30 |         61 |         61 |       0 |    0 |   177 |      0 |      0 |          0 |
|           i_munoc_instance_1                                            |                           MUNOC_MODULE_46__parameterized2 |         50 |         50 |       0 |    0 |   156 |      0 |      0 |          0 |
|             i_gen_buffer[0].i_munoc_instance_1                          |                          ERVP_ASYNCH_FIFO__parameterized8 |         49 |         49 |       0 |    0 |   156 |      0 |      0 |          0 |
|               (i_gen_buffer[0].i_munoc_instance_1)                      |                          ERVP_ASYNCH_FIFO__parameterized8 |         47 |         47 |       0 |    0 |   144 |      0 |      0 |          0 |
|         i_munoc_instance_01                                             |                                       MUNOC_MODULE_39_345 |        160 |        160 |       0 |    0 |   153 |      0 |      0 |          0 |
|           i_munoc_instance_1                                            |                       MUNOC_MODULE_01__parameterized4_360 |         89 |         89 |       0 |    0 |    70 |      0 |      0 |          0 |
|             i_munoc_instance_0                                          |                      ERVP_SMALL_FIFO__parameterized15_362 |         89 |         89 |       0 |    0 |    70 |      0 |      0 |          0 |
|               (i_munoc_instance_0)                                      |                      ERVP_SMALL_FIFO__parameterized15_362 |          0 |          0 |       0 |    0 |    64 |      0 |      0 |          0 |
|               i_rvx_instance_0                                          |     ERVP_COUNTER_WITH_ONEHOT_ENCODING__parameterized0_363 |         66 |         66 |       0 |    0 |     2 |      0 |      0 |          0 |
|           i_munoc_instance_0                                            |                       MUNOC_MODULE_01__parameterized2_359 |         63 |         63 |       0 |    0 |    72 |      0 |      0 |          0 |
|             i_munoc_instance_0                                          |                      ERVP_SMALL_FIFO__parameterized13_366 |         63 |         63 |       0 |    0 |    72 |      0 |      0 |          0 |
|               (i_munoc_instance_0)                                      |                      ERVP_SMALL_FIFO__parameterized13_366 |          0 |          0 |       0 |    0 |    66 |      0 |      0 |          0 |
|               i_rvx_instance_0                                          |     ERVP_COUNTER_WITH_ONEHOT_ENCODING__parameterized0_367 |         55 |         55 |       0 |    0 |     2 |      0 |      0 |          0 |
|         i_munoc_instance_07                                             |                          ERVP_ASYNCH_FIFO__parameterized6 |         99 |         99 |       0 |    0 |   352 |      0 |      0 |          0 |
|           (i_munoc_instance_07)                                         |                          ERVP_ASYNCH_FIFO__parameterized6 |         95 |         95 |       0 |    0 |   336 |      0 |      0 |          0 |
|       i_mnim_i_main_core_data                                           | MUNOC_AXI_MASTER_NETWORK_INTERFACE_MODULE__parameterized0 |        476 |        476 |       0 |    0 |   677 |      0 |      0 |          0 |
|         i_munoc_instance_01                                             |                           MUNOC_MODULE_01__parameterized0 |         58 |         58 |       0 |    0 |    68 |      0 |      0 |          0 |
|           i_munoc_instance_0                                            |                       ERVP_SMALL_FIFO__parameterized6_337 |         58 |         58 |       0 |    0 |    68 |      0 |      0 |          0 |
|             (i_munoc_instance_0)                                        |                       ERVP_SMALL_FIFO__parameterized6_337 |          0 |          0 |       0 |    0 |    62 |      0 |      0 |          0 |
|             i_rvx_instance_0                                            |     ERVP_COUNTER_WITH_ONEHOT_ENCODING__parameterized0_338 |         55 |         55 |       0 |    0 |     2 |      0 |      0 |          0 |
|         i_munoc_instance_04                                             |                                       MUNOC_MODULE_01_300 |         75 |         75 |       0 |    0 |   136 |      0 |      0 |          0 |
|           i_munoc_instance_0                                            |                       ERVP_SMALL_FIFO__parameterized9_317 |         75 |         75 |       0 |    0 |   136 |      0 |      0 |          0 |
|             (i_munoc_instance_0)                                        |                       ERVP_SMALL_FIFO__parameterized9_317 |          0 |          0 |       0 |    0 |   124 |      0 |      0 |          0 |
|             i_rvx_instance_0                                            |     ERVP_COUNTER_WITH_ONEHOT_ENCODING__parameterized4_318 |         67 |         67 |       0 |    0 |     4 |      0 |      0 |          0 |
|         i_munoc_instance_10                                             |                                       MUNOC_MODULE_22_301 |        115 |        115 |       0 |    0 |   179 |      0 |      0 |          0 |
|           i_munoc_instance_0                                            |                       MUNOC_MODULE_31__parameterized0_306 |         91 |         91 |       0 |    0 |   144 |      0 |      0 |          0 |
|             i_gen_buffer[0].i_munoc_instance_0                          |                      ERVP_SMALL_FIFO__parameterized12_313 |         91 |         91 |       0 |    0 |   144 |      0 |      0 |          0 |
|               (i_gen_buffer[0].i_munoc_instance_0)                      |                      ERVP_SMALL_FIFO__parameterized12_313 |          0 |          0 |       0 |    0 |   132 |      0 |      0 |          0 |
|               i_rvx_instance_0                                          |     ERVP_COUNTER_WITH_ONEHOT_ENCODING__parameterized4_314 |         84 |         84 |       0 |    0 |     4 |      0 |      0 |          0 |
|         i_munoc_instance_11                                             |                           MUNOC_MODULE_01__parameterized1 |         76 |         76 |       0 |    0 |   160 |      0 |      0 |          0 |
|           i_munoc_instance_0                                            |                          ERVP_SMALL_FIFO__parameterized10 |         76 |         76 |       0 |    0 |   160 |      0 |      0 |          0 |
|             (i_munoc_instance_0)                                        |                          ERVP_SMALL_FIFO__parameterized10 |          0 |          0 |       0 |    0 |   148 |      0 |      0 |          0 |
|             i_rvx_instance_0                                            |     ERVP_COUNTER_WITH_ONEHOT_ENCODING__parameterized4_303 |         73 |         73 |       0 |    0 |     4 |      0 |      0 |          0 |
|       i_mnim_i_main_core_inst                                           |                 MUNOC_AXI_MASTER_NETWORK_INTERFACE_MODULE |        239 |        239 |       0 |    0 |   369 |      0 |      0 |          0 |
|         i_munoc_instance_04                                             |                                           MUNOC_MODULE_01 |         89 |         89 |       0 |    0 |   144 |      0 |      0 |          0 |
|           i_munoc_instance_0                                            |                           ERVP_SMALL_FIFO__parameterized9 |         89 |         89 |       0 |    0 |   144 |      0 |      0 |          0 |
|             (i_munoc_instance_0)                                        |                           ERVP_SMALL_FIFO__parameterized9 |          0 |          0 |       0 |    0 |   132 |      0 |      0 |          0 |
|             i_rvx_instance_0                                            |     ERVP_COUNTER_WITH_ONEHOT_ENCODING__parameterized4_291 |         84 |         84 |       0 |    0 |     4 |      0 |      0 |          0 |
|         i_munoc_instance_10                                             |                                           MUNOC_MODULE_22 |        102 |        102 |       0 |    0 |   178 |      0 |      0 |          0 |
|           i_munoc_instance_0                                            |                       MUNOC_MODULE_31__parameterized0_282 |         77 |         77 |       0 |    0 |   144 |      0 |      0 |          0 |
|             i_gen_buffer[0].i_munoc_instance_0                          |                      ERVP_SMALL_FIFO__parameterized12_287 |         77 |         77 |       0 |    0 |   144 |      0 |      0 |          0 |
|               (i_gen_buffer[0].i_munoc_instance_0)                      |                      ERVP_SMALL_FIFO__parameterized12_287 |          0 |          0 |       0 |    0 |   132 |      0 |      0 |          0 |
|               i_rvx_instance_0                                          |     ERVP_COUNTER_WITH_ONEHOT_ENCODING__parameterized4_288 |         68 |         68 |       0 |    0 |     4 |      0 |      0 |          0 |
|       i_mnim_platform_controller_master                                 |                 MUNOC_AHB_MASTER_NETWORK_INTERFACE_MODULE |        469 |        469 |       0 |    0 |   797 |      0 |      0 |          0 |
|         i_munoc_instance_05                                             |                           MUNOC_MODULE_22__parameterized0 |         88 |         88 |       0 |    0 |   155 |      0 |      0 |          0 |
|           i_munoc_instance_0                                            |                           MUNOC_MODULE_31__parameterized0 |         76 |         76 |       0 |    0 |   144 |      0 |      0 |          0 |
|             i_gen_buffer[0].i_munoc_instance_0                          |                          ERVP_SMALL_FIFO__parameterized12 |         76 |         76 |       0 |    0 |   144 |      0 |      0 |          0 |
|               (i_gen_buffer[0].i_munoc_instance_0)                      |                          ERVP_SMALL_FIFO__parameterized12 |          0 |          0 |       0 |    0 |   132 |      0 |      0 |          0 |
|               i_rvx_instance_0                                          |     ERVP_COUNTER_WITH_ONEHOT_ENCODING__parameterized4_275 |         68 |         68 |       0 |    0 |     4 |      0 |      0 |          0 |
|         i_munoc_instance_06                                             |                          ERVP_SMALL_FIFO__parameterized16 |        145 |        145 |       0 |    0 |   294 |      0 |      0 |          0 |
|           (i_munoc_instance_06)                                         |                          ERVP_SMALL_FIFO__parameterized16 |          0 |          0 |       0 |    0 |   276 |      0 |      0 |          0 |
|           i_rvx_instance_0                                              |         ERVP_COUNTER_WITH_ONEHOT_ENCODING__parameterized6 |        138 |        138 |       0 |    0 |     6 |      0 |      0 |          0 |
|         i_munoc_instance_07                                             |                                           MUNOC_MODULE_39 |        157 |        157 |       0 |    0 |   261 |      0 |      0 |          0 |
|           i_munoc_instance_3                                            |                           MUNOC_MODULE_01__parameterized3 |         53 |         53 |       0 |    0 |   105 |      0 |      0 |          0 |
|             i_munoc_instance_0                                          |                          ERVP_SMALL_FIFO__parameterized14 |         53 |         53 |       0 |    0 |   105 |      0 |      0 |          0 |
|               (i_munoc_instance_0)                                      |                          ERVP_SMALL_FIFO__parameterized14 |          0 |          0 |       0 |    0 |    96 |      0 |      0 |          0 |
|           i_munoc_instance_0                                            |                           MUNOC_MODULE_01__parameterized2 |         56 |         56 |       0 |    0 |    74 |      0 |      0 |          0 |
|             i_munoc_instance_0                                          |                          ERVP_SMALL_FIFO__parameterized13 |         56 |         56 |       0 |    0 |    74 |      0 |      0 |          0 |
|               (i_munoc_instance_0)                                      |                          ERVP_SMALL_FIFO__parameterized13 |          0 |          0 |       0 |    0 |    68 |      0 |      0 |          0 |
|               i_rvx_instance_0                                          |     ERVP_COUNTER_WITH_ONEHOT_ENCODING__parameterized0_268 |         52 |         52 |       0 |    0 |     2 |      0 |      0 |          0 |
|           i_munoc_instance_1                                            |                           MUNOC_MODULE_01__parameterized4 |         42 |         42 |       0 |    0 |    70 |      0 |      0 |          0 |
|             i_munoc_instance_0                                          |                          ERVP_SMALL_FIFO__parameterized15 |         42 |         42 |       0 |    0 |    70 |      0 |      0 |          0 |
|               (i_munoc_instance_0)                                      |                          ERVP_SMALL_FIFO__parameterized15 |          0 |          0 |       0 |    0 |    64 |      0 |      0 |          0 |
|       i_snim_common_peri_group_no_name                                  |                  MUNOC_APB_SLAVE_NETWORK_INTERFACE_MODULE |        476 |        476 |       0 |    0 |   756 |      0 |      0 |          0 |
|         i_munoc_instance_0                                              |                       MUNOC_MODULE_36__parameterized0_199 |        276 |        276 |       0 |    0 |   435 |      0 |      0 |          0 |
|           i_munoc_instance_1                                            |                       MUNOC_MODULE_25__parameterized0_225 |         52 |         52 |       0 |    0 |    94 |      0 |      0 |          0 |
|             i_gen_rdata_buffer[0].i_munoc_instance_1                    |                      ERVP_SMALL_FIFO__parameterized26_249 |         35 |         35 |       0 |    0 |    70 |      0 |      0 |          0 |
|               (i_gen_rdata_buffer[0].i_munoc_instance_1)                |                      ERVP_SMALL_FIFO__parameterized26_249 |          0 |          0 |       0 |    0 |    64 |      0 |      0 |          0 |
|           i_munoc_instance_2                                            |                       MUNOC_MODULE_47__parameterized0_226 |        148 |        148 |       0 |    0 |   253 |      0 |      0 |          0 |
|             i_munoc_instance_0                                          |                       MUNOC_MODULE_31__parameterized2_237 |        128 |        128 |       0 |    0 |   224 |      0 |      0 |          0 |
|               i_gen_buffer[0].i_munoc_instance_0                        |                      ERVP_SMALL_FIFO__parameterized18_245 |        128 |        128 |       0 |    0 |   224 |      0 |      0 |          0 |
|                 (i_gen_buffer[0].i_munoc_instance_0)                    |                      ERVP_SMALL_FIFO__parameterized18_245 |          0 |          0 |       0 |    0 |   200 |      0 |      0 |          0 |
|                 i_rvx_instance_0                                        |                     ERVP_COUNTER_WITH_ONEHOT_ENCODING_246 |        113 |        113 |       0 |    0 |     8 |      0 |      0 |          0 |
|         i_munoc_instance_1                                              |                                       MUNOC_MODULE_08_200 |        202 |        202 |       0 |    0 |   321 |      0 |      0 |          0 |
|           i_munoc_instance_3                                            |                              MUNOC_AXI2APB_CONVERTER__201 |        202 |        202 |       0 |    0 |   321 |      0 |      0 |          0 |
|             i_munoc_instance_0                                          |                                        RVX_MODULE_007_202 |         62 |         62 |       0 |    0 |   152 |      0 |      0 |          0 |
|               i_rvx_instance_1                                          |                                        RVX_MODULE_022_214 |         59 |         59 |       0 |    0 |   149 |      0 |      0 |          0 |
|                 i_rvx_instance_1                                        |                       ERVP_SMALL_FIFO__parameterized4_216 |         40 |         40 |       0 |    0 |   114 |      0 |      0 |          0 |
|                   (i_rvx_instance_1)                                    |                       ERVP_SMALL_FIFO__parameterized4_216 |          0 |          0 |       0 |    0 |   105 |      0 |      0 |          0 |
|             i_munoc_instance_1                                          |                                       MUNOC_AXI2LPIXS_203 |        140 |        140 |       0 |    0 |   169 |      0 |      0 |          0 |
|               i_rvx_instance_0                                          |                                        RVX_MODULE_095_204 |         49 |         49 |       0 |    0 |   134 |      0 |      0 |          0 |
|                 i_rvx_instance_0                                        |                       ERVP_SMALL_FIFO__parameterized3_208 |         47 |         47 |       0 |    0 |   132 |      0 |      0 |          0 |
|                   (i_rvx_instance_0)                                    |                       ERVP_SMALL_FIFO__parameterized3_208 |          0 |          0 |       0 |    0 |   123 |      0 |      0 |          0 |
|               i_rvx_instance_1                                          |                                        RVX_MODULE_092_205 |         91 |         91 |       0 |    0 |    35 |      0 |      0 |          0 |
|                 i_rvx_instance_0                                        |                                        RVX_MODULE_036_206 |         91 |         91 |       0 |    0 |    35 |      0 |      0 |          0 |
|                   i_rvx_instance_0                                      |                                        RVX_MODULE_111_207 |         91 |         91 |       0 |    0 |    27 |      0 |      0 |          0 |
|       i_snim_external_peri_group_no_name                                |                MUNOC_APB_SLAVE_NETWORK_INTERFACE_MODULE_5 |        588 |        588 |       0 |    0 |   768 |      0 |      0 |          0 |
|         i_munoc_instance_1                                              |                                       MUNOC_MODULE_08_141 |        283 |        283 |       0 |    0 |   318 |      0 |      0 |          0 |
|           i_munoc_instance_3                                            |                              MUNOC_AXI2APB_CONVERTER__142 |        283 |        283 |       0 |    0 |   318 |      0 |      0 |          0 |
|             i_munoc_instance_0                                          |                                        RVX_MODULE_007_143 |         59 |         59 |       0 |    0 |   152 |      0 |      0 |          0 |
|               i_rvx_instance_1                                          |                                        RVX_MODULE_022_155 |         56 |         56 |       0 |    0 |   149 |      0 |      0 |          0 |
|                 i_rvx_instance_1                                        |                       ERVP_SMALL_FIFO__parameterized4_157 |         41 |         41 |       0 |    0 |   114 |      0 |      0 |          0 |
|                   (i_rvx_instance_1)                                    |                       ERVP_SMALL_FIFO__parameterized4_157 |          0 |          0 |       0 |    0 |   105 |      0 |      0 |          0 |
|             i_munoc_instance_1                                          |                                       MUNOC_AXI2LPIXS_144 |        224 |        224 |       0 |    0 |   166 |      0 |      0 |          0 |
|               i_rvx_instance_0                                          |                                        RVX_MODULE_095_145 |         50 |         50 |       0 |    0 |   134 |      0 |      0 |          0 |
|                 i_rvx_instance_0                                        |                       ERVP_SMALL_FIFO__parameterized3_149 |         46 |         46 |       0 |    0 |   132 |      0 |      0 |          0 |
|                   (i_rvx_instance_0)                                    |                       ERVP_SMALL_FIFO__parameterized3_149 |          0 |          0 |       0 |    0 |   123 |      0 |      0 |          0 |
|               i_rvx_instance_1                                          |                                        RVX_MODULE_092_146 |        174 |        174 |       0 |    0 |    32 |      0 |      0 |          0 |
|                 i_rvx_instance_0                                        |                                        RVX_MODULE_036_147 |        174 |        174 |       0 |    0 |    32 |      0 |      0 |          0 |
|                   i_rvx_instance_0                                      |                                        RVX_MODULE_111_148 |        174 |        174 |       0 |    0 |    24 |      0 |      0 |          0 |
|         i_munoc_instance_0                                              |                       MUNOC_MODULE_36__parameterized0_140 |        303 |        303 |       0 |    0 |   450 |      0 |      0 |          0 |
|           i_munoc_instance_1                                            |                       MUNOC_MODULE_25__parameterized0_166 |         55 |         55 |       0 |    0 |    94 |      0 |      0 |          0 |
|             i_gen_rdata_buffer[0].i_munoc_instance_1                    |                      ERVP_SMALL_FIFO__parameterized26_189 |         39 |         39 |       0 |    0 |    70 |      0 |      0 |          0 |
|               (i_gen_rdata_buffer[0].i_munoc_instance_1)                |                      ERVP_SMALL_FIFO__parameterized26_189 |          0 |          0 |       0 |    0 |    64 |      0 |      0 |          0 |
|           i_munoc_instance_2                                            |                       MUNOC_MODULE_47__parameterized0_167 |        173 |        173 |       0 |    0 |   271 |      0 |      0 |          0 |
|             i_munoc_instance_0                                          |                       MUNOC_MODULE_31__parameterized2_178 |        118 |        118 |       0 |    0 |   200 |      0 |      0 |          0 |
|               i_gen_buffer[0].i_munoc_instance_0                        |                      ERVP_SMALL_FIFO__parameterized18_185 |        118 |        118 |       0 |    0 |   200 |      0 |      0 |          0 |
|                 (i_gen_buffer[0].i_munoc_instance_0)                    |                      ERVP_SMALL_FIFO__parameterized18_185 |          0 |          0 |       0 |    0 |   176 |      0 |      0 |          0 |
|                 i_rvx_instance_0                                        |                     ERVP_COUNTER_WITH_ONEHOT_ENCODING_186 |        101 |        101 |       0 |    0 |     8 |      0 |      0 |          0 |
|             i_munoc_instance_2                                          |                       MUNOC_MODULE_31__parameterized4_180 |         56 |         56 |       0 |    0 |    70 |      0 |      0 |          0 |
|               i_gen_buffer[0].i_munoc_instance_0                        |                      ERVP_SMALL_FIFO__parameterized25_181 |         56 |         56 |       0 |    0 |    70 |      0 |      0 |          0 |
|                 (i_gen_buffer[0].i_munoc_instance_0)                    |                      ERVP_SMALL_FIFO__parameterized25_181 |          0 |          0 |       0 |    0 |    64 |      0 |      0 |          0 |
|       i_snim_i_grover_csr_slave                                         |           MUNOC_APB_SLAVE_NETWORK_INTERFACE_MODULE_ASYNCH |        590 |        590 |       0 |    0 |   853 |      0 |      0 |          0 |
|         i_munoc_instance_1                                              |                                           MUNOC_MODULE_06 |        266 |        266 |       0 |    0 |   530 |      0 |      0 |          0 |
|           i_munoc_instance_1                                            |                                           MUNOC_MODULE_27 |         67 |         67 |       0 |    0 |   114 |      0 |      0 |          0 |
|             i_gen_rdata_buffer[0].i_munoc_instance_1                    |                          ERVP_ASYNCH_FIFO__parameterized2 |         40 |         40 |       0 |    0 |    80 |      0 |      0 |          0 |
|               (i_gen_rdata_buffer[0].i_munoc_instance_1)                |                          ERVP_ASYNCH_FIFO__parameterized2 |         38 |         38 |       0 |    0 |    72 |      0 |      0 |          0 |
|           i_munoc_instance_2                                            |                                           MUNOC_MODULE_21 |        113 |        113 |       0 |    0 |   305 |      0 |      0 |          0 |
|             i_munoc_instance_0                                          |                                           MUNOC_MODULE_46 |         89 |         89 |       0 |    0 |   224 |      0 |      0 |          0 |
|               i_gen_buffer[0].i_munoc_instance_1                        |                                          ERVP_ASYNCH_FIFO |         89 |         89 |       0 |    0 |   224 |      0 |      0 |          0 |
|                 (i_gen_buffer[0].i_munoc_instance_1)                    |                                          ERVP_ASYNCH_FIFO |         71 |         71 |       0 |    0 |   208 |      0 |      0 |          0 |
|             i_munoc_instance_2                                          |                           MUNOC_MODULE_46__parameterized0 |         24 |         24 |       0 |    0 |    80 |      0 |      0 |          0 |
|               i_gen_buffer[0].i_munoc_instance_1                        |                          ERVP_ASYNCH_FIFO__parameterized0 |         24 |         24 |       0 |    0 |    80 |      0 |      0 |          0 |
|                 (i_gen_buffer[0].i_munoc_instance_1)                    |                          ERVP_ASYNCH_FIFO__parameterized0 |         21 |         21 |       0 |    0 |    72 |      0 |      0 |          0 |
|         i_munoc_instance_0                                              |                                        MUNOC_MODULE_08_98 |        324 |        324 |       0 |    0 |   323 |      0 |      0 |          0 |
|           i_munoc_instance_3                                            |                              MUNOC_AXI2APB_CONVERTER__117 |        322 |        322 |       0 |    0 |   323 |      0 |      0 |          0 |
|             i_munoc_instance_0                                          |                                        RVX_MODULE_007_118 |         65 |         65 |       0 |    0 |   152 |      0 |      0 |          0 |
|               i_rvx_instance_1                                          |                                        RVX_MODULE_022_130 |         62 |         62 |       0 |    0 |   149 |      0 |      0 |          0 |
|                 i_rvx_instance_1                                        |                       ERVP_SMALL_FIFO__parameterized4_132 |         43 |         43 |       0 |    0 |   114 |      0 |      0 |          0 |
|                   (i_rvx_instance_1)                                    |                       ERVP_SMALL_FIFO__parameterized4_132 |          0 |          0 |       0 |    0 |   105 |      0 |      0 |          0 |
|             i_munoc_instance_1                                          |                                       MUNOC_AXI2LPIXS_119 |        258 |        258 |       0 |    0 |   171 |      0 |      0 |          0 |
|               i_rvx_instance_0                                          |                                        RVX_MODULE_095_120 |         50 |         50 |       0 |    0 |   134 |      0 |      0 |          0 |
|                 i_rvx_instance_0                                        |                       ERVP_SMALL_FIFO__parameterized3_124 |         46 |         46 |       0 |    0 |   132 |      0 |      0 |          0 |
|                   (i_rvx_instance_0)                                    |                       ERVP_SMALL_FIFO__parameterized3_124 |          0 |          0 |       0 |    0 |   123 |      0 |      0 |          0 |
|               i_rvx_instance_1                                          |                                        RVX_MODULE_092_121 |        208 |        208 |       0 |    0 |    37 |      0 |      0 |          0 |
|                 i_rvx_instance_0                                        |                                        RVX_MODULE_036_122 |        208 |        208 |       0 |    0 |    37 |      0 |      0 |          0 |
|                   i_rvx_instance_0                                      |                                        RVX_MODULE_111_123 |        208 |        208 |       0 |    0 |    29 |      0 |      0 |          0 |
|       i_snim_i_system_sram_no_name                                      |                  MUNOC_AXI_SLAVE_NETWORK_INTERFACE_MODULE |        417 |        417 |       0 |    0 |   687 |      0 |      0 |          0 |
|         i_munoc_instance_0                                              |                                           MUNOC_MODULE_36 |        415 |        415 |       0 |    0 |   687 |      0 |      0 |          0 |
|           i_munoc_instance_0                                            |                                        MUNOC_MODULE_35_75 |         47 |         47 |       0 |    0 |    57 |      0 |      0 |          0 |
|           i_munoc_instance_1                                            |                                           MUNOC_MODULE_25 |        103 |        103 |       0 |    0 |   184 |      0 |      0 |          0 |
|             i_gen_rdata_buffer[0].i_munoc_instance_1                    |                          ERVP_SMALL_FIFO__parameterized22 |         74 |         74 |       0 |    0 |   140 |      0 |      0 |          0 |
|               (i_gen_rdata_buffer[0].i_munoc_instance_1)                |                          ERVP_SMALL_FIFO__parameterized22 |          0 |          0 |       0 |    0 |   128 |      0 |      0 |          0 |
|               i_rvx_instance_0                                          |      ERVP_COUNTER_WITH_ONEHOT_ENCODING__parameterized4_93 |         67 |         67 |       0 |    0 |     4 |      0 |      0 |          0 |
|           i_munoc_instance_2                                            |                                           MUNOC_MODULE_47 |        222 |        222 |       0 |    0 |   405 |      0 |      0 |          0 |
|             i_munoc_instance_0                                          |                        MUNOC_MODULE_31__parameterized2_82 |        143 |        143 |       0 |    0 |   248 |      0 |      0 |          0 |
|               i_gen_buffer[0].i_munoc_instance_0                        |                       ERVP_SMALL_FIFO__parameterized18_86 |        143 |        143 |       0 |    0 |   248 |      0 |      0 |          0 |
|                 (i_gen_buffer[0].i_munoc_instance_0)                    |                       ERVP_SMALL_FIFO__parameterized18_86 |          0 |          0 |       0 |    0 |   224 |      0 |      0 |          0 |
|                 i_rvx_instance_0                                        |                      ERVP_COUNTER_WITH_ONEHOT_ENCODING_87 |        128 |        128 |       0 |    0 |     8 |      0 |      0 |          0 |
|             i_munoc_instance_2                                          |                           MUNOC_MODULE_31__parameterized3 |         79 |         79 |       0 |    0 |   156 |      0 |      0 |          0 |
|               i_gen_buffer[0].i_munoc_instance_0                        |                          ERVP_SMALL_FIFO__parameterized19 |         79 |         79 |       0 |    0 |   156 |      0 |      0 |          0 |
|                 (i_gen_buffer[0].i_munoc_instance_0)                    |                          ERVP_SMALL_FIFO__parameterized19 |          0 |          0 |       0 |    0 |   144 |      0 |      0 |          0 |
|                 i_rvx_instance_0                                        |         ERVP_COUNTER_WITH_ONEHOT_ENCODING__parameterized4 |         72 |         72 |       0 |    0 |     4 |      0 |      0 |          0 |
|       i_snim_platform_controller_no_name                                |                MUNOC_APB_SLAVE_NETWORK_INTERFACE_MODULE_6 |        472 |        472 |       0 |    0 |   828 |      0 |      0 |          0 |
|         i_munoc_instance_1                                              |                                           MUNOC_MODULE_08 |        157 |        157 |       0 |    0 |   324 |      0 |      0 |          0 |
|           i_munoc_instance_3                                            |                                  MUNOC_AXI2APB_CONVERTER_ |        156 |        156 |       0 |    0 |   324 |      0 |      0 |          0 |
|             i_munoc_instance_0                                          |                                            RVX_MODULE_007 |         62 |         62 |       0 |    0 |   152 |      0 |      0 |          0 |
|               i_rvx_instance_1                                          |                                         RVX_MODULE_022_52 |         60 |         60 |       0 |    0 |   149 |      0 |      0 |          0 |
|                 i_rvx_instance_1                                        |                        ERVP_SMALL_FIFO__parameterized4_54 |         43 |         43 |       0 |    0 |   114 |      0 |      0 |          0 |
|                   (i_rvx_instance_1)                                    |                        ERVP_SMALL_FIFO__parameterized4_54 |          0 |          0 |       0 |    0 |   105 |      0 |      0 |          0 |
|             i_munoc_instance_1                                          |                                           MUNOC_AXI2LPIXS |         94 |         94 |       0 |    0 |   172 |      0 |      0 |          0 |
|               i_rvx_instance_0                                          |                                         RVX_MODULE_095_43 |         50 |         50 |       0 |    0 |   134 |      0 |      0 |          0 |
|                 i_rvx_instance_0                                        |                        ERVP_SMALL_FIFO__parameterized3_47 |         46 |         46 |       0 |    0 |   132 |      0 |      0 |          0 |
|                   (i_rvx_instance_0)                                    |                        ERVP_SMALL_FIFO__parameterized3_47 |          0 |          0 |       0 |    0 |   123 |      0 |      0 |          0 |
|         i_munoc_instance_0                                              |                           MUNOC_MODULE_36__parameterized0 |        314 |        314 |       0 |    0 |   504 |      0 |      0 |          0 |
|           i_munoc_instance_0                                            |                                           MUNOC_MODULE_35 |         41 |         41 |       0 |    0 |    52 |      0 |      0 |          0 |
|           i_munoc_instance_1                                            |                           MUNOC_MODULE_25__parameterized0 |         55 |         55 |       0 |    0 |    94 |      0 |      0 |          0 |
|             i_gen_rdata_buffer[0].i_munoc_instance_1                    |                          ERVP_SMALL_FIFO__parameterized26 |         39 |         39 |       0 |    0 |    70 |      0 |      0 |          0 |
|               (i_gen_rdata_buffer[0].i_munoc_instance_1)                |                          ERVP_SMALL_FIFO__parameterized26 |          0 |          0 |       0 |    0 |    64 |      0 |      0 |          0 |
|           i_munoc_instance_2                                            |                           MUNOC_MODULE_47__parameterized0 |        185 |        185 |       0 |    0 |   319 |      0 |      0 |          0 |
|             i_munoc_instance_0                                          |                           MUNOC_MODULE_31__parameterized2 |        147 |        147 |       0 |    0 |   248 |      0 |      0 |          0 |
|               i_gen_buffer[0].i_munoc_instance_0                        |                          ERVP_SMALL_FIFO__parameterized18 |        147 |        147 |       0 |    0 |   248 |      0 |      0 |          0 |
|                 (i_gen_buffer[0].i_munoc_instance_0)                    |                          ERVP_SMALL_FIFO__parameterized18 |          0 |          0 |       0 |    0 |   224 |      0 |      0 |          0 |
|                 i_rvx_instance_0                                        |                         ERVP_COUNTER_WITH_ONEHOT_ENCODING |        130 |        130 |       0 |    0 |     8 |      0 |      0 |          0 |
|             i_munoc_instance_2                                          |                           MUNOC_MODULE_31__parameterized4 |         39 |         39 |       0 |    0 |    70 |      0 |      0 |          0 |
|               i_gen_buffer[0].i_munoc_instance_0                        |                          ERVP_SMALL_FIFO__parameterized25 |         39 |         39 |       0 |    0 |    70 |      0 |      0 |          0 |
|                 (i_gen_buffer[0].i_munoc_instance_0)                    |                          ERVP_SMALL_FIFO__parameterized25 |          0 |          0 |       0 |    0 |    64 |      0 |      0 |          0 |
|       i_system_router                                                   |                                 MUNOC_NETWORK_DUAL_ROUTER |       1105 |       1105 |       0 |    0 |   516 |      0 |      0 |          0 |
|         i_munoc_instance_0                                              |                                      MUNOC_NETWORK_ROUTER |        574 |        574 |       0 |    0 |   240 |      0 |      0 |          0 |
|           i_arbiter_gen[0].i_munoc_instance_2                           |                                           MUNOC_MODULE_38 |         87 |         87 |       0 |    0 |     9 |      0 |      0 |          0 |
|           i_arbiter_gen[1].i_munoc_instance_2                           |                                        MUNOC_MODULE_38_32 |         93 |         93 |       0 |    0 |     9 |      0 |      0 |          0 |
|           i_arbiter_gen[2].i_munoc_instance_2                           |                                        MUNOC_MODULE_38_33 |         64 |         64 |       0 |    0 |     9 |      0 |      0 |          0 |
|           i_arbiter_gen[3].i_munoc_instance_2                           |                                        MUNOC_MODULE_38_34 |         88 |         88 |       0 |    0 |     9 |      0 |      0 |          0 |
|           i_arbiter_gen[4].i_munoc_instance_2                           |                                        MUNOC_MODULE_38_35 |         90 |         90 |       0 |    0 |     9 |      0 |      0 |          0 |
|           i_arbiter_gen[5].i_munoc_instance_2                           |                                        MUNOC_MODULE_38_36 |         90 |         90 |       0 |    0 |     9 |      0 |      0 |          0 |
|           i_input_port_with_routinhg_info[3].i_munoc_instance_1         |                                        MUNOC_MODULE_04_39 |         15 |         15 |       0 |    0 |    50 |      0 |      0 |          0 |
|         i_munoc_instance_1                                              |                      MUNOC_NETWORK_ROUTER__parameterized0 |        531 |        531 |       0 |    0 |   276 |      0 |      0 |          0 |
|           i_arbiter_gen[3].i_munoc_instance_2                           |                        MUNOC_MODULE_38__parameterized0_21 |        106 |        106 |       0 |    0 |    13 |      0 |      0 |          0 |
|           i_arbiter_gen[0].i_munoc_instance_2                           |                           MUNOC_MODULE_38__parameterized0 |        107 |        107 |       0 |    0 |    13 |      0 |      0 |          0 |
|           i_arbiter_gen[1].i_munoc_instance_2                           |                        MUNOC_MODULE_38__parameterized0_19 |        106 |        106 |       0 |    0 |    13 |      0 |      0 |          0 |
|           i_arbiter_gen[2].i_munoc_instance_2                           |                        MUNOC_MODULE_38__parameterized0_20 |        107 |        107 |       0 |    0 |    13 |      0 |      0 |          0 |
|     i_system_sram                                                       |                           BBHT_GROVER_UPGRADE_SRAM_AXI_01 |        256 |        256 |       0 |    0 |   410 |     32 |      0 |          0 |
|       i_controller                                                      |                                ERVP_SPSRAM_CONTROLLER_AXI |        256 |        256 |       0 |    0 |   410 |      0 |      0 |          0 |
|         i_rvx_instance_0                                                |                                            RVX_MODULE_088 |        256 |        256 |       0 |    0 |   410 |      0 |      0 |          0 |
|           i_rvx_instance_0                                              |                                         MUNOC_LPIXM2SCELL |        206 |        206 |       0 |    0 |   279 |      0 |      0 |          0 |
|             i_rvx_instance_0                                            |                                            RVX_MODULE_016 |         71 |         71 |       0 |    0 |   149 |      0 |      0 |          0 |
|               i_rvx_instance_1                                          |                                            RVX_MODULE_022 |         55 |         55 |       0 |    0 |   146 |      0 |      0 |          0 |
|                 i_rvx_instance_1                                        |                           ERVP_SMALL_FIFO__parameterized4 |         39 |         39 |       0 |    0 |   111 |      0 |      0 |          0 |
|                   (i_rvx_instance_1)                                    |                           ERVP_SMALL_FIFO__parameterized4 |          0 |          0 |       0 |    0 |   102 |      0 |      0 |          0 |
|             i_rvx_instance_1                                            |                                            RVX_MODULE_092 |        136 |        136 |       0 |    0 |   130 |      0 |      0 |          0 |
|               i_rvx_instance_0                                          |                                            RVX_MODULE_036 |        136 |        136 |       0 |    0 |   130 |      0 |      0 |          0 |
|                 i_rvx_instance_0                                        |                                            RVX_MODULE_111 |        136 |        136 |       0 |    0 |   122 |      0 |      0 |          0 |
|           i_rvx_instance_1                                              |                                            RVX_MODULE_095 |         50 |         50 |       0 |    0 |   131 |      0 |      0 |          0 |
|             i_rvx_instance_0                                            |                           ERVP_SMALL_FIFO__parameterized3 |         46 |         46 |       0 |    0 |   129 |      0 |      0 |          0 |
|               (i_rvx_instance_0)                                        |                           ERVP_SMALL_FIFO__parameterized3 |          0 |          0 |       0 |    0 |   120 |      0 |      0 |          0 |
+-------------------------------------------------------------------------+-----------------------------------------------------------+------------+------------+---------+------+-------+--------+--------+------------+
* Note: The sum of lower-level cells may be larger than their parent cells total, due to cross-hierarchy LUT combining


