> ID
ID
STAT name=bbht_console csr_ver=0.9.8
STAT platform=bbht_grover_dram fw=2026-09-25
STAT csr_base=0xe2020000 q_bits=14 n_entries=16384 fifo_depth=256
STAT accel_clk_hz=100000000 sram_base=0xe0000000 sram_last=0xe001ffff
STAT dataset_addr=0xe000a610 dataset_count=0 loaded=0
OK
> GEN PRED=LT A=-16384 TARGETS=1 SEED=0x5EED1234 POS=0x17A02026
GEN PRED=LT A=-16384 TARGETS=1 SEED=0x5EED1234 POS=0x17A02026
OK count=16384 targets=1 pred=LT a=-16384 b=0
> SUM
SUM
STAT count=16384 fnv=0xdf60e448 hits=1 pred=LT a=-16384 b=0 loaded=0
OK
> LOAD
LOAD
OK loaded=16384 addr=0xe000a610
> SET MODE=LT A=-16384 B=0 COUNT=16384 CAP=100 AUTO=1 J=0
SET MODE=LT A=-16384 B=0 COUNT=16384 CAP=100 AUTO=1 J=0
OK
> SET BURST=0 SEEDJ=0x7B1DCDAF SEEDM=0x24370DF2
SET BURST=0 SEEDJ=0x7B1DCDAF SEEDM=0x24370DF2
OK
> RUN
RUN
HIT idx=6004 val=-28307 trials=15 l=30 iters=8 cyc=289787 us=2897 wall_us=2902
OK
> SET BURST=0 SEEDJ=0x3A85A4DC SEEDM=0xA3B9AA35
SET BURST=0 SEEDJ=0x3A85A4DC SEEDM=0xA3B9AA35
OK
> RUN
RUN
HIT idx=6004 val=-28307 trials=23 l=132 iters=27 cyc=740161 us=7401 wall_us=7406
OK
> GEN PRED=LT A=-16384 TARGETS=4 SEED=0x5EED1234 POS=0x17A02026
GEN PRED=LT A=-16384 TARGETS=4 SEED=0x5EED1234 POS=0x17A02026
OK count=16384 targets=4 pred=LT a=-16384 b=0
> SUM
SUM
STAT count=16384 fnv=0x6015d0aa hits=4 pred=LT a=-16384 b=0 loaded=0
OK
> LOAD
LOAD
OK loaded=16384 addr=0xe000a610
> SET MODE=LT A=-16384 B=0 COUNT=16384 CAP=100 AUTO=1 J=0
SET MODE=LT A=-16384 B=0 COUNT=16384 CAP=100 AUTO=1 J=0
OK
> SET BURST=0 SEEDJ=0x7B1DCDAF SEEDM=0x24370DF2
SET BURST=0 SEEDJ=0x7B1DCDAF SEEDM=0x24370DF2
OK
> RUN
RUN
HIT idx=6004 val=-28307 trials=15 l=30 iters=8 cyc=289744 us=2897 wall_us=2902
OK
> SET BURST=0 SEEDJ=0x3A85A4DC SEEDM=0xA3B9AA35
SET BURST=0 SEEDJ=0x3A85A4DC SEEDM=0xA3B9AA35
OK
> RUN
RUN
HIT idx=2687 val=-24767 trials=20 l=81 iters=17 cyc=497057 us=4970 wall_us=4975
OK
> GEN PRED=LT A=-16384 TARGETS=16 SEED=0x5EED1234 POS=0x17A02026
GEN PRED=LT A=-16384 TARGETS=16 SEED=0x5EED1234 POS=0x17A02026
OK count=16384 targets=16 pred=LT a=-16384 b=0
> SUM
SUM
STAT count=16384 fnv=0xcdc69ebc hits=16 pred=LT a=-16384 b=0 loaded=0
OK
> LOAD
LOAD
OK loaded=16384 addr=0xe000a610
> SET MODE=LT A=-16384 B=0 COUNT=16384 CAP=100 AUTO=1 J=0
SET MODE=LT A=-16384 B=0 COUNT=16384 CAP=100 AUTO=1 J=0
OK
> SET BURST=0 SEEDJ=0x7B1DCDAF SEEDM=0x24370DF2
SET BURST=0 SEEDJ=0x7B1DCDAF SEEDM=0x24370DF2
OK
> RUN
RUN
HIT idx=6463 val=-19424 trials=14 l=22 iters=5 cyc=232531 us=2325 wall_us=2329
OK
> SET BURST=0 SEEDJ=0x3A85A4DC SEEDM=0xA3B9AA35
SET BURST=0 SEEDJ=0x3A85A4DC SEEDM=0xA3B9AA35
OK
> RUN
RUN
HIT idx=8671 val=-19865 trials=20 l=81 iters=20 cyc=553458 us=5534 wall_us=5539
OK
> GEN PRED=LT A=-16384 TARGETS=64 SEED=0x5EED1234 POS=0x17A02026
GEN PRED=LT A=-16384 TARGETS=64 SEED=0x5EED1234 POS=0x17A02026
OK count=16384 targets=64 pred=LT a=-16384 b=0
> SUM
SUM
STAT count=16384 fnv=0x8e060871 hits=64 pred=LT a=-16384 b=0 loaded=0
OK
> LOAD
LOAD
OK loaded=16384 addr=0xe000a610
> SET MODE=LT A=-16384 B=0 COUNT=16384 CAP=100 AUTO=1 J=0
SET MODE=LT A=-16384 B=0 COUNT=16384 CAP=100 AUTO=1 J=0
OK
> SET BURST=0 SEEDJ=0x7B1DCDAF SEEDM=0x24370DF2
SET BURST=0 SEEDJ=0x7B1DCDAF SEEDM=0x24370DF2
OK
> RUN
RUN
HIT idx=1089 val=-17865 trials=7 l=4 iters=2 cyc=80815 us=808 wall_us=812
OK
> SET BURST=0 SEEDJ=0x3A85A4DC SEEDM=0xA3B9AA35
SET BURST=0 SEEDJ=0x3A85A4DC SEEDM=0xA3B9AA35
OK
> RUN
RUN
HIT idx=1951 val=-17282 trials=16 l=35 iters=10 cyc=272862 us=2728 wall_us=2734
OK
> GEN PRED=LT A=-16384 TARGETS=256 SEED=0x5EED1234 POS=0x17A02026
GEN PRED=LT A=-16384 TARGETS=256 SEED=0x5EED1234 POS=0x17A02026
OK count=16384 targets=256 pred=LT a=-16384 b=0
> SUM
SUM
STAT count=16384 fnv=0xa569173a hits=256 pred=LT a=-16384 b=0 loaded=0
OK
> LOAD
LOAD
OK loaded=16384 addr=0xe000a610
> SET MODE=LT A=-16384 B=0 COUNT=16384 CAP=100 AUTO=1 J=0
SET MODE=LT A=-16384 B=0 COUNT=16384 CAP=100 AUTO=1 J=0
OK
> SET BURST=0 SEEDJ=0x7B1DCDAF SEEDM=0x24370DF2
SET BURST=0 SEEDJ=0x7B1DCDAF SEEDM=0x24370DF2
OK
> RUN
RUN
HIT idx=2969 val=-25443 trials=6 l=4 iters=2 cyc=79720 us=797 wall_us=802
OK
> SET BURST=0 SEEDJ=0x3A85A4DC SEEDM=0xA3B9AA35
SET BURST=0 SEEDJ=0x3A85A4DC SEEDM=0xA3B9AA35
OK
> RUN
RUN
HIT idx=2036 val=-24289 trials=10 l=5 iters=0 cyc=43967 us=439 wall_us=444
OK
> GEN PRED=GT A=16383 TARGETS=1 SEED=0x5EED1234 POS=0x67A02026
GEN PRED=GT A=16383 TARGETS=1 SEED=0x5EED1234 POS=0x67A02026
OK count=16384 targets=1 pred=GT a=16383 b=0
> SUM
SUM
STAT count=16384 fnv=0x57f636a0 hits=1 pred=GT a=16383 b=0 loaded=0
OK
> LOAD
LOAD
OK loaded=16384 addr=0xe000a610
> SET MODE=GT A=16383 B=0 COUNT=16384 CAP=100 AUTO=1 J=0
SET MODE=GT A=16383 B=0 COUNT=16384 CAP=100 AUTO=1 J=0
OK
> SET BURST=0 SEEDJ=0x7B1DCDAF SEEDM=0x24370DF2
SET BURST=0 SEEDJ=0x7B1DCDAF SEEDM=0x24370DF2
OK
> RUN
RUN
HIT idx=12148 val=26989 trials=21 l=119 iters=38 cyc=965698 us=9656 wall_us=9661
OK
> SET BURST=0 SEEDJ=0x3A85A4DC SEEDM=0xA3B9AA35
SET BURST=0 SEEDJ=0x3A85A4DC SEEDM=0xA3B9AA35
OK
> RUN
RUN
HIT idx=12148 val=26989 trials=25 l=259 iters=41 cyc=1041011 us=10410 wall_us=10415
OK
> GEN PRED=GT A=16383 TARGETS=4 SEED=0x5EED1234 POS=0x67A02026
GEN PRED=GT A=16383 TARGETS=4 SEED=0x5EED1234 POS=0x67A02026
OK count=16384 targets=4 pred=GT a=16383 b=0
> SUM
SUM
STAT count=16384 fnv=0x6cc2a677 hits=4 pred=GT a=16383 b=0 loaded=0
OK
> LOAD
LOAD
OK loaded=16384 addr=0xe000a610
> SET MODE=GT A=16383 B=0 COUNT=16384 CAP=100 AUTO=1 J=0
SET MODE=GT A=16383 B=0 COUNT=16384 CAP=100 AUTO=1 J=0
OK
> SET BURST=0 SEEDJ=0x7B1DCDAF SEEDM=0x24370DF2
SET BURST=0 SEEDJ=0x7B1DCDAF SEEDM=0x24370DF2
OK
> RUN
RUN
HIT idx=14541 val=30711 trials=21 l=119 iters=38 cyc=965678 us=9656 wall_us=9661
OK
> SET BURST=0 SEEDJ=0x3A85A4DC SEEDM=0xA3B9AA35
SET BURST=0 SEEDJ=0x3A85A4DC SEEDM=0xA3B9AA35
OK
> RUN
RUN
HIT idx=2460 val=23714 trials=20 l=81 iters=0 cyc=194588 us=1945 wall_us=1950
OK
> GEN PRED=GT A=16383 TARGETS=16 SEED=0x5EED1234 POS=0x67A02026
GEN PRED=GT A=16383 TARGETS=16 SEED=0x5EED1234 POS=0x67A02026
OK count=16384 targets=16 pred=GT a=16383 b=0
> SUM
SUM
STAT count=16384 fnv=0x50dd0d55 hits=16 pred=GT a=16383 b=0 loaded=0
OK
> LOAD
LOAD
OK loaded=16384 addr=0xe000a610
> SET MODE=GT A=16383 B=0 COUNT=16384 CAP=100 AUTO=1 J=0
SET MODE=GT A=16383 B=0 COUNT=16384 CAP=100 AUTO=1 J=0
OK
> SET BURST=0 SEEDJ=0x7B1DCDAF SEEDM=0x24370DF2
SET BURST=0 SEEDJ=0x7B1DCDAF SEEDM=0x24370DF2
OK
> RUN
RUN
HIT idx=7119 val=21276 trials=25 l=308 iters=70 cyc=1607243 us=16072 wall_us=16076
OK
> SET BURST=0 SEEDJ=0x3A85A4DC SEEDM=0xA3B9AA35
SET BURST=0 SEEDJ=0x3A85A4DC SEEDM=0xA3B9AA35
OK
> RUN
RUN
HIT idx=13499 val=22948 trials=11 l=9 iters=0 cyc=62662 us=626 wall_us=631
OK
> GEN PRED=GT A=16383 TARGETS=64 SEED=0x5EED1234 POS=0x67A02026
GEN PRED=GT A=16383 TARGETS=64 SEED=0x5EED1234 POS=0x67A02026
OK count=16384 targets=64 pred=GT a=16383 b=0
> SUM
SUM
STAT count=16384 fnv=0x29a01211 hits=64 pred=GT a=16383 b=0 loaded=0
OK
> LOAD
LOAD
OK loaded=16384 addr=0xe000a610
> SET MODE=GT A=16383 B=0 COUNT=16384 CAP=100 AUTO=1 J=0
SET MODE=GT A=16383 B=0 COUNT=16384 CAP=100 AUTO=1 J=0
OK
> SET BURST=0 SEEDJ=0x7B1DCDAF SEEDM=0x24370DF2
SET BURST=0 SEEDJ=0x7B1DCDAF SEEDM=0x24370DF2
OK
> RUN
RUN
HIT idx=2932 val=26834 trials=6 l=4 iters=2 cyc=79721 us=797 wall_us=802
OK
> SET BURST=0 SEEDJ=0x3A85A4DC SEEDM=0xA3B9AA35
SET BURST=0 SEEDJ=0x3A85A4DC SEEDM=0xA3B9AA35
OK
> RUN
RUN
HIT idx=9359 val=25296 trials=13 l=14 iters=3 cyc=121377 us=1213 wall_us=1219
OK
> GEN PRED=GT A=16383 TARGETS=256 SEED=0x5EED1234 POS=0x67A02026
GEN PRED=GT A=16383 TARGETS=256 SEED=0x5EED1234 POS=0x67A02026
OK count=16384 targets=256 pred=GT a=16383 b=0
> SUM
SUM
STAT count=16384 fnv=0x13d60bf9 hits=256 pred=GT a=16383 b=0 loaded=0
OK
> LOAD
LOAD
OK loaded=16384 addr=0xe000a610
> SET MODE=GT A=16383 B=0 COUNT=16384 CAP=100 AUTO=1 J=0
SET MODE=GT A=16383 B=0 COUNT=16384 CAP=100 AUTO=1 J=0
OK
> SET BURST=0 SEEDJ=0x7B1DCDAF SEEDM=0x24370DF2
SET BURST=0 SEEDJ=0x7B1DCDAF SEEDM=0x24370DF2
OK
> RUN
RUN
HIT idx=6194 val=21743 trials=4 l=2 iters=1 cyc=41273 us=412 wall_us=417
OK
> SET BURST=0 SEEDJ=0x3A85A4DC SEEDM=0xA3B9AA35
SET BURST=0 SEEDJ=0x3A85A4DC SEEDM=0xA3B9AA35
OK
> RUN
RUN
HIT idx=16378 val=30332 trials=2 l=0 iters=0 cyc=2505 us=25 wall_us=29
OK
> GEN PRED=EQ A=12345 TARGETS=1 SEED=0x5EED1234 POS=0xA17E2026
GEN PRED=EQ A=12345 TARGETS=1 SEED=0x5EED1234 POS=0xA17E2026
OK count=16384 targets=1 pred=EQ a=12345 b=0
> SUM
SUM
STAT count=16384 fnv=0xe0bb7e9c hits=1 pred=EQ a=12345 b=0 loaded=0
OK
> LOAD
LOAD
OK loaded=16384 addr=0xe000a610
> SET MODE=EQ A=12345 B=0 COUNT=16384 CAP=100 AUTO=1 J=0
SET MODE=EQ A=12345 B=0 COUNT=16384 CAP=100 AUTO=1 J=0
OK
> SET BURST=0 SEEDJ=0x7B1DCDAF SEEDM=0x24370DF2
SET BURST=0 SEEDJ=0x7B1DCDAF SEEDM=0x24370DF2
OK
> RUN
RUN
HIT idx=507 val=12345 trials=25 l=308 iters=70 cyc=1606530 us=16065 wall_us=16070
OK
> SET BURST=0 SEEDJ=0x3A85A4DC SEEDM=0xA3B9AA35
SET BURST=0 SEEDJ=0x3A85A4DC SEEDM=0xA3B9AA35
OK
> RUN
RUN
HIT idx=507 val=12345 trials=15 l=23 iters=0 cyc=102098 us=1020 wall_us=1025
OK
> GEN PRED=EQ A=12345 TARGETS=4 SEED=0x5EED1234 POS=0xA17E2026
GEN PRED=EQ A=12345 TARGETS=4 SEED=0x5EED1234 POS=0xA17E2026
OK count=16384 targets=4 pred=EQ a=12345 b=0
> SUM
SUM
STAT count=16384 fnv=0x44bb67d0 hits=4 pred=EQ a=12345 b=0 loaded=0
OK
> LOAD
LOAD
OK loaded=16384 addr=0xe000a610
> SET MODE=EQ A=12345 B=0 COUNT=16384 CAP=100 AUTO=1 J=0
SET MODE=EQ A=12345 B=0 COUNT=16384 CAP=100 AUTO=1 J=0
OK
> SET BURST=0 SEEDJ=0x7B1DCDAF SEEDM=0x24370DF2
SET BURST=0 SEEDJ=0x7B1DCDAF SEEDM=0x24370DF2
OK
> RUN
RUN
HIT idx=8685 val=12345 trials=21 l=119 iters=38 cyc=965469 us=9654 wall_us=9660
OK
> SET BURST=0 SEEDJ=0x3A85A4DC SEEDM=0xA3B9AA35
SET BURST=0 SEEDJ=0x3A85A4DC SEEDM=0xA3B9AA35
OK
> RUN
RUN
HIT idx=8685 val=12345 trials=23 l=132 iters=0 cyc=250292 us=2502 wall_us=2507
OK
> GEN PRED=EQ A=12345 TARGETS=16 SEED=0x5EED1234 POS=0xA17E2026
GEN PRED=EQ A=12345 TARGETS=16 SEED=0x5EED1234 POS=0xA17E2026
OK count=16384 targets=16 pred=EQ a=12345 b=0
> SUM
SUM
STAT count=16384 fnv=0x7527279e hits=16 pred=EQ a=12345 b=0 loaded=0
OK
> LOAD
LOAD
OK loaded=16384 addr=0xe000a610
> SET MODE=EQ A=12345 B=0 COUNT=16384 CAP=100 AUTO=1 J=0
SET MODE=EQ A=12345 B=0 COUNT=16384 CAP=100 AUTO=1 J=0
OK
> SET BURST=0 SEEDJ=0x7B1DCDAF SEEDM=0x24370DF2
SET BURST=0 SEEDJ=0x7B1DCDAF SEEDM=0x24370DF2
OK
> RUN
RUN
HIT idx=4512 val=12345 trials=11 l=15 iters=3 cyc=156303 us=1563 wall_us=1567
OK
> SET BURST=0 SEEDJ=0x3A85A4DC SEEDM=0xA3B9AA35
SET BURST=0 SEEDJ=0x3A85A4DC SEEDM=0xA3B9AA35
OK
> RUN
RUN
HIT idx=507 val=12345 trials=15 l=23 iters=6 cyc=215101 us=2151 wall_us=2155
OK
> GEN PRED=EQ A=12345 TARGETS=64 SEED=0x5EED1234 POS=0xA17E2026
GEN PRED=EQ A=12345 TARGETS=64 SEED=0x5EED1234 POS=0xA17E2026
OK count=16384 targets=64 pred=EQ a=12345 b=0
> SUM
SUM
STAT count=16384 fnv=0xefb2e98e hits=64 pred=EQ a=12345 b=0 loaded=0
OK
> LOAD
LOAD
OK loaded=16384 addr=0xe000a610
> SET MODE=EQ A=12345 B=0 COUNT=16384 CAP=100 AUTO=1 J=0
SET MODE=EQ A=12345 B=0 COUNT=16384 CAP=100 AUTO=1 J=0
OK
> SET BURST=0 SEEDJ=0x7B1DCDAF SEEDM=0x24370DF2
SET BURST=0 SEEDJ=0x7B1DCDAF SEEDM=0x24370DF2
OK
> RUN
RUN
HIT idx=2852 val=12345 trials=6 l=4 iters=2 cyc=79723 us=797 wall_us=803
OK
> SET BURST=0 SEEDJ=0x3A85A4DC SEEDM=0xA3B9AA35
SET BURST=0 SEEDJ=0x3A85A4DC SEEDM=0xA3B9AA35
OK
> RUN
RUN
HIT idx=8685 val=12345 trials=13 l=14 iters=3 cyc=121374 us=1213 wall_us=1218
OK
> GEN PRED=EQ A=12345 TARGETS=256 SEED=0x5EED1234 POS=0xA17E2026
GEN PRED=EQ A=12345 TARGETS=256 SEED=0x5EED1234 POS=0xA17E2026
OK count=16384 targets=256 pred=EQ a=12345 b=0
> SUM
SUM
STAT count=16384 fnv=0xdca4f97c hits=256 pred=EQ a=12345 b=0 loaded=0
OK
> LOAD
LOAD
OK loaded=16384 addr=0xe000a610
> SET MODE=EQ A=12345 B=0 COUNT=16384 CAP=100 AUTO=1 J=0
SET MODE=EQ A=12345 B=0 COUNT=16384 CAP=100 AUTO=1 J=0
OK
> SET BURST=0 SEEDJ=0x7B1DCDAF SEEDM=0x24370DF2
SET BURST=0 SEEDJ=0x7B1DCDAF SEEDM=0x24370DF2
OK
> RUN
RUN
HIT idx=15288 val=12345 trials=8 l=7 iters=3 cyc=118421 us=1184 wall_us=1189
OK
> SET BURST=0 SEEDJ=0x3A85A4DC SEEDM=0xA3B9AA35
SET BURST=0 SEEDJ=0x3A85A4DC SEEDM=0xA3B9AA35
OK
> RUN
RUN
HIT idx=5849 val=12345 trials=5 l=2 iters=0 cyc=22423 us=224 wall_us=228
OK
> GEN PRED=RANGE A=-4096 B=4096 TARGETS=1 SEED=0x5EED1234 POS=0x3A4E2026
GEN PRED=RANGE A=-4096 B=4096 TARGETS=1 SEED=0x5EED1234 POS=0x3A4E2026
OK count=16384 targets=1 pred=RANGE a=-4096 b=4096
> SUM
SUM
STAT count=16384 fnv=0xcd8dbc25 hits=1 pred=RANGE a=-4096 b=4096 loaded=0
OK
> LOAD
LOAD
OK loaded=16384 addr=0xe000a610
> SET MODE=RANGE A=-4096 B=4096 COUNT=16384 CAP=100 AUTO=1 J=0
SET MODE=RANGE A=-4096 B=4096 COUNT=16384 CAP=100 AUTO=1 J=0
OK
> SET BURST=0 SEEDJ=0x7B1DCDAF SEEDM=0x24370DF2
SET BURST=0 SEEDJ=0x7B1DCDAF SEEDM=0x24370DF2
OK
> RUN
RUN
HIT idx=16227 val=-1474 trials=21 l=119 iters=38 cyc=965896 us=9658 wall_us=9664
OK
> SET BURST=0 SEEDJ=0x3A85A4DC SEEDM=0xA3B9AA35
SET BURST=0 SEEDJ=0x3A85A4DC SEEDM=0xA3B9AA35
OK
> RUN
RUN
HIT idx=16227 val=-1474 trials=25 l=259 iters=41 cyc=1041141 us=10411 wall_us=10416
OK
> GEN PRED=RANGE A=-4096 B=4096 TARGETS=4 SEED=0x5EED1234 POS=0x3A4E2026
GEN PRED=RANGE A=-4096 B=4096 TARGETS=4 SEED=0x5EED1234 POS=0x3A4E2026
OK count=16384 targets=4 pred=RANGE a=-4096 b=4096
> SUM
SUM
STAT count=16384 fnv=0x7bae8d3a hits=4 pred=RANGE a=-4096 b=4096 loaded=0
OK
> LOAD
LOAD
OK loaded=16384 addr=0xe000a610
> SET MODE=RANGE A=-4096 B=4096 COUNT=16384 CAP=100 AUTO=1 J=0
SET MODE=RANGE A=-4096 B=4096 COUNT=16384 CAP=100 AUTO=1 J=0
OK
> SET BURST=0 SEEDJ=0x7B1DCDAF SEEDM=0x24370DF2
SET BURST=0 SEEDJ=0x7B1DCDAF SEEDM=0x24370DF2
OK
> RUN
RUN
HIT idx=4728 val=-2771 trials=20 l=81 iters=16 cyc=532871 us=5328 wall_us=5333
OK
> SET BURST=0 SEEDJ=0x3A85A4DC SEEDM=0xA3B9AA35
SET BURST=0 SEEDJ=0x3A85A4DC SEEDM=0xA3B9AA35
OK
> RUN
RUN
HIT idx=4728 val=-2771 trials=19 l=56 iters=0 cyc=176243 us=1762 wall_us=1767
OK
> GEN PRED=RANGE A=-4096 B=4096 TARGETS=16 SEED=0x5EED1234 POS=0x3A4E2026
GEN PRED=RANGE A=-4096 B=4096 TARGETS=16 SEED=0x5EED1234 POS=0x3A4E2026
OK count=16384 targets=16 pred=RANGE a=-4096 b=4096
> SUM
SUM
STAT count=16384 fnv=0xc24fdace hits=16 pred=RANGE a=-4096 b=4096 loaded=0
OK
> LOAD
LOAD
OK loaded=16384 addr=0xe000a610
> SET MODE=RANGE A=-4096 B=4096 COUNT=16384 CAP=100 AUTO=1 J=0
SET MODE=RANGE A=-4096 B=4096 COUNT=16384 CAP=100 AUTO=1 J=0
OK
> SET BURST=0 SEEDJ=0x7B1DCDAF SEEDM=0x24370DF2
SET BURST=0 SEEDJ=0x7B1DCDAF SEEDM=0x24370DF2
OK
> RUN
RUN
HIT idx=4554 val=4061 trials=20 l=81 iters=16 cyc=532826 us=5328 wall_us=5333
OK
> SET BURST=0 SEEDJ=0x3A85A4DC SEEDM=0xA3B9AA35
SET BURST=0 SEEDJ=0x3A85A4DC SEEDM=0xA3B9AA35
OK
> RUN
RUN
HIT idx=13446 val=-543 trials=11 l=9 iters=0 cyc=62634 us=626 wall_us=630
OK
> GEN PRED=RANGE A=-4096 B=4096 TARGETS=64 SEED=0x5EED1234 POS=0x3A4E2026
GEN PRED=RANGE A=-4096 B=4096 TARGETS=64 SEED=0x5EED1234 POS=0x3A4E2026
OK count=16384 targets=64 pred=RANGE a=-4096 b=4096
> SUM
SUM
STAT count=16384 fnv=0x4f2d645d hits=64 pred=RANGE a=-4096 b=4096 loaded=0
OK
> LOAD
LOAD
OK loaded=16384 addr=0xe000a610
> SET MODE=RANGE A=-4096 B=4096 COUNT=16384 CAP=100 AUTO=1 J=0
SET MODE=RANGE A=-4096 B=4096 COUNT=16384 CAP=100 AUTO=1 J=0
OK
> SET BURST=0 SEEDJ=0x7B1DCDAF SEEDM=0x24370DF2
SET BURST=0 SEEDJ=0x7B1DCDAF SEEDM=0x24370DF2
OK
> RUN
RUN
HIT idx=6171 val=1345 trials=14 l=22 iters=5 cyc=232532 us=2325 wall_us=2329
OK
> SET BURST=0 SEEDJ=0x3A85A4DC SEEDM=0xA3B9AA35
SET BURST=0 SEEDJ=0x3A85A4DC SEEDM=0xA3B9AA35
OK
> RUN
RUN
HIT idx=13589 val=-734 trials=11 l=9 iters=0 cyc=62673 us=626 wall_us=631
OK
> GEN PRED=RANGE A=-4096 B=4096 TARGETS=256 SEED=0x5EED1234 POS=0x3A4E2026
GEN PRED=RANGE A=-4096 B=4096 TARGETS=256 SEED=0x5EED1234 POS=0x3A4E2026
OK count=16384 targets=256 pred=RANGE a=-4096 b=4096
> SUM
SUM
STAT count=16384 fnv=0x0d48036a hits=256 pred=RANGE a=-4096 b=4096 loaded=0
OK
> LOAD
LOAD
OK loaded=16384 addr=0xe000a610
> SET MODE=RANGE A=-4096 B=4096 COUNT=16384 CAP=100 AUTO=1 J=0
SET MODE=RANGE A=-4096 B=4096 COUNT=16384 CAP=100 AUTO=1 J=0
OK
> SET BURST=0 SEEDJ=0x7B1DCDAF SEEDM=0x24370DF2
SET BURST=0 SEEDJ=0x7B1DCDAF SEEDM=0x24370DF2
OK
> RUN
RUN
HIT idx=12101 val=-2751 trials=2 l=1 iters=1 cyc=21292 us=212 wall_us=217
OK
> SET BURST=0 SEEDJ=0x3A85A4DC SEEDM=0xA3B9AA35
SET BURST=0 SEEDJ=0x3A85A4DC SEEDM=0xA3B9AA35
OK
> RUN
RUN
HIT idx=1860 val=-2151 trials=10 l=5 iters=1 cyc=62797 us=627 wall_us=631
OK
