Copyright 1986-2022 Xilinx, Inc. All Rights Reserved. Copyright 2022-2024 Advanced Micro Devices, Inc. All Rights Reserved.
-------------------------------------------------------------------------------------------------------------------------------------------------
| Tool Version     : Vivado v.2024.2 (lin64) Build 5239630 Fri Nov 08 22:34:34 MST 2024
| Date             : Mon Aug 31 16:09:11 2026
| Host             : JoongKyu running 64-bit Ubuntu 24.04.1 LTS
| Command          : report_power -file /home/kyu/rvx_summer26/platform/bbht_grover/imp_arty-100t_2026-08-31/imp_result/route_power.rpt
| Design           : BBHT_GROVER_FPGA
| Device           : xc7a100tcsg324-1
| Design State     : routed
| Grade            : commercial
| Process          : typical
| Characterization : Production
-------------------------------------------------------------------------------------------------------------------------------------------------

Power Report

Table of Contents
-----------------
1. Summary
1.1 On-Chip Components
1.2 Power Supply Summary
1.3 Confidence Level
2. Settings
2.1 Environment
2.2 Clock Constraints
3. Detailed Reports
3.1 By Hierarchy

1. Summary
----------

+--------------------------+--------------+
| Total On-Chip Power (W)  | 0.503        |
| Design Power Budget (W)  | Unspecified* |
| Power Budget Margin (W)  | NA           |
| Dynamic (W)              | 0.399        |
| Device Static (W)        | 0.104        |
| Effective TJA (C/W)      | 4.6          |
| Max Ambient (C)          | 82.7         |
| Junction Temperature (C) | 27.3         |
| Confidence Level         | Medium       |
| Setting File             | ---          |
| Simulation Activity File | ---          |
| Design Nets Matched      | NA           |
+--------------------------+--------------+
* Specify Design Power Budget using, set_operating_conditions -design_power_budget <value in Watts>


1.1 On-Chip Components
----------------------

+--------------------------+-----------+----------+-----------+-----------------+
| On-Chip                  | Power (W) | Used     | Available | Utilization (%) |
+--------------------------+-----------+----------+-----------+-----------------+
| Clocks                   |     0.049 |        7 |       --- |             --- |
| Slice Logic              |     0.039 |    64387 |       --- |             --- |
|   LUT as Logic           |     0.034 |    25343 |     63400 |           39.97 |
|   CARRY4                 |     0.005 |     2345 |     15850 |           14.79 |
|   Register               |    <0.001 |    30763 |    126800 |           24.26 |
|   F7/F8 Muxes            |    <0.001 |     1619 |     63400 |            2.55 |
|   LUT as Distributed RAM |    <0.001 |      184 |     19000 |            0.97 |
|   Others                 |     0.000 |      470 |       --- |             --- |
| Signals                  |     0.062 |    56762 |       --- |             --- |
| Block RAM                |     0.080 |       99 |       135 |           73.33 |
| MMCM                     |     0.106 |        1 |         6 |           16.67 |
| DSPs                     |     0.063 |       68 |       240 |           28.33 |
| I/O                      |    <0.001 |        9 |       210 |            4.29 |
| Static Power             |     0.104 |          |           |                 |
| Total                    |     0.503 |          |           |                 |
+--------------------------+-----------+----------+-----------+-----------------+


1.2 Power Supply Summary
------------------------

+-----------+-------------+-----------+-------------+------------+-------------+-------------+------------+
| Source    | Voltage (V) | Total (A) | Dynamic (A) | Static (A) | Powerup (A) | Budget (A)  | Margin (A) |
+-----------+-------------+-----------+-------------+------------+-------------+-------------+------------+
| Vccint    |       1.000 |     0.308 |       0.289 |      0.019 |       NA    | Unspecified | NA         |
| Vccaux    |       1.800 |     0.077 |       0.059 |      0.018 |       NA    | Unspecified | NA         |
| Vcco33    |       3.300 |     0.004 |       0.000 |      0.004 |       NA    | Unspecified | NA         |
| Vcco25    |       2.500 |     0.000 |       0.000 |      0.000 |       NA    | Unspecified | NA         |
| Vcco18    |       1.800 |     0.000 |       0.000 |      0.000 |       NA    | Unspecified | NA         |
| Vcco15    |       1.500 |     0.000 |       0.000 |      0.000 |       NA    | Unspecified | NA         |
| Vcco135   |       1.350 |     0.000 |       0.000 |      0.000 |       NA    | Unspecified | NA         |
| Vcco12    |       1.200 |     0.000 |       0.000 |      0.000 |       NA    | Unspecified | NA         |
| Vccaux_io |       1.800 |     0.000 |       0.000 |      0.000 |       NA    | Unspecified | NA         |
| Vccbram   |       1.000 |     0.007 |       0.004 |      0.003 |       NA    | Unspecified | NA         |
| MGTAVcc   |       1.000 |     0.000 |       0.000 |      0.000 |       NA    | Unspecified | NA         |
| MGTAVtt   |       1.200 |     0.000 |       0.000 |      0.000 |       NA    | Unspecified | NA         |
| Vccadc    |       1.800 |     0.020 |       0.000 |      0.020 |       NA    | Unspecified | NA         |
+-----------+-------------+-----------+-------------+------------+-------------+-------------+------------+


1.3 Confidence Level
--------------------

+-----------------------------+------------+-------------------------------------------------------+------------------------------------------------------------------------------------------------------------+
| User Input Data             | Confidence | Details                                               | Action                                                                                                     |
+-----------------------------+------------+-------------------------------------------------------+------------------------------------------------------------------------------------------------------------+
| Design implementation state | High       | Design is routed                                      |                                                                                                            |
| Clock nodes activity        | High       | User specified more than 95% of clocks                |                                                                                                            |
| I/O nodes activity          | Medium     | More than 5% of inputs are missing user specification | Provide missing input activity with simulation results or by editing the "By Resource Type -> I/Os" view   |
| Internal nodes activity     | Medium     | User specified less than 25% of internal nodes        | Provide missing internal nodes activity with simulation results or by editing the "By Resource Type" views |
| Device models               | High       | Device models are Production                          |                                                                                                            |
|                             |            |                                                       |                                                                                                            |
| Overall confidence level    | Medium     |                                                       |                                                                                                            |
+-----------------------------+------------+-------------------------------------------------------+------------------------------------------------------------------------------------------------------------+


2. Settings
-----------

2.1 Environment
---------------

+-----------------------+--------------------------+
| Ambient Temp (C)      | 25.0                     |
| ThetaJA (C/W)         | 4.6                      |
| Airflow (LFM)         | 250                      |
| Heat Sink             | medium (Medium Profile)  |
| ThetaSA (C/W)         | 4.6                      |
| Board Selection       | medium (10"x10")         |
| # of Board Layers     | 12to15 (12 to 15 Layers) |
| Board Temperature (C) | 25.0                     |
+-----------------------+--------------------------+


2.2 Clock Constraints
---------------------

+---------------------------------+-----------------------------------------------------------------------------+-----------------+
| Clock                           | Domain                                                                      | Constraint (ns) |
+---------------------------------+-----------------------------------------------------------------------------+-----------------+
| clk_50000000_xilinx_clock_pll_0 | i_platform/i_pll0/i_xilinx_clock_pll_0/inst/clk_50000000_xilinx_clock_pll_0 |            20.0 |
| clkfbout_xilinx_clock_pll_0     | i_platform/i_pll0/i_xilinx_clock_pll_0/inst/clkfbout_xilinx_clock_pll_0     |            10.0 |
| pjtag_rclk                      | pjtag_rtck                                                                  |           100.0 |
| sys_clk_pin                     | external_clk_0                                                              |            10.0 |
| sys_clk_pin                     | external_clk_0_IBUF_BUFG                                                    |            10.0 |
+---------------------------------+-----------------------------------------------------------------------------+-----------------+


3. Detailed Reports
-------------------

3.1 By Hierarchy
----------------

+------------------------------------------+-----------+
| Name                                     | Power (W) |
+------------------------------------------+-----------+
| BBHT_GROVER_FPGA                         |     0.399 |
|   i_platform                             |     0.397 |
|     i_bbht_rvx_wrapper                   |     0.244 |
|       u_main_ip                          |     0.243 |
|     i_pll0                               |     0.106 |
|       i_xilinx_clock_pll_0               |     0.106 |
|     i_rtl                                |     0.040 |
|       default_slave                      |     0.001 |
|       external_peri_group                |     0.001 |
|       i_main_core                        |     0.013 |
|       i_mnim_i_grover_dma_master         |     0.002 |
|       i_mnim_i_main_core_data            |     0.001 |
|       i_mnim_platform_controller_master  |     0.001 |
|       i_snim_common_peri_group_no_name   |     0.001 |
|       i_snim_external_peri_group_no_name |     0.001 |
|       i_snim_i_grover_csr_slave          |     0.002 |
|       i_snim_i_system_sram_no_name       |     0.001 |
|       i_snim_platform_controller_no_name |     0.001 |
|       i_system_router                    |     0.001 |
|       platform_controller                |     0.011 |
|     i_system_sram                        |     0.007 |
|       generate_cell[0].i_cell            |     0.006 |
+------------------------------------------+-----------+


