Copyright 1986-2022 Xilinx, Inc. All Rights Reserved. Copyright 2022-2024 Advanced Micro Devices, Inc. All Rights Reserved.
------------------------------------------------------------------------------------------------------------------------------------------------------
| Tool Version : Vivado v.2024.2 (lin64) Build 5239630 Fri Nov 08 22:34:34 MST 2024
| Date         : Mon Aug 31 16:08:58 2026
| Host         : JoongKyu running 64-bit Ubuntu 24.04.1 LTS
| Command      : report_timing_summary -file /home/kyu/rvx_summer26/platform/bbht_grover/imp_arty-100t_2026-08-31/imp_result/route_timing_summary.rpt
| Design       : BBHT_GROVER_FPGA
| Device       : 7a100t-csg324
| Speed File   : -1  PRODUCTION 1.23 2018-06-13
| Design State : Routed
------------------------------------------------------------------------------------------------------------------------------------------------------

Timing Summary Report

------------------------------------------------------------------------------------------------
| Timer Settings
| --------------
------------------------------------------------------------------------------------------------

  Enable Multi Corner Analysis               :  Yes
  Enable Pessimism Removal                   :  Yes
  Pessimism Removal Resolution               :  Nearest Common Node
  Enable Input Delay Default Clock           :  No
  Enable Preset / Clear Arcs                 :  No
  Disable Flight Delays                      :  No
  Ignore I/O Paths                           :  No
  Timing Early Launch at Borrowing Latches   :  No
  Borrow Time for Max Delay Exceptions       :  Yes
  Merge Timing Exceptions                    :  Yes
  Inter-SLR Compensation                     :  Conservative

  Corner  Analyze    Analyze    
  Name    Max Paths  Min Paths  
  ------  ---------  ---------  
  Slow    Yes        Yes        
  Fast    Yes        Yes        


------------------------------------------------------------------------------------------------
| Report Methodology
| ------------------
------------------------------------------------------------------------------------------------

No report available as report_methodology has not been run prior. Run report_methodology on the current design for the summary of methodology violations.



check_timing report

Table of Contents
-----------------
1. checking no_clock (0)
2. checking constant_clock (0)
3. checking pulse_width_clock (0)
4. checking unconstrained_internal_endpoints (0)
5. checking no_input_delay (3)
6. checking no_output_delay (1)
7. checking multiple_clock (0)
8. checking generated_clocks (0)
9. checking loops (0)
10. checking partial_input_delay (0)
11. checking partial_output_delay (0)
12. checking latch_loops (0)

1. checking no_clock (0)
------------------------
 There are 0 register/latch pins with no clock.


2. checking constant_clock (0)
------------------------------
 There are 0 register/latch pins with constant_clock.


3. checking pulse_width_clock (0)
---------------------------------
 There are 0 register/latch pins which need pulse_width check


4. checking unconstrained_internal_endpoints (0)
------------------------------------------------
 There are 0 pins that are not constrained for maximum delay.

 There are 0 pins that are not constrained for maximum delay due to constant clock.


5. checking no_input_delay (3)
------------------------------
 There are 3 input ports with no input delay specified. (HIGH)

 There are 0 input ports with no input delay but user has a false path constraint.


6. checking no_output_delay (1)
-------------------------------
 There is 1 port with no output delay specified. (HIGH)

 There are 0 ports with no output delay but user has a false path constraint

 There are 0 ports with no output delay but with a timing clock defined on it or propagating through it


7. checking multiple_clock (0)
------------------------------
 There are 0 register/latch pins with multiple clocks.


8. checking generated_clocks (0)
--------------------------------
 There are 0 generated clocks that are not connected to a clock source.


9. checking loops (0)
---------------------
 There are 0 combinational loops in the design.


10. checking partial_input_delay (0)
------------------------------------
 There are 0 input ports with partial input delay specified.


11. checking partial_output_delay (0)
-------------------------------------
 There are 0 ports with partial output delay specified.


12. checking latch_loops (0)
----------------------------
 There are 0 combinational latch loops in the design through latch input



------------------------------------------------------------------------------------------------
| Design Timing Summary
| ---------------------
------------------------------------------------------------------------------------------------

    WNS(ns)      TNS(ns)  TNS Failing Endpoints  TNS Total Endpoints      WHS(ns)      THS(ns)  THS Failing Endpoints  THS Total Endpoints     WPWS(ns)     TPWS(ns)  TPWS Failing Endpoints  TPWS Total Endpoints  
    -------      -------  ---------------------  -------------------      -------      -------  ---------------------  -------------------     --------     --------  ----------------------  --------------------  
      0.095        0.000                      0                83086        0.018        0.000                      0                83086        3.000        0.000                       0                 31275  


All user specified timing constraints are met.


------------------------------------------------------------------------------------------------
| Clock Summary
| -------------
------------------------------------------------------------------------------------------------

Clock                                                Waveform(ns)         Period(ns)      Frequency(MHz)
-----                                                ------------         ----------      --------------
i_platform/i_pll0/i_xilinx_clock_pll_0/inst/clk_in1  {0.000 5.000}        10.000          100.000         
  clk_50000000_xilinx_clock_pll_0                    {0.000 10.000}       20.000          50.000          
  clkfbout_xilinx_clock_pll_0                        {0.000 5.000}        10.000          100.000         
pjtag_rclk                                           {0.000 50.000}       100.000         10.000          
sys_clk_pin                                          {0.000 5.000}        10.000          100.000         


------------------------------------------------------------------------------------------------
| Intra Clock Table
| -----------------
------------------------------------------------------------------------------------------------

Clock                                                    WNS(ns)      TNS(ns)  TNS Failing Endpoints  TNS Total Endpoints      WHS(ns)      THS(ns)  THS Failing Endpoints  THS Total Endpoints     WPWS(ns)     TPWS(ns)  TPWS Failing Endpoints  TPWS Total Endpoints  
-----                                                    -------      -------  ---------------------  -------------------      -------      -------  ---------------------  -------------------     --------     --------  ----------------------  --------------------  
i_platform/i_pll0/i_xilinx_clock_pll_0/inst/clk_in1                                                                                                                                                    3.000        0.000                       0                     1  
  clk_50000000_xilinx_clock_pll_0                          5.976        0.000                      0                30301        0.036        0.000                      0                30301        8.750        0.000                       0                 15367  
  clkfbout_xilinx_clock_pll_0                                                                                                                                                                          7.845        0.000                       0                     3  
pjtag_rclk                                                11.397        0.000                      0                  351        0.045        0.000                      0                  351       49.500        0.000                       0                   254  
sys_clk_pin                                                0.095        0.000                      0                42304        0.018        0.000                      0                42304        3.750        0.000                       0                 15650  


------------------------------------------------------------------------------------------------
| Inter Clock Table
| -----------------
------------------------------------------------------------------------------------------------

From Clock    To Clock          WNS(ns)      TNS(ns)  TNS Failing Endpoints  TNS Total Endpoints      WHS(ns)      THS(ns)  THS Failing Endpoints  THS Total Endpoints  
----------    --------          -------      -------  ---------------------  -------------------      -------      -------  ---------------------  -------------------  


------------------------------------------------------------------------------------------------
| Other Path Groups Table
| -----------------------
------------------------------------------------------------------------------------------------

Path Group                       From Clock                       To Clock                             WNS(ns)      TNS(ns)  TNS Failing Endpoints  TNS Total Endpoints      WHS(ns)      THS(ns)  THS Failing Endpoints  THS Total Endpoints  
----------                       ----------                       --------                             -------      -------  ---------------------  -------------------      -------      -------  ---------------------  -------------------  
**async_default**                clk_50000000_xilinx_clock_pll_0  clk_50000000_xilinx_clock_pll_0        3.707        0.000                      0                10130        0.527        0.000                      0                10130  


------------------------------------------------------------------------------------------------
| Timing Details
| --------------
------------------------------------------------------------------------------------------------


---------------------------------------------------------------------------------------------------
From Clock:  i_platform/i_pll0/i_xilinx_clock_pll_0/inst/clk_in1
  To Clock:  i_platform/i_pll0/i_xilinx_clock_pll_0/inst/clk_in1

Setup :           NA  Failing Endpoints,  Worst Slack           NA  ,  Total Violation           NA
Hold  :           NA  Failing Endpoints,  Worst Slack           NA  ,  Total Violation           NA
PW    :            0  Failing Endpoints,  Worst Slack        3.000ns,  Total Violation        0.000ns
---------------------------------------------------------------------------------------------------


Pulse Width Checks
--------------------------------------------------------------------------------------
Clock Name:         i_platform/i_pll0/i_xilinx_clock_pll_0/inst/clk_in1
Waveform(ns):       { 0.000 5.000 }
Period(ns):         10.000
Sources:            { i_platform/i_pll0/i_xilinx_clock_pll_0/inst/clk_in1 }

Check Type        Corner  Lib Pin            Reference Pin  Required(ns)  Actual(ns)  Slack(ns)  Location         Pin
Min Period        n/a     MMCME2_ADV/CLKIN1  n/a            1.249         10.000      8.751      MMCME2_ADV_X0Y0  i_platform/i_pll0/i_xilinx_clock_pll_0/inst/mmcm_adv_inst/CLKIN1
Max Period        n/a     MMCME2_ADV/CLKIN1  n/a            100.000       10.000      90.000     MMCME2_ADV_X0Y0  i_platform/i_pll0/i_xilinx_clock_pll_0/inst/mmcm_adv_inst/CLKIN1
Low Pulse Width   Slow    MMCME2_ADV/CLKIN1  n/a            2.000         5.000       3.000      MMCME2_ADV_X0Y0  i_platform/i_pll0/i_xilinx_clock_pll_0/inst/mmcm_adv_inst/CLKIN1
High Pulse Width  Slow    MMCME2_ADV/CLKIN1  n/a            2.000         5.000       3.000      MMCME2_ADV_X0Y0  i_platform/i_pll0/i_xilinx_clock_pll_0/inst/mmcm_adv_inst/CLKIN1



---------------------------------------------------------------------------------------------------
From Clock:  clk_50000000_xilinx_clock_pll_0
  To Clock:  clk_50000000_xilinx_clock_pll_0

Setup :            0  Failing Endpoints,  Worst Slack        5.976ns,  Total Violation        0.000ns
Hold  :            0  Failing Endpoints,  Worst Slack        0.036ns,  Total Violation        0.000ns
PW    :            0  Failing Endpoints,  Worst Slack        8.750ns,  Total Violation        0.000ns
---------------------------------------------------------------------------------------------------


Max Delay Paths
--------------------------------------------------------------------------------------
Slack (MET) :             5.976ns  (required time - arrival time)
  Source:                 i_platform/i_rtl/i_main_core/i_orca/core/D__0/two_cycle.from_decode_instruction_signal_reg[24]/C
                            (rising edge-triggered cell FDCE clocked by clk_50000000_xilinx_clock_pll_0  {rise@0.000ns fall@10.000ns period=20.000ns})
  Destination:            i_platform/i_rtl/i_main_core/i_orca/the_memory_interface/uc_masters_gen.duc_master/ervp_master/i_write_buffer/rvx_signal_6_reg[1][19]/CE
                            (rising edge-triggered cell FDCE clocked by clk_50000000_xilinx_clock_pll_0  {rise@0.000ns fall@10.000ns period=20.000ns})
  Path Group:             clk_50000000_xilinx_clock_pll_0
  Path Type:              Setup (Max at Slow Process Corner)
  Requirement:            20.000ns  (clk_50000000_xilinx_clock_pll_0 rise@20.000ns - clk_50000000_xilinx_clock_pll_0 rise@0.000ns)
  Data Path Delay:        13.504ns  (logic 3.635ns (26.918%)  route 9.869ns (73.082%))
  Logic Levels:           12  (CARRY4=6 LUT2=1 LUT3=3 LUT6=2)
  Clock Path Skew:        -0.027ns (DCD - SCD + CPR)
    Destination Clock Delay (DCD):    1.507ns = ( 21.507 - 20.000 ) 
    Source Clock Delay      (SCD):    1.611ns
    Clock Pessimism Removal (CPR):    0.077ns
  Clock Uncertainty:      0.084ns  ((TSJ^2 + DJ^2)^1/2) / 2 + PE
    Total System Jitter     (TSJ):    0.071ns
    Discrete Jitter          (DJ):    0.152ns
    Phase Error              (PE):    0.000ns

    Location             Delay type                Incr(ns)  Path(ns)    Netlist Resource(s)
  -------------------------------------------------------------------    -------------------
                         (clock clk_50000000_xilinx_clock_pll_0 rise edge)
                                                      0.000     0.000 r  
    BUFGCTRL_X0Y16       BUFG                         0.000     0.000 r  external_clk_0_IBUF_BUFG_inst/O
                         net (fo=15682, routed)       1.809     1.809    i_platform/i_pll0/i_xilinx_clock_pll_0/inst/clk_in1
    MMCME2_ADV_X0Y0      MMCME2_ADV (Prop_mmcme2_adv_CLKIN1_CLKOUT0)
                                                     -3.922    -2.112 r  i_platform/i_pll0/i_xilinx_clock_pll_0/inst/mmcm_adv_inst/CLKOUT0
                         net (fo=1, routed)           2.018    -0.094    i_platform/i_pll0/i_xilinx_clock_pll_0/inst/clk_50000000_xilinx_clock_pll_0
    BUFGCTRL_X0Y0        BUFG (Prop_bufg_I_O)         0.096     0.002 r  i_platform/i_pll0/i_xilinx_clock_pll_0/inst/clkout1_buf/O
                         net (fo=15367, routed)       1.609     1.611    i_platform/i_rtl/i_main_core/i_orca/core/D__0/clk_50000000
    SLICE_X47Y118        FDCE                                         r  i_platform/i_rtl/i_main_core/i_orca/core/D__0/two_cycle.from_decode_instruction_signal_reg[24]/C
  -------------------------------------------------------------------    -------------------
    SLICE_X47Y118        FDCE (Prop_fdce_C_Q)         0.419     2.030 r  i_platform/i_rtl/i_main_core/i_orca/core/D__0/two_cycle.from_decode_instruction_signal_reg[24]/Q
                         net (fo=18, routed)          1.790     3.820    i_platform/i_rtl/i_main_core/i_orca/core/D__0/Q[24]
    SLICE_X34Y123        LUT3 (Prop_lut3_I2_O)        0.325     4.145 r  i_platform/i_rtl/i_main_core/i_orca/core/D__0/address_unaligned_carry__0_i_1/O
                         net (fo=1, routed)           0.483     4.628    i_platform/i_rtl/i_main_core/i_orca/core/X/ls_unit/light_request_register_gen.slave_oimm_address_held_reg[7][0]
    SLICE_X33Y122        CARRY4 (Prop_carry4_DI[0]_CO[3])
                                                      0.757     5.385 r  i_platform/i_rtl/i_main_core/i_orca/core/X/ls_unit/address_unaligned_carry__0/CO[3]
                         net (fo=1, routed)           0.000     5.385    i_platform/i_rtl/i_main_core/i_orca/core/X/ls_unit/address_unaligned_carry__0_n_0
    SLICE_X33Y123        CARRY4 (Prop_carry4_CI_CO[3])
                                                      0.114     5.499 r  i_platform/i_rtl/i_main_core/i_orca/core/X/ls_unit/address_unaligned_carry__1/CO[3]
                         net (fo=1, routed)           0.000     5.499    i_platform/i_rtl/i_main_core/i_orca/core/X/ls_unit/address_unaligned_carry__1_n_0
    SLICE_X33Y124        CARRY4 (Prop_carry4_CI_O[3])
                                                      0.329     5.828 f  i_platform/i_rtl/i_main_core/i_orca/core/X/ls_unit/address_unaligned_carry__2/O[3]
                         net (fo=2, routed)           0.862     6.690    i_platform/i_rtl/i_main_core/i_orca/the_memory_interface/dcache_mux/internal_oimm_register/D[13]
    SLICE_X32Y124        LUT3 (Prop_lut3_I1_O)        0.336     7.026 f  i_platform/i_rtl/i_main_core/i_orca/the_memory_interface/dcache_mux/internal_oimm_register/rvx_signal_6[2][28]_i_1/O
                         net (fo=10, routed)          0.842     7.868    i_platform/i_rtl/i_main_core/i_orca/core/X/syscall/data_in1_carry__0_2
    SLICE_X34Y127        LUT6 (Prop_lut6_I4_O)        0.327     8.195 r  i_platform/i_rtl/i_main_core/i_orca/core/X/syscall/data_in1_carry__0_i_1/O
                         net (fo=1, routed)           0.613     8.808    i_platform/i_rtl/i_main_core/i_orca/the_memory_interface/dcache_mux/data_in1_carry__1_0[3]
    SLICE_X34Y129        CARRY4 (Prop_carry4_DI[3]_CO[3])
                                                      0.396     9.204 r  i_platform/i_rtl/i_main_core/i_orca/the_memory_interface/dcache_mux/data_in1_carry__0/CO[3]
                         net (fo=1, routed)           0.000     9.204    i_platform/i_rtl/i_main_core/i_orca/the_memory_interface/dcache_mux/data_in1_carry__0_n_0
    SLICE_X34Y130        CARRY4 (Prop_carry4_CI_CO[3])
                                                      0.117     9.321 r  i_platform/i_rtl/i_main_core/i_orca/the_memory_interface/dcache_mux/data_in1_carry__1/CO[3]
                         net (fo=1, routed)           0.000     9.321    i_platform/i_rtl/i_main_core/i_orca/the_memory_interface/dcache_mux/data_in1_carry__1_n_0
    SLICE_X34Y131        CARRY4 (Prop_carry4_CI_CO[3])
                                                      0.117     9.438 f  i_platform/i_rtl/i_main_core/i_orca/the_memory_interface/dcache_mux/data_in1_carry__2/CO[3]
                         net (fo=5, routed)           1.084    10.522    i_platform/i_rtl/i_main_core/i_orca/the_memory_interface/dcache_mux/internal_oimm_register/munoc_signal_19_reg[0]
    SLICE_X44Y130        LUT6 (Prop_lut6_I1_O)        0.124    10.646 r  i_platform/i_rtl/i_main_core/i_orca/the_memory_interface/dcache_mux/internal_oimm_register/munoc_signal_19_i_2/O
                         net (fo=4, routed)           1.190    11.836    i_platform/i_rtl/i_main_core/i_orca/the_memory_interface/dcache_mux/internal_oimm_register/light_request_register_gen.slave_oimm_requestvalid_held_reg_1
    SLICE_X50Y120        LUT3 (Prop_lut3_I1_O)        0.124    11.960 r  i_platform/i_rtl/i_main_core/i_orca/the_memory_interface/dcache_mux/internal_oimm_register/value[1]_i_3__0/O
                         net (fo=6, routed)           0.714    12.674    i_platform/i_rtl/i_main_core/i_orca/the_memory_interface/dcache_mux/internal_oimm_register/value_reg[1]
    SLICE_X50Y120        LUT2 (Prop_lut2_I0_O)        0.150    12.824 r  i_platform/i_rtl/i_main_core/i_orca/the_memory_interface/dcache_mux/internal_oimm_register/rvx_signal_6[1][36]_i_1/O
                         net (fo=36, routed)          2.291    15.115    i_platform/i_rtl/i_main_core/i_orca/the_memory_interface/uc_masters_gen.duc_master/ervp_master/i_write_buffer/rvx_signal_6_reg[1][36]_0[0]
    SLICE_X11Y131        FDCE                                         r  i_platform/i_rtl/i_main_core/i_orca/the_memory_interface/uc_masters_gen.duc_master/ervp_master/i_write_buffer/rvx_signal_6_reg[1][19]/CE
  -------------------------------------------------------------------    -------------------

                         (clock clk_50000000_xilinx_clock_pll_0 rise edge)
                                                     20.000    20.000 r  
    BUFGCTRL_X0Y16       BUFG                         0.000    20.000 r  external_clk_0_IBUF_BUFG_inst/O
                         net (fo=15682, routed)       1.683    21.683    i_platform/i_pll0/i_xilinx_clock_pll_0/inst/clk_in1
    MMCME2_ADV_X0Y0      MMCME2_ADV (Prop_mmcme2_adv_CLKIN1_CLKOUT0)
                                                     -3.694    17.989 r  i_platform/i_pll0/i_xilinx_clock_pll_0/inst/mmcm_adv_inst/CLKOUT0
                         net (fo=1, routed)           1.923    19.912    i_platform/i_pll0/i_xilinx_clock_pll_0/inst/clk_50000000_xilinx_clock_pll_0
    BUFGCTRL_X0Y0        BUFG (Prop_bufg_I_O)         0.091    20.003 r  i_platform/i_pll0/i_xilinx_clock_pll_0/inst/clkout1_buf/O
                         net (fo=15367, routed)       1.504    21.507    i_platform/i_rtl/i_main_core/i_orca/the_memory_interface/uc_masters_gen.duc_master/ervp_master/i_write_buffer/clk_50000000
    SLICE_X11Y131        FDCE                                         r  i_platform/i_rtl/i_main_core/i_orca/the_memory_interface/uc_masters_gen.duc_master/ervp_master/i_write_buffer/rvx_signal_6_reg[1][19]/C
                         clock pessimism              0.077    21.584    
                         clock uncertainty           -0.084    21.500    
    SLICE_X11Y131        FDCE (Setup_fdce_C_CE)      -0.409    21.091    i_platform/i_rtl/i_main_core/i_orca/the_memory_interface/uc_masters_gen.duc_master/ervp_master/i_write_buffer/rvx_signal_6_reg[1][19]
  -------------------------------------------------------------------
                         required time                         21.091    
                         arrival time                         -15.115    
  -------------------------------------------------------------------
                         slack                                  5.976    





Min Delay Paths
--------------------------------------------------------------------------------------
Slack (MET) :             0.036ns  (arrival time - required time)
  Source:                 i_platform/i_rtl/external_peri_group/i_gen_valid_uart[0].i_rvx_instance_05/i_rvx_instance_0/i_rvx_instance_1/i_rvx_instance_0/rvx_signal_1_reg[0]/C
                            (rising edge-triggered cell FDCE clocked by clk_50000000_xilinx_clock_pll_0  {rise@0.000ns fall@10.000ns period=20.000ns})
  Destination:            i_platform/i_rtl/external_peri_group/i_gen_valid_uart[0].i_rvx_instance_05/i_rvx_instance_0/i_rvx_instance_1/i_rvx_instance_0/i_rvx_instance_0/rvx_signal_0_reg_0_63_0_2/RAMA/WADR0
                            (rising edge-triggered cell RAMD64E clocked by clk_50000000_xilinx_clock_pll_0  {rise@0.000ns fall@10.000ns period=20.000ns})
  Path Group:             clk_50000000_xilinx_clock_pll_0
  Path Type:              Hold (Min at Fast Process Corner)
  Requirement:            0.000ns  (clk_50000000_xilinx_clock_pll_0 rise@0.000ns - clk_50000000_xilinx_clock_pll_0 rise@0.000ns)
  Data Path Delay:        0.359ns  (logic 0.141ns (39.235%)  route 0.218ns (60.765%))
  Logic Levels:           0  
  Clock Path Skew:        0.013ns (DCD - SCD - CPR)
    Destination Clock Delay (DCD):    0.960ns
    Source Clock Delay      (SCD):    0.683ns
    Clock Pessimism Removal (CPR):    0.264ns

    Location             Delay type                Incr(ns)  Path(ns)    Netlist Resource(s)
  -------------------------------------------------------------------    -------------------
                         (clock clk_50000000_xilinx_clock_pll_0 rise edge)
                                                      0.000     0.000 r  
    BUFGCTRL_X0Y16       BUFG                         0.000     0.000 r  external_clk_0_IBUF_BUFG_inst/O
                         net (fo=15682, routed)       0.624     0.624    i_platform/i_pll0/i_xilinx_clock_pll_0/inst/clk_in1
    MMCME2_ADV_X0Y0      MMCME2_ADV (Prop_mmcme2_adv_CLKIN1_CLKOUT0)
                                                     -1.296    -0.672 r  i_platform/i_pll0/i_xilinx_clock_pll_0/inst/mmcm_adv_inst/CLKOUT0
                         net (fo=1, routed)           0.648    -0.024    i_platform/i_pll0/i_xilinx_clock_pll_0/inst/clk_50000000_xilinx_clock_pll_0
    BUFGCTRL_X0Y0        BUFG (Prop_bufg_I_O)         0.026     0.002 r  i_platform/i_pll0/i_xilinx_clock_pll_0/inst/clkout1_buf/O
                         net (fo=15367, routed)       0.681     0.683    i_platform/i_rtl/external_peri_group/i_gen_valid_uart[0].i_rvx_instance_05/i_rvx_instance_0/i_rvx_instance_1/i_rvx_instance_0/clk_50000000
    SLICE_X7Y156         FDCE                                         r  i_platform/i_rtl/external_peri_group/i_gen_valid_uart[0].i_rvx_instance_05/i_rvx_instance_0/i_rvx_instance_1/i_rvx_instance_0/rvx_signal_1_reg[0]/C
  -------------------------------------------------------------------    -------------------
    SLICE_X7Y156         FDCE (Prop_fdce_C_Q)         0.141     0.824 r  i_platform/i_rtl/external_peri_group/i_gen_valid_uart[0].i_rvx_instance_05/i_rvx_instance_0/i_rvx_instance_1/i_rvx_instance_0/rvx_signal_1_reg[0]/Q
                         net (fo=36, routed)          0.218     1.042    i_platform/i_rtl/external_peri_group/i_gen_valid_uart[0].i_rvx_instance_05/i_rvx_instance_0/i_rvx_instance_1/i_rvx_instance_0/i_rvx_instance_0/rvx_signal_0_reg_0_63_0_2/ADDRD0
    SLICE_X6Y156         RAMD64E                                      r  i_platform/i_rtl/external_peri_group/i_gen_valid_uart[0].i_rvx_instance_05/i_rvx_instance_0/i_rvx_instance_1/i_rvx_instance_0/i_rvx_instance_0/rvx_signal_0_reg_0_63_0_2/RAMA/WADR0
  -------------------------------------------------------------------    -------------------

                         (clock clk_50000000_xilinx_clock_pll_0 rise edge)
                                                      0.000     0.000 r  
    BUFGCTRL_X0Y16       BUFG                         0.000     0.000 r  external_clk_0_IBUF_BUFG_inst/O
                         net (fo=15682, routed)       0.898     0.898    i_platform/i_pll0/i_xilinx_clock_pll_0/inst/clk_in1
    MMCME2_ADV_X0Y0      MMCME2_ADV (Prop_mmcme2_adv_CLKIN1_CLKOUT0)
                                                     -1.625    -0.727 r  i_platform/i_pll0/i_xilinx_clock_pll_0/inst/mmcm_adv_inst/CLKOUT0
                         net (fo=1, routed)           0.700    -0.027    i_platform/i_pll0/i_xilinx_clock_pll_0/inst/clk_50000000_xilinx_clock_pll_0
    BUFGCTRL_X0Y0        BUFG (Prop_bufg_I_O)         0.029     0.002 r  i_platform/i_pll0/i_xilinx_clock_pll_0/inst/clkout1_buf/O
                         net (fo=15367, routed)       0.958     0.960    i_platform/i_rtl/external_peri_group/i_gen_valid_uart[0].i_rvx_instance_05/i_rvx_instance_0/i_rvx_instance_1/i_rvx_instance_0/i_rvx_instance_0/rvx_signal_0_reg_0_63_0_2/WCLK
    SLICE_X6Y156         RAMD64E                                      r  i_platform/i_rtl/external_peri_group/i_gen_valid_uart[0].i_rvx_instance_05/i_rvx_instance_0/i_rvx_instance_1/i_rvx_instance_0/i_rvx_instance_0/rvx_signal_0_reg_0_63_0_2/RAMA/CLK
                         clock pessimism             -0.264     0.696    
    SLICE_X6Y156         RAMD64E (Hold_ramd64e_CLK_WADR0)
                                                      0.310     1.006    i_platform/i_rtl/external_peri_group/i_gen_valid_uart[0].i_rvx_instance_05/i_rvx_instance_0/i_rvx_instance_1/i_rvx_instance_0/i_rvx_instance_0/rvx_signal_0_reg_0_63_0_2/RAMA
  -------------------------------------------------------------------
                         required time                         -1.006    
                         arrival time                           1.042    
  -------------------------------------------------------------------
                         slack                                  0.036    





Pulse Width Checks
--------------------------------------------------------------------------------------
Clock Name:         clk_50000000_xilinx_clock_pll_0
Waveform(ns):       { 0.000 10.000 }
Period(ns):         20.000
Sources:            { i_platform/i_pll0/i_xilinx_clock_pll_0/inst/mmcm_adv_inst/CLKOUT0 }

Check Type        Corner  Lib Pin             Reference Pin  Required(ns)  Actual(ns)  Slack(ns)  Location         Pin
Min Period        n/a     DSP48E1/CLK         n/a            3.884         20.000      16.116     DSP48_X1Y49      i_platform/i_rtl/i_main_core/i_orca/core/X/alu/mul_gen.default_mul_gen.mul_dest_reg/CLK
Max Period        n/a     MMCME2_ADV/CLKOUT0  n/a            213.360       20.000      193.360    MMCME2_ADV_X0Y0  i_platform/i_pll0/i_xilinx_clock_pll_0/inst/mmcm_adv_inst/CLKOUT0
Low Pulse Width   Slow    RAMD64E/CLK         n/a            1.250         10.000      8.750      SLICE_X6Y156     i_platform/i_rtl/external_peri_group/i_gen_valid_uart[0].i_rvx_instance_05/i_rvx_instance_0/i_rvx_instance_1/i_rvx_instance_0/i_rvx_instance_0/rvx_signal_0_reg_0_63_0_2/RAMA/CLK
High Pulse Width  Slow    RAMD64E/CLK         n/a            1.250         10.000      8.750      SLICE_X6Y156     i_platform/i_rtl/external_peri_group/i_gen_valid_uart[0].i_rvx_instance_05/i_rvx_instance_0/i_rvx_instance_1/i_rvx_instance_0/i_rvx_instance_0/rvx_signal_0_reg_0_63_0_2/RAMA/CLK



---------------------------------------------------------------------------------------------------
From Clock:  clkfbout_xilinx_clock_pll_0
  To Clock:  clkfbout_xilinx_clock_pll_0

Setup :           NA  Failing Endpoints,  Worst Slack           NA  ,  Total Violation           NA
Hold  :           NA  Failing Endpoints,  Worst Slack           NA  ,  Total Violation           NA
PW    :            0  Failing Endpoints,  Worst Slack        7.845ns,  Total Violation        0.000ns
---------------------------------------------------------------------------------------------------


Pulse Width Checks
--------------------------------------------------------------------------------------
Clock Name:         clkfbout_xilinx_clock_pll_0
Waveform(ns):       { 0.000 5.000 }
Period(ns):         10.000
Sources:            { i_platform/i_pll0/i_xilinx_clock_pll_0/inst/mmcm_adv_inst/CLKFBOUT }

Check Type  Corner  Lib Pin             Reference Pin  Required(ns)  Actual(ns)  Slack(ns)  Location         Pin
Min Period  n/a     BUFG/I              n/a            2.155         10.000      7.845      BUFGCTRL_X0Y1    i_platform/i_pll0/i_xilinx_clock_pll_0/inst/clkf_buf/I
Max Period  n/a     MMCME2_ADV/CLKFBIN  n/a            100.000       10.000      90.000     MMCME2_ADV_X0Y0  i_platform/i_pll0/i_xilinx_clock_pll_0/inst/mmcm_adv_inst/CLKFBIN



---------------------------------------------------------------------------------------------------
From Clock:  pjtag_rclk
  To Clock:  pjtag_rclk

Setup :            0  Failing Endpoints,  Worst Slack       11.397ns,  Total Violation        0.000ns
Hold  :            0  Failing Endpoints,  Worst Slack        0.045ns,  Total Violation        0.000ns
PW    :            0  Failing Endpoints,  Worst Slack       49.500ns,  Total Violation        0.000ns
---------------------------------------------------------------------------------------------------


Max Delay Paths
--------------------------------------------------------------------------------------
Slack (MET) :             11.397ns  (required time - arrival time)
  Source:                 i_platform/i_rtl/platform_controller/i_rvx_instance_4/i_rvx_instance_0/rvx_port_09_reg/C
                            (falling edge-triggered cell FDCE clocked by pjtag_rclk  {rise@0.000ns fall@50.000ns period=100.000ns})
  Destination:            pjtag_rtdo
                            (output port clocked by pjtag_rclk  {rise@0.000ns fall@50.000ns period=100.000ns})
  Path Group:             pjtag_rclk
  Path Type:              Max at Slow Process Corner
  Requirement:            50.000ns  (pjtag_rclk rise@100.000ns - pjtag_rclk fall@50.000ns)
  Data Path Delay:        8.202ns  (logic 4.079ns (49.738%)  route 4.122ns (50.262%))
  Logic Levels:           1  (OBUF=1)
  Output Delay:           25.000ns
  Clock Path Skew:        -5.366ns (DCD - SCD + CPR)
    Destination Clock Delay (DCD):    0.000ns = ( 100.000 - 100.000 ) 
    Source Clock Delay      (SCD):    5.366ns = ( 55.366 - 50.000 ) 
    Clock Pessimism Removal (CPR):    0.000ns
  Clock Uncertainty:      0.035ns  ((TSJ^2 + TIJ^2)^1/2 + DJ) / 2 + PE
    Total System Jitter     (TSJ):    0.071ns
    Total Input Jitter      (TIJ):    0.000ns
    Discrete Jitter          (DJ):    0.000ns
    Phase Error              (PE):    0.000ns

    Location             Delay type                Incr(ns)  Path(ns)    Netlist Resource(s)
  -------------------------------------------------------------------    -------------------
                         (clock pjtag_rclk fall edge)
                                                     50.000    50.000 f  
    F4                                                0.000    50.000 f  pjtag_rtck (IN)
                         net (fo=0)                   0.000    50.000    pjtag_rtck
    F4                   IBUF (Prop_ibuf_I_O)         1.472    51.472 f  pjtag_rtck_IBUF_inst/O
                         net (fo=1, routed)           2.025    53.496    pjtag_rtck_IBUF
    BUFGCTRL_X0Y17       BUFG (Prop_bufg_I_O)         0.096    53.592 f  pjtag_rtck_IBUF_BUFG_inst/O
                         net (fo=253, routed)         1.773    55.366    i_platform/i_rtl/platform_controller/i_rvx_instance_4/i_rvx_instance_0/pjtag_rtck
    SLICE_X56Y175        FDCE                                         r  i_platform/i_rtl/platform_controller/i_rvx_instance_4/i_rvx_instance_0/rvx_port_09_reg/C  (IS_INVERTED)
  -------------------------------------------------------------------    -------------------
    SLICE_X56Y175        FDCE (Prop_fdce_C_Q)         0.524    55.890 r  i_platform/i_rtl/platform_controller/i_rvx_instance_4/i_rvx_instance_0/rvx_port_09_reg/Q
                         net (fo=1, routed)           4.122    60.012    pjtag_rtdo_OBUF
    D4                   OBUF (Prop_obuf_I_O)         3.555    63.567 r  pjtag_rtdo_OBUF_inst/O
                         net (fo=0)                   0.000    63.567    pjtag_rtdo
    D4                                                                r  pjtag_rtdo (OUT)
  -------------------------------------------------------------------    -------------------

                         (clock pjtag_rclk rise edge)
                                                    100.000   100.000 r  
                         clock pessimism              0.000   100.000    
                         clock uncertainty           -0.035    99.965    
                         output delay               -25.000    74.965    
  -------------------------------------------------------------------
                         required time                         74.965    
                         arrival time                         -63.567    
  -------------------------------------------------------------------
                         slack                                 11.397    





Min Delay Paths
--------------------------------------------------------------------------------------
Slack (MET) :             0.045ns  (arrival time - required time)
  Source:                 i_platform/i_rtl/platform_controller/i_rvx_instance_4/i_rvx_instance_0/i_rvx_instance_0/rvx_signal_1_reg[1]/C
                            (rising edge-triggered cell FDCE clocked by pjtag_rclk  {rise@0.000ns fall@50.000ns period=100.000ns})
  Destination:            i_platform/i_rtl/platform_controller/i_rvx_instance_4/i_rvx_instance_0/i_rvx_instance_0/rvx_signal_1_reg[0]/D
                            (rising edge-triggered cell FDCE clocked by pjtag_rclk  {rise@0.000ns fall@50.000ns period=100.000ns})
  Path Group:             pjtag_rclk
  Path Type:              Hold (Min at Fast Process Corner)
  Requirement:            0.000ns  (pjtag_rclk rise@0.000ns - pjtag_rclk rise@0.000ns)
  Data Path Delay:        0.396ns  (logic 0.186ns (46.916%)  route 0.210ns (53.084%))
  Logic Levels:           1  (LUT4=1)
  Clock Path Skew:        0.261ns (DCD - SCD - CPR)
    Destination Clock Delay (DCD):    2.057ns
    Source Clock Delay      (SCD):    1.542ns
    Clock Pessimism Removal (CPR):    0.255ns

    Location             Delay type                Incr(ns)  Path(ns)    Netlist Resource(s)
  -------------------------------------------------------------------    -------------------
                         (clock pjtag_rclk rise edge)
                                                      0.000     0.000 r  
    F4                                                0.000     0.000 r  pjtag_rtck (IN)
                         net (fo=0)                   0.000     0.000    pjtag_rtck
    F4                   IBUF (Prop_ibuf_I_O)         0.240     0.240 r  pjtag_rtck_IBUF_inst/O
                         net (fo=1, routed)           0.644     0.884    pjtag_rtck_IBUF
    BUFGCTRL_X0Y17       BUFG (Prop_bufg_I_O)         0.026     0.910 r  pjtag_rtck_IBUF_BUFG_inst/O
                         net (fo=253, routed)         0.632     1.542    i_platform/i_rtl/platform_controller/i_rvx_instance_4/i_rvx_instance_0/i_rvx_instance_0/pjtag_rtck
    SLICE_X51Y179        FDCE                                         r  i_platform/i_rtl/platform_controller/i_rvx_instance_4/i_rvx_instance_0/i_rvx_instance_0/rvx_signal_1_reg[1]/C
  -------------------------------------------------------------------    -------------------
    SLICE_X51Y179        FDCE (Prop_fdce_C_Q)         0.141     1.683 r  i_platform/i_rtl/platform_controller/i_rvx_instance_4/i_rvx_instance_0/i_rvx_instance_0/rvx_signal_1_reg[1]/Q
                         net (fo=2, routed)           0.210     1.893    i_platform/i_rtl/platform_controller/i_rvx_instance_4/i_rvx_instance_0/i_rvx_instance_1/rvx_signal_1_reg[30][1]
    SLICE_X53Y178        LUT4 (Prop_lut4_I3_O)        0.045     1.938 r  i_platform/i_rtl/platform_controller/i_rvx_instance_4/i_rvx_instance_0/i_rvx_instance_1/rvx_signal_1[0]_i_1__1/O
                         net (fo=1, routed)           0.000     1.938    i_platform/i_rtl/platform_controller/i_rvx_instance_4/i_rvx_instance_0/i_rvx_instance_0/D[0]
    SLICE_X53Y178        FDCE                                         r  i_platform/i_rtl/platform_controller/i_rvx_instance_4/i_rvx_instance_0/i_rvx_instance_0/rvx_signal_1_reg[0]/D
  -------------------------------------------------------------------    -------------------

                         (clock pjtag_rclk rise edge)
                                                      0.000     0.000 r  
    F4                                                0.000     0.000 r  pjtag_rtck (IN)
                         net (fo=0)                   0.000     0.000    pjtag_rtck
    F4                   IBUF (Prop_ibuf_I_O)         0.427     0.427 r  pjtag_rtck_IBUF_inst/O
                         net (fo=1, routed)           0.699     1.126    pjtag_rtck_IBUF
    BUFGCTRL_X0Y17       BUFG (Prop_bufg_I_O)         0.029     1.155 r  pjtag_rtck_IBUF_BUFG_inst/O
                         net (fo=253, routed)         0.902     2.057    i_platform/i_rtl/platform_controller/i_rvx_instance_4/i_rvx_instance_0/i_rvx_instance_0/pjtag_rtck
    SLICE_X53Y178        FDCE                                         r  i_platform/i_rtl/platform_controller/i_rvx_instance_4/i_rvx_instance_0/i_rvx_instance_0/rvx_signal_1_reg[0]/C
                         clock pessimism             -0.255     1.803    
    SLICE_X53Y178        FDCE (Hold_fdce_C_D)         0.091     1.894    i_platform/i_rtl/platform_controller/i_rvx_instance_4/i_rvx_instance_0/i_rvx_instance_0/rvx_signal_1_reg[0]
  -------------------------------------------------------------------
                         required time                         -1.894    
                         arrival time                           1.938    
  -------------------------------------------------------------------
                         slack                                  0.045    





Pulse Width Checks
--------------------------------------------------------------------------------------
Clock Name:         pjtag_rclk
Waveform(ns):       { 0.000 50.000 }
Period(ns):         100.000
Sources:            { pjtag_rtck }

Check Type        Corner  Lib Pin  Reference Pin  Required(ns)  Actual(ns)  Slack(ns)  Location        Pin
Min Period        n/a     BUFG/I   n/a            2.155         100.000     97.845     BUFGCTRL_X0Y17  pjtag_rtck_IBUF_BUFG_inst/I
Low Pulse Width   Slow    FDCE/C   n/a            0.500         50.000      49.500     SLICE_X57Y175   i_platform/i_rtl/platform_controller/i_rvx_instance_4/i_rvx_instance_0/FSM_onehot_rvx_signal_14_reg[0]/C
High Pulse Width  Slow    FDCE/C   n/a            0.500         50.000      49.500     SLICE_X57Y175   i_platform/i_rtl/platform_controller/i_rvx_instance_4/i_rvx_instance_0/FSM_onehot_rvx_signal_14_reg[0]/C



---------------------------------------------------------------------------------------------------
From Clock:  sys_clk_pin
  To Clock:  sys_clk_pin

Setup :            0  Failing Endpoints,  Worst Slack        0.095ns,  Total Violation        0.000ns
Hold  :            0  Failing Endpoints,  Worst Slack        0.018ns,  Total Violation        0.000ns
PW    :            0  Failing Endpoints,  Worst Slack        3.750ns,  Total Violation        0.000ns
---------------------------------------------------------------------------------------------------


Max Delay Paths
--------------------------------------------------------------------------------------
Slack (MET) :             0.095ns  (required time - arrival time)
  Source:                 i_platform/i_bbht_rvx_wrapper/u_main_ip/u_measure_verify/u_born/u_square32/v1_reg/C
                            (rising edge-triggered cell FDRE clocked by sys_clk_pin  {rise@0.000ns fall@5.000ns period=10.000ns})
  Destination:            i_platform/i_bbht_rvx_wrapper/u_main_ip/u_measure_verify/u_born/u_square32/part2_reg_reg[180]/CE
                            (rising edge-triggered cell FDRE clocked by sys_clk_pin  {rise@0.000ns fall@5.000ns period=10.000ns})
  Path Group:             sys_clk_pin
  Path Type:              Setup (Max at Slow Process Corner)
  Requirement:            10.000ns  (sys_clk_pin rise@10.000ns - sys_clk_pin rise@0.000ns)
  Data Path Delay:        9.495ns  (logic 0.518ns (5.455%)  route 8.977ns (94.545%))
  Logic Levels:           0  
  Clock Path Skew:        -0.144ns (DCD - SCD + CPR)
    Destination Clock Delay (DCD):    5.083ns = ( 15.083 - 10.000 ) 
    Source Clock Delay      (SCD):    5.423ns
    Clock Pessimism Removal (CPR):    0.195ns
  Clock Uncertainty:      0.061ns  ((TSJ^2 + TIJ^2)^1/2 + DJ) / 2 + PE
    Total System Jitter     (TSJ):    0.071ns
    Total Input Jitter      (TIJ):    0.100ns
    Discrete Jitter          (DJ):    0.000ns
    Phase Error              (PE):    0.000ns

    Location             Delay type                Incr(ns)  Path(ns)    Netlist Resource(s)
  -------------------------------------------------------------------    -------------------
                         (clock sys_clk_pin rise edge)
                                                      0.000     0.000 r  
    E3                                                0.000     0.000 r  external_clk_0 (IN)
                         net (fo=0)                   0.000     0.000    external_clk_0
    E3                   IBUF (Prop_ibuf_I_O)         1.482     1.482 r  external_clk_0_IBUF_inst/O
                         net (fo=1, routed)           2.025     3.506    external_clk_0_IBUF
    BUFGCTRL_X0Y16       BUFG (Prop_bufg_I_O)         0.096     3.602 r  external_clk_0_IBUF_BUFG_inst/O
                         net (fo=15682, routed)       1.820     5.423    i_platform/i_bbht_rvx_wrapper/u_main_ip/u_measure_verify/u_born/u_square32/external_clk_0
    SLICE_X8Y3           FDRE                                         r  i_platform/i_bbht_rvx_wrapper/u_main_ip/u_measure_verify/u_born/u_square32/v1_reg/C
  -------------------------------------------------------------------    -------------------
    SLICE_X8Y3           FDRE (Prop_fdre_C_Q)         0.518     5.941 r  i_platform/i_bbht_rvx_wrapper/u_main_ip/u_measure_verify/u_born/u_square32/v1_reg/Q
                         net (fo=1866, routed)        8.977    14.918    i_platform/i_bbht_rvx_wrapper/u_main_ip/u_measure_verify/u_born/u_square32/v1
    SLICE_X55Y32         FDRE                                         r  i_platform/i_bbht_rvx_wrapper/u_main_ip/u_measure_verify/u_born/u_square32/part2_reg_reg[180]/CE
  -------------------------------------------------------------------    -------------------

                         (clock sys_clk_pin rise edge)
                                                     10.000    10.000 r  
    E3                                                0.000    10.000 r  external_clk_0 (IN)
                         net (fo=0)                   0.000    10.000    external_clk_0
    E3                   IBUF (Prop_ibuf_I_O)         1.411    11.411 r  external_clk_0_IBUF_inst/O
                         net (fo=1, routed)           1.920    13.331    external_clk_0_IBUF
    BUFGCTRL_X0Y16       BUFG (Prop_bufg_I_O)         0.091    13.422 r  external_clk_0_IBUF_BUFG_inst/O
                         net (fo=15682, routed)       1.661    15.083    i_platform/i_bbht_rvx_wrapper/u_main_ip/u_measure_verify/u_born/u_square32/external_clk_0
    SLICE_X55Y32         FDRE                                         r  i_platform/i_bbht_rvx_wrapper/u_main_ip/u_measure_verify/u_born/u_square32/part2_reg_reg[180]/C
                         clock pessimism              0.195    15.279    
                         clock uncertainty           -0.061    15.217    
    SLICE_X55Y32         FDRE (Setup_fdre_C_CE)      -0.205    15.012    i_platform/i_bbht_rvx_wrapper/u_main_ip/u_measure_verify/u_born/u_square32/part2_reg_reg[180]
  -------------------------------------------------------------------
                         required time                         15.012    
                         arrival time                         -14.918    
  -------------------------------------------------------------------
                         slack                                  0.095    





Min Delay Paths
--------------------------------------------------------------------------------------
Slack (MET) :             0.018ns  (arrival time - required time)
  Source:                 i_platform/i_bbht_rvx_wrapper/u_main_ip/u_measure_verify/u_born/u_square32/sq2_reg[648]/C
                            (rising edge-triggered cell FDRE clocked by sys_clk_pin  {rise@0.000ns fall@5.000ns period=10.000ns})
  Destination:            i_platform/i_bbht_rvx_wrapper/u_main_ip/u_measure_verify/u_born/u_square32/sq3_reg[648]/D
                            (rising edge-triggered cell FDRE clocked by sys_clk_pin  {rise@0.000ns fall@5.000ns period=10.000ns})
  Path Group:             sys_clk_pin
  Path Type:              Hold (Min at Fast Process Corner)
  Requirement:            0.000ns  (sys_clk_pin rise@0.000ns - sys_clk_pin rise@0.000ns)
  Data Path Delay:        0.359ns  (logic 0.164ns (45.709%)  route 0.195ns (54.291%))
  Logic Levels:           0  
  Clock Path Skew:        0.265ns (DCD - SCD - CPR)
    Destination Clock Delay (DCD):    2.065ns
    Source Clock Delay      (SCD):    1.546ns
    Clock Pessimism Removal (CPR):    0.254ns

    Location             Delay type                Incr(ns)  Path(ns)    Netlist Resource(s)
  -------------------------------------------------------------------    -------------------
                         (clock sys_clk_pin rise edge)
                                                      0.000     0.000 r  
    E3                                                0.000     0.000 r  external_clk_0 (IN)
                         net (fo=0)                   0.000     0.000    external_clk_0
    E3                   IBUF (Prop_ibuf_I_O)         0.250     0.250 r  external_clk_0_IBUF_inst/O
                         net (fo=1, routed)           0.644     0.894    external_clk_0_IBUF
    BUFGCTRL_X0Y16       BUFG (Prop_bufg_I_O)         0.026     0.920 r  external_clk_0_IBUF_BUFG_inst/O
                         net (fo=15682, routed)       0.626     1.546    i_platform/i_bbht_rvx_wrapper/u_main_ip/u_measure_verify/u_born/u_square32/external_clk_0
    SLICE_X54Y14         FDRE                                         r  i_platform/i_bbht_rvx_wrapper/u_main_ip/u_measure_verify/u_born/u_square32/sq2_reg[648]/C
  -------------------------------------------------------------------    -------------------
    SLICE_X54Y14         FDRE (Prop_fdre_C_Q)         0.164     1.710 r  i_platform/i_bbht_rvx_wrapper/u_main_ip/u_measure_verify/u_born/u_square32/sq2_reg[648]/Q
                         net (fo=1, routed)           0.195     1.905    i_platform/i_bbht_rvx_wrapper/u_main_ip/u_measure_verify/u_born/u_square32/sq2[648]
    SLICE_X50Y13         FDRE                                         r  i_platform/i_bbht_rvx_wrapper/u_main_ip/u_measure_verify/u_born/u_square32/sq3_reg[648]/D
  -------------------------------------------------------------------    -------------------

                         (clock sys_clk_pin rise edge)
                                                      0.000     0.000 r  
    E3                                                0.000     0.000 r  external_clk_0 (IN)
                         net (fo=0)                   0.000     0.000    external_clk_0
    E3                   IBUF (Prop_ibuf_I_O)         0.438     0.438 r  external_clk_0_IBUF_inst/O
                         net (fo=1, routed)           0.699     1.136    external_clk_0_IBUF
    BUFGCTRL_X0Y16       BUFG (Prop_bufg_I_O)         0.029     1.165 r  external_clk_0_IBUF_BUFG_inst/O
                         net (fo=15682, routed)       0.900     2.065    i_platform/i_bbht_rvx_wrapper/u_main_ip/u_measure_verify/u_born/u_square32/external_clk_0
    SLICE_X50Y13         FDRE                                         r  i_platform/i_bbht_rvx_wrapper/u_main_ip/u_measure_verify/u_born/u_square32/sq3_reg[648]/C
                         clock pessimism             -0.254     1.811    
    SLICE_X50Y13         FDRE (Hold_fdre_C_D)         0.076     1.887    i_platform/i_bbht_rvx_wrapper/u_main_ip/u_measure_verify/u_born/u_square32/sq3_reg[648]
  -------------------------------------------------------------------
                         required time                         -1.887    
                         arrival time                           1.905    
  -------------------------------------------------------------------
                         slack                                  0.018    





Pulse Width Checks
--------------------------------------------------------------------------------------
Clock Name:         sys_clk_pin
Waveform(ns):       { 0.000 5.000 }
Period(ns):         10.000
Sources:            { external_clk_0 }

Check Type        Corner  Lib Pin      Reference Pin  Required(ns)  Actual(ns)  Slack(ns)  Location       Pin
Min Period        n/a     DSP48E1/CLK  n/a            3.884         10.000      6.116      DSP48_X1Y23    i_platform/i_bbht_rvx_wrapper/u_main_ip/u_measure_verify/u_born/u_square32/sq10__0/CLK
Low Pulse Width   Slow    RAMD32/CLK   n/a            1.250         5.000       3.750      SLICE_X38Y101  i_platform/i_bbht_rvx_wrapper/u_main_ip/g_ckpt_plan_exec.g_auto_policy_k4.u_plan_fifo/mem_reg_0_3_0_5/RAMA/CLK
High Pulse Width  Slow    RAMD32/CLK   n/a            1.250         5.000       3.750      SLICE_X38Y101  i_platform/i_bbht_rvx_wrapper/u_main_ip/g_ckpt_plan_exec.g_auto_policy_k4.u_plan_fifo/mem_reg_0_3_0_5/RAMA/CLK



---------------------------------------------------------------------------------------------------
Path Group:  **async_default**
From Clock:  clk_50000000_xilinx_clock_pll_0
  To Clock:  clk_50000000_xilinx_clock_pll_0

Setup :            0  Failing Endpoints,  Worst Slack        3.707ns,  Total Violation        0.000ns
Hold  :            0  Failing Endpoints,  Worst Slack        0.527ns,  Total Violation        0.000ns
---------------------------------------------------------------------------------------------------


Max Delay Paths
--------------------------------------------------------------------------------------
Slack (MET) :             3.707ns  (required time - arrival time)
  Source:                 i_platform/i_rtl/platform_controller/i_rvx_instance_3/rvx_signal_05_reg[5]/C
                            (rising edge-triggered cell FDPE clocked by clk_50000000_xilinx_clock_pll_0  {rise@0.000ns fall@10.000ns period=20.000ns})
  Destination:            i_platform/i_rtl/i_main_core/i_orca/core/D__0/the_register_file/bypass_gen.registers_reg[31][20]/CLR
                            (recovery check against rising-edge clock clk_50000000_xilinx_clock_pll_0  {rise@0.000ns fall@10.000ns period=20.000ns})
  Path Group:             **async_default**
  Path Type:              Recovery (Max at Slow Process Corner)
  Requirement:            20.000ns  (clk_50000000_xilinx_clock_pll_0 rise@20.000ns - clk_50000000_xilinx_clock_pll_0 rise@0.000ns)
  Data Path Delay:        15.694ns  (logic 0.580ns (3.696%)  route 15.114ns (96.304%))
  Logic Levels:           1  (LUT2=1)
  Clock Path Skew:        -0.110ns (DCD - SCD + CPR)
    Destination Clock Delay (DCD):    1.503ns = ( 21.503 - 20.000 ) 
    Source Clock Delay      (SCD):    1.619ns
    Clock Pessimism Removal (CPR):    0.006ns
  Clock Uncertainty:      0.084ns  ((TSJ^2 + DJ^2)^1/2) / 2 + PE
    Total System Jitter     (TSJ):    0.071ns
    Discrete Jitter          (DJ):    0.152ns
    Phase Error              (PE):    0.000ns

    Location             Delay type                Incr(ns)  Path(ns)    Netlist Resource(s)
  -------------------------------------------------------------------    -------------------
                         (clock clk_50000000_xilinx_clock_pll_0 rise edge)
                                                      0.000     0.000 r  
    BUFGCTRL_X0Y16       BUFG                         0.000     0.000 r  external_clk_0_IBUF_BUFG_inst/O
                         net (fo=15682, routed)       1.809     1.809    i_platform/i_pll0/i_xilinx_clock_pll_0/inst/clk_in1
    MMCME2_ADV_X0Y0      MMCME2_ADV (Prop_mmcme2_adv_CLKIN1_CLKOUT0)
                                                     -3.922    -2.112 r  i_platform/i_pll0/i_xilinx_clock_pll_0/inst/mmcm_adv_inst/CLKOUT0
                         net (fo=1, routed)           2.018    -0.094    i_platform/i_pll0/i_xilinx_clock_pll_0/inst/clk_50000000_xilinx_clock_pll_0
    BUFGCTRL_X0Y0        BUFG (Prop_bufg_I_O)         0.096     0.002 r  i_platform/i_pll0/i_xilinx_clock_pll_0/inst/clkout1_buf/O
                         net (fo=15367, routed)       1.617     1.619    i_platform/i_rtl/platform_controller/i_rvx_instance_3/clk_50000000
    SLICE_X59Y147        FDPE                                         r  i_platform/i_rtl/platform_controller/i_rvx_instance_3/rvx_signal_05_reg[5]/C
  -------------------------------------------------------------------    -------------------
    SLICE_X59Y147        FDPE (Prop_fdpe_C_Q)         0.456     2.075 r  i_platform/i_rtl/platform_controller/i_rvx_instance_3/rvx_signal_05_reg[5]/Q
                         net (fo=4, routed)           0.980     3.055    i_platform/i_rtl/platform_controller/i_rvx_instance_3/rvx_signal_05_reg[6]_0[3]
    SLICE_X61Y146        LUT2 (Prop_lut2_I0_O)        0.124     3.179 f  i_platform/i_rtl/platform_controller/i_rvx_instance_3/instruction_fifo_usedw[0]_i_5/O
                         net (fo=1794, routed)       14.134    17.313    i_platform/i_rtl/i_main_core/i_orca/core/D__0/the_register_file/bypass_gen.out2_reg[0]_0
    SLICE_X11Y122        FDCE                                         f  i_platform/i_rtl/i_main_core/i_orca/core/D__0/the_register_file/bypass_gen.registers_reg[31][20]/CLR
  -------------------------------------------------------------------    -------------------

                         (clock clk_50000000_xilinx_clock_pll_0 rise edge)
                                                     20.000    20.000 r  
    BUFGCTRL_X0Y16       BUFG                         0.000    20.000 r  external_clk_0_IBUF_BUFG_inst/O
                         net (fo=15682, routed)       1.683    21.683    i_platform/i_pll0/i_xilinx_clock_pll_0/inst/clk_in1
    MMCME2_ADV_X0Y0      MMCME2_ADV (Prop_mmcme2_adv_CLKIN1_CLKOUT0)
                                                     -3.694    17.989 r  i_platform/i_pll0/i_xilinx_clock_pll_0/inst/mmcm_adv_inst/CLKOUT0
                         net (fo=1, routed)           1.923    19.912    i_platform/i_pll0/i_xilinx_clock_pll_0/inst/clk_50000000_xilinx_clock_pll_0
    BUFGCTRL_X0Y0        BUFG (Prop_bufg_I_O)         0.091    20.003 r  i_platform/i_pll0/i_xilinx_clock_pll_0/inst/clkout1_buf/O
                         net (fo=15367, routed)       1.500    21.503    i_platform/i_rtl/i_main_core/i_orca/core/D__0/the_register_file/clk_50000000
    SLICE_X11Y122        FDCE                                         r  i_platform/i_rtl/i_main_core/i_orca/core/D__0/the_register_file/bypass_gen.registers_reg[31][20]/C
                         clock pessimism              0.006    21.509    
                         clock uncertainty           -0.084    21.425    
    SLICE_X11Y122        FDCE (Recov_fdce_C_CLR)     -0.405    21.020    i_platform/i_rtl/i_main_core/i_orca/core/D__0/the_register_file/bypass_gen.registers_reg[31][20]
  -------------------------------------------------------------------
                         required time                         21.020    
                         arrival time                         -17.313    
  -------------------------------------------------------------------
                         slack                                  3.707    





Min Delay Paths
--------------------------------------------------------------------------------------
Slack (MET) :             0.527ns  (arrival time - required time)
  Source:                 i_platform/i_rtl/platform_controller/i_rvx_instance_3/rvx_signal_05_reg[1]/C
                            (rising edge-triggered cell FDPE clocked by clk_50000000_xilinx_clock_pll_0  {rise@0.000ns fall@10.000ns period=20.000ns})
  Destination:            i_platform/i_rtl/i_mnim_platform_controller_master/i_munoc_instance_06/rvx_signal_6_reg[3][15]/CLR
                            (removal check against rising-edge clock clk_50000000_xilinx_clock_pll_0  {rise@0.000ns fall@10.000ns period=20.000ns})
  Path Group:             **async_default**
  Path Type:              Removal (Min at Fast Process Corner)
  Requirement:            0.000ns  (clk_50000000_xilinx_clock_pll_0 rise@0.000ns - clk_50000000_xilinx_clock_pll_0 rise@0.000ns)
  Data Path Delay:        0.812ns  (logic 0.209ns (25.728%)  route 0.603ns (74.272%))
  Logic Levels:           1  (LUT2=1)
  Clock Path Skew:        0.352ns (DCD - SCD - CPR)
    Destination Clock Delay (DCD):    0.922ns
    Source Clock Delay      (SCD):    0.565ns
    Clock Pessimism Removal (CPR):    0.005ns

    Location             Delay type                Incr(ns)  Path(ns)    Netlist Resource(s)
  -------------------------------------------------------------------    -------------------
                         (clock clk_50000000_xilinx_clock_pll_0 rise edge)
                                                      0.000     0.000 r  
    BUFGCTRL_X0Y16       BUFG                         0.000     0.000 r  external_clk_0_IBUF_BUFG_inst/O
                         net (fo=15682, routed)       0.624     0.624    i_platform/i_pll0/i_xilinx_clock_pll_0/inst/clk_in1
    MMCME2_ADV_X0Y0      MMCME2_ADV (Prop_mmcme2_adv_CLKIN1_CLKOUT0)
                                                     -1.296    -0.672 r  i_platform/i_pll0/i_xilinx_clock_pll_0/inst/mmcm_adv_inst/CLKOUT0
                         net (fo=1, routed)           0.648    -0.024    i_platform/i_pll0/i_xilinx_clock_pll_0/inst/clk_50000000_xilinx_clock_pll_0
    BUFGCTRL_X0Y0        BUFG (Prop_bufg_I_O)         0.026     0.002 r  i_platform/i_pll0/i_xilinx_clock_pll_0/inst/clkout1_buf/O
                         net (fo=15367, routed)       0.563     0.565    i_platform/i_rtl/platform_controller/i_rvx_instance_3/clk_50000000
    SLICE_X60Y147        FDPE                                         r  i_platform/i_rtl/platform_controller/i_rvx_instance_3/rvx_signal_05_reg[1]/C
  -------------------------------------------------------------------    -------------------
    SLICE_X60Y147        FDPE (Prop_fdpe_C_Q)         0.164     0.729 r  i_platform/i_rtl/platform_controller/i_rvx_instance_3/rvx_signal_05_reg[1]/Q
                         net (fo=4, routed)           0.205     0.934    i_platform/i_rtl/platform_controller/i_rvx_instance_3/p_0_in[1]
    SLICE_X60Y146        LUT2 (Prop_lut2_I0_O)        0.045     0.979 f  i_platform/i_rtl/platform_controller/i_rvx_instance_3/munoc_signal_01[0]_i_2/O
                         net (fo=1625, routed)        0.398     1.377    i_platform/i_rtl/i_mnim_platform_controller_master/i_munoc_instance_06/value_reg[0]
    SLICE_X60Y151        FDCE                                         f  i_platform/i_rtl/i_mnim_platform_controller_master/i_munoc_instance_06/rvx_signal_6_reg[3][15]/CLR
  -------------------------------------------------------------------    -------------------

                         (clock clk_50000000_xilinx_clock_pll_0 rise edge)
                                                      0.000     0.000 r  
    BUFGCTRL_X0Y16       BUFG                         0.000     0.000 r  external_clk_0_IBUF_BUFG_inst/O
                         net (fo=15682, routed)       0.898     0.898    i_platform/i_pll0/i_xilinx_clock_pll_0/inst/clk_in1
    MMCME2_ADV_X0Y0      MMCME2_ADV (Prop_mmcme2_adv_CLKIN1_CLKOUT0)
                                                     -1.625    -0.727 r  i_platform/i_pll0/i_xilinx_clock_pll_0/inst/mmcm_adv_inst/CLKOUT0
                         net (fo=1, routed)           0.700    -0.027    i_platform/i_pll0/i_xilinx_clock_pll_0/inst/clk_50000000_xilinx_clock_pll_0
    BUFGCTRL_X0Y0        BUFG (Prop_bufg_I_O)         0.029     0.002 r  i_platform/i_pll0/i_xilinx_clock_pll_0/inst/clkout1_buf/O
                         net (fo=15367, routed)       0.920     0.922    i_platform/i_rtl/i_mnim_platform_controller_master/i_munoc_instance_06/clk_50000000
    SLICE_X60Y151        FDCE                                         r  i_platform/i_rtl/i_mnim_platform_controller_master/i_munoc_instance_06/rvx_signal_6_reg[3][15]/C
                         clock pessimism             -0.005     0.917    
    SLICE_X60Y151        FDCE (Remov_fdce_C_CLR)     -0.067     0.850    i_platform/i_rtl/i_mnim_platform_controller_master/i_munoc_instance_06/rvx_signal_6_reg[3][15]
  -------------------------------------------------------------------
                         required time                         -0.850    
                         arrival time                           1.377    
  -------------------------------------------------------------------
                         slack                                  0.527    





